Archive member included to satisfy reference by file (symbol)

d:/main/example/lorawan_class_c/lts5_la66_part/tools/toolchain/bin/../lib/gcc/arm-none-eabi/10.3.1/thumb/v7e-m/nofp\libgcc.a(_arm_muldf3.o)
                              Make_out/printf-stdarg.o (__aeabi_dmul)
d:/main/example/lorawan_class_c/lts5_la66_part/tools/toolchain/bin/../lib/gcc/arm-none-eabi/10.3.1/thumb/v7e-m/nofp\libgcc.a(_arm_addsubdf3.o)
                              Make_out/printf-stdarg.o (__aeabi_dsub)
d:/main/example/lorawan_class_c/lts5_la66_part/tools/toolchain/bin/../lib/gcc/arm-none-eabi/10.3.1/thumb/v7e-m/nofp\libgcc.a(_arm_muldivdf3.o)
                              Make_out/printf-stdarg.o (__aeabi_ddiv)
d:/main/example/lorawan_class_c/lts5_la66_part/tools/toolchain/bin/../lib/gcc/arm-none-eabi/10.3.1/thumb/v7e-m/nofp\libgcc.a(_arm_cmpdf2.o)
                              Make_out/printf-stdarg.o (__aeabi_dcmpeq)
d:/main/example/lorawan_class_c/lts5_la66_part/tools/toolchain/bin/../lib/gcc/arm-none-eabi/10.3.1/thumb/v7e-m/nofp\libgcc.a(_arm_fixdfsi.o)
                              Make_out/printf-stdarg.o (__aeabi_d2iz)
d:/main/example/lorawan_class_c/lts5_la66_part/tools/toolchain/bin/../lib/gcc/arm-none-eabi/10.3.1/thumb/v7e-m/nofp\libgcc.a(_arm_fixunsdfsi.o)
                              Make_out/printf-stdarg.o (__aeabi_d2uiz)
d:/main/example/lorawan_class_c/lts5_la66_part/tools/toolchain/bin/../lib/gcc/arm-none-eabi/10.3.1/thumb/v7e-m/nofp\libgcc.a(_aeabi_uldivmod.o)
                              Make_out/printf-stdarg.o (__aeabi_uldivmod)
d:/main/example/lorawan_class_c/lts5_la66_part/tools/toolchain/bin/../lib/gcc/arm-none-eabi/10.3.1/thumb/v7e-m/nofp\libgcc.a(_fixunsdfdi.o)
                              Make_out/rtc-board.o (__aeabi_d2ulz)
d:/main/example/lorawan_class_c/lts5_la66_part/tools/toolchain/bin/../lib/gcc/arm-none-eabi/10.3.1/thumb/v7e-m/nofp\libgcc.a(_udivmoddi4.o)
                              d:/main/example/lorawan_class_c/lts5_la66_part/tools/toolchain/bin/../lib/gcc/arm-none-eabi/10.3.1/thumb/v7e-m/nofp\libgcc.a(_aeabi_uldivmod.o) (__udivmoddi4)
d:/main/example/lorawan_class_c/lts5_la66_part/tools/toolchain/bin/../lib/gcc/arm-none-eabi/10.3.1/thumb/v7e-m/nofp\libgcc.a(_dvmd_tls.o)
                              d:/main/example/lorawan_class_c/lts5_la66_part/tools/toolchain/bin/../lib/gcc/arm-none-eabi/10.3.1/thumb/v7e-m/nofp\libgcc.a(_aeabi_uldivmod.o) (__aeabi_ldiv0)
d:/main/example/lorawan_class_c/lts5_la66_part/tools/toolchain/bin/../lib/gcc/arm-none-eabi/10.3.1/../../../../arm-none-eabi/lib/thumb/v7e-m/nofp\libc.a(lib_a-exit.o)
                              d:/main/example/lorawan_class_c/lts5_la66_part/tools/toolchain/bin/../lib/gcc/arm-none-eabi/10.3.1/../../../../arm-none-eabi/lib/thumb/v7e-m/nofp/crt0.o (exit)
d:/main/example/lorawan_class_c/lts5_la66_part/tools/toolchain/bin/../lib/gcc/arm-none-eabi/10.3.1/../../../../arm-none-eabi/lib/thumb/v7e-m/nofp\libc.a(lib_a-impure.o)
                              d:/main/example/lorawan_class_c/lts5_la66_part/tools/toolchain/bin/../lib/gcc/arm-none-eabi/10.3.1/../../../../arm-none-eabi/lib/thumb/v7e-m/nofp\libc.a(lib_a-exit.o) (_global_impure_ptr)
d:/main/example/lorawan_class_c/lts5_la66_part/tools/toolchain/bin/../lib/gcc/arm-none-eabi/10.3.1/../../../../arm-none-eabi/lib/thumb/v7e-m/nofp\libc.a(lib_a-init.o)
                              d:/main/example/lorawan_class_c/lts5_la66_part/tools/toolchain/bin/../lib/gcc/arm-none-eabi/10.3.1/../../../../arm-none-eabi/lib/thumb/v7e-m/nofp/crt0.o (__libc_init_array)
d:/main/example/lorawan_class_c/lts5_la66_part/tools/toolchain/bin/../lib/gcc/arm-none-eabi/10.3.1/../../../../arm-none-eabi/lib/thumb/v7e-m/nofp\libc.a(lib_a-memcpy.o)
                              Make_out/printf-stdarg.o (memcpy)
d:/main/example/lorawan_class_c/lts5_la66_part/tools/toolchain/bin/../lib/gcc/arm-none-eabi/10.3.1/../../../../arm-none-eabi/lib/thumb/v7e-m/nofp\libc.a(lib_a-memset.o)
                              d:/main/example/lorawan_class_c/lts5_la66_part/tools/toolchain/bin/../lib/gcc/arm-none-eabi/10.3.1/../../../../arm-none-eabi/lib/thumb/v7e-m/nofp/crt0.o (memset)
d:/main/example/lorawan_class_c/lts5_la66_part/tools/toolchain/bin/../lib/gcc/arm-none-eabi/10.3.1/../../../../arm-none-eabi/lib/thumb/v7e-m/nofp\libc.a(lib_a-strcmp.o)
                              Make_out/command.o (strcmp)
d:/main/example/lorawan_class_c/lts5_la66_part/tools/toolchain/bin/../lib/gcc/arm-none-eabi/10.3.1/../../../../arm-none-eabi/lib/thumb/v7e-m/nofp\libc.a(lib_a-strlen.o)
                              Make_out/command.o (strlen)
d:/main/example/lorawan_class_c/lts5_la66_part/tools/toolchain/bin/../lib/gcc/arm-none-eabi/10.3.1/../../../../arm-none-eabi/lib/thumb/v7e-m/nofp\libc.a(lib_a-strncmp.o)
                              Make_out/command.o (strncmp)
d:/main/example/lorawan_class_c/lts5_la66_part/tools/toolchain/bin/../lib/gcc/arm-none-eabi/10.3.1/../../../../arm-none-eabi/lib/thumb/v7e-m/nofp\libc.a(lib_a-strtok.o)
[...]
Memory Configuration

Name             Origin             Length             Attributes
FLASH            0x0800d000         0x00040000         xr
RAM              0x20000000         0x00010000         xrw
*default*        0x00000000         0xffffffff

Linker script and memory map

LOAD d:/main/example/lorawan_class_c/lts5_la66_part/tools/toolchain/bin/../lib/gcc/arm-none-eabi/10.3.1/thumb/v7e-m/nofp/crti.o
LOAD d:/main/example/lorawan_class_c/lts5_la66_part/tools/toolchain/bin/../lib/gcc/arm-none-eabi/10.3.1/thumb/v7e-m/nofp/crtbegin.o
LOAD d:/main/example/lorawan_class_c/lts5_la66_part/tools/toolchain/bin/../lib/gcc/arm-none-eabi/10.3.1/../../../../arm-none-eabi/lib/thumb/v7e-m/nofp/crt0.o
LOAD Make_out/command.o
LOAD Make_out/lora_app.o
LOAD Make_out/main.o
LOAD Make_out/tremo_it.o
LOAD Make_out/printf-stdarg.o
LOAD Make_out/system_cm4.o
LOAD Make_out/tremo_adc.o
LOAD Make_out/tremo_bstimer.o
LOAD Make_out/tremo_crc.o
LOAD Make_out/tremo_dac.o
LOAD Make_out/tremo_delay.o
LOAD Make_out/tremo_dma.o
LOAD Make_out/tremo_flash.o
LOAD Make_out/tremo_gpio.o
LOAD Make_out/tremo_i2c.o
LOAD Make_out/tremo_i2s.o
LOAD Make_out/tremo_iwdg.o
LOAD Make_out/tremo_lcd.o
LOAD Make_out/tremo_lptimer.o
LOAD Make_out/tremo_lpuart.o
LOAD Make_out/tremo_pwr.o
LOAD Make_out/tremo_rcc.o
LOAD Make_out/tremo_rtc.o
LOAD Make_out/tremo_spi.o
LOAD Make_out/tremo_system.o
LOAD Make_out/tremo_timer.o
LOAD Make_out/tremo_uart.o
LOAD Make_out/tremo_wdg.o
LOAD Make_out/I2C_A.o
LOAD Make_out/bsp.o
LOAD Make_out/ds18b20.o
LOAD Make_out/flash_eraseprogram.o
LOAD Make_out/delay.o
LOAD Make_out/timer.o
LOAD Make_out/aes.o
LOAD Make_out/cmac.o
LOAD Make_out/radio.o
LOAD Make_out/sx126x.o
LOAD Make_out/rtc-board.o
LOAD Make_out/sx1262-board.o
LOAD Make_out/utilities.o
LOAD Make_out/Region.o
LOAD Make_out/RegionAS923.o
LOAD Make_out/RegionAU915.o
LOAD Make_out/RegionCN470.o
LOAD Make_out/RegionCN779.o
LOAD Make_out/RegionCommon.o
LOAD Make_out/RegionEU433.o
LOAD Make_out/RegionEU868.o
LOAD Make_out/RegionIN865.o
LOAD Make_out/RegionKR920.o
LOAD Make_out/RegionKZ865.o
LOAD Make_out/RegionMA869.o
LOAD Make_out/RegionRU864.o
LOAD Make_out/RegionUS915.o
LOAD Make_out/LoRaMac.o
LOAD Make_out/LoRaMacCrypto.o
LOAD Make_out/lora-test.o
LOAD Make_out/startup_cm4.o
START GROUP
LOAD d:/main/example/lorawan_class_c/lts5_la66_part/tools/toolchain/bin/../lib/gcc/arm-none-eabi/10.3.1/thumb/v7e-m/nofp\libgcc.a
LOAD d:/main/example/lorawan_class_c/lts5_la66_part/tools/toolchain/bin/../lib/gcc/arm-none-eabi/10.3.1/../../../../arm-none-eabi/lib/thumb/v7e-m/nofp\libc.a
END GROUP
LOAD d:/main/example/lorawan_class_c/lts5_la66_part/tools/toolchain/bin/../lib/gcc/arm-none-eabi/10.3.1/thumb/v7e-m/nofp/crtend.o
LOAD d:/main/example/lorawan_class_c/lts5_la66_part/tools/toolchain/bin/../lib/gcc/arm-none-eabi/10.3.1/thumb/v7e-m/nofp/crtn.o
                0x2000f000                _estack = 0x2000f000
                0x00001000                _HEAP_SIZE = 0x1000
                0x00001000                _STACK_SIZE = 0x1000

.isr_vector     0x0800d000       0xd4
                0x0800d000                . = ALIGN (0x4)
 *(.isr_vector)
 .isr_vector    0x0800d000       0xd4 Make_out/startup_cm4.o
                0x0800d000                g_pfnVectors
                0x0800d0d4                . = ALIGN (0x4)

.text           0x0800d100     0xf644
                0x0800d100                . = ALIGN (0x4)
 *(.text)
 .text          0x0800d100       0x40 d:/main/example/lorawan_class_c/lts5_la66_part/tools/toolchain/bin/../lib/gcc/arm-none-eabi/10.3.1/thumb/v7e-m/nofp/crtbegin.o
 .text          0x0800d140      0x378 d:/main/example/lorawan_class_c/lts5_la66_part/tools/toolchain/bin/../lib/gcc/arm-none-eabi/10.3.1/thumb/v7e-m/nofp\libgcc.a(_arm_addsubdf3.o)
                0x0800d140                __aeabi_drsub
                0x0800d148                __aeabi_dsub
                0x0800d148                __subdf3
                0x0800d14c                __aeabi_dadd
                0x0800d14c                __adddf3
                0x0800d3c4                __floatunsidf
                0x0800d3c4                __aeabi_ui2d
                0x0800d3e4                __floatsidf
                0x0800d3e4                __aeabi_i2d
                0x0800d408                __aeabi_f2d
                0x0800d408                __extendsfdf2
                0x0800d44c                __floatundidf
                0x0800d44c                __aeabi_ul2d
                0x0800d45c                __floatdidf
                0x0800d45c                __aeabi_l2d
 .text          0x0800d4b8      0x424 d:/main/example/lorawan_class_c/lts5_la66_part/tools/toolchain/bin/../lib/gcc/arm-none-eabi/10.3.1/thumb/v7e-m/nofp\libgcc.a(_arm_muldivdf3.o)
                0x0800d4b8                __aeabi_dmul
                0x0800d4b8                __muldf3
                0x0800d70c                __divdf3
                0x0800d70c                __aeabi_ddiv
 .text          0x0800d8dc      0x110 d:/main/example/lorawan_class_c/lts5_la66_part/tools/toolchain/bin/../lib/gcc/arm-none-eabi/10.3.1/thumb/v7e-m/nofp\libgcc.a(_arm_cmpdf2.o)
                0x0800d8dc                __gtdf2
                0x0800d8dc                __gedf2
                0x0800d8e4                __ltdf2
                0x0800d8e4                __ledf2
                0x0800d8ec                __nedf2
                0x0800d8ec                __eqdf2
                0x0800d8ec                __cmpdf2
                0x0800d968                __aeabi_cdrcmple
                0x0800d978                __aeabi_cdcmpeq
                0x0800d978                __aeabi_cdcmple
                0x0800d988                __aeabi_dcmpeq
                0x0800d99c                __aeabi_dcmplt
                0x0800d9b0                __aeabi_dcmple
                0x0800d9c4                __aeabi_dcmpge
                0x0800d9d8                __aeabi_dcmpgt
 .text          0x0800d9ec       0x50 d:/main/example/lorawan_class_c/lts5_la66_part/tools/toolchain/bin/../lib/gcc/arm-none-eabi/10.3.1/thumb/v7e-m/nofp\libgcc.a(_arm_fixdfsi.o)
                0x0800d9ec                __aeabi_d2iz
                0x0800d9ec                __fixdfsi
 .text          0x0800da3c       0x40 d:/main/example/lorawan_class_c/lts5_la66_part/tools/toolchain/bin/../lib/gcc/arm-none-eabi/10.3.1/thumb/v7e-m/nofp\libgcc.a(_arm_fixunsdfsi.o)
                0x0800da3c                __aeabi_d2uiz
                0x0800da3c                __fixunsdfsi
 .text          0x0800da7c       0x30 d:/main/example/lorawan_class_c/lts5_la66_part/tools/toolchain/bin/../lib/gcc/arm-none-eabi/10.3.1/thumb/v7e-m/nofp\libgcc.a(_aeabi_uldivmod.o)
                0x0800da7c                __aeabi_uldivmod
 .text          0x0800daac       0x3c d:/main/example/lorawan_class_c/lts5_la66_part/tools/toolchain/bin/../lib/gcc/arm-none-eabi/10.3.1/thumb/v7e-m/nofp\libgcc.a(_fixunsdfdi.o)
                0x0800daac                __fixunsdfdi
                0x0800daac                __aeabi_d2ulz
 .text          0x0800dae8      0x2d0 d:/main/example/lorawan_class_c/lts5_la66_part/tools/toolchain/bin/../lib/gcc/arm-none-eabi/10.3.1/thumb/v7e-m/nofp\libgcc.a(_udivmoddi4.o)
                0x0800dae8                __udivmoddi4
 .text          0x0800ddb8        0x4 d:/main/example/lorawan_class_c/lts5_la66_part/tools/toolchain/bin/../lib/gcc/arm-none-eabi/10.3.1/thumb/v7e-m/nofp\libgcc.a(_dvmd_tls.o)
                0x0800ddb8                __aeabi_idiv0
                0x0800ddb8                __aeabi_ldiv0
 .text          0x0800ddbc      0x134 d:/main/example/lorawan_class_c/lts5_la66_part/tools/toolchain/bin/../lib/gcc/arm-none-eabi/10.3.1/../../../../arm-none-eabi/lib/thumb/v7e-m/nofp\libc.a(lib_a-memcpy.o)
                0x0800ddbc                memcpy
 *fill*         0x0800def0       0x10 
 .text          0x0800df00      0x2dc d:/main/example/lorawan_class_c/lts5_la66_part/tools/toolchain/bin/../lib/gcc/arm-none-eabi/10.3.1/../../../../arm-none-eabi/lib/thumb/v7e-m/nofp\libc.a(lib_a-strcmp.o)
                0x0800df08                strcmp
 *fill*         0x0800e1dc       0x24 
 .text          0x0800e200       0xdc d:/main/example/lorawan_class_c/lts5_la66_part/tools/toolchain/bin/../lib/gcc/arm-none-eabi/10.3.1/../../../../arm-none-eabi/lib/thumb/v7e-m/nofp\libc.a(lib_a-strlen.o)
                0x0800e200                strlen
 *(.text*)
 .text.hex2bin  0x0800e2dc       0x84 Make_out/command.o
 .text.at_setmaxnbtrans_func
                0x0800e360       0x90 Make_out/command.o
 .text.at_downlink_detect_func
                0x0800e3f0       0xb0 Make_out/command.o
 .text.at_devicetimereq_func
                0x0800e4a0       0x84 Make_out/command.o
 .text.at_timestamp_func
                0x0800e524       0xa0 Make_out/command.o
 .text.at_cfm_func
                0x0800e5c4       0xf4 Make_out/command.o
 .text.at_class_func
                0x0800e6b8       0x88 Make_out/command.o
 .text.at_fcd_func
                0x0800e740       0x88 Make_out/command.o
 .text.at_fcu_func
                0x0800e7c8       0x88 Make_out/command.o
 .text.at_nwkid_func
                0x0800e850       0xa4 Make_out/command.o
 .text.at_jn2dl_func
                0x0800e8f4       0x88 Make_out/command.o
 .text.at_jn1dl_func
                0x0800e97c       0x88 Make_out/command.o
 .text.at_rx2dl_func
                0x0800ea04       0x88 Make_out/command.o
 .text.at_rx1dl_func
                0x0800ea8c       0x88 Make_out/command.o
 .text.at_rx2dr_func
                0x0800eb14       0xa0 Make_out/command.o
 .text.at_rx2fq_func
                0x0800ebb4       0xa4 Make_out/command.o
 .text.at_pnm_func
                0x0800ec58       0x94 Make_out/command.o
 .text.at_txp_func
                0x0800ecec       0x94 Make_out/command.o
 .text.at_adr_func
                0x0800ed80       0x94 Make_out/command.o
 .text.at_njm_func
                0x0800ee14       0x7c Make_out/command.o
 .text.at_dcs_func
                0x0800ee90       0x7c Make_out/command.o
 .text.at_dr_func
                0x0800ef0c       0x88 Make_out/command.o
 .text.at_nwkskey_func
                0x0800ef94       0xd4 Make_out/command.o
 .text.at_appskey_func
                0x0800f068       0xd4 Make_out/command.o
 .text.at_appkey_func
                0x0800f13c       0xd4 Make_out/command.o
 .text.at_appeui_func
                0x0800f210       0xa4 Make_out/command.o
 .text.at_deui_func
                0x0800f2b4       0xa4 Make_out/command.o
 .text.at_ver_func
                0x0800f358       0x50 Make_out/command.o
 .text.at_recv_func
                0x0800f3a8       0x74 Make_out/command.o
 .text.at_recvb_func
                0x0800f41c       0x80 Make_out/command.o
 .text.at_debug_func
                0x0800f49c       0x3c Make_out/command.o
 .text.at_chsignaldetect_func
                0x0800f4d8       0x88 Make_out/command.o
 .text.at_sleep_func
                0x0800f560       0xb0 Make_out/command.o
 .text.at_bat_func
                0x0800f610       0x40 Make_out/command.o
 .text.at_chs_func
                0x0800f650       0x7c Make_out/command.o
 .text.at_port_func
                0x0800f6cc       0x68 Make_out/command.o
 .text.at_rssi_func
                0x0800f734       0x40 Make_out/command.o
 .text.at_snr_func
                0x0800f774       0x40 Make_out/command.o
 .text.at_send_func
                0x0800f7b4       0xa4 Make_out/command.o
 .text.at_sendb_func
                0x0800f858      0x124 Make_out/command.o
 .text.at_njs_func
                0x0800f97c       0x4c Make_out/command.o
 .text.at_join_func
                0x0800f9c8       0x34 Make_out/command.o
 .text.at_devaddr_func
                0x0800f9fc       0x74 Make_out/command.o
 .text.at_fdr_func
                0x0800fa70       0x78 Make_out/command.o
 .text.at_reset_func
                0x0800fae8       0x30 Make_out/command.o
 .text.at_rx1wto_func
                0x0800fb18       0x68 Make_out/command.o
 .text.at_rx2wto_func
                0x0800fb80       0x68 Make_out/command.o
 .text.at_decrypt_func
                0x0800fbe8       0x70 Make_out/command.o
 .text.at_rjtdc_func
                0x0800fc58       0x70 Make_out/command.o
 .text.at_rpl_func
                0x0800fcc8       0x70 Make_out/command.o
 .text.at_leapsec_func
                0x0800fd38       0x68 Make_out/command.o
 .text.at_syncmod_func
                0x0800fda0       0x70 Make_out/command.o
 .text.at_synctdc_func
                0x0800fe10       0x70 Make_out/command.o
 .text.at_disfcntcheck_func
                0x0800fe80       0x74 Make_out/command.o
 .text.at_dismacans_func
                0x0800fef4       0x74 Make_out/command.o
 .text.set_at_receive
                0x0800ff68       0x20 Make_out/command.o
                0x0800ff68                set_at_receive
 .text.linkwan_serial_input
                0x0800ff88       0x70 Make_out/command.o
                0x0800ff88                linkwan_serial_input
 .text.linkwan_serial_output
                0x0800fff8       0x20 Make_out/command.o
                0x0800fff8                linkwan_serial_output
 .text.at_cfg_func
                0x08010018      0x1a8 Make_out/command.o
 .text.linkwan_at_process
                0x080101c0      0x238 Make_out/command.o
                0x080101c0                linkwan_at_process
 .text.linkwan_at_init
                0x080103f8       0x18 Make_out/command.o
                0x080103f8                linkwan_at_init
 .text.McpsConfirm
                0x08010410        0xc Make_out/lora_app.o
 .text.MlmeConfirm
                0x0801041c       0x48 Make_out/lora_app.o
 .text.McpsIndication
                0x08010464       0xa4 Make_out/lora_app.o
 .text.customize_freq1_get
                0x08010508        0xc Make_out/lora_app.o
                0x08010508                customize_freq1_get
 .text.customize_freq1_set
                0x08010514        0xc Make_out/lora_app.o
                0x08010514                customize_freq1_set
 .text.region_printf
                0x08010520       0x3c Make_out/lora_app.o
                0x08010520                region_printf
 .text.key_printf
                0x0801055c       0x40 Make_out/lora_app.o
                0x0801055c                key_printf
 .text.LORA_Join
                0x0801059c       0xb0 Make_out/lora_app.o
                0x0801059c                LORA_Join
 .text.LORA_JoinStatus
                0x0801064c       0x18 Make_out/lora_app.o
                0x0801064c                LORA_JoinStatus
 .text.LORA_send
                0x08010664       0x94 Make_out/lora_app.o
                0x08010664                LORA_send
 .text.LORA_RequestClass
                0x080106f8       0x6c Make_out/lora_app.o
                0x080106f8                LORA_RequestClass
 .text.lora_config_otaa_set
                0x08010764        0xc Make_out/lora_app.o
                0x08010764                lora_config_otaa_set
 .text.lora_config_otaa_get
                0x08010770        0xc Make_out/lora_app.o
                0x08010770                lora_config_otaa_get
 .text.lora_config_duty_cycle_set
                0x0801077c       0x14 Make_out/lora_app.o
                0x0801077c                lora_config_duty_cycle_set
 .text.lora_config_duty_cycle_get
                0x08010790        0xc Make_out/lora_app.o
                0x08010790                lora_config_duty_cycle_get
 .text.lora_config_deveui_get
                0x0801079c        0xc Make_out/lora_app.o
                0x0801079c                lora_config_deveui_get
 .text.lora_config_deveui_set
                0x080107a8       0x10 Make_out/lora_app.o
                0x080107a8                lora_config_deveui_set
 .text.lora_config_appeui_get
                0x080107b8        0xc Make_out/lora_app.o
                0x080107b8                lora_config_appeui_get
 .text.lora_config_appeui_set
                0x080107c4       0x10 Make_out/lora_app.o
                0x080107c4                lora_config_appeui_set
 .text.lora_config_appkey_get
                0x080107d4        0xc Make_out/lora_app.o
                0x080107d4                lora_config_appkey_get
 .text.lora_config_appkey_set
                0x080107e0       0x10 Make_out/lora_app.o
                0x080107e0                lora_config_appkey_set
 .text.lora_config_devaddr_get
                0x080107f0        0xc Make_out/lora_app.o
                0x080107f0                lora_config_devaddr_get
 .text.lora_config_devaddr_set
                0x080107fc        0xc Make_out/lora_app.o
                0x080107fc                lora_config_devaddr_set
 .text.lora_config_appskey_get
                0x08010808        0xc Make_out/lora_app.o
                0x08010808                lora_config_appskey_get
 .text.lora_config_appskey_set
                0x08010814       0x10 Make_out/lora_app.o
                0x08010814                lora_config_appskey_set
 .text.lora_config_nwkskey_get
                0x08010824        0xc Make_out/lora_app.o
                0x08010824                lora_config_nwkskey_get
 .text.lora_config_nwkskey_set
                0x08010830       0x10 Make_out/lora_app.o
                0x08010830                lora_config_nwkskey_set
 .text.lora_config_reqack_set
                0x08010840        0xc Make_out/lora_app.o
                0x08010840                lora_config_reqack_set
 .text.lora_config_reqack_get
                0x0801084c        0xc Make_out/lora_app.o
                0x0801084c                lora_config_reqack_get
 .text.lora_config_snr_get
                0x08010858        0xc Make_out/lora_app.o
                0x08010858                lora_config_snr_get
 .text.lora_config_application_port_set
                0x08010864        0xc Make_out/lora_app.o
                0x08010864                lora_config_application_port_set
 .text.lora_config_application_port_get
                0x08010870        0xc Make_out/lora_app.o
                0x08010870                lora_config_application_port_get
 .text.lora_config_rssi_get
                0x0801087c        0xc Make_out/lora_app.o
                0x0801087c                lora_config_rssi_get
 .text.lora_config_tx_datarate_set
                0x08010888        0xc Make_out/lora_app.o
                0x08010888                lora_config_tx_datarate_set
 .text.lora_config_tx_datarate_get
                0x08010894        0xc Make_out/lora_app.o
                0x08010894                lora_config_tx_datarate_get
 .text.Flash_store_key
                0x080108a0       0xa0 Make_out/lora_app.o
                0x080108a0                Flash_store_key
 .text.Flash_read_key
                0x08010940       0x70 Make_out/lora_app.o
                0x08010940                Flash_read_key
 .text.Flash_Store_Config
                0x080109b0      0x394 Make_out/lora_app.o
                0x080109b0                Flash_Store_Config
 .text.Flash_Read_Config
                0x08010d44      0x290 Make_out/lora_app.o
                0x08010d44                Flash_Read_Config
 .text.LORA_Init
                0x08010fd4      0x290 Make_out/lora_app.o
                0x08010fd4                LORA_Init
 .text.Uplink_data_adaptive_rate
                0x08011264       0x16 Make_out/lora_app.o
                0x08011264                Uplink_data_adaptive_rate
 *fill*         0x0801127a        0x2 
 .text.AT_data_send
                0x0801127c       0x68 Make_out/lora_app.o
                0x0801127c                AT_data_send
 .text.HW_GetTemperatureLevel
                0x080112e4        0x4 Make_out/main.o
                0x080112e4                HW_GetTemperatureLevel
 .text.OnCalibrationUTCTimeoutEvent
                0x080112e8       0x34 Make_out/main.o
 .text.OnDownlinkDetectTimeoutEvent
                0x0801131c       0x20 Make_out/main.o
 .text.UnconfirmedUplinkChangeToConfirmedUplinkTimeoutEvent
                0x0801133c       0x14 Make_out/main.o
 .text.OnReJoinTimerEvent
                0x08011350       0x18 Make_out/main.o
 .text.OndownlinkLedEvent
                0x08011368       0x28 Make_out/main.o
                0x08011368                OndownlinkLedEvent
 .text.OnNetworkJoinedLedEvent
                0x08011390       0x34 Make_out/main.o
                0x08011390                OnNetworkJoinedLedEvent
 .text.LORA_ConfirmClass
                0x080113c4       0x40 Make_out/main.o
 .text.OnIWDGRefreshTimeoutEvent
                0x08011404       0x3c Make_out/main.o
 .text.LORA_HasJoined
                0x08011440       0x1c Make_out/main.o
 .text.HW_GetBatteryLevel
                0x0801145c      0x12c Make_out/main.o
                0x0801145c                HW_GetBatteryLevel
 .text.HW_GetUniqueId
                0x08011588       0x2e Make_out/main.o
                0x08011588                HW_GetUniqueId
 .text.HW_GetRandomSeed
                0x080115b6       0x14 Make_out/main.o
                0x080115b6                HW_GetRandomSeed
 *fill*         0x080115ca        0x2 
 .text.StartCalibrationUTCtime.part.0
                0x080115cc       0x2c Make_out/main.o
 .text.LORA_RxData
                0x080115f8      0xa58 Make_out/main.o
 .text.uart_log_init
                0x08012050       0xa4 Make_out/main.o
                0x08012050                uart_log_init
 .text.uart_to_esp32_init
                0x080120f4       0x70 Make_out/main.o
                0x080120f4                uart_to_esp32_init
 .text.board_init
                0x08012164      0x110 Make_out/main.o
                0x08012164                board_init
 .text.initArray
                0x08012274       0x62 Make_out/main.o
                0x08012274                initArray
 *fill*         0x080122d6        0x2 
 .text.startup.main
                0x080122d8      0x5e8 Make_out/main.o
                0x080122d8                main
 .text.NMI_Handler
                0x080128c0        0x2 Make_out/tremo_it.o
                0x080128c0                NMI_Handler
 .text.HardFault_Handler
                0x080128c2        0x2 Make_out/tremo_it.o
                0x080128c2                HardFault_Handler
 .text.MemManage_Handler
                0x080128c4        0x2 Make_out/tremo_it.o
                0x080128c4                MemManage_Handler
 .text.BusFault_Handler
                0x080128c6        0x2 Make_out/tremo_it.o
                0x080128c6                BusFault_Handler
 .text.UsageFault_Handler
                0x080128c8        0x2 Make_out/tremo_it.o
                0x080128c8                UsageFault_Handler
 .text.SVC_Handler
                0x080128ca        0x2 Make_out/tremo_it.o
                0x080128ca                SVC_Handler
 .text.PendSV_Handler
                0x080128cc        0x2 Make_out/tremo_it.o
                0x080128cc                PendSV_Handler
 .text.SysTick_Handler
                0x080128ce        0x2 Make_out/tremo_it.o
                0x080128ce                SysTick_Handler
 .text.PWR_IRQHandler
                0x080128d0        0x2 Make_out/tremo_it.o
                0x080128d0                PWR_IRQHandler
 .text.LORA_IRQHandler
                0x080128d2        0x4 Make_out/tremo_it.o
                0x080128d2                LORA_IRQHandler
 .text.RTC_IRQHandler
                0x080128d6        0x4 Make_out/tremo_it.o
                0x080128d6                RTC_IRQHandler
 .text.UART0_IRQHandler
                0x080128da        0x2 Make_out/tremo_it.o
                0x080128da                UART0_IRQHandler
 .text.LPUART_IRQHandler
                0x080128dc       0x2c Make_out/tremo_it.o
                0x080128dc                LPUART_IRQHandler
 .text.esp32_rx_handle_func
                0x08012908       0x74 Make_out/tremo_it.o
                0x08012908                esp32_rx_handle_func
 .text.UART2_IRQHandler
                0x0801297c       0x48 Make_out/tremo_it.o
                0x0801297c                UART2_IRQHandler
 .text.DMA0_IRQHandler
                0x080129c4        0x4 Make_out/tremo_it.o
                0x080129c4                DMA0_IRQHandler
 .text.DMA1_IRQHandler
                0x080129c8        0x4 Make_out/tremo_it.o
                0x080129c8                DMA1_IRQHandler
 .text.GPIO_IRQHandler
                0x080129cc        0xc Make_out/tremo_it.o
                0x080129cc                GPIO_IRQHandler
 .text._out_buffer
                0x080129d8        0x8 Make_out/printf-stdarg.o
 .text._out_null
                0x080129e0        0x2 Make_out/printf-stdarg.o
 *fill*         0x080129e2        0x2 
 .text._out_char
                0x080129e4       0x2c Make_out/printf-stdarg.o
 .text._out_rev
                0x08012a10       0x86 Make_out/printf-stdarg.o
 .text._ntoa_format
                0x08012a96      0x10a Make_out/printf-stdarg.o
 .text._ntoa_long
                0x08012ba0       0x84 Make_out/printf-stdarg.o
 .text._ntoa_long_long
                0x08012c24       0xb6 Make_out/printf-stdarg.o
 *fill*         0x08012cda        0x6 
 .text._etoa    0x08012ce0      0x394 Make_out/printf-stdarg.o
 *fill*         0x08013074        0x4 
 .text._ftoa    0x08013078      0x358 Make_out/printf-stdarg.o
 .text.printf_dma_queue_pop.constprop.0
                0x080133d0       0xa8 Make_out/printf-stdarg.o
 .text.printf_dma_done_callback
                0x08013478       0x64 Make_out/printf-stdarg.o
 .text._vsnprintf
                0x080134dc      0x548 Make_out/printf-stdarg.o
 .text.print_isdone
                0x08013a24       0x3c Make_out/printf-stdarg.o
                0x08013a24                print_isdone
 .text.__wrap_printf
                0x08013a60       0xac Make_out/printf-stdarg.o
                0x08013a60                __wrap_printf
 .text.__wrap_snprintf
                0x08013b0c       0x28 Make_out/printf-stdarg.o
                0x08013b0c                __wrap_snprintf
 .text.nvic_init
                0x08013b34       0x24 Make_out/system_cm4.o
                0x08013b34                nvic_init
 .text.system_init
                0x08013b58       0x44 Make_out/system_cm4.o
                0x08013b58                system_init
 .text.read_write_adc_afec
                0x08013b9c       0x34 Make_out/tremo_adc.o
                0x08013b9c                read_write_adc_afec
 .text.adc_init
                0x08013bd0       0x18 Make_out/tremo_adc.o
                0x08013bd0                adc_init
 .text.adc_start
                0x08013be8       0x2c Make_out/tremo_adc.o
                0x08013be8                adc_start
 .text.adc_enable
                0x08013c14       0x28 Make_out/tremo_adc.o
                0x08013c14                adc_enable
 .text.adc_config_clock_division
                0x08013c3c       0x20 Make_out/tremo_adc.o
                0x08013c3c                adc_config_clock_division
 .text.adc_config_conv_mode
                0x08013c5c       0x18 Make_out/tremo_adc.o
                0x08013c5c                adc_config_conv_mode
 .text.adc_config_sample_sequence
                0x08013c74       0x2c Make_out/tremo_adc.o
                0x08013c74                adc_config_sample_sequence
 .text.adc_get_interrupt_status
                0x08013ca0       0x14 Make_out/tremo_adc.o
                0x08013ca0                adc_get_interrupt_status
 .text.adc_get_data
                0x08013cb4       0x10 Make_out/tremo_adc.o
                0x08013cb4                adc_get_data
 .text.adc_get_calibration_value
                0x08013cc4       0x70 Make_out/tremo_adc.o
                0x08013cc4                adc_get_calibration_value
 .text.adc_enable_vbat31
                0x08013d34       0x1c Make_out/tremo_adc.o
                0x08013d34                adc_enable_vbat31
 .text.delay_init
                0x08013d50       0x48 Make_out/tremo_delay.o
                0x08013d50                delay_init
 .text.delay_us
                0x08013d98       0x30 Make_out/tremo_delay.o
                0x08013d98                delay_us
 .text.delay_ms
                0x08013dc8        0xa Make_out/tremo_delay.o
                0x08013dc8                delay_ms
 .text.write32_bit_reg.part.0
                0x08013dd2       0x1e Make_out/tremo_dma.o
 .text.set_dma_mode
                0x08013df0      0x294 Make_out/tremo_dma.o
 .text.dma0_IRQHandler
                0x08014084       0x64 Make_out/tremo_dma.o
                0x08014084                dma0_IRQHandler
 .text.dma1_IRQHandler
                0x080140e8       0x68 Make_out/tremo_dma.o
                0x080140e8                dma1_IRQHandler
 .text.dma_init
                0x08014150      0x12c Make_out/tremo_dma.o
                0x08014150                dma_init
 .text.dma_ch_enable
                0x0801427c       0x5e Make_out/tremo_dma.o
                0x0801427c                dma_ch_enable
 *fill*         0x080142da        0x2 
 .text.dma_finalize
                0x080142dc      0x13c Make_out/tremo_dma.o
                0x080142dc                dma_finalize
 .text.flash_erase_page
                0x08014418       0x64 Make_out/tremo_flash.o
                0x08014418                flash_erase_page
 .text.flash_program_bytes
                0x0801447c       0xb4 Make_out/tremo_flash.o
                0x0801447c                flash_program_bytes
 .text.gpio_init
                0x08014530      0x124 Make_out/tremo_gpio.o
                0x08014530                gpio_init
 .text.gpio_write
                0x08014654       0xb4 Make_out/tremo_gpio.o
                0x08014654                gpio_write
 .text.gpio_clear_interrupt
                0x08014708       0x10 Make_out/tremo_gpio.o
                0x08014708                gpio_clear_interrupt
 .text.gpio_get_interrupt_status
                0x08014718       0x14 Make_out/tremo_gpio.o
                0x08014718                gpio_get_interrupt_status
 .text.gpio_config_stop3_wakeup
                0x0801472c       0x68 Make_out/tremo_gpio.o
                0x0801472c                gpio_config_stop3_wakeup
 .text.gpio_set_iomux
                0x08014794       0x44 Make_out/tremo_gpio.o
                0x08014794                gpio_set_iomux
 .text.check_iwdg_sr_done
                0x080147d8       0x14 Make_out/tremo_iwdg.o
 .text.iwdg_init
                0x080147ec       0x4c Make_out/tremo_iwdg.o
                0x080147ec                iwdg_init
 .text.iwdg_set_prescaler
                0x08014838       0x18 Make_out/tremo_iwdg.o
                0x08014838                iwdg_set_prescaler
 .text.iwdg_set_reload
                0x08014850       0x1c Make_out/tremo_iwdg.o
                0x08014850                iwdg_set_reload
 .text.iwdg_reload
                0x0801486c       0x20 Make_out/tremo_iwdg.o
                0x0801486c                iwdg_reload
 .text.iwdg_start
                0x0801488c       0x1c Make_out/tremo_iwdg.o
                0x0801488c                iwdg_start
 .text.lpuart_config_dma
                0x080148a8       0x10 Make_out/tremo_lpuart.o
                0x080148a8                lpuart_config_dma
 .text.lpuart_config_interrupt
                0x080148b8        0x4 Make_out/tremo_lpuart.o
                0x080148b8                lpuart_config_interrupt
 .text.lpuart_config_rx
                0x080148bc       0x26 Make_out/tremo_lpuart.o
                0x080148bc                lpuart_config_rx
 .text.lpuart_config_tx
                0x080148e2       0x12 Make_out/tremo_lpuart.o
                0x080148e2                lpuart_config_tx
 .text.lpuart_get_rx_status
                0x080148f4       0x12 Make_out/tremo_lpuart.o
                0x080148f4                lpuart_get_rx_status
 .text.lpuart_clear_rx_status
                0x08014906       0x18 Make_out/tremo_lpuart.o
                0x08014906                lpuart_clear_rx_status
 .text.lpuart_get_rx_not_empty_status
                0x0801491e        0x8 Make_out/tremo_lpuart.o
                0x0801491e                lpuart_get_rx_not_empty_status
 .text.lpuart_receive_data
                0x08014926       0x10 Make_out/tremo_lpuart.o
                0x08014926                lpuart_receive_data
 *fill*         0x08014936        0x2 
 .text.lpuart_init
                0x08014938       0x80 Make_out/tremo_lpuart.o
                0x08014938                lpuart_init
 .text.lpuart_deinit
                0x080149b8       0x2c Make_out/tremo_lpuart.o
                0x080149b8                lpuart_deinit
 .text.rcc_get_clk_freq
                0x080149e4       0x9c Make_out/tremo_rcc.o
                0x080149e4                rcc_get_clk_freq
 .text.rcc_set_iwdg_clk_source
                0x08014a80       0x28 Make_out/tremo_rcc.o
                0x08014a80                rcc_set_iwdg_clk_source
 .text.rcc_set_adc_clk_source
                0x08014aa8       0x28 Make_out/tremo_rcc.o
                0x08014aa8                rcc_set_adc_clk_source
 .text.rcc_get_uart0_clk_source
                0x08014ad0        0xc Make_out/tremo_rcc.o
                0x08014ad0                rcc_get_uart0_clk_source
 .text.rcc_get_uart1_clk_source
                0x08014adc        0xc Make_out/tremo_rcc.o
                0x08014adc                rcc_get_uart1_clk_source
 .text.rcc_get_uart2_clk_source
                0x08014ae8        0xc Make_out/tremo_rcc.o
                0x08014ae8                rcc_get_uart2_clk_source
 .text.rcc_get_uart3_clk_source
                0x08014af4        0xc Make_out/tremo_rcc.o
                0x08014af4                rcc_get_uart3_clk_source
 .text.rcc_get_lpuart_clk_source
                0x08014b00        0xc Make_out/tremo_rcc.o
                0x08014b00                rcc_get_lpuart_clk_source
 .text.rcc_enable_peripheral_clk
                0x08014b0c      0x4fe Make_out/tremo_rcc.o
                0x08014b0c                rcc_enable_peripheral_clk
 *fill*         0x0801500a        0x2 
 .text.rcc_enable_oscillator
                0x0801500c      0x108 Make_out/tremo_rcc.o
                0x0801500c                rcc_enable_oscillator
 .text.rcc_rst_peripheral
                0x08015114       0x70 Make_out/tremo_rcc.o
                0x08015114                rcc_rst_peripheral
 .text.rtc_deinit
                0x08015184       0x1e Make_out/tremo_rtc.o
                0x08015184                rtc_deinit
 *fill*         0x080151a2        0x2 
 .text.rtc_check_syn
                0x080151a4       0x14 Make_out/tremo_rtc.o
                0x080151a4                rtc_check_syn
 .text.rtc_calendar_cmd
                0x080151b8       0x20 Make_out/tremo_rtc.o
                0x080151b8                rtc_calendar_cmd
 .text.rtc_cyc_cmd
                0x080151d8       0x20 Make_out/tremo_rtc.o
                0x080151d8                rtc_cyc_cmd
 .text.rtc_config_cyc_wakeup
                0x080151f8       0x24 Make_out/tremo_rtc.o
                0x080151f8                rtc_config_cyc_wakeup
 .text.rtc_get_calendar
                0x0801521c       0xc8 Make_out/tremo_rtc.o
                0x0801521c                rtc_get_calendar
 .text.rtc_set_status
                0x080152e4       0x30 Make_out/tremo_rtc.o
                0x080152e4                rtc_set_status
 .text.rtc_get_status
                0x08015314       0x38 Make_out/tremo_rtc.o
                0x08015314                rtc_get_status
 .text.rtc_config_interrupt
                0x0801534c       0x38 Make_out/tremo_rtc.o
                0x0801534c                rtc_config_interrupt
 .text.rtc_config_cyc_max
                0x08015384       0x14 Make_out/tremo_rtc.o
                0x08015384                rtc_config_cyc_max
 .text.system_reset
                0x08015398       0x20 Make_out/tremo_system.o
                0x08015398                system_reset
 .text.system_get_chip_id
                0x080153b8       0x1c Make_out/tremo_system.o
                0x080153b8                system_get_chip_id
 .text.uart_get_flag_status
                0x080153d4        0xc Make_out/tremo_uart.o
                0x080153d4                uart_get_flag_status
 .text.uart_send_data
                0x080153e0        0xa Make_out/tremo_uart.o
                0x080153e0                uart_send_data
 .text.uart_receive_data
                0x080153ea        0xc Make_out/tremo_uart.o
                0x080153ea                uart_receive_data
 .text.uart_config_interrupt
                0x080153f6       0x10 Make_out/tremo_uart.o
                0x080153f6                uart_config_interrupt
 .text.uart_config_init
                0x08015406       0x18 Make_out/tremo_uart.o
                0x08015406                uart_config_init
 .text.uart_cmd
                0x0801541e       0x12 Make_out/tremo_uart.o
                0x0801541e                uart_cmd
 .text.uart_get_interrupt_status
                0x08015430        0xc Make_out/tremo_uart.o
                0x08015430                uart_get_interrupt_status
 .text.uart_clear_interrupt
                0x0801543c        0x4 Make_out/tremo_uart.o
                0x0801543c                uart_clear_interrupt
 .text.uart_init
                0x08015440      0x140 Make_out/tremo_uart.o
                0x08015440                uart_init
 .text.uart_dma_config
                0x08015580       0x10 Make_out/tremo_uart.o
                0x08015580                uart_dma_config
 .text.BSP_sensor_Init
                0x08015590      0x1c0 Make_out/bsp.o
                0x08015590                BSP_sensor_Init
 .text.battery_voltage_measurement
                0x08015750      0x10c Make_out/bsp.o
                0x08015750                battery_voltage_measurement
 .text.DelayMs  0x0801585c        0x4 Make_out/delay.o
                0x0801585c                DelayMs
 .text.CalendarDiv60
                0x08015860       0x2e Make_out/timer.o
 *fill*         0x0801588e        0x2 
 .text.TimeStampsUpdate
                0x08015890       0x2c Make_out/timer.o
 .text.TimerInsertNewHeadTimer
                0x080158bc       0x1c Make_out/timer.o
 .text.SysTimeAdd
                0x080158d8       0x36 Make_out/timer.o
                0x080158d8                SysTimeAdd
 .text.SysTimeSub
                0x0801590e       0x36 Make_out/timer.o
                0x0801590e                SysTimeSub
 .text.SysTimeSet
                0x08015944       0x78 Make_out/timer.o
                0x08015944                SysTimeSet
 .text.SysTimeGet
                0x080159bc       0x78 Make_out/timer.o
                0x080159bc                SysTimeGet
 .text.SysTimeLocalTime
                0x08015a34       0xc8 Make_out/timer.o
                0x08015a34                SysTimeLocalTime
 .text.TimerInit
                0x08015afc        0xe Make_out/timer.o
                0x08015afc                TimerInit
 *fill*         0x08015b0a        0x2 
 .text.TimerStart
                0x08015b0c       0x78 Make_out/timer.o
                0x08015b0c                TimerStart
 .text.TimerIrqHandler
                0x08015b84       0x68 Make_out/timer.o
                0x08015b84                TimerIrqHandler
 .text.TimerStop
                0x08015bec       0x60 Make_out/timer.o
                0x08015bec                TimerStop
 .text.TimerSetValue
                0x08015c4c       0x10 Make_out/timer.o
                0x08015c4c                TimerSetValue
 .text.TimerGetCurrentTime
                0x08015c5c        0x4 Make_out/timer.o
                0x08015c5c                TimerGetCurrentTime
 .text.TimerGetElapsedTime
                0x08015c60       0x12 Make_out/timer.o
                0x08015c60                TimerGetElapsedTime
 .text.xor_block
                0x08015c72       0x82 Make_out/aes.o
 .text.copy_and_key
                0x08015cf4       0x84 Make_out/aes.o
 .text.aes_set_key
                0x08015d78       0xf8 Make_out/aes.o
                0x08015d78                aes_set_key
 .text.aes_encrypt
                0x08015e70      0x2f4 Make_out/aes.o
                0x08015e70                aes_encrypt
 .text.AES_CMAC_Init
                0x08016164       0x20 Make_out/cmac.o
                0x08016164                AES_CMAC_Init
 .text.AES_CMAC_SetKey
                0x08016184        0xa Make_out/cmac.o
                0x08016184                AES_CMAC_SetKey
 .text.AES_CMAC_Update
                0x0801618e       0xb8 Make_out/cmac.o
                0x0801618e                AES_CMAC_Update
 .text.AES_CMAC_Final
                0x08016246      0x164 Make_out/cmac.o
                0x08016246                AES_CMAC_Final
 .text.RadioCheckRfFrequency
                0x080163aa        0x4 Make_out/radio.o
                0x080163aa                RadioCheckRfFrequency
 *fill*         0x080163ae        0x2 
 .text.RadioOnTxTimeoutIrq
                0x080163b0       0x14 Make_out/radio.o
                0x080163b0                RadioOnTxTimeoutIrq
 .text.RadioOnRxTimeoutIrq
                0x080163c4       0x14 Make_out/radio.o
                0x080163c4                RadioOnRxTimeoutIrq
 .text.RadioStandby
                0x080163d8        0x6 Make_out/radio.o
                0x080163d8                RadioStandby
 *fill*         0x080163de        0x2 
 .text.RadioInit
                0x080163e0       0x6c Make_out/radio.o
                0x080163e0                RadioInit
 .text.RadioGetStatus
                0x0801644c       0x18 Make_out/radio.o
                0x0801644c                RadioGetStatus
 .text.RadioSetChannel
                0x08016464        0x4 Make_out/radio.o
                0x08016464                RadioSetChannel
 .text.RadioRssi
                0x08016468        0xa Make_out/radio.o
                0x08016468                RadioRssi
 .text.RadioSyncWord
                0x08016472       0x14 Make_out/radio.o
                0x08016472                RadioSyncWord
 .text.RadioRead
                0x08016486        0x4 Make_out/radio.o
                0x08016486                RadioRead
 .text.RadioWrite
                0x0801648a        0x4 Make_out/radio.o
                0x0801648a                RadioWrite
 *fill*         0x0801648e        0x2 
 .text.RadioSend
                0x08016490       0x58 Make_out/radio.o
                0x08016490                RadioSend
 .text.RadioSleep
                0x080164e8       0x14 Make_out/radio.o
                0x080164e8                RadioSleep
 .text.RadioSetRxDutyCycle
                0x080164fc        0x4 Make_out/radio.o
                0x080164fc                RadioSetRxDutyCycle
 .text.RadioStartCad
                0x08016500       0x6c Make_out/radio.o
                0x08016500                RadioStartCad
 .text.RadioSetTxContinuousWave
                0x0801656c       0x4c Make_out/radio.o
                0x0801656c                RadioSetTxContinuousWave
 .text.RadioWriteBuffer
                0x080165b8        0x4 Make_out/radio.o
                0x080165b8                RadioWriteBuffer
 .text.RadioReadBuffer
                0x080165bc        0x4 Make_out/radio.o
                0x080165bc                RadioReadBuffer
 .text.RadioGetWakeupTime
                0x080165c0        0xa Make_out/radio.o
                0x080165c0                RadioGetWakeupTime
 *fill*         0x080165ca        0x2 
 .text.RadioOnCadTimeoutIrq
                0x080165cc       0x20 Make_out/radio.o
                0x080165cc                RadioOnCadTimeoutIrq
 .text.RadioGetFskBandwidthRegValue
                0x080165ec       0x34 Make_out/radio.o
 .text.RadioSetMaxPayloadLength
                0x08016620       0x30 Make_out/radio.o
                0x08016620                RadioSetMaxPayloadLength
 .text.RadioRx  0x08016650       0x48 Make_out/radio.o
                0x08016650                RadioRx
 .text.RadioRxBoosted
                0x08016698       0x44 Make_out/radio.o
                0x08016698                RadioRxBoosted
 .text.RadioIrqProcess
                0x080166dc      0x238 Make_out/radio.o
                0x080166dc                RadioIrqProcess
 .text.RadioSetPublicNetwork
                0x08016914       0x40 Make_out/radio.o
                0x08016914                RadioSetPublicNetwork
 .text.RadioSetModem.part.0
                0x08016954       0x28 Make_out/radio.o
 .text.RadioSetModem
                0x0801697c       0x24 Make_out/radio.o
                0x0801697c                RadioSetModem
 .text.RadioRandom
                0x080169a0       0x3c Make_out/radio.o
                0x080169a0                RadioRandom
 .text.RadioSymbTime
                0x080169dc       0x2c Make_out/radio.o
                0x080169dc                RadioSymbTime
 .text.RadioSetRxConfig
                0x08016a08      0x228 Make_out/radio.o
                0x08016a08                RadioSetRxConfig
 .text.RadioIsChannelFree
                0x08016c30       0x88 Make_out/radio.o
                0x08016c30                RadioIsChannelFree
 .text.RadioSetTxConfig
                0x08016cb8      0x1ac Make_out/radio.o
                0x08016cb8                RadioSetTxConfig
 *fill*         0x08016e64        0x4 
 .text.RadioTimeOnAir
                0x08016e68      0x198 Make_out/radio.o
                0x08016e68                RadioTimeOnAir
 .text.RadioOnDioIrq
                0x08017000       0x24 Make_out/radio.o
                0x08017000                RadioOnDioIrq
 .text.get_rssi
                0x08017024        0xc Make_out/radio.o
                0x08017024                get_rssi
 .text.SX126xGetOperatingMode
                0x08017030        0xc Make_out/sx126x.o
                0x08017030                SX126xGetOperatingMode
 .text.SX126xSetOperatingMode
                0x0801703c        0xc Make_out/sx126x.o
                0x0801703c                SX126xSetOperatingMode
 .text.SX126xCheckDeviceReady
                0x08017048       0x64 Make_out/sx126x.o
                0x08017048                SX126xCheckDeviceReady
 .text.SX126xSetPayload
                0x080170ac        0xa Make_out/sx126x.o
                0x080170ac                SX126xSetPayload
 .text.SX126xSetSyncWord
                0x080170b6       0x12 Make_out/sx126x.o
                0x080170b6                SX126xSetSyncWord
 .text.SX126xSetCrcSeed
                0x080170c8       0x28 Make_out/sx126x.o
                0x080170c8                SX126xSetCrcSeed
 .text.SX126xSetCrcPolynomial
                0x080170f0       0x28 Make_out/sx126x.o
                0x080170f0                SX126xSetCrcPolynomial
 .text.SX126xSetWhiteningSeed
                0x08017118       0x38 Make_out/sx126x.o
                0x08017118                SX126xSetWhiteningSeed
 .text.SX126xSetSleep
                0x08017150       0x24 Make_out/sx126x.o
                0x08017150                SX126xSetSleep
 .text.SX126xSetStandby
                0x08017174       0x2c Make_out/sx126x.o
                0x08017174                SX126xSetStandby
 .text.SX126xSetTx
                0x080171a0       0x2c Make_out/sx126x.o
                0x080171a0                SX126xSetTx
 .text.SX126xSendPayload
                0x080171cc       0x12 Make_out/sx126x.o
                0x080171cc                SX126xSendPayload
 *fill*         0x080171de        0x2 
 .text.SX126xSetRx
                0x080171e0       0x2c Make_out/sx126x.o
                0x080171e0                SX126xSetRx
 .text.SX126xSetRxBoosted
                0x0801720c       0x38 Make_out/sx126x.o
                0x0801720c                SX126xSetRxBoosted
 .text.SX126xSetRxDutyCycle
                0x08017244       0x3c Make_out/sx126x.o
                0x08017244                SX126xSetRxDutyCycle
 .text.SX126xSetCad
                0x08017280       0x18 Make_out/sx126x.o
                0x08017280                SX126xSetCad
 .text.SX126xSetTxContinuousWave
                0x08017298       0x14 Make_out/sx126x.o
                0x08017298                SX126xSetTxContinuousWave
 .text.SX126xSetStopRxTimerOnPreambleDetect
                0x080172ac       0x18 Make_out/sx126x.o
                0x080172ac                SX126xSetStopRxTimerOnPreambleDetect
 .text.SX126xSetLoRaSymbNumTimeout
                0x080172c4       0x18 Make_out/sx126x.o
                0x080172c4                SX126xSetLoRaSymbNumTimeout
 .text.SX126xSetRegulatorMode
                0x080172dc       0x18 Make_out/sx126x.o
                0x080172dc                SX126xSetRegulatorMode
 .text.SX126xCalibrate
                0x080172f4       0x16 Make_out/sx126x.o
                0x080172f4                SX126xCalibrate
 *fill*         0x0801730a        0x2 
 .text.SX126xCalibrateImage
                0x0801730c       0x78 Make_out/sx126x.o
                0x0801730c                SX126xCalibrateImage
 .text.SX126xSetPaConfig
                0x08017384       0x24 Make_out/sx126x.o
                0x08017384                SX126xSetPaConfig
 .text.SX126xSetDioIrqParams
                0x080173a8       0x38 Make_out/sx126x.o
                0x080173a8                SX126xSetDioIrqParams
 .text.SX126xGetIrqStatus
                0x080173e0       0x1a Make_out/sx126x.o
                0x080173e0                SX126xGetIrqStatus
 .text.SX126xSetDio2AsRfSwitchCtrl
                0x080173fa       0x18 Make_out/sx126x.o
                0x080173fa                SX126xSetDio2AsRfSwitchCtrl
 .text.SX126xSetDio3AsTcxoCtrl
                0x08017412       0x2c Make_out/sx126x.o
                0x08017412                SX126xSetDio3AsTcxoCtrl
 *fill*         0x0801743e        0x2 
 .text.SX126xInit
                0x08017440       0x3c Make_out/sx126x.o
                0x08017440                SX126xInit
 *fill*         0x0801747c        0x4 
 .text.SX126xSetRfFrequency
                0x08017480       0x5c Make_out/sx126x.o
                0x08017480                SX126xSetRfFrequency
 .text.SX126xSetPacketType
                0x080174dc       0x20 Make_out/sx126x.o
                0x080174dc                SX126xSetPacketType
 .text.SX126xGetPacketType
                0x080174fc        0xc Make_out/sx126x.o
                0x080174fc                SX126xGetPacketType
 .text.SX126xSetTxParams
                0x08017508       0xbc Make_out/sx126x.o
                0x08017508                SX126xSetTxParams
 *fill*         0x080175c4        0x4 
 .text.SX126xSetModulationParams
                0x080175c8       0xcc Make_out/sx126x.o
                0x080175c8                SX126xSetModulationParams
 .text.SX126xSetPacketParams
                0x08017694       0xcc Make_out/sx126x.o
                0x08017694                SX126xSetPacketParams
 .text.SX126xSetCadParams
                0x08017760       0x3c Make_out/sx126x.o
                0x08017760                SX126xSetCadParams
 .text.SX126xSetBufferBaseAddress
                0x0801779c       0x1a Make_out/sx126x.o
                0x0801779c                SX126xSetBufferBaseAddress
 .text.SX126xGetRssiInst
                0x080177b6       0x1a Make_out/sx126x.o
                0x080177b6                SX126xGetRssiInst
 .text.SX126xGetRxBufferStatus
                0x080177d0       0x48 Make_out/sx126x.o
                0x080177d0                SX126xGetRxBufferStatus
 .text.SX126xGetPayload
                0x08017818       0x32 Make_out/sx126x.o
                0x08017818                SX126xGetPayload
 *fill*         0x0801784a        0x2 
 .text.SX126xGetPacketStatus
                0x0801784c       0x80 Make_out/sx126x.o
                0x0801784c                SX126xGetPacketStatus
 .text.SX126xClearIrqStatus
                0x080178cc       0x1c Make_out/sx126x.o
                0x080178cc                SX126xClearIrqStatus
 .text.RtcInit  0x080178e8       0x30 Make_out/rtc-board.o
                0x080178e8                RtcInit
 .text.RtcSetTimeout
                0x08017918       0x74 Make_out/rtc-board.o
                0x08017918                RtcSetTimeout
 .text.RtcStopTimeout
                0x0801798c       0x14 Make_out/rtc-board.o
                0x0801798c                RtcStopTimeout
 .text.RtcGetTimerContext
                0x080179a0        0xc Make_out/rtc-board.o
                0x080179a0                RtcGetTimerContext
 .text.RtcGetTimerValue
                0x080179ac      0x10c Make_out/rtc-board.o
                0x080179ac                RtcGetTimerValue
 .text.RtcSetTimerContext
                0x08017ab8       0x18 Make_out/rtc-board.o
                0x08017ab8                RtcSetTimerContext
 .text.RtcGetElapsedTime
                0x08017ad0       0x18 Make_out/rtc-board.o
                0x08017ad0                RtcGetElapsedTime
 .text.RtcOnIrq
                0x08017ae8       0x32 Make_out/rtc-board.o
                0x08017ae8                RtcOnIrq
 .text.BoardDisableIrq
                0x08017b1a        0x4 Make_out/sx1262-board.o
                0x08017b1a                BoardDisableIrq
 .text.BoardEnableIrq
                0x08017b1e        0x4 Make_out/sx1262-board.o
                0x08017b1e                BoardEnableIrq
 *fill*         0x08017b22        0x2 
 .text.SpiInOut
                0x08017b24       0x18 Make_out/sx1262-board.o
                0x08017b24                SpiInOut
 .text.SX126xLoracInit
                0x08017b3c       0x7c Make_out/sx1262-board.o
                0x08017b3c                SX126xLoracInit
 .text.SX126xGetBoardTcxoWakeupTime
                0x08017bb8        0x4 Make_out/sx1262-board.o
                0x08017bb8                SX126xGetBoardTcxoWakeupTime
 .text.SX126xReset
                0x08017bbc       0x54 Make_out/sx1262-board.o
                0x08017bbc                SX126xReset
 .text.SX126xWaitOnBusy
                0x08017c10       0x18 Make_out/sx1262-board.o
                0x08017c10                SX126xWaitOnBusy
 .text.SX126xWakeup
                0x08017c28       0x30 Make_out/sx1262-board.o
                0x08017c28                SX126xWakeup
 .text.SX126xWriteCommand
                0x08017c58       0x44 Make_out/sx1262-board.o
                0x08017c58                SX126xWriteCommand
 .text.SX126xReadCommand
                0x08017c9c       0x48 Make_out/sx1262-board.o
                0x08017c9c                SX126xReadCommand
 .text.SX126xWriteRegisters
                0x08017ce4       0x48 Make_out/sx1262-board.o
                0x08017ce4                SX126xWriteRegisters
 .text.SX126xWriteRegister
                0x08017d2c       0x16 Make_out/sx1262-board.o
                0x08017d2c                SX126xWriteRegister
 *fill*         0x08017d42        0x2 
 .text.SX126xReadRegisters
                0x08017d44       0x50 Make_out/sx1262-board.o
                0x08017d44                SX126xReadRegisters
 .text.SX126xReadRegister
                0x08017d94       0x16 Make_out/sx1262-board.o
                0x08017d94                SX126xReadRegister
 *fill*         0x08017daa        0x2 
 .text.SX126xWriteBuffer
                0x08017dac       0x44 Make_out/sx1262-board.o
                0x08017dac                SX126xWriteBuffer
 .text.SX126xReadBuffer
                0x08017df0       0x4c Make_out/sx1262-board.o
                0x08017df0                SX126xReadBuffer
 .text.SX126xSetRfTxPower
                0x08017e3c        0x6 Make_out/sx1262-board.o
                0x08017e3c                SX126xSetRfTxPower
 .text.SX126xGetPaSelect
                0x08017e42        0x4 Make_out/sx1262-board.o
                0x08017e42                SX126xGetPaSelect
 *fill*         0x08017e46        0x2 
 .text.SX126xAntSwOn
                0x08017e48       0x10 Make_out/sx1262-board.o
                0x08017e48                SX126xAntSwOn
 .text.SX126xAntSwOff
                0x08017e58       0x10 Make_out/sx1262-board.o
                0x08017e58                SX126xAntSwOff
 .text.rand1    0x08017e68       0x28 Make_out/utilities.o
                0x08017e68                rand1
 .text.srand1   0x08017e90        0xc Make_out/utilities.o
                0x08017e90                srand1
 .text.randr    0x08017e9c       0x1a Make_out/utilities.o
                0x08017e9c                randr
 .text.memcpy1  0x08017eb6       0x14 Make_out/utilities.o
                0x08017eb6                memcpy1
 .text.memcpyr  0x08017eca       0x14 Make_out/utilities.o
                0x08017eca                memcpyr
 .text.memset1  0x08017ede        0x4 Make_out/utilities.o
                0x08017ede                memset1
 .text.RegionIsActive
                0x08017ee2        0x8 Make_out/Region.o
                0x08017ee2                RegionIsActive
 .text.RegionGetPhyParam
                0x08017eea        0xe Make_out/Region.o
                0x08017eea                RegionGetPhyParam
 .text.RegionSetBandTxDone
                0x08017ef8        0xc Make_out/Region.o
                0x08017ef8                RegionSetBandTxDone
 .text.RegionInitDefaults
                0x08017f04        0xc Make_out/Region.o
                0x08017f04                RegionInitDefaults
 .text.RegionVerify
                0x08017f10       0x12 Make_out/Region.o
                0x08017f10                RegionVerify
 .text.RegionApplyCFList
                0x08017f22        0xc Make_out/Region.o
                0x08017f22                RegionApplyCFList
 .text.RegionChanMaskSet
                0x08017f2e        0xe Make_out/Region.o
                0x08017f2e                RegionChanMaskSet
 .text.RegionAdrNext
                0x08017f3c       0x20 Make_out/Region.o
                0x08017f3c                RegionAdrNext
 .text.RegionComputeRxWindowParameters
                0x08017f5c       0x1e Make_out/Region.o
                0x08017f5c                RegionComputeRxWindowParameters
 .text.RegionRxConfig
                0x08017f7a       0x12 Make_out/Region.o
                0x08017f7a                RegionRxConfig
 .text.RegionTxConfig
                0x08017f8c       0x1e Make_out/Region.o
                0x08017f8c                RegionTxConfig
 .text.RegionLinkAdrReq
                0x08017faa       0x20 Make_out/Region.o
                0x08017faa                RegionLinkAdrReq
 .text.RegionRxParamSetupReq
                0x08017fca        0xe Make_out/Region.o
                0x08017fca                RegionRxParamSetupReq
 .text.RegionNewChannelReq
                0x08017fd8        0xe Make_out/Region.o
                0x08017fd8                RegionNewChannelReq
 .text.RegionTxParamSetupReq
                0x08017fe6        0xe Make_out/Region.o
                0x08017fe6                RegionTxParamSetupReq
 .text.RegionDlChannelReq
                0x08017ff4        0xe Make_out/Region.o
                0x08017ff4                RegionDlChannelReq
 .text.RegionAlternateDr
                0x08018002        0xe Make_out/Region.o
                0x08018002                RegionAlternateDr
 .text.RegionCalcBackOff
                0x08018010        0xc Make_out/Region.o
                0x08018010                RegionCalcBackOff
 .text.RegionNextChannel
                0x0801801c       0x20 Make_out/Region.o
                0x0801801c                RegionNextChannel
 .text.RegionSetContinuousWave
                0x0801803c        0xc Make_out/Region.o
                0x0801803c                RegionSetContinuousWave
 .text.RegionApplyDrOffset
                0x08018048       0x1e Make_out/Region.o
                0x08018048                RegionApplyDrOffset
 .text.RegionCommonChanVerifyDr
                0x08018066       0x64 Make_out/RegionCommon.o
                0x08018066                RegionCommonChanVerifyDr
 .text.RegionCommonValueInRange
                0x080180ca       0x12 Make_out/RegionCommon.o
                0x080180ca                RegionCommonValueInRange
 .text.RegionCommonChanDisable
                0x080180dc       0x32 Make_out/RegionCommon.o
                0x080180dc                RegionCommonChanDisable
 .text.RegionCommonCountChannels
                0x0801810e       0x3c Make_out/RegionCommon.o
                0x0801810e                RegionCommonCountChannels
 .text.RegionCommonChanMaskCopy
                0x0801814a       0x1e Make_out/RegionCommon.o
                0x0801814a                RegionCommonChanMaskCopy
 .text.RegionCommonSetBandTxDone
                0x08018168        0xe Make_out/RegionCommon.o
                0x08018168                RegionCommonSetBandTxDone
 *fill*         0x08018176        0x2 
 .text.RegionCommonUpdateBandTimeOff
                0x08018178      0x100 Make_out/RegionCommon.o
                0x08018178                RegionCommonUpdateBandTimeOff
 .text.RegionCommonParseLinkAdrReq
                0x08018278       0x34 Make_out/RegionCommon.o
                0x08018278                RegionCommonParseLinkAdrReq
 .text.RegionCommonLinkAdrReqVerifyParams
                0x080182ac       0x90 Make_out/RegionCommon.o
                0x080182ac                RegionCommonLinkAdrReqVerifyParams
 .text.RegionCommonComputeSymbolTimeLoRa
                0x0801833c       0x34 Make_out/RegionCommon.o
                0x0801833c                RegionCommonComputeSymbolTimeLoRa
 .text.RegionCommonComputeSymbolTimeFsk
                0x08018370       0x18 Make_out/RegionCommon.o
                0x08018370                RegionCommonComputeSymbolTimeFsk
 .text.RegionCommonComputeRxWindowParameters
                0x08018388       0xac Make_out/RegionCommon.o
                0x08018388                RegionCommonComputeRxWindowParameters
 .text.RegionCommonComputeTxPower
                0x08018434       0x40 Make_out/RegionCommon.o
                0x08018434                RegionCommonComputeTxPower
 .text.RegionCommonCalcBackOff
                0x08018474       0x70 Make_out/RegionCommon.o
                0x08018474                RegionCommonCalcBackOff
 .text.VerifyTxFreq
                0x080184e4       0x9c Make_out/RegionEU868.o
 .text.RegionEU868GetPhyParam
                0x08018580       0xc4 Make_out/RegionEU868.o
                0x08018580                RegionEU868GetPhyParam
 .text.RegionEU868SetBandTxDone
                0x08018644       0x2c Make_out/RegionEU868.o
                0x08018644                RegionEU868SetBandTxDone
 .text.RegionEU868InitDefaults
                0x08018670       0x9c Make_out/RegionEU868.o
                0x08018670                RegionEU868InitDefaults
 .text.RegionEU868Verify
                0x0801870c       0x50 Make_out/RegionEU868.o
                0x0801870c                RegionEU868Verify
 .text.RegionEU868ChanMaskSet
                0x0801875c       0x34 Make_out/RegionEU868.o
                0x0801875c                RegionEU868ChanMaskSet
 .text.RegionEU868AdrNext
                0x08018790       0x78 Make_out/RegionEU868.o
                0x08018790                RegionEU868AdrNext
 .text.RegionEU868ComputeRxWindowParameters
                0x08018808       0x8c Make_out/RegionEU868.o
                0x08018808                RegionEU868ComputeRxWindowParameters
 .text.RegionEU868RxConfig
                0x08018894      0x154 Make_out/RegionEU868.o
                0x08018894                RegionEU868RxConfig
 .text.RegionEU868TxConfig
                0x080189e8      0x190 Make_out/RegionEU868.o
                0x080189e8                RegionEU868TxConfig
 .text.RegionEU868LinkAdrReq
                0x08018b78      0x15c Make_out/RegionEU868.o
                0x08018b78                RegionEU868LinkAdrReq
 .text.RegionEU868RxParamSetupReq
                0x08018cd4       0x46 Make_out/RegionEU868.o
                0x08018cd4                RegionEU868RxParamSetupReq
 .text.RegionEU868TxParamSetupReq
                0x08018d1a        0x6 Make_out/RegionEU868.o
                0x08018d1a                RegionEU868TxParamSetupReq
 .text.RegionEU868DlChannelReq
                0x08018d20       0x44 Make_out/RegionEU868.o
                0x08018d20                RegionEU868DlChannelReq
 .text.RegionEU868AlternateDr
                0x08018d64       0x2c Make_out/RegionEU868.o
                0x08018d64                RegionEU868AlternateDr
 .text.RegionEU868CalcBackOff
                0x08018d90       0x44 Make_out/RegionEU868.o
                0x08018d90                RegionEU868CalcBackOff
 .text.RegionEU868NextChannel
                0x08018dd4      0x154 Make_out/RegionEU868.o
                0x08018dd4                RegionEU868NextChannel
 .text.RegionEU868ChannelAdd
                0x08018f28       0xbc Make_out/RegionEU868.o
                0x08018f28                RegionEU868ChannelAdd
 .text.RegionEU868ChannelsRemove
                0x08018fe4       0x30 Make_out/RegionEU868.o
                0x08018fe4                RegionEU868ChannelsRemove
 .text.RegionEU868ApplyCFList
                0x08019014       0x7c Make_out/RegionEU868.o
                0x08019014                RegionEU868ApplyCFList
 .text.RegionEU868NewChannelReq
                0x08019090       0x40 Make_out/RegionEU868.o
                0x08019090                RegionEU868NewChannelReq
 .text.RegionEU868SetContinuousWave
                0x080190d0       0x4c Make_out/RegionEU868.o
                0x080190d0                RegionEU868SetContinuousWave
 .text.RegionEU868ApplyDrOffset
                0x0801911c        0xc Make_out/RegionEU868.o
                0x0801911c                RegionEU868ApplyDrOffset
 .text.ResetMacParameters
                0x08019128       0x7c Make_out/LoRaMac.o
 .text.ValidatePayloadLength
                0x080191a4       0x4c Make_out/LoRaMac.o
 .text.OnAckTimeoutTimerEvent
                0x080191f0       0x3c Make_out/LoRaMac.o
 .text.PrepareRxDoneAbort
                0x0801922c       0x48 Make_out/LoRaMac.o
 .text.RxWindowSetup
                0x08019274       0x14 Make_out/LoRaMac.o
 .text.OnRxWindow2TimerEvent
                0x08019288       0x88 Make_out/LoRaMac.o
 .text.OnRadioTxTimeout
                0x08019310       0x38 Make_out/LoRaMac.o
 .text.OnRadioTxDone
                0x08019348      0x12c Make_out/LoRaMac.o
 .text.OnRxWindow1TimerEvent
                0x08019474       0x8c Make_out/LoRaMac.o
 .text.OnRadioRxTimeout
                0x08019500       0x70 Make_out/LoRaMac.o
 .text.OnRadioRxError
                0x08019570       0x68 Make_out/LoRaMac.o
 .text.ProcessMacCommands
                0x080195d8      0x618 Make_out/LoRaMac.o
 .text.OnRadioRxDone
                0x08019bf0      0x544 Make_out/LoRaMac.o
 .text.printf_joinmessage
                0x0801a134       0x94 Make_out/LoRaMac.o
                0x0801a134                printf_joinmessage
 .text.PrepareFrame
                0x0801a1c8      0x3a0 Make_out/LoRaMac.o
                0x0801a1c8                PrepareFrame
 .text.SendFrameOnChannel
                0x0801a568       0xec Make_out/LoRaMac.o
                0x0801a568                SendFrameOnChannel
 .text.ScheduleTx
                0x0801a654      0x1fc Make_out/LoRaMac.o
 .text.Send     0x0801a850       0x38 Make_out/LoRaMac.o
                0x0801a850                Send
 .text.OnTxDelayedTimerEvent
                0x0801a888       0x70 Make_out/LoRaMac.o
 .text.OnMacStateCheckTimerEvent
                0x0801a8f8      0x440 Make_out/LoRaMac.o
 .text.SetTxContinuousWave
                0x0801ad38       0x58 Make_out/LoRaMac.o
                0x0801ad38                SetTxContinuousWave
 .text.SetTxContinuousWave1
                0x0801ad90       0x40 Make_out/LoRaMac.o
                0x0801ad90                SetTxContinuousWave1
 .text.LoRaMacInitialization
                0x0801add0      0x294 Make_out/LoRaMac.o
                0x0801add0                LoRaMacInitialization
 .text.LoRaMacQueryTxPossible
                0x0801b064       0xd8 Make_out/LoRaMac.o
                0x0801b064                LoRaMacQueryTxPossible
 .text.LoRaMacMibGetRequestConfirm
                0x0801b13c      0x138 Make_out/LoRaMac.o
                0x0801b13c                LoRaMacMibGetRequestConfirm
 .text.LoRaMacMibSetRequestConfirm
                0x0801b274      0x2cc Make_out/LoRaMac.o
                0x0801b274                LoRaMacMibSetRequestConfirm
 .text.LoRaMacMlmeRequest
                0x0801b540      0x1b4 Make_out/LoRaMac.o
                0x0801b540                LoRaMacMlmeRequest
 .text.LoRaMacMcpsRequest
                0x0801b6f4      0x13c Make_out/LoRaMac.o
                0x0801b6f4                LoRaMacMcpsRequest
 .text.LoRaMacTestSetDutyCycleOn
                0x0801b830       0x24 Make_out/LoRaMac.o
                0x0801b830                LoRaMacTestSetDutyCycleOn
 .text.LoRaMacComputeMic
                0x0801b854       0x74 Make_out/LoRaMacCrypto.o
                0x0801b854                LoRaMacComputeMic
 .text.LoRaMacPayloadEncrypt
                0x0801b8c8      0x120 Make_out/LoRaMacCrypto.o
                0x0801b8c8                LoRaMacPayloadEncrypt
 .text.LoRaMacPayloadDecrypt
                0x0801b9e8       0x10 Make_out/LoRaMacCrypto.o
                0x0801b9e8                LoRaMacPayloadDecrypt
 .text.LoRaMacJoinComputeMic
                0x0801b9f8       0x3c Make_out/LoRaMacCrypto.o
                0x0801b9f8                LoRaMacJoinComputeMic
 .text.LoRaMacJoinDecrypt
                0x0801ba34       0x44 Make_out/LoRaMacCrypto.o
                0x0801ba34                LoRaMacJoinDecrypt
 .text.LoRaMacJoinComputeSKeys
                0x0801ba78       0x94 Make_out/LoRaMacCrypto.o
                0x0801ba78                LoRaMacJoinComputeSKeys
 .text.OnCertifTxNextPacketTimerEvent
                0x0801bb0c       0xb0 Make_out/lora-test.o
 .text.certif_running
                0x0801bbbc        0xc Make_out/lora-test.o
                0x0801bbbc                certif_running
 .text.certif_DownLinkIncrement
                0x0801bbc8       0x14 Make_out/lora-test.o
                0x0801bbc8                certif_DownLinkIncrement
 .text.certif_linkCheck
                0x0801bbdc       0x1c Make_out/lora-test.o
                0x0801bbdc                certif_linkCheck
 .text.certif_rx
                0x0801bbf8      0x1bc Make_out/lora-test.o
                0x0801bbf8                certif_rx
 .text.Reset_Handler
                0x0801bdb4       0x48 Make_out/startup_cm4.o
                0x0801bdb4                Reset_Handler
 .text.Default_Handler
                0x0801bdfc        0x2 Make_out/startup_cm4.o
                0x0801bdfc                SCC_IRQHandler
                0x0801bdfc                TIMER2_IRQHandler
                0x0801bdfc                EFC_IRQHandler
                0x0801bdfc                I2C0_IRQHandler
                0x0801bdfc                SAC_IRQHandler
                0x0801bdfc                I2C1_IRQHandler
                0x0801bdfc                UART1_IRQHandler
                0x0801bdfc                BSTIMER0_IRQHandler
                0x0801bdfc                TIMER3_IRQHandler
                0x0801bdfc                SEC_IRQHandler
                0x0801bdfc                WDG_IRQHandler
                0x0801bdfc                LPTIMER1_IRQHandler
                0x0801bdfc                LPTIMER0_IRQHandler
                0x0801bdfc                SSP0_IRQHandler
                0x0801bdfc                I2S_IRQHandler
                0x0801bdfc                I2C2_IRQHandler
                0x0801bdfc                TIMER0_IRQHandler
                0x0801bdfc                LCD_IRQHandler
                0x0801bdfc                TIMER1_IRQHandler
                0x0801bdfc                Default_Handler
                0x0801bdfc                ADC_IRQHandler
                0x0801bdfc                SSP1_IRQHandler
                0x0801bdfc                IWDG_IRQHandler
                0x0801bdfc                SSP2_IRQHandler
                0x0801bdfc                BSTIMER1_IRQHandler
                0x0801bdfc                DAC_IRQHandler
                0x0801bdfc                AFEC_IRQHandler
                0x0801bdfc                UART3_IRQHandler
                0x0801bdfc                QSPI_IRQHandler
 *fill*         0x0801bdfe        0x2 
 .text.__libc_init_array
                0x0801be00       0x48 d:/main/example/lorawan_class_c/lts5_la66_part/tools/toolchain/bin/../lib/gcc/arm-none-eabi/10.3.1/../../../../arm-none-eabi/lib/thumb/v7e-m/nofp\libc.a(lib_a-init.o)
                0x0801be00                __libc_init_array
 .text.memset   0x0801be48       0xa4 d:/main/example/lorawan_class_c/lts5_la66_part/tools/toolchain/bin/../lib/gcc/arm-none-eabi/10.3.1/../../../../arm-none-eabi/lib/thumb/v7e-m/nofp\libc.a(lib_a-memset.o)
                0x0801be48                memset
 .text.strncmp  0x0801beec       0x80 d:/main/example/lorawan_class_c/lts5_la66_part/tools/toolchain/bin/../lib/gcc/arm-none-eabi/10.3.1/../../../../arm-none-eabi/lib/thumb/v7e-m/nofp\libc.a(lib_a-strncmp.o)
                0x0801beec                strncmp
 .text.strtok   0x0801bf6c       0x10 d:/main/example/lorawan_class_c/lts5_la66_part/tools/toolchain/bin/../lib/gcc/arm-none-eabi/10.3.1/../../../../arm-none-eabi/lib/thumb/v7e-m/nofp\libc.a(lib_a-strtok.o)
                0x0801bf6c                strtok
 .text.__strtok_r
                0x0801bf7c       0x64 d:/main/example/lorawan_class_c/lts5_la66_part/tools/toolchain/bin/../lib/gcc/arm-none-eabi/10.3.1/../../../../arm-none-eabi/lib/thumb/v7e-m/nofp\libc.a(lib_a-strtok_r.o)
                0x0801bf7c                __strtok_r
 .text._strtol_l.part.0
                0x0801bfe0      0x120 d:/main/example/lorawan_class_c/lts5_la66_part/tools/toolchain/bin/../lib/gcc/arm-none-eabi/10.3.1/../../../../arm-none-eabi/lib/thumb/v7e-m/nofp\libc.a(lib_a-strtol.o)
 .text.strtol   0x0801c100       0x2c d:/main/example/lorawan_class_c/lts5_la66_part/tools/toolchain/bin/../lib/gcc/arm-none-eabi/10.3.1/../../../../arm-none-eabi/lib/thumb/v7e-m/nofp\libc.a(lib_a-strtol.o)
                0x0801c100                strtol
 .text._strtoul_l.constprop.0
                0x0801c12c      0x13c d:/main/example/lorawan_class_c/lts5_la66_part/tools/toolchain/bin/../lib/gcc/arm-none-eabi/10.3.1/../../../../arm-none-eabi/lib/thumb/v7e-m/nofp\libc.a(lib_a-strtoul.o)
 .text.strtoul  0x0801c268       0x18 d:/main/example/lorawan_class_c/lts5_la66_part/tools/toolchain/bin/../lib/gcc/arm-none-eabi/10.3.1/../../../../arm-none-eabi/lib/thumb/v7e-m/nofp\libc.a(lib_a-strtoul.o)
                0x0801c268                strtoul
 .text.startup.register_fini
                0x0801c280       0x14 d:/main/example/lorawan_class_c/lts5_la66_part/tools/toolchain/bin/../lib/gcc/arm-none-eabi/10.3.1/../../../../arm-none-eabi/lib/thumb/v7e-m/nofp\libc.a(lib_a-__call_atexit.o)
 .text.atexit   0x0801c294        0xc d:/main/example/lorawan_class_c/lts5_la66_part/tools/toolchain/bin/../lib/gcc/arm-none-eabi/10.3.1/../../../../arm-none-eabi/lib/thumb/v7e-m/nofp\libc.a(lib_a-atexit.o)
                0x0801c294                atexit
 .text.__errno  0x0801c2a0        0xc d:/main/example/lorawan_class_c/lts5_la66_part/tools/toolchain/bin/../lib/gcc/arm-none-eabi/10.3.1/../../../../arm-none-eabi/lib/thumb/v7e-m/nofp\libc.a(lib_a-errno.o)
                0x0801c2a0                __errno
 .text.__libc_fini_array
                0x0801c2ac       0x2c d:/main/example/lorawan_class_c/lts5_la66_part/tools/toolchain/bin/../lib/gcc/arm-none-eabi/10.3.1/../../../../arm-none-eabi/lib/thumb/v7e-m/nofp\libc.a(lib_a-fini.o)
                0x0801c2ac                __libc_fini_array
 .text.__retarget_lock_acquire_recursive
                0x0801c2d8        0x4 d:/main/example/lorawan_class_c/lts5_la66_part/tools/toolchain/bin/../lib/gcc/arm-none-eabi/10.3.1/../../../../arm-none-eabi/lib/thumb/v7e-m/nofp\libc.a(lib_a-lock.o)
                0x0801c2d8                __retarget_lock_acquire_recursive
 .text.__retarget_lock_release_recursive
                0x0801c2dc        0x4 d:/main/example/lorawan_class_c/lts5_la66_part/tools/toolchain/bin/../lib/gcc/arm-none-eabi/10.3.1/../../../../arm-none-eabi/lib/thumb/v7e-m/nofp\libc.a(lib_a-lock.o)
                0x0801c2dc                __retarget_lock_release_recursive
 .text.__register_exitproc
                0x0801c2e0       0x8c d:/main/example/lorawan_class_c/lts5_la66_part/tools/toolchain/bin/../lib/gcc/arm-none-eabi/10.3.1/../../../../arm-none-eabi/lib/thumb/v7e-m/nofp\libc.a(lib_a-__atexit.o)
                0x0801c2e0                __register_exitproc
 *fill*         0x0801c36c        0x4 
 .text.ceil     0x0801c370       0xf8 d:/main/example/lorawan_class_c/lts5_la66_part/tools/toolchain/bin/../lib/gcc/arm-none-eabi/10.3.1/../../../../arm-none-eabi/lib/thumb/v7e-m/nofp\libm.a(lib_a-s_ceil.o)
                0x0801c370                ceil
 .text.floor    0x0801c468       0xf8 d:/main/example/lorawan_class_c/lts5_la66_part/tools/toolchain/bin/../lib/gcc/arm-none-eabi/10.3.1/../../../../arm-none-eabi/lib/thumb/v7e-m/nofp\libm.a(lib_a-s_floor.o)
                0x0801c468                floor
 .text.rint     0x0801c560      0x138 d:/main/example/lorawan_class_c/lts5_la66_part/tools/toolchain/bin/../lib/gcc/arm-none-eabi/10.3.1/../../../../arm-none-eabi/lib/thumb/v7e-m/nofp\libm.a(lib_a-s_rint.o)
                0x0801c560                rint
 .text.round    0x0801c698       0x94 d:/main/example/lorawan_class_c/lts5_la66_part/tools/toolchain/bin/../lib/gcc/arm-none-eabi/10.3.1/../../../../arm-none-eabi/lib/thumb/v7e-m/nofp\libm.a(lib_a-s_round.o)
                0x0801c698                round
 *(.glue_7)
 .glue_7        0x0801c72c        0x0 linker stubs
 *(.glue_7t)
 .glue_7t       0x0801c72c        0x0 linker stubs
 *(.eh_frame)
 .eh_frame      0x0801c72c        0x0 d:/main/example/lorawan_class_c/lts5_la66_part/tools/toolchain/bin/../lib/gcc/arm-none-eabi/10.3.1/thumb/v7e-m/nofp/crtbegin.o
 *(.init)
 .init          0x0801c72c        0x4 d:/main/example/lorawan_class_c/lts5_la66_part/tools/toolchain/bin/../lib/gcc/arm-none-eabi/10.3.1/thumb/v7e-m/nofp/crti.o
                0x0801c72c                _init
 .init          0x0801c730        0x8 d:/main/example/lorawan_class_c/lts5_la66_part/tools/toolchain/bin/../lib/gcc/arm-none-eabi/10.3.1/thumb/v7e-m/nofp/crtn.o
 *(.fini)
 .fini          0x0801c738        0x4 d:/main/example/lorawan_class_c/lts5_la66_part/tools/toolchain/bin/../lib/gcc/arm-none-eabi/10.3.1/thumb/v7e-m/nofp/crti.o
                0x0801c738                _fini
 .fini          0x0801c73c        0x8 d:/main/example/lorawan_class_c/lts5_la66_part/tools/toolchain/bin/../lib/gcc/arm-none-eabi/10.3.1/thumb/v7e-m/nofp/crtn.o
                0x0801c744                . = ALIGN (0x4)
                0x0801c744                _etext = .

.vfp11_veneer   0x0801c744        0x0
 .vfp11_veneer  0x0801c744        0x0 linker stubs

.v4_bx          0x0801c744        0x0
 .v4_bx         0x0801c744        0x0 linker stubs

.iplt           0x0801c744        0x0
 .iplt          0x0801c744        0x0 d:/main/example/lorawan_class_c/lts5_la66_part/tools/toolchain/bin/../lib/gcc/arm-none-eabi/10.3.1/thumb/v7e-m/nofp/crtbegin.o

.rodata         0x0801c748     0x1b30
                0x0801c748                . = ALIGN (0x4)
 *(.rodata)
 .rodata        0x0801c748      0x1b8 Make_out/command.o
 .rodata        0x0801c900       0x50 Make_out/printf-stdarg.o
 .rodata        0x0801c950        0xc Make_out/tremo_uart.o
 .rodata        0x0801c95c      0x300 Make_out/aes.o
 *fill*         0x0801cc5c        0x4 
 .rodata        0x0801cc60      0x18c Make_out/radio.o
                0x0801cc60                FskBandwidths
                0x0801cd70                Bandwidths
                0x0801cd7c                Radio
 .rodata        0x0801cdec       0x11 Make_out/sx126x.o
 .rodata        0x0801cdfd       0x18 Make_out/rtc-board.o
 *fill*         0x0801ce15        0x3 
 .rodata        0x0801ce18       0x63 Make_out/RegionEU868.o
 .rodata        0x0801ce7b       0x10 Make_out/LoRaMac.o
 *(.rodata*)
 .rodata.str1.1
                0x0801ce8b      0xd58 Make_out/command.o
                                0xda8 (size before relaxing)
 .rodata.str1.1
                0x0801dbe3      0x144 Make_out/lora_app.o
                                0x145 (size before relaxing)
 .rodata.str1.1
                0x0801dd27      0x1d0 Make_out/main.o
                                0x1ed (size before relaxing)
 .rodata.str1.1
                0x0801def7       0x3b Make_out/tremo_it.o
 .rodata.str1.1
                0x0801df32       0x19 Make_out/printf-stdarg.o
 .rodata.str1.1
                0x0801df4b       0x1c Make_out/timer.o
 .rodata.str1.1
                0x0801df67       0x3e Make_out/radio.o
 .rodata.str1.1
                0x0801dfa5       0x78 Make_out/RegionEU868.o
                                 0x7e (size before relaxing)
 .rodata.str1.1
                0x0801e01d      0x13f Make_out/LoRaMac.o
                                0x142 (size before relaxing)
 .rodata._global_impure_ptr
                0x0801e15c        0x4 d:/main/example/lorawan_class_c/lts5_la66_part/tools/toolchain/bin/../lib/gcc/arm-none-eabi/10.3.1/../../../../arm-none-eabi/lib/thumb/v7e-m/nofp\libc.a(lib_a-impure.o)
                0x0801e15c                _global_impure_ptr
 .rodata._ctype_
                0x0801e160      0x101 d:/main/example/lorawan_class_c/lts5_la66_part/tools/toolchain/bin/../lib/gcc/arm-none-eabi/10.3.1/../../../../arm-none-eabi/lib/thumb/v7e-m/nofp\libc.a(lib_a-ctype_.o)
                0x0801e160                _ctype_
 *fill*         0x0801e261        0x7 
 .rodata.TWO52  0x0801e268       0x10 d:/main/example/lorawan_class_c/lts5_la66_part/tools/toolchain/bin/../lib/gcc/arm-none-eabi/10.3.1/../../../../arm-none-eabi/lib/thumb/v7e-m/nofp\libm.a(lib_a-s_rint.o)
                0x0801e278                . = ALIGN (0x4)

.ARM.extab
 *(.ARM.extab* .gnu.linkonce.armextab.*)

.ARM            0x0801e278        0x8
                0x0801e278                __exidx_start = .
 *(.ARM.exidx*)
 .ARM.exidx     0x0801e278        0x8 d:/main/example/lorawan_class_c/lts5_la66_part/tools/toolchain/bin/../lib/gcc/arm-none-eabi/10.3.1/thumb/v7e-m/nofp\libgcc.a(_udivmoddi4.o)
                0x0801e280                __exidx_end = .

.rel.dyn        0x0801e280        0x0
 .rel.iplt      0x0801e280        0x0 d:/main/example/lorawan_class_c/lts5_la66_part/tools/toolchain/bin/../lib/gcc/arm-none-eabi/10.3.1/thumb/v7e-m/nofp/crtbegin.o

.preinit_array  0x0801e280        0x0
                0x0801e280                PROVIDE (__preinit_array_start = .)
 *(.preinit_array*)
                0x0801e280                PROVIDE (__preinit_array_end = .)

.init_array     0x0801e280        0x8
                0x0801e280                PROVIDE (__init_array_start = .)
 *(SORT_BY_NAME(.init_array.*))
 .init_array.00000
                0x0801e280        0x4 d:/main/example/lorawan_class_c/lts5_la66_part/tools/toolchain/bin/../lib/gcc/arm-none-eabi/10.3.1/../../../../arm-none-eabi/lib/thumb/v7e-m/nofp\libc.a(lib_a-__call_atexit.o)
 *(.init_array*)
 .init_array    0x0801e284        0x4 d:/main/example/lorawan_class_c/lts5_la66_part/tools/toolchain/bin/../lib/gcc/arm-none-eabi/10.3.1/thumb/v7e-m/nofp/crtbegin.o
                0x0801e288                PROVIDE (__init_array_end = .)

.fini_array     0x0801e288        0x4
                0x0801e288                PROVIDE (__fini_array_start = .)
 *(SORT_BY_NAME(.fini_array.*))
 *(.fini_array*)
 .fini_array    0x0801e288        0x4 d:/main/example/lorawan_class_c/lts5_la66_part/tools/toolchain/bin/../lib/gcc/arm-none-eabi/10.3.1/thumb/v7e-m/nofp/crtbegin.o
                0x0801e28c                PROVIDE (__fini_array_end = .)
                0x0801e28c                _sidata = LOADADDR (.data)

.data           0x20000000      0x60c load address 0x0801e28c
                0x20000000                . = ALIGN (0x4)
                0x20000000                _sdata = .
 *(.data)
 .data          0x20000000       0x5c Make_out/lora_app.o
                0x20000058                band_string
 .data          0x2000005c       0x48 Make_out/main.o
                0x2000005c                UTC_Request
                0x2000005d                g_log_level
                0x20000068                payload_upload_correct
                0x2000006a                payload_upload_device_not_register_error
                0x2000006c                REJOIN_TX_DUTYCYCLE
                0x20000094                read_deui_cfg
                0x2000009e                payload_upload_error
                0x200000a0                payload_upload_button_checked
                0x200000a2                payload_upload_button_unchecked
 .data          0x200000a4       0x4c Make_out/timer.o
                0x200000d4                WeekDayString
 .data          0x200000f0        0x1 Make_out/radio.o
                0x200000f0                MaxPayloadLength
 *fill*         0x200000f1        0x3 
 .data          0x200000f4        0x4 Make_out/utilities.o
 .data          0x200000f8       0xc0 Make_out/RegionEU868.o
 .data          0x200001b8        0x4 Make_out/LoRaMac.o
                0x200001bb                printf_channel_mask_onece
 .data          0x200001bc       0x20 Make_out/LoRaMacCrypto.o
 *(.data*)
 .data._impure_ptr
                0x200001dc        0x4 d:/main/example/lorawan_class_c/lts5_la66_part/tools/toolchain/bin/../lib/gcc/arm-none-eabi/10.3.1/../../../../arm-none-eabi/lib/thumb/v7e-m/nofp\libc.a(lib_a-impure.o)
                0x200001dc                _impure_ptr
 .data.impure_data
                0x200001e0      0x428 d:/main/example/lorawan_class_c/lts5_la66_part/tools/toolchain/bin/../lib/gcc/arm-none-eabi/10.3.1/../../../../arm-none-eabi/lib/thumb/v7e-m/nofp\libc.a(lib_a-impure.o)
 .data.__atexit_recursive_mutex
                0x20000608        0x4 d:/main/example/lorawan_class_c/lts5_la66_part/tools/toolchain/bin/../lib/gcc/arm-none-eabi/10.3.1/../../../../arm-none-eabi/lib/thumb/v7e-m/nofp\libc.a(lib_a-__call_atexit.o)
                0x20000608                __atexit_recursive_mutex
                0x2000060c                . = ALIGN (0x4)
                0x2000060c                _edata = .

.igot.plt       0x2000060c        0x0 load address 0x0801e898
 .igot.plt      0x2000060c        0x0 d:/main/example/lorawan_class_c/lts5_la66_part/tools/toolchain/bin/../lib/gcc/arm-none-eabi/10.3.1/thumb/v7e-m/nofp/crtbegin.o
                0x2000060c                . = ALIGN (0x4)

.bss            0x20000610     0x2adc load address 0x0801e898
                0x20000610                _sbss = .
                0x20000610                __bss_start__ = _sbss
 *(.bss)
 .bss           0x20000610       0x1c d:/main/example/lorawan_class_c/lts5_la66_part/tools/toolchain/bin/../lib/gcc/arm-none-eabi/10.3.1/thumb/v7e-m/nofp/crtbegin.o
 .bss           0x2000062c      0x30e Make_out/command.o
                0x2000062c                atcmd
                0x20000822                write_config_in_flash_status
                0x20000823                write_key_in_flash_status
                0x20000824                atrecve_flag
                0x2000092b                debug_flags
                0x2000092c                symbtime1_value
                0x2000092d                flag1
                0x2000092e                symbtime2_value
                0x2000092f                flag2
                0x20000930                g_atcmd_processing
                0x20000932                atcmd_index
                0x20000934                power_time
                0x20000936                exitmode
                0x20000937                exitintmode
                0x20000938                parse_flag
                0x20000939                dwelltime
 *fill*         0x2000093a        0x2 
 .bss           0x2000093c       0x4d Make_out/lora_app.o
                0x2000093c                lora_packet_send_complete_status
                0x20000940                LoRaMainCallbacks
                0x2000095c                current_firmware_ver
                0x2000095d                current_fre_band
                0x20000970                product_id
                0x20000971                RX2DR_setting_status
                0x20000972                down_check
                0x20000973                decrypt_flag
                0x20000974                product_id_read_in_flash
                0x20000975                fre_band_read_in_flash
                0x20000976                firmware_ver_read_in_flash
                0x20000988                FDR_status
 *fill*         0x20000989        0x3 
 .bss           0x2000098c     0x177a Make_out/main.o
                0x2000098c                time_synchronization_interval
                0x20000990                CalibrationUTCTimer
                0x200009a4                UTC_Accept
                0x200009a5                rejoin_status
                0x200009a8                DownlinkDetectTimeoutTimer
                0x200009bc                unconfirmed_uplink_change_to_confirmed_uplink_status
                0x200009c0                UnconfirmedUplinkChangeToConfirmedUplinkTimeoutTimer
                0x200009d4                ReJoinTimer
                0x200009e8                is_time_to_rejoin
                0x200009ec                downlinkLedTimer
                0x20000a00                NetworkJoinedLedTimer
                0x20000a14                LoRaMacState_error_times
                0x20000a18                IWDGRefreshTimer
                0x20000a2c                is_PDTA_command
                0x20000a2d                is_PLDTA_command
                0x20000a2e                is_time_to_IWDG_Refresh
                0x20000a2f                is_lora_joined
                0x20000a30                is_lora_joined_keep_status
                0x20000a31                is_there_data
                0x20000a32                device_total
                0x20000a54                compatible_p2p_format
                0x20000a58                compatible_p2p_format_1
                0x20000a5b                compatible_p2p_format_2
                0x20000a5e                compatible_p2p_format_rssi
                0x20000a6e                port_temp_lock
                0x20000a6f                port_temp
                0x20000a70                atz_flags
                0x20000a71                is_time_to_reply_downlink
                0x20000a72                confirmed_uplink_retransmission_nbtrials
                0x20000a73                confirmed_uplink_counter_retransmission_increment_switch
                0x20000a74                response_level
                0x20000a75                mac_response_flag
                0x20000a76                currentLeapSecond
                0x20000a77                time_synchronization_method
                0x20000a78                downlink_detect_switch
                0x20000a7a                unconfirmed_uplink_change_to_confirmed_uplink_timeout
                0x20000a7c                downlink_detect_timeout
                0x20000a7e                LinkADR_NbTrans_retransmission_nbtrials
                0x20000a7f                LinkADR_NbTrans_uplink_counter_retransmission_increment_switch
                0x20000a80                joined_led
                0x20000a81                rejoin_keep_status
                0x20000a82                join_led_timeout_status
                0x20000a83                payload_oversize
                0x20000a84                MAC_COMMAND_ANS_status
                0x20000a85                unconfirmed_downlink_data_ans_status
                0x20000a86                confirmed_downlink_data_ans_status
                0x20000a87                JoinReq_NbTrails_over
                0x20000a88                sleep_status
                0x20000a89                downlink_received_status
                0x20000a8a                EnterLowPowerStopModeStatus
                0x20000a8b                EnterLowPowerStopMode_error_times
                0x20000a8c                uart_all_data_rx_done_flag
                0x20000a8d                uart_rx_data_from_esp32
                0x20000aad                uart_esp32_rx_data_len_index
                0x20000aae                ack
                0x20000ace                node_arr
                0x2000200e                retrieval_uplink_time
                0x2000200f                payloadlens
                0x20002010                batteryLevel_mV
                0x20002104                Data_Record_Flag
                0x20002105                Poll_Message_Flag
 *fill*         0x20002106        0x2 
 .bss           0x20002108      0x49d Make_out/printf-stdarg.o
                0x20002108                printf_dma_idx_w
                0x2000210a                printf_dma_idx_r
                0x2000210c                printf_dma_queue
                0x200025a4                printf_dma_busy
 .bss           0x200025a5        0x1 Make_out/tremo_delay.o
 *fill*         0x200025a6        0x2 
 .bss           0x200025a8       0x20 Make_out/tremo_dma.o
                0x200025a8                g_dma_callback_handler
 .bss           0x200025c8        0x5 Make_out/timer.o
                0x200025cc                HasLoopedThroughMain
 *fill*         0x200025cd        0x3 
 .bss           0x200025d0      0x1a7 Make_out/radio.o
                0x200025d4                TxTimeoutTimer
                0x200025e8                RxTimeoutTimer
                0x200025fc                CadTimeoutTimer
                0x20002610                IrqFired
                0x20002614                SX126x
                0x20002650                TxTimeout
                0x20002654                RxContinuous
                0x20002658                RxTimeout
                0x2000265c                irqRegs
                0x2000265e                txtimeout_times
                0x2000265f                RadioRxPayload
                0x20002760                RadioPktStatus
                0x20002774                rssi_temp
 *fill*         0x20002777        0x1 
 .bss           0x20002778        0x8 Make_out/sx126x.o
                0x2000277c                FrequencyError
 .bss           0x20002780       0x1d Make_out/rtc-board.o
                0x20002784                RtcCalendarContext
                0x20002790                RtcTimerContext
                0x20002798                McuWakeUpTime
                0x2000279c                NonScheduledWakeUp
 .bss           0x2000279d        0x1 Make_out/sx1262-board.o
                0x2000279d                gPaOptSetting