Archive member included to satisfy reference by file (symbol)

d:/keil_v5/arm/gcc-arm-none-eabi-5_4-2016q3-20160926-win32/bin/../lib/gcc/arm-none-eabi/5.4.1/armv7e-m\libgcc.a(_arm_addsubdf3.o)
                              ./output/printf-stdarg.o (__aeabi_dsub)
d:/keil_v5/arm/gcc-arm-none-eabi-5_4-2016q3-20160926-win32/bin/../lib/gcc/arm-none-eabi/5.4.1/armv7e-m\libgcc.a(_arm_muldivdf3.o)
                              ./output/printf-stdarg.o (__aeabi_dmul)
d:/keil_v5/arm/gcc-arm-none-eabi-5_4-2016q3-20160926-win32/bin/../lib/gcc/arm-none-eabi/5.4.1/armv7e-m\libgcc.a(_arm_cmpdf2.o)
                              ./output/printf-stdarg.o (__aeabi_dcmpeq)
d:/keil_v5/arm/gcc-arm-none-eabi-5_4-2016q3-20160926-win32/bin/../lib/gcc/arm-none-eabi/5.4.1/armv7e-m\libgcc.a(_arm_fixdfsi.o)
                              ./output/printf-stdarg.o (__aeabi_d2iz)
d:/keil_v5/arm/gcc-arm-none-eabi-5_4-2016q3-20160926-win32/bin/../lib/gcc/arm-none-eabi/5.4.1/armv7e-m\libgcc.a(_arm_fixunsdfsi.o)
                              ./output/printf-stdarg.o (__aeabi_d2uiz)
d:/keil_v5/arm/gcc-arm-none-eabi-5_4-2016q3-20160926-win32/bin/../lib/gcc/arm-none-eabi/5.4.1/armv7e-m\libgcc.a(_aeabi_uldivmod.o)
                              ./output/printf-stdarg.o (__aeabi_uldivmod)
d:/keil_v5/arm/gcc-arm-none-eabi-5_4-2016q3-20160926-win32/bin/../lib/gcc/arm-none-eabi/5.4.1/armv7e-m\libgcc.a(_fixunsdfdi.o)
                              ./output/rtc-board.o (__aeabi_d2ulz)
d:/keil_v5/arm/gcc-arm-none-eabi-5_4-2016q3-20160926-win32/bin/../lib/gcc/arm-none-eabi/5.4.1/armv7e-m\libgcc.a(_udivmoddi4.o)
                              d:/keil_v5/arm/gcc-arm-none-eabi-5_4-2016q3-20160926-win32/bin/../lib/gcc/arm-none-eabi/5.4.1/armv7e-m\libgcc.a(_aeabi_uldivmod.o) (__udivmoddi4)
d:/keil_v5/arm/gcc-arm-none-eabi-5_4-2016q3-20160926-win32/bin/../lib/gcc/arm-none-eabi/5.4.1/armv7e-m\libgcc.a(_dvmd_tls.o)
                              d:/keil_v5/arm/gcc-arm-none-eabi-5_4-2016q3-20160926-win32/bin/../lib/gcc/arm-none-eabi/5.4.1/armv7e-m\libgcc.a(_aeabi_uldivmod.o) (__aeabi_ldiv0)
d:/keil_v5/arm/gcc-arm-none-eabi-5_4-2016q3-20160926-win32/bin/../lib/gcc/arm-none-eabi/5.4.1/../../../../arm-none-eabi/lib/armv7e-m\libc.a(lib_a-exit.o)
                              d:/keil_v5/arm/gcc-arm-none-eabi-5_4-2016q3-20160926-win32/bin/../lib/gcc/arm-none-eabi/5.4.1/../../../../arm-none-eabi/lib/armv7e-m/crt0.o (exit)
d:/keil_v5/arm/gcc-arm-none-eabi-5_4-2016q3-20160926-win32/bin/../lib/gcc/arm-none-eabi/5.4.1/../../../../arm-none-eabi/lib/armv7e-m\libc.a(lib_a-impure.o)
                              d:/keil_v5/arm/gcc-arm-none-eabi-5_4-2016q3-20160926-win32/bin/../lib/gcc/arm-none-eabi/5.4.1/../../../../arm-none-eabi/lib/armv7e-m\libc.a(lib_a-exit.o) (_global_impure_ptr)
d:/keil_v5/arm/gcc-arm-none-eabi-5_4-2016q3-20160926-win32/bin/../lib/gcc/arm-none-eabi/5.4.1/../../../../arm-none-eabi/lib/armv7e-m\libc.a(lib_a-init.o)
                              d:/keil_v5/arm/gcc-arm-none-eabi-5_4-2016q3-20160926-win32/bin/../lib/gcc/arm-none-eabi/5.4.1/../../../../arm-none-eabi/lib/armv7e-m/crt0.o (__libc_init_array)
d:/keil_v5/arm/gcc-arm-none-eabi-5_4-2016q3-20160926-win32/bin/../lib/gcc/arm-none-eabi/5.4.1/../../../../arm-none-eabi/lib/armv7e-m\libc.a(lib_a-memset.o)
                              d:/keil_v5/arm/gcc-arm-none-eabi-5_4-2016q3-20160926-win32/bin/../lib/gcc/arm-none-eabi/5.4.1/../../../../arm-none-eabi/lib/armv7e-m/crt0.o (memset)
d:/keil_v5/arm/gcc-arm-none-eabi-5_4-2016q3-20160926-win32/bin/../lib/gcc/arm-none-eabi/5.4.1/../../../../arm-none-eabi/lib/armv7e-m\libc.a(lib_a-strcmp.o)
                              ./output/command.o (strcmp)
d:/keil_v5/arm/gcc-arm-none-eabi-5_4-2016q3-20160926-win32/bin/../lib/gcc/arm-none-eabi/5.4.1/../../../../arm-none-eabi/lib/armv7e-m\libc.a(lib_a-strlen.o)
                              ./output/main.o (strlen)
d:/keil_v5/arm/gcc-arm-none-eabi-5_4-2016q3-20160926-win32/bin/../lib/gcc/arm-none-eabi/5.4.1/../../../../arm-none-eabi/lib/armv7e-m\libc.a(lib_a-strncmp.o)
                              ./output/main.o (strncmp)
d:/keil_v5/arm/gcc-arm-none-eabi-5_4-2016q3-20160926-win32/bin/../lib/gcc/arm-none-eabi/5.4.1/../../../../arm-none-eabi/lib/armv7e-m\libc.a(lib_a-strtok.o)
                              ./output/command.o (strtok)
d:/keil_v5/arm/gcc-arm-none-eabi-5_4-2016q3-20160926-win32/bin/../lib/gcc/arm-none-eabi/5.4.1/../../../../arm-none-eabi/lib/armv7e-m\libc.a(lib_a-strtok_r.o)
                              d:/keil_v5/arm/gcc-arm-none-eabi-5_4-2016q3-20160926-win32/bin/../lib/gcc/arm-none-eabi/5.4.1/../../../../arm-none-eabi/lib/armv7e-m\libc.a(lib_a-strtok.o) (__strtok_r)
d:/keil_v5/arm/gcc-arm-none-eabi-5_4-2016q3-20160926-win32/bin/../lib/gcc/arm-none-eabi/5.4.1/../../../../arm-none-eabi/lib/armv7e-m\libc.a(lib_a-strtol.o)
                              ./output/command.o (strtol)
[...]
Memory Configuration

Name             Origin             Length             Attributes
FLASH            0x0800d000         0x00040000         xr
RAM              0x20000000         0x00010000         xrw
*default*        0x00000000         0xffffffff

Linker script and memory map

LOAD d:/keil_v5/arm/gcc-arm-none-eabi-5_4-2016q3-20160926-win32/bin/../lib/gcc/arm-none-eabi/5.4.1/armv7e-m/crti.o
LOAD d:/keil_v5/arm/gcc-arm-none-eabi-5_4-2016q3-20160926-win32/bin/../lib/gcc/arm-none-eabi/5.4.1/armv7e-m/crtbegin.o
LOAD d:/keil_v5/arm/gcc-arm-none-eabi-5_4-2016q3-20160926-win32/bin/../lib/gcc/arm-none-eabi/5.4.1/../../../../arm-none-eabi/lib/armv7e-m/crt0.o
LOAD ./output/printf-stdarg.o
LOAD ./output/startup_cm4.o
LOAD ./output/system_cm4.o
LOAD ./output/tremo_adc.o
LOAD ./output/tremo_bstimer.o
LOAD ./output/tremo_crc.o
LOAD ./output/tremo_dac.o
LOAD ./output/tremo_delay.o
LOAD ./output/tremo_dma.o
LOAD ./output/tremo_flash.o
LOAD ./output/tremo_gpio.o
LOAD ./output/tremo_i2c.o
LOAD ./output/tremo_i2s.o
LOAD ./output/tremo_iwdg.o
LOAD ./output/tremo_lcd.o
LOAD ./output/tremo_lptimer.o
LOAD ./output/tremo_lpuart.o
LOAD ./output/tremo_pwr.o
LOAD ./output/tremo_rcc.o
LOAD ./output/tremo_rtc.o
LOAD ./output/tremo_spi.o
LOAD ./output/tremo_system.o
LOAD ./output/tremo_timer.o
LOAD ./output/tremo_uart.o
LOAD ./output/tremo_wdg.o
LOAD ./output/bsp.o
LOAD ./output/flash_eraseprogram.o
LOAD ./output/main.o
LOAD ./output/tremo_it.o
LOAD ./output/lora_app.o
LOAD ./output/command.o
LOAD ./output/rtc-board.o
LOAD ./output/sx1262-board.o
LOAD ./output/utilities.o
LOAD ./output/radio.o
LOAD ./output/sx126x.o
LOAD ./output/delay.o
LOAD ./output/timer.o
LOAD ./output/aes.o
LOAD ./output/cmac.o
LOAD ./output/region.o
LOAD ./output/regionas923.o
LOAD ./output/regionau915.o
LOAD ./output/regioncn470.o
LOAD ./output/regioncn779.o
LOAD ./output/regioncommon.o
LOAD ./output/regioneu433.o
LOAD ./output/regioneu868.o
LOAD ./output/regionin865.o
LOAD ./output/regionkr920.o
LOAD ./output/regionkz865.o
LOAD ./output/regionma869.o
LOAD ./output/regionru864.o
LOAD ./output/regionus915.o
LOAD ./output/loramac.o
LOAD ./output/loramaccrypto.o
LOAD ./output/lora-test.o
START GROUP
LOAD d:/keil_v5/arm/gcc-arm-none-eabi-5_4-2016q3-20160926-win32/bin/../lib/gcc/arm-none-eabi/5.4.1/armv7e-m\libgcc.a
LOAD d:/keil_v5/arm/gcc-arm-none-eabi-5_4-2016q3-20160926-win32/bin/../lib/gcc/arm-none-eabi/5.4.1/../../../../arm-none-eabi/lib/armv7e-m\libc.a
END GROUP
LOAD d:/keil_v5/arm/gcc-arm-none-eabi-5_4-2016q3-20160926-win32/bin/../lib/gcc/arm-none-eabi/5.4.1/armv7e-m/crtend.o
LOAD d:/keil_v5/arm/gcc-arm-none-eabi-5_4-2016q3-20160926-win32/bin/../lib/gcc/arm-none-eabi/5.4.1/armv7e-m/crtn.o
                0x2000f000                _estack = 0x2000f000
                0x00001000                _HEAP_SIZE = 0x1000
                0x00001000                _STACK_SIZE = 0x1000

.isr_vector     0x0800d000       0xd4
                0x0800d000                . = ALIGN (0x4)
 *(.isr_vector)
 .isr_vector    0x0800d000       0xd4 ./output/startup_cm4.o
                0x0800d000                g_pfnVectors
                0x0800d0d4                . = ALIGN (0x4)

.text           0x0800d100     0xfa50
                0x0800d100                . = ALIGN (0x4)
 *(.text)
 .text          0x0800d100       0x5c d:/keil_v5/arm/gcc-arm-none-eabi-5_4-2016q3-20160926-win32/bin/../lib/gcc/arm-none-eabi/5.4.1/armv7e-m/crtbegin.o
 .text          0x0800d15c      0x370 d:/keil_v5/arm/gcc-arm-none-eabi-5_4-2016q3-20160926-win32/bin/../lib/gcc/arm-none-eabi/5.4.1/armv7e-m\libgcc.a(_arm_addsubdf3.o)
                0x0800d15c                __aeabi_drsub
                0x0800d164                __aeabi_dsub
                0x0800d164                __subdf3
                0x0800d168                __aeabi_dadd
                0x0800d168                __adddf3
                0x0800d3e0                __floatunsidf
                0x0800d3e0                __aeabi_ui2d
                0x0800d400                __floatsidf
                0x0800d400                __aeabi_i2d
                0x0800d424                __aeabi_f2d
                0x0800d424                __extendsfdf2
                0x0800d460                __floatundidf
                0x0800d460                __aeabi_ul2d
                0x0800d470                __floatdidf
                0x0800d470                __aeabi_l2d
 .text          0x0800d4cc      0x424 d:/keil_v5/arm/gcc-arm-none-eabi-5_4-2016q3-20160926-win32/bin/../lib/gcc/arm-none-eabi/5.4.1/armv7e-m\libgcc.a(_arm_muldivdf3.o)
                0x0800d4cc                __aeabi_dmul
                0x0800d4cc                __muldf3
                0x0800d720                __divdf3
                0x0800d720                __aeabi_ddiv
 .text          0x0800d8f0      0x110 d:/keil_v5/arm/gcc-arm-none-eabi-5_4-2016q3-20160926-win32/bin/../lib/gcc/arm-none-eabi/5.4.1/armv7e-m\libgcc.a(_arm_cmpdf2.o)
                0x0800d8f0                __gtdf2
                0x0800d8f0                __gedf2
                0x0800d8f8                __ltdf2
                0x0800d8f8                __ledf2
                0x0800d900                __nedf2
                0x0800d900                __eqdf2
                0x0800d900                __cmpdf2
                0x0800d97c                __aeabi_cdrcmple
                0x0800d98c                __aeabi_cdcmpeq
                0x0800d98c                __aeabi_cdcmple
                0x0800d99c                __aeabi_dcmpeq
                0x0800d9b0                __aeabi_dcmplt
                0x0800d9c4                __aeabi_dcmple
                0x0800d9d8                __aeabi_dcmpge
                0x0800d9ec                __aeabi_dcmpgt
 .text          0x0800da00       0x50 d:/keil_v5/arm/gcc-arm-none-eabi-5_4-2016q3-20160926-win32/bin/../lib/gcc/arm-none-eabi/5.4.1/armv7e-m\libgcc.a(_arm_fixdfsi.o)
                0x0800da00                __aeabi_d2iz
                0x0800da00                __fixdfsi
 .text          0x0800da50       0x40 d:/keil_v5/arm/gcc-arm-none-eabi-5_4-2016q3-20160926-win32/bin/../lib/gcc/arm-none-eabi/5.4.1/armv7e-m\libgcc.a(_arm_fixunsdfsi.o)
                0x0800da50                __aeabi_d2uiz
                0x0800da50                __fixunsdfsi
 .text          0x0800da90       0x30 d:/keil_v5/arm/gcc-arm-none-eabi-5_4-2016q3-20160926-win32/bin/../lib/gcc/arm-none-eabi/5.4.1/armv7e-m\libgcc.a(_aeabi_uldivmod.o)
                0x0800da90                __aeabi_uldivmod
 .text          0x0800dac0       0x48 d:/keil_v5/arm/gcc-arm-none-eabi-5_4-2016q3-20160926-win32/bin/../lib/gcc/arm-none-eabi/5.4.1/armv7e-m\libgcc.a(_fixunsdfdi.o)
                0x0800dac0                __fixunsdfdi
                0x0800dac0                __aeabi_d2ulz
 .text          0x0800db08      0x2e4 d:/keil_v5/arm/gcc-arm-none-eabi-5_4-2016q3-20160926-win32/bin/../lib/gcc/arm-none-eabi/5.4.1/armv7e-m\libgcc.a(_udivmoddi4.o)
                0x0800db08                __udivmoddi4
 .text          0x0800ddec        0x4 d:/keil_v5/arm/gcc-arm-none-eabi-5_4-2016q3-20160926-win32/bin/../lib/gcc/arm-none-eabi/5.4.1/armv7e-m\libgcc.a(_dvmd_tls.o)
                0x0800ddec                __aeabi_idiv0
                0x0800ddec                __aeabi_ldiv0
 *fill*         0x0800ddf0       0x10 
 .text          0x0800de00      0x2dc d:/keil_v5/arm/gcc-arm-none-eabi-5_4-2016q3-20160926-win32/bin/../lib/gcc/arm-none-eabi/5.4.1/../../../../arm-none-eabi/lib/armv7e-m\libc.a(lib_a-strcmp.o)
                0x0800de08                strcmp
 *fill*         0x0800e0dc       0x24 
 .text          0x0800e100       0xdc d:/keil_v5/arm/gcc-arm-none-eabi-5_4-2016q3-20160926-win32/bin/../lib/gcc/arm-none-eabi/5.4.1/../../../../arm-none-eabi/lib/armv7e-m\libc.a(lib_a-strlen.o)
                0x0800e100                strlen
 *(.text*)
 .text._out_buffer
                0x0800e1dc        0x8 ./output/printf-stdarg.o
 .text._out_null
                0x0800e1e4        0x2 ./output/printf-stdarg.o
 *fill*         0x0800e1e6        0x2 
 .text._out_char
                0x0800e1e8       0x2c ./output/printf-stdarg.o
 .text._out_rev
                0x0800e214       0x82 ./output/printf-stdarg.o
 .text._ntoa_format
                0x0800e296      0x116 ./output/printf-stdarg.o
 .text._ntoa_long
                0x0800e3ac       0x80 ./output/printf-stdarg.o
 .text._ntoa_long_long
                0x0800e42c       0xac ./output/printf-stdarg.o
 .text.printf_dma_queue_pop.isra.0
                0x0800e4d8       0xb8 ./output/printf-stdarg.o
 .text._ftoa    0x0800e590      0x2dc ./output/printf-stdarg.o
 *fill*         0x0800e86c        0x4 
 .text._etoa    0x0800e870      0x380 ./output/printf-stdarg.o
 .text.printf_dma_done_callback
                0x0800ebf0       0x64 ./output/printf-stdarg.o
 .text._vsnprintf
                0x0800ec54      0x51c ./output/printf-stdarg.o
 .text.print_isdone
                0x0800f170       0x3c ./output/printf-stdarg.o
                0x0800f170                print_isdone
 .text.__wrap_printf
                0x0800f1ac       0xb4 ./output/printf-stdarg.o
                0x0800f1ac                __wrap_printf
 .text.__wrap_snprintf
                0x0800f260       0x28 ./output/printf-stdarg.o
                0x0800f260                __wrap_snprintf
 .text.Reset_Handler
                0x0800f288       0x48 ./output/startup_cm4.o
                0x0800f288                Reset_Handler
 .text.Default_Handler
                0x0800f2d0        0x2 ./output/startup_cm4.o
                0x0800f2d0                SCC_IRQHandler
                0x0800f2d0                TIMER2_IRQHandler
                0x0800f2d0                EFC_IRQHandler
                0x0800f2d0                I2C0_IRQHandler
                0x0800f2d0                SAC_IRQHandler
                0x0800f2d0                I2C1_IRQHandler
                0x0800f2d0                UART1_IRQHandler
                0x0800f2d0                BSTIMER0_IRQHandler
                0x0800f2d0                TIMER3_IRQHandler
                0x0800f2d0                SEC_IRQHandler
                0x0800f2d0                WDG_IRQHandler
                0x0800f2d0                LPTIMER1_IRQHandler
                0x0800f2d0                LPTIMER0_IRQHandler
                0x0800f2d0                SSP0_IRQHandler
                0x0800f2d0                I2S_IRQHandler
                0x0800f2d0                I2C2_IRQHandler
                0x0800f2d0                TIMER0_IRQHandler
                0x0800f2d0                LCD_IRQHandler
                0x0800f2d0                TIMER1_IRQHandler
                0x0800f2d0                Default_Handler
                0x0800f2d0                ADC_IRQHandler
                0x0800f2d0                SSP1_IRQHandler
                0x0800f2d0                IWDG_IRQHandler
                0x0800f2d0                SSP2_IRQHandler
                0x0800f2d0                BSTIMER1_IRQHandler
                0x0800f2d0                DAC_IRQHandler
                0x0800f2d0                AFEC_IRQHandler
                0x0800f2d0                UART3_IRQHandler
                0x0800f2d0                QSPI_IRQHandler
 *fill*         0x0800f2d2        0x2 
 .text.nvic_init
                0x0800f2d4       0x24 ./output/system_cm4.o
                0x0800f2d4                nvic_init
 .text.system_init
                0x0800f2f8       0x44 ./output/system_cm4.o
                0x0800f2f8                system_init
 .text.read_write_adc_afec
                0x0800f33c       0x34 ./output/tremo_adc.o
                0x0800f33c                read_write_adc_afec
 .text.adc_init
                0x0800f370       0x18 ./output/tremo_adc.o
                0x0800f370                adc_init
 .text.adc_start
                0x0800f388       0x2c ./output/tremo_adc.o
                0x0800f388                adc_start
 .text.adc_enable
                0x0800f3b4       0x28 ./output/tremo_adc.o
                0x0800f3b4                adc_enable
 .text.adc_config_clock_division
                0x0800f3dc       0x20 ./output/tremo_adc.o
                0x0800f3dc                adc_config_clock_division
 .text.adc_config_conv_mode
                0x0800f3fc       0x18 ./output/tremo_adc.o
                0x0800f3fc                adc_config_conv_mode
 .text.adc_config_sample_sequence
                0x0800f414       0x2c ./output/tremo_adc.o
                0x0800f414                adc_config_sample_sequence
 .text.adc_get_interrupt_status
                0x0800f440       0x14 ./output/tremo_adc.o
                0x0800f440                adc_get_interrupt_status
 .text.adc_get_data
                0x0800f454       0x10 ./output/tremo_adc.o
                0x0800f454                adc_get_data
 .text.adc_get_calibration_value
                0x0800f464       0x78 ./output/tremo_adc.o
                0x0800f464                adc_get_calibration_value
 .text.adc_enable_vbat31
                0x0800f4dc       0x18 ./output/tremo_adc.o
                0x0800f4dc                adc_enable_vbat31
 .text.delay_init
                0x0800f4f4       0x48 ./output/tremo_delay.o
                0x0800f4f4                delay_init
 .text.delay_us
                0x0800f53c       0x34 ./output/tremo_delay.o
                0x0800f53c                delay_us
 .text.delay_ms
                0x0800f570        0xa ./output/tremo_delay.o
                0x0800f570                delay_ms
 .text.write32_bit_reg.part.1
                0x0800f57a       0x1e ./output/tremo_dma.o
 .text.set_dma_mode
                0x0800f598      0x3b8 ./output/tremo_dma.o
 .text.dma0_IRQHandler
                0x0800f950       0x5c ./output/tremo_dma.o
                0x0800f950                dma0_IRQHandler
 .text.dma1_IRQHandler
                0x0800f9ac       0x60 ./output/tremo_dma.o
                0x0800f9ac                dma1_IRQHandler
 .text.dma_init
                0x0800fa0c      0x140 ./output/tremo_dma.o
                0x0800fa0c                dma_init
 .text.dma_ch_enable
                0x0800fb4c       0x5e ./output/tremo_dma.o
                0x0800fb4c                dma_ch_enable
 *fill*         0x0800fbaa        0x2 
 .text.dma_finalize
                0x0800fbac      0x1f8 ./output/tremo_dma.o
                0x0800fbac                dma_finalize
 .text.flash_erase_page
                0x0800fda4       0x64 ./output/tremo_flash.o
                0x0800fda4                flash_erase_page
 .text.flash_program_bytes
                0x0800fe08       0xbc ./output/tremo_flash.o
                0x0800fe08                flash_program_bytes
 .text.gpio_init
                0x0800fec4      0x13c ./output/tremo_gpio.o
                0x0800fec4                gpio_init
 .text.gpio_write
                0x08010000       0xb8 ./output/tremo_gpio.o
                0x08010000                gpio_write
 .text.gpio_clear_interrupt
                0x080100b8       0x10 ./output/tremo_gpio.o
                0x080100b8                gpio_clear_interrupt
 .text.gpio_get_interrupt_status
                0x080100c8       0x14 ./output/tremo_gpio.o
                0x080100c8                gpio_get_interrupt_status
 .text.gpio_config_stop3_wakeup
                0x080100dc       0x68 ./output/tremo_gpio.o
                0x080100dc                gpio_config_stop3_wakeup
 .text.gpio_set_iomux
                0x08010144       0x50 ./output/tremo_gpio.o
                0x08010144                gpio_set_iomux
 .text.check_iwdg_sr_done
                0x08010194       0x14 ./output/tremo_iwdg.o
 .text.iwdg_init
                0x080101a8       0x4c ./output/tremo_iwdg.o
                0x080101a8                iwdg_init
 .text.iwdg_set_prescaler
                0x080101f4       0x18 ./output/tremo_iwdg.o
                0x080101f4                iwdg_set_prescaler
 .text.iwdg_set_reload
                0x0801020c       0x1c ./output/tremo_iwdg.o
                0x0801020c                iwdg_set_reload
 .text.iwdg_reload
                0x08010228       0x20 ./output/tremo_iwdg.o
                0x08010228                iwdg_reload
 .text.iwdg_start
                0x08010248       0x1c ./output/tremo_iwdg.o
                0x08010248                iwdg_start
 .text.lpuart_config_interrupt
                0x08010264       0x10 ./output/tremo_lpuart.o
                0x08010264                lpuart_config_interrupt
 .text.lpuart_config_rx
                0x08010274       0x26 ./output/tremo_lpuart.o
                0x08010274                lpuart_config_rx
 .text.lpuart_config_tx
                0x0801029a       0x12 ./output/tremo_lpuart.o
                0x0801029a                lpuart_config_tx
 .text.lpuart_get_rx_status
                0x080102ac       0x12 ./output/tremo_lpuart.o
                0x080102ac                lpuart_get_rx_status
 .text.lpuart_clear_rx_status
                0x080102be       0x18 ./output/tremo_lpuart.o
                0x080102be                lpuart_clear_rx_status
 .text.lpuart_get_rx_not_empty_status
                0x080102d6        0x8 ./output/tremo_lpuart.o
                0x080102d6                lpuart_get_rx_not_empty_status
 .text.lpuart_receive_data
                0x080102de       0x10 ./output/tremo_lpuart.o
                0x080102de                lpuart_receive_data
 *fill*         0x080102ee        0x2 
 .text.lpuart_init
                0x080102f0       0x84 ./output/tremo_lpuart.o
                0x080102f0                lpuart_init
 .text.lpuart_deinit
                0x08010374       0x2c ./output/tremo_lpuart.o
                0x08010374                lpuart_deinit
 .text.rcc_get_clk_freq
                0x080103a0       0x9c ./output/tremo_rcc.o
                0x080103a0                rcc_get_clk_freq
 .text.rcc_set_iwdg_clk_source
                0x0801043c       0x2a ./output/tremo_rcc.o
                0x0801043c                rcc_set_iwdg_clk_source
 .text.rcc_set_adc_clk_source
                0x08010466       0x2a ./output/tremo_rcc.o
                0x08010466                rcc_set_adc_clk_source
 .text.rcc_get_uart0_clk_source
                0x08010490        0xc ./output/tremo_rcc.o
                0x08010490                rcc_get_uart0_clk_source
 .text.rcc_get_uart1_clk_source
                0x0801049c        0xc ./output/tremo_rcc.o
                0x0801049c                rcc_get_uart1_clk_source
 .text.rcc_get_uart2_clk_source
                0x080104a8        0xc ./output/tremo_rcc.o
                0x080104a8                rcc_get_uart2_clk_source
 .text.rcc_get_uart3_clk_source
                0x080104b4        0xc ./output/tremo_rcc.o
                0x080104b4                rcc_get_uart3_clk_source
 .text.rcc_get_lpuart_clk_source
                0x080104c0        0xc ./output/tremo_rcc.o
                0x080104c0                rcc_get_lpuart_clk_source
 .text.rcc_enable_peripheral_clk
                0x080104cc      0x51a ./output/tremo_rcc.o
                0x080104cc                rcc_enable_peripheral_clk
 *fill*         0x080109e6        0x2 
 .text.rcc_enable_oscillator
                0x080109e8      0x108 ./output/tremo_rcc.o
                0x080109e8                rcc_enable_oscillator
 .text.rcc_rst_peripheral
                0x08010af0       0x7c ./output/tremo_rcc.o
                0x08010af0                rcc_rst_peripheral
 .text.rtc_deinit
                0x08010b6c       0x1e ./output/tremo_rtc.o
                0x08010b6c                rtc_deinit
 *fill*         0x08010b8a        0x2 
 .text.rtc_check_syn
                0x08010b8c       0x18 ./output/tremo_rtc.o
                0x08010b8c                rtc_check_syn
 .text.rtc_calendar_cmd
                0x08010ba4       0x20 ./output/tremo_rtc.o
                0x08010ba4                rtc_calendar_cmd
 .text.rtc_cyc_cmd
                0x08010bc4       0x20 ./output/tremo_rtc.o
                0x08010bc4                rtc_cyc_cmd
 .text.rtc_config_cyc_wakeup
                0x08010be4       0x24 ./output/tremo_rtc.o
                0x08010be4                rtc_config_cyc_wakeup
 .text.rtc_get_calendar
                0x08010c08       0xc8 ./output/tremo_rtc.o
                0x08010c08                rtc_get_calendar
 .text.rtc_set_status
                0x08010cd0       0x34 ./output/tremo_rtc.o
                0x08010cd0                rtc_set_status
 .text.rtc_get_status
                0x08010d04       0x3c ./output/tremo_rtc.o
                0x08010d04                rtc_get_status
 .text.rtc_config_interrupt
                0x08010d40       0x3c ./output/tremo_rtc.o
                0x08010d40                rtc_config_interrupt
 .text.rtc_config_cyc_max
                0x08010d7c       0x14 ./output/tremo_rtc.o
                0x08010d7c                rtc_config_cyc_max
 .text.system_reset
                0x08010d90       0x20 ./output/tremo_system.o
                0x08010d90                system_reset
 .text.system_get_chip_id
                0x08010db0       0x1c ./output/tremo_system.o
                0x08010db0                system_get_chip_id
 .text.uart_get_flag_status
                0x08010dcc        0xc ./output/tremo_uart.o
                0x08010dcc                uart_get_flag_status
 .text.uart_send_data
                0x08010dd8        0xa ./output/tremo_uart.o
                0x08010dd8                uart_send_data
 .text.uart_receive_data
                0x08010de2        0xc ./output/tremo_uart.o
                0x08010de2                uart_receive_data
 .text.uart_config_interrupt
                0x08010dee       0x10 ./output/tremo_uart.o
                0x08010dee                uart_config_interrupt
 .text.uart_config_init
                0x08010dfe       0x1c ./output/tremo_uart.o
                0x08010dfe                uart_config_init
 .text.uart_cmd
                0x08010e1a       0x12 ./output/tremo_uart.o
                0x08010e1a                uart_cmd
 .text.uart_get_interrupt_status
                0x08010e2c        0xc ./output/tremo_uart.o
                0x08010e2c                uart_get_interrupt_status
 .text.uart_clear_interrupt
                0x08010e38        0x4 ./output/tremo_uart.o
                0x08010e38                uart_clear_interrupt
 .text.uart_init
                0x08010e3c      0x14c ./output/tremo_uart.o
                0x08010e3c                uart_init
 .text.uart_dma_config
                0x08010f88       0x10 ./output/tremo_uart.o
                0x08010f88                uart_dma_config
 .text.BSP_sensor_Init
                0x08010f98      0x1c4 ./output/bsp.o
                0x08010f98                BSP_sensor_Init
 .text.battery_voltage_measurement
                0x0801115c      0x108 ./output/bsp.o
                0x0801115c                battery_voltage_measurement
 .text.HW_GetTemperatureLevel
                0x08011264        0x4 ./output/main.o
                0x08011264                HW_GetTemperatureLevel
 .text.OnCalibrationUTCTimeoutEvent
                0x08011268       0x34 ./output/main.o
 .text.OnDownlinkDetectTimeoutEvent
                0x0801129c       0x20 ./output/main.o
 .text.UnconfirmedUplinkChangeToConfirmedUplinkTimeoutEvent
                0x080112bc       0x14 ./output/main.o
 .text.OnReJoinTimerEvent
                0x080112d0       0x18 ./output/main.o
 .text.OndownlinkLedEvent
                0x080112e8       0x2c ./output/main.o
                0x080112e8                OndownlinkLedEvent
 .text.OnNetworkJoinedLedEvent
                0x08011314       0x34 ./output/main.o
                0x08011314                OnNetworkJoinedLedEvent
 .text.LORA_ConfirmClass
                0x08011348       0x40 ./output/main.o
 .text.OnIWDGRefreshTimeoutEvent
                0x08011388       0x38 ./output/main.o
 .text.LORA_HasJoined
                0x080113c0       0x18 ./output/main.o
 .text.HW_GetBatteryLevel
                0x080113d8      0x128 ./output/main.o
                0x080113d8                HW_GetBatteryLevel
 .text.HW_GetUniqueId
                0x08011500       0x2e ./output/main.o
                0x08011500                HW_GetUniqueId
 .text.HW_GetRandomSeed
                0x0801152e       0x14 ./output/main.o
                0x0801152e                HW_GetRandomSeed
 *fill*         0x08011542        0x2 
 .text.StartCalibrationUTCtime.part.0
                0x08011544       0x34 ./output/main.o
 .text.LORA_RxData
                0x08011578      0xa68 ./output/main.o
 .text.uart_log_init
                0x08011fe0       0xb8 ./output/main.o
                0x08011fe0                uart_log_init
 .text.uart_to_esp32_init
                0x08012098       0x7c ./output/main.o
                0x08012098                uart_to_esp32_init
 .text.board_init
                0x08012114      0x10c ./output/main.o
                0x08012114                board_init
 .text.initArray
                0x08012220       0x68 ./output/main.o
                0x08012220                initArray
 .text.startup.main
                0x08012288      0x5d8 ./output/main.o
                0x08012288                main
 .text.NMI_Handler
                0x08012860        0x2 ./output/tremo_it.o
                0x08012860                NMI_Handler
 .text.HardFault_Handler
                0x08012862        0x2 ./output/tremo_it.o
                0x08012862                HardFault_Handler
 .text.MemManage_Handler
                0x08012864        0x2 ./output/tremo_it.o
                0x08012864                MemManage_Handler
 .text.BusFault_Handler
                0x08012866        0x2 ./output/tremo_it.o
                0x08012866                BusFault_Handler
 .text.UsageFault_Handler
                0x08012868        0x2 ./output/tremo_it.o
                0x08012868                UsageFault_Handler
 .text.SVC_Handler
                0x0801286a        0x2 ./output/tremo_it.o
                0x0801286a                SVC_Handler
 .text.PendSV_Handler
                0x0801286c        0x2 ./output/tremo_it.o
                0x0801286c                PendSV_Handler
 .text.SysTick_Handler
                0x0801286e        0x2 ./output/tremo_it.o
                0x0801286e                SysTick_Handler
 .text.PWR_IRQHandler
                0x08012870        0x2 ./output/tremo_it.o
                0x08012870                PWR_IRQHandler
 .text.LORA_IRQHandler
                0x08012872        0x4 ./output/tremo_it.o
                0x08012872                LORA_IRQHandler
 .text.RTC_IRQHandler
                0x08012876        0x4 ./output/tremo_it.o
                0x08012876                RTC_IRQHandler
 .text.UART0_IRQHandler
                0x0801287a        0x2 ./output/tremo_it.o
                0x0801287a                UART0_IRQHandler
 .text.LPUART_IRQHandler
                0x0801287c       0x2c ./output/tremo_it.o
                0x0801287c                LPUART_IRQHandler
 .text.esp32_rx_handle_func
                0x080128a8       0x74 ./output/tremo_it.o
                0x080128a8                esp32_rx_handle_func
 .text.UART2_IRQHandler
                0x0801291c       0x48 ./output/tremo_it.o
                0x0801291c                UART2_IRQHandler
 .text.DMA0_IRQHandler
                0x08012964        0x4 ./output/tremo_it.o
                0x08012964                DMA0_IRQHandler
 .text.DMA1_IRQHandler
                0x08012968        0x4 ./output/tremo_it.o
                0x08012968                DMA1_IRQHandler
 .text.GPIO_IRQHandler
                0x0801296c        0xc ./output/tremo_it.o
                0x0801296c                GPIO_IRQHandler
 .text.McpsConfirm
                0x08012978        0xc ./output/lora_app.o
 .text.MlmeConfirm
                0x08012984       0x44 ./output/lora_app.o
 .text.McpsIndication
                0x080129c8       0xa8 ./output/lora_app.o
 .text.customize_freq1_get
                0x08012a70        0xc ./output/lora_app.o
                0x08012a70                customize_freq1_get
 .text.customize_freq1_set
                0x08012a7c        0xc ./output/lora_app.o
                0x08012a7c                customize_freq1_set
 .text.region_printf
                0x08012a88       0x3c ./output/lora_app.o
                0x08012a88                region_printf
 .text.key_printf
                0x08012ac4       0x40 ./output/lora_app.o
                0x08012ac4                key_printf
 .text.LORA_Join
                0x08012b04       0xb4 ./output/lora_app.o
                0x08012b04                LORA_Join
 .text.LORA_JoinStatus
                0x08012bb8       0x18 ./output/lora_app.o
                0x08012bb8                LORA_JoinStatus
 .text.LORA_send
                0x08012bd0       0x8c ./output/lora_app.o
                0x08012bd0                LORA_send
 .text.LORA_RequestClass
                0x08012c5c       0x6c ./output/lora_app.o
                0x08012c5c                LORA_RequestClass
 .text.lora_config_otaa_set
                0x08012cc8        0xc ./output/lora_app.o
                0x08012cc8                lora_config_otaa_set
 .text.lora_config_otaa_get
                0x08012cd4        0xc ./output/lora_app.o
                0x08012cd4                lora_config_otaa_get
 .text.lora_config_duty_cycle_set
                0x08012ce0       0x14 ./output/lora_app.o
                0x08012ce0                lora_config_duty_cycle_set
 .text.lora_config_duty_cycle_get
                0x08012cf4        0xc ./output/lora_app.o
                0x08012cf4                lora_config_duty_cycle_get
 .text.lora_config_deveui_get
                0x08012d00        0xc ./output/lora_app.o
                0x08012d00                lora_config_deveui_get
 .text.lora_config_deveui_set
                0x08012d0c       0x10 ./output/lora_app.o
                0x08012d0c                lora_config_deveui_set
 .text.lora_config_appeui_get
                0x08012d1c        0xc ./output/lora_app.o
                0x08012d1c                lora_config_appeui_get
 .text.lora_config_appeui_set
                0x08012d28       0x10 ./output/lora_app.o
                0x08012d28                lora_config_appeui_set
 .text.lora_config_appkey_get
                0x08012d38        0xc ./output/lora_app.o
                0x08012d38                lora_config_appkey_get
 .text.lora_config_appkey_set
                0x08012d44       0x10 ./output/lora_app.o
                0x08012d44                lora_config_appkey_set
 .text.lora_config_devaddr_get
                0x08012d54        0xc ./output/lora_app.o
                0x08012d54                lora_config_devaddr_get
 .text.lora_config_devaddr_set
                0x08012d60        0xc ./output/lora_app.o
                0x08012d60                lora_config_devaddr_set
 .text.lora_config_appskey_get
                0x08012d6c        0xc ./output/lora_app.o
                0x08012d6c                lora_config_appskey_get
 .text.lora_config_appskey_set
                0x08012d78       0x10 ./output/lora_app.o
                0x08012d78                lora_config_appskey_set
 .text.lora_config_nwkskey_get
                0x08012d88        0xc ./output/lora_app.o
                0x08012d88                lora_config_nwkskey_get
 .text.lora_config_nwkskey_set
                0x08012d94       0x10 ./output/lora_app.o
                0x08012d94                lora_config_nwkskey_set
 .text.lora_config_reqack_set
                0x08012da4        0xc ./output/lora_app.o
                0x08012da4                lora_config_reqack_set
 .text.lora_config_reqack_get
                0x08012db0        0xc ./output/lora_app.o
                0x08012db0                lora_config_reqack_get
 .text.lora_config_snr_get
                0x08012dbc        0xc ./output/lora_app.o
                0x08012dbc                lora_config_snr_get
 .text.lora_config_application_port_set
                0x08012dc8        0xc ./output/lora_app.o
                0x08012dc8                lora_config_application_port_set
 .text.lora_config_application_port_get
                0x08012dd4        0xc ./output/lora_app.o
                0x08012dd4                lora_config_application_port_get
 .text.lora_config_rssi_get
                0x08012de0        0xc ./output/lora_app.o
                0x08012de0                lora_config_rssi_get
 .text.lora_config_tx_datarate_set
                0x08012dec        0xc ./output/lora_app.o
                0x08012dec                lora_config_tx_datarate_set
 .text.lora_config_tx_datarate_get
                0x08012df8        0xc ./output/lora_app.o
                0x08012df8                lora_config_tx_datarate_get
 .text.Flash_store_key
                0x08012e04       0xcc ./output/lora_app.o
                0x08012e04                Flash_store_key
 .text.Flash_read_key
                0x08012ed0       0xa4 ./output/lora_app.o
                0x08012ed0                Flash_read_key
 .text.Flash_Store_Config
                0x08012f74      0x398 ./output/lora_app.o
                0x08012f74                Flash_Store_Config
 .text.Flash_Read_Config
                0x0801330c      0x2f4 ./output/lora_app.o
                0x0801330c                Flash_Read_Config
 .text.LORA_Init
                0x08013600      0x2a8 ./output/lora_app.o
                0x08013600                LORA_Init
 .text.Uplink_data_adaptive_rate
                0x080138a8       0x16 ./output/lora_app.o
                0x080138a8                Uplink_data_adaptive_rate
 *fill*         0x080138be        0x2 
 .text.AT_data_send
                0x080138c0       0x6c ./output/lora_app.o
                0x080138c0                AT_data_send
 .text.hex2bin  0x0801392c       0x84 ./output/command.o
 .text.at_ver_func
                0x080139b0       0x50 ./output/command.o
 .text.at_recv_func
                0x08013a00       0x74 ./output/command.o
 .text.at_recvb_func
                0x08013a74       0x80 ./output/command.o
 .text.at_debug_func
                0x08013af4       0x3c ./output/command.o
 .text.at_chsignaldetect_func
                0x08013b30       0x88 ./output/command.o
 .text.at_dismacans_func
                0x08013bb8       0x78 ./output/command.o
 .text.at_disfcntcheck_func
                0x08013c30       0x78 ./output/command.o
 .text.at_setmaxnbtrans_func
                0x08013ca8       0x98 ./output/command.o
 .text.at_downlink_detect_func
                0x08013d40       0xb8 ./output/command.o
 .text.at_synctdc_func
                0x08013df8       0x74 ./output/command.o
 .text.at_syncmod_func
                0x08013e6c       0x74 ./output/command.o
 .text.at_leapsec_func
                0x08013ee0       0x70 ./output/command.o
 .text.at_rpl_func
                0x08013f50       0x74 ./output/command.o
 .text.at_rjtdc_func
                0x08013fc4       0x74 ./output/command.o
 .text.at_decrypt_func
                0x08014038       0x74 ./output/command.o
 .text.at_rx2wto_func
                0x080140ac       0x74 ./output/command.o
 .text.at_rx1wto_func
                0x08014120       0x74 ./output/command.o
 .text.at_devicetimereq_func
                0x08014194       0x88 ./output/command.o
 .text.at_timestamp_func
                0x0801421c       0xa0 ./output/command.o
 .text.at_sleep_func
                0x080142bc       0xb0 ./output/command.o
 .text.at_bat_func
                0x0801436c       0x40 ./output/command.o
 .text.at_chs_func
                0x080143ac       0x80 ./output/command.o
 .text.at_port_func
                0x0801442c       0x70 ./output/command.o
 .text.at_rssi_func
                0x0801449c       0x40 ./output/command.o
 .text.at_snr_func
                0x080144dc       0x40 ./output/command.o
 .text.at_cfm_func
                0x0801451c       0xfc ./output/command.o
 .text.at_send_func
                0x08014618       0xac ./output/command.o
 .text.at_sendb_func
                0x080146c4      0x11c ./output/command.o
 .text.at_njs_func
                0x080147e0       0x50 ./output/command.o
 .text.at_join_func
                0x08014830       0x34 ./output/command.o
 .text.at_class_func
                0x08014864       0x90 ./output/command.o
 .text.at_fcd_func
                0x080148f4       0x8c ./output/command.o
 .text.at_fcu_func
                0x08014980       0x8c ./output/command.o
 .text.at_nwkid_func
                0x08014a0c       0xa8 ./output/command.o
 .text.at_jn2dl_func
                0x08014ab4       0x8c ./output/command.o
 .text.at_jn1dl_func
                0x08014b40       0x8c ./output/command.o
 .text.at_rx2dl_func
                0x08014bcc       0x8c ./output/command.o
 .text.at_rx1dl_func
                0x08014c58       0x8c ./output/command.o
 .text.at_rx2dr_func
                0x08014ce4       0xa8 ./output/command.o
 .text.at_rx2fq_func
                0x08014d8c       0xa8 ./output/command.o
 .text.at_pnm_func
                0x08014e34       0x98 ./output/command.o
 .text.at_txp_func
                0x08014ecc       0x9c ./output/command.o
 .text.at_adr_func
                0x08014f68       0x98 ./output/command.o
 .text.at_njm_func
                0x08015000       0x8c ./output/command.o
 .text.at_dcs_func
                0x0801508c       0x8c ./output/command.o
 .text.at_dr_func
                0x08015118       0x8c ./output/command.o
 .text.at_nwkskey_func
                0x080151a4       0xd8 ./output/command.o
 .text.at_appskey_func
                0x0801527c       0xd8 ./output/command.o
 .text.at_devaddr_func
                0x08015354       0x7c ./output/command.o
 .text.at_appkey_func
                0x080153d0       0xd8 ./output/command.o
 .text.at_appeui_func
                0x080154a8       0xa8 ./output/command.o
 .text.at_deui_func
                0x08015550       0xa8 ./output/command.o
 .text.at_fdr_func
                0x080155f8       0x78 ./output/command.o
 .text.at_reset_func
                0x08015670       0x30 ./output/command.o
 .text.set_at_receive
                0x080156a0       0x1c ./output/command.o
                0x080156a0                set_at_receive
 .text.linkwan_serial_input
                0x080156bc       0x7c ./output/command.o
                0x080156bc                linkwan_serial_input
 .text.linkwan_serial_output
                0x08015738       0x20 ./output/command.o
                0x08015738                linkwan_serial_output
 .text.at_cfg_func
                0x08015758      0x198 ./output/command.o
 .text.linkwan_at_process
                0x080158f0      0x240 ./output/command.o
                0x080158f0                linkwan_at_process
 .text.linkwan_at_init
                0x08015b30       0x1c ./output/command.o
                0x08015b30                linkwan_at_init
 .text.RtcInit  0x08015b4c       0x30 ./output/rtc-board.o
                0x08015b4c                RtcInit
 .text.RtcSetTimeout
                0x08015b7c       0x70 ./output/rtc-board.o
                0x08015b7c                RtcSetTimeout
 .text.RtcStopTimeout
                0x08015bec       0x14 ./output/rtc-board.o
                0x08015bec                RtcStopTimeout
 .text.RtcGetTimerContext
                0x08015c00        0xc ./output/rtc-board.o
                0x08015c00                RtcGetTimerContext
 *fill*         0x08015c0c        0x4 
 .text.RtcGetTimerValue
                0x08015c10      0x114 ./output/rtc-board.o
                0x08015c10                RtcGetTimerValue
 .text.RtcSetTimerContext
                0x08015d24       0x14 ./output/rtc-board.o
                0x08015d24                RtcSetTimerContext
 .text.RtcGetElapsedTime
                0x08015d38       0x18 ./output/rtc-board.o
                0x08015d38                RtcGetElapsedTime
 .text.RtcOnIrq
                0x08015d50       0x32 ./output/rtc-board.o
                0x08015d50                RtcOnIrq
 .text.BoardDisableIrq
                0x08015d82        0x4 ./output/sx1262-board.o
                0x08015d82                BoardDisableIrq
 .text.BoardEnableIrq
                0x08015d86        0x4 ./output/sx1262-board.o
                0x08015d86                BoardEnableIrq
 *fill*         0x08015d8a        0x2 
 .text.SpiInOut
                0x08015d8c       0x1c ./output/sx1262-board.o
                0x08015d8c                SpiInOut
 .text.SX126xLoracInit
                0x08015da8       0x7c ./output/sx1262-board.o
                0x08015da8                SX126xLoracInit
 .text.SX126xGetBoardTcxoWakeupTime
                0x08015e24        0x4 ./output/sx1262-board.o
                0x08015e24                SX126xGetBoardTcxoWakeupTime
 .text.SX126xReset
                0x08015e28       0x54 ./output/sx1262-board.o
                0x08015e28                SX126xReset
 .text.SX126xWaitOnBusy
                0x08015e7c       0x18 ./output/sx1262-board.o
                0x08015e7c                SX126xWaitOnBusy
 .text.SX126xWakeup
                0x08015e94       0x30 ./output/sx1262-board.o
                0x08015e94                SX126xWakeup
 .text.SX126xWriteCommand
                0x08015ec4       0x50 ./output/sx1262-board.o
                0x08015ec4                SX126xWriteCommand
 .text.SX126xReadCommand
                0x08015f14       0x48 ./output/sx1262-board.o
                0x08015f14                SX126xReadCommand
 .text.SX126xWriteRegisters
                0x08015f5c       0x4c ./output/sx1262-board.o
                0x08015f5c                SX126xWriteRegisters
 .text.SX126xWriteRegister
                0x08015fa8       0x16 ./output/sx1262-board.o
                0x08015fa8                SX126xWriteRegister
 *fill*         0x08015fbe        0x2 
 .text.SX126xReadRegisters
                0x08015fc0       0x54 ./output/sx1262-board.o
                0x08015fc0                SX126xReadRegisters
 .text.SX126xReadRegister
                0x08016014       0x16 ./output/sx1262-board.o
                0x08016014                SX126xReadRegister
 *fill*         0x0801602a        0x2 
 .text.SX126xWriteBuffer
                0x0801602c       0x4c ./output/sx1262-board.o
                0x0801602c                SX126xWriteBuffer
 .text.SX126xReadBuffer
                0x08016078       0x54 ./output/sx1262-board.o
                0x08016078                SX126xReadBuffer
 .text.SX126xSetRfTxPower
                0x080160cc        0x6 ./output/sx1262-board.o
                0x080160cc                SX126xSetRfTxPower
 .text.SX126xGetPaSelect
                0x080160d2        0x4 ./output/sx1262-board.o
                0x080160d2                SX126xGetPaSelect
 *fill*         0x080160d6        0x2 
 .text.SX126xAntSwOn
                0x080160d8       0x10 ./output/sx1262-board.o
                0x080160d8                SX126xAntSwOn
 .text.SX126xAntSwOff
                0x080160e8       0x10 ./output/sx1262-board.o
                0x080160e8                SX126xAntSwOff
 .text.rand1    0x080160f8       0x28 ./output/utilities.o
                0x080160f8                rand1
 .text.srand1   0x08016120        0xc ./output/utilities.o
                0x08016120                srand1
 .text.randr    0x0801612c       0x1a ./output/utilities.o
                0x0801612c                randr
 .text.memcpy1  0x08016146       0x14 ./output/utilities.o
                0x08016146                memcpy1
 .text.memcpyr  0x0801615a       0x14 ./output/utilities.o
                0x0801615a                memcpyr
 .text.memset1  0x0801616e       0x14 ./output/utilities.o
                0x0801616e                memset1
 .text.RadioCheckRfFrequency
                0x08016182        0x4 ./output/radio.o
                0x08016182                RadioCheckRfFrequency
 *fill*         0x08016186        0x2 
 .text.RadioOnTxTimeoutIrq
                0x08016188       0x14 ./output/radio.o
                0x08016188                RadioOnTxTimeoutIrq
 .text.RadioOnRxTimeoutIrq
                0x0801619c       0x14 ./output/radio.o
                0x0801619c                RadioOnRxTimeoutIrq
 .text.RadioStandby
                0x080161b0        0x6 ./output/radio.o
                0x080161b0                RadioStandby
 *fill*         0x080161b6        0x2 
 .text.RadioInit
                0x080161b8       0x6c ./output/radio.o
                0x080161b8                RadioInit
 .text.RadioGetStatus
                0x08016224       0x1c ./output/radio.o
                0x08016224                RadioGetStatus
 .text.RadioSetChannel
                0x08016240        0x4 ./output/radio.o
                0x08016240                RadioSetChannel
 .text.RadioRssi
                0x08016244        0x8 ./output/radio.o
                0x08016244                RadioRssi
 .text.RadioSyncWord
                0x0801624c       0x14 ./output/radio.o
                0x0801624c                RadioSyncWord
 .text.RadioRead
                0x08016260        0x4 ./output/radio.o
                0x08016260                RadioRead
 .text.RadioWrite
                0x08016264        0x4 ./output/radio.o
                0x08016264                RadioWrite
 .text.RadioSend
                0x08016268       0x54 ./output/radio.o
                0x08016268                RadioSend
 .text.RadioSleep
                0x080162bc       0x14 ./output/radio.o
                0x080162bc                RadioSleep
 .text.RadioSetRxDutyCycle
                0x080162d0        0x4 ./output/radio.o
                0x080162d0                RadioSetRxDutyCycle
 .text.RadioStartCad
                0x080162d4       0x6c ./output/radio.o
                0x080162d4                RadioStartCad
 .text.RadioSetTxContinuousWave
                0x08016340       0x4c ./output/radio.o
                0x08016340                RadioSetTxContinuousWave
 .text.RadioWriteBuffer
                0x0801638c        0x4 ./output/radio.o
                0x0801638c                RadioWriteBuffer
 .text.RadioReadBuffer
                0x08016390        0x4 ./output/radio.o
                0x08016390                RadioReadBuffer
 .text.RadioGetWakeupTime
                0x08016394        0xa ./output/radio.o
                0x08016394                RadioGetWakeupTime
 *fill*         0x0801639e        0x2 
 .text.RadioOnCadTimeoutIrq
                0x080163a0       0x20 ./output/radio.o
                0x080163a0                RadioOnCadTimeoutIrq
 .text.RadioGetFskBandwidthRegValue
                0x080163c0       0x38 ./output/radio.o
 .text.RadioSetMaxPayloadLength
                0x080163f8       0x28 ./output/radio.o
                0x080163f8                RadioSetMaxPayloadLength
 .text.RadioSetModem
                0x08016420       0x30 ./output/radio.o
                0x08016420                RadioSetModem
 .text.RadioSetPublicNetwork
                0x08016450       0x3c ./output/radio.o
                0x08016450                RadioSetPublicNetwork
 .text.RadioRandom
                0x0801648c       0x3a ./output/radio.o
                0x0801648c                RadioRandom
 *fill*         0x080164c6        0x2 
 .text.RadioRx  0x080164c8       0x44 ./output/radio.o
                0x080164c8                RadioRx
 .text.RadioRxBoosted
                0x0801650c       0x40 ./output/radio.o
                0x0801650c                RadioRxBoosted
 .text.RadioIrqProcess
                0x0801654c      0x21c ./output/radio.o
                0x0801654c                RadioIrqProcess
 .text.RadioSymbTime
                0x08016768       0x2c ./output/radio.o
                0x08016768                RadioSymbTime
 *fill*         0x08016794        0x4 
 .text.RadioSetRxConfig
                0x08016798      0x21c ./output/radio.o
                0x08016798                RadioSetRxConfig
 .text.RadioIsChannelFree
                0x080169b4       0x88 ./output/radio.o
                0x080169b4                RadioIsChannelFree
 *fill*         0x08016a3c        0x4 
 .text.RadioSetTxConfig
                0x08016a40      0x190 ./output/radio.o
                0x08016a40                RadioSetTxConfig
 .text.RadioTimeOnAir
                0x08016bd0      0x180 ./output/radio.o
                0x08016bd0                RadioTimeOnAir
 .text.RadioOnDioIrq
                0x08016d50       0x24 ./output/radio.o
                0x08016d50                RadioOnDioIrq
 .text.get_rssi
                0x08016d74        0xc ./output/radio.o
                0x08016d74                get_rssi
 .text.SX126xGetOperatingMode
                0x08016d80        0xc ./output/sx126x.o
                0x08016d80                SX126xGetOperatingMode
 .text.SX126xSetOperatingMode
                0x08016d8c        0xc ./output/sx126x.o
                0x08016d8c                SX126xSetOperatingMode
 .text.SX126xCheckDeviceReady
                0x08016d98       0x64 ./output/sx126x.o
                0x08016d98                SX126xCheckDeviceReady
 .text.SX126xSetPayload
                0x08016dfc        0xa ./output/sx126x.o
                0x08016dfc                SX126xSetPayload
 .text.SX126xSetSyncWord
                0x08016e06       0x12 ./output/sx126x.o
                0x08016e06                SX126xSetSyncWord
 .text.SX126xSetCrcSeed
                0x08016e18       0x28 ./output/sx126x.o
                0x08016e18                SX126xSetCrcSeed
 .text.SX126xSetCrcPolynomial
                0x08016e40       0x28 ./output/sx126x.o
                0x08016e40                SX126xSetCrcPolynomial
 .text.SX126xSetWhiteningSeed
                0x08016e68       0x38 ./output/sx126x.o
                0x08016e68                SX126xSetWhiteningSeed
 .text.SX126xSetSleep
                0x08016ea0       0x24 ./output/sx126x.o
                0x08016ea0                SX126xSetSleep
 .text.SX126xSetStandby
                0x08016ec4       0x2c ./output/sx126x.o
                0x08016ec4                SX126xSetStandby
 .text.SX126xSetTx
                0x08016ef0       0x2c ./output/sx126x.o
                0x08016ef0                SX126xSetTx
 .text.SX126xSendPayload
                0x08016f1c       0x12 ./output/sx126x.o
                0x08016f1c                SX126xSendPayload
 *fill*         0x08016f2e        0x2 
 .text.SX126xSetRx
                0x08016f30       0x2c ./output/sx126x.o
                0x08016f30                SX126xSetRx
 .text.SX126xSetRxBoosted
                0x08016f5c       0x38 ./output/sx126x.o
                0x08016f5c                SX126xSetRxBoosted
 .text.SX126xSetRxDutyCycle
                0x08016f94       0x3c ./output/sx126x.o
                0x08016f94                SX126xSetRxDutyCycle
 .text.SX126xSetCad
                0x08016fd0       0x18 ./output/sx126x.o
                0x08016fd0                SX126xSetCad
 .text.SX126xSetTxContinuousWave
                0x08016fe8       0x14 ./output/sx126x.o
                0x08016fe8                SX126xSetTxContinuousWave
 .text.SX126xSetStopRxTimerOnPreambleDetect
                0x08016ffc       0x16 ./output/sx126x.o
                0x08016ffc                SX126xSetStopRxTimerOnPreambleDetect
 .text.SX126xSetLoRaSymbNumTimeout
                0x08017012       0x16 ./output/sx126x.o
                0x08017012                SX126xSetLoRaSymbNumTimeout
 .text.SX126xSetRegulatorMode
                0x08017028       0x16 ./output/sx126x.o
                0x08017028                SX126xSetRegulatorMode
 .text.SX126xCalibrate
                0x0801703e       0x16 ./output/sx126x.o
                0x0801703e                SX126xCalibrate
 .text.SX126xCalibrateImage
                0x08017054       0x78 ./output/sx126x.o
                0x08017054                SX126xCalibrateImage
 .text.SX126xSetPaConfig
                0x080170cc       0x24 ./output/sx126x.o
                0x080170cc                SX126xSetPaConfig
 .text.SX126xSetDioIrqParams
                0x080170f0       0x38 ./output/sx126x.o
                0x080170f0                SX126xSetDioIrqParams
 .text.SX126xGetIrqStatus
                0x08017128       0x1e ./output/sx126x.o
                0x08017128                SX126xGetIrqStatus
 .text.SX126xSetDio2AsRfSwitchCtrl
                0x08017146       0x16 ./output/sx126x.o
                0x08017146                SX126xSetDio2AsRfSwitchCtrl
 .text.SX126xSetDio3AsTcxoCtrl
                0x0801715c       0x2c ./output/sx126x.o
                0x0801715c                SX126xSetDio3AsTcxoCtrl
 .text.SX126xInit
                0x08017188       0x3c ./output/sx126x.o
                0x08017188                SX126xInit
 *fill*         0x080171c4        0x4 
 .text.SX126xSetRfFrequency
                0x080171c8       0x5c ./output/sx126x.o
                0x080171c8                SX126xSetRfFrequency
 .text.SX126xSetPacketType
                0x08017224       0x20 ./output/sx126x.o
                0x08017224                SX126xSetPacketType
 .text.SX126xGetPacketType
                0x08017244        0xc ./output/sx126x.o
                0x08017244                SX126xGetPacketType
 .text.SX126xSetTxParams
                0x08017250       0xc4 ./output/sx126x.o
                0x08017250                SX126xSetTxParams
 *fill*         0x08017314        0x4 
 .text.SX126xSetModulationParams
                0x08017318       0xc8 ./output/sx126x.o
                0x08017318                SX126xSetModulationParams
 .text.SX126xSetPacketParams
                0x080173e0       0xc4 ./output/sx126x.o
                0x080173e0                SX126xSetPacketParams
 .text.SX126xSetCadParams
                0x080174a4       0x3c ./output/sx126x.o
                0x080174a4                SX126xSetCadParams
 .text.SX126xSetBufferBaseAddress
                0x080174e0       0x1a ./output/sx126x.o
                0x080174e0                SX126xSetBufferBaseAddress
 .text.SX126xGetRssiInst
                0x080174fa       0x1a ./output/sx126x.o
                0x080174fa                SX126xGetRssiInst
 .text.SX126xGetRxBufferStatus
                0x08017514       0x48 ./output/sx126x.o
                0x08017514                SX126xGetRxBufferStatus
 .text.SX126xGetPayload
                0x0801755c       0x30 ./output/sx126x.o
                0x0801755c                SX126xGetPayload
 .text.SX126xGetPacketStatus
                0x0801758c       0x7c ./output/sx126x.o
                0x0801758c                SX126xGetPacketStatus
 .text.SX126xClearIrqStatus
                0x08017608       0x1c ./output/sx126x.o
                0x08017608                SX126xClearIrqStatus
 .text.DelayMs  0x08017624        0x4 ./output/delay.o
                0x08017624                DelayMs
 .text.CalendarDiv60
                0x08017628       0x2e ./output/timer.o
 *fill*         0x08017656        0x2 
 .text.TimeStampsUpdate
                0x08017658       0x2c ./output/timer.o
 .text.TimerInsertNewHeadTimer
                0x08017684       0x1c ./output/timer.o
 .text.SysTimeAdd
                0x080176a0       0x3c ./output/timer.o
                0x080176a0                SysTimeAdd
 .text.SysTimeSub
                0x080176dc       0x3c ./output/timer.o
                0x080176dc                SysTimeSub
 .text.SysTimeSet
                0x08017718       0x78 ./output/timer.o
                0x08017718                SysTimeSet
 .text.SysTimeGet
                0x08017790       0x84 ./output/timer.o
                0x08017790                SysTimeGet
 .text.SysTimeLocalTime
                0x08017814       0xcc ./output/timer.o
                0x08017814                SysTimeLocalTime
 .text.TimerInit
                0x080178e0        0xe ./output/timer.o
                0x080178e0                TimerInit
 *fill*         0x080178ee        0x2 
 .text.TimerStart
                0x080178f0       0x78 ./output/timer.o
                0x080178f0                TimerStart
 .text.TimerIrqHandler
                0x08017968       0x70 ./output/timer.o
                0x08017968                TimerIrqHandler
 .text.TimerStop
                0x080179d8       0x5c ./output/timer.o
                0x080179d8                TimerStop
 .text.TimerSetValue
                0x08017a34       0x10 ./output/timer.o
                0x08017a34                TimerSetValue
 .text.TimerGetCurrentTime
                0x08017a44        0x4 ./output/timer.o
                0x08017a44                TimerGetCurrentTime
 .text.TimerGetElapsedTime
                0x08017a48       0x12 ./output/timer.o
                0x08017a48                TimerGetElapsedTime
 .text.xor_block
                0x08017a5a       0x82 ./output/aes.o
 .text.copy_and_key
                0x08017adc       0x84 ./output/aes.o
 .text.aes_set_key
                0x08017b60       0xfc ./output/aes.o
                0x08017b60                aes_set_key
 .text.aes_encrypt
                0x08017c5c      0x2f4 ./output/aes.o
                0x08017c5c                aes_encrypt
 .text.AES_CMAC_Init
                0x08017f50       0x20 ./output/cmac.o
                0x08017f50                AES_CMAC_Init
 .text.AES_CMAC_SetKey
                0x08017f70        0xc ./output/cmac.o
                0x08017f70                AES_CMAC_SetKey
 .text.AES_CMAC_Update
                0x08017f7c       0xbe ./output/cmac.o
                0x08017f7c                AES_CMAC_Update
 .text.AES_CMAC_Final
                0x0801803a      0x14a ./output/cmac.o
                0x0801803a                AES_CMAC_Final
 .text.RegionIsActive
                0x08018184        0x8 ./output/region.o
                0x08018184                RegionIsActive
 .text.RegionGetPhyParam
                0x0801818c       0x12 ./output/region.o
                0x0801818c                RegionGetPhyParam
 .text.RegionSetBandTxDone
                0x0801819e        0xc ./output/region.o
                0x0801819e                RegionSetBandTxDone
 .text.RegionInitDefaults
                0x080181aa        0xc ./output/region.o
                0x080181aa                RegionInitDefaults
 .text.RegionVerify
                0x080181b6       0x12 ./output/region.o
                0x080181b6                RegionVerify
 .text.RegionApplyCFList
                0x080181c8        0xc ./output/region.o
                0x080181c8                RegionApplyCFList
 .text.RegionChanMaskSet
                0x080181d4        0xe ./output/region.o
                0x080181d4                RegionChanMaskSet
 .text.RegionAdrNext
                0x080181e2       0x20 ./output/region.o
                0x080181e2                RegionAdrNext
 .text.RegionComputeRxWindowParameters
                0x08018202       0x1e ./output/region.o
                0x08018202                RegionComputeRxWindowParameters
 .text.RegionRxConfig
                0x08018220       0x12 ./output/region.o
                0x08018220                RegionRxConfig
 .text.RegionTxConfig
                0x08018232       0x1e ./output/region.o
                0x08018232                RegionTxConfig
 .text.RegionLinkAdrReq
                0x08018250       0x20 ./output/region.o
                0x08018250                RegionLinkAdrReq
 .text.RegionRxParamSetupReq
                0x08018270        0xe ./output/region.o
                0x08018270                RegionRxParamSetupReq
 .text.RegionNewChannelReq
                0x0801827e        0xe ./output/region.o
                0x0801827e                RegionNewChannelReq
 .text.RegionTxParamSetupReq
                0x0801828c        0xe ./output/region.o
                0x0801828c                RegionTxParamSetupReq
 .text.RegionDlChannelReq
                0x0801829a        0xe ./output/region.o
                0x0801829a                RegionDlChannelReq
 .text.RegionAlternateDr
                0x080182a8        0xe ./output/region.o
                0x080182a8                RegionAlternateDr
 .text.RegionCalcBackOff
                0x080182b6        0xc ./output/region.o
                0x080182b6                RegionCalcBackOff
 .text.RegionNextChannel
                0x080182c2       0x20 ./output/region.o
                0x080182c2                RegionNextChannel
 .text.RegionSetContinuousWave
                0x080182e2        0xc ./output/region.o
                0x080182e2                RegionSetContinuousWave
 .text.RegionApplyDrOffset
                0x080182ee       0x1e ./output/region.o
                0x080182ee                RegionApplyDrOffset
 .text.RegionCommonChanVerifyDr
                0x0801830c       0x62 ./output/regioncommon.o
                0x0801830c                RegionCommonChanVerifyDr
 .text.RegionCommonValueInRange
                0x0801836e       0x12 ./output/regioncommon.o
                0x0801836e                RegionCommonValueInRange
 .text.RegionCommonChanDisable
                0x08018380       0x2e ./output/regioncommon.o
                0x08018380                RegionCommonChanDisable
 .text.RegionCommonCountChannels
                0x080183ae       0x3a ./output/regioncommon.o
                0x080183ae                RegionCommonCountChannels
 .text.RegionCommonChanMaskCopy
                0x080183e8       0x1c ./output/regioncommon.o
                0x080183e8                RegionCommonChanMaskCopy
 .text.RegionCommonSetBandTxDone
                0x08018404        0xe ./output/regioncommon.o
                0x08018404                RegionCommonSetBandTxDone
 .text.RegionCommonUpdateBandTimeOff
                0x08018412      0x100 ./output/regioncommon.o
                0x08018412                RegionCommonUpdateBandTimeOff
 .text.RegionCommonParseLinkAdrReq
                0x08018512       0x34 ./output/regioncommon.o
                0x08018512                RegionCommonParseLinkAdrReq
 .text.RegionCommonLinkAdrReqVerifyParams
                0x08018546       0x8e ./output/regioncommon.o
                0x08018546                RegionCommonLinkAdrReqVerifyParams
 .text.RegionCommonComputeSymbolTimeLoRa
                0x080185d4       0x34 ./output/regioncommon.o
                0x080185d4                RegionCommonComputeSymbolTimeLoRa
 .text.RegionCommonComputeSymbolTimeFsk
                0x08018608       0x18 ./output/regioncommon.o
                0x08018608                RegionCommonComputeSymbolTimeFsk
 .text.RegionCommonComputeRxWindowParameters
                0x08018620       0xac ./output/regioncommon.o
                0x08018620                RegionCommonComputeRxWindowParameters
 .text.RegionCommonComputeTxPower
                0x080186cc       0x7e ./output/regioncommon.o
                0x080186cc                RegionCommonComputeTxPower
 .text.RegionCommonCalcBackOff
                0x0801874a       0x78 ./output/regioncommon.o
                0x0801874a                RegionCommonCalcBackOff
 *fill*         0x080187c2        0x2 
 .text.VerifyTxFreq
                0x080187c4       0x9c ./output/regioneu868.o
 .text.RegionEU868GetPhyParam
                0x08018860       0xc4 ./output/regioneu868.o
                0x08018860                RegionEU868GetPhyParam
 .text.RegionEU868SetBandTxDone
                0x08018924       0x2c ./output/regioneu868.o
                0x08018924                RegionEU868SetBandTxDone
 .text.RegionEU868InitDefaults
                0x08018950       0xa0 ./output/regioneu868.o
                0x08018950                RegionEU868InitDefaults
 .text.RegionEU868Verify
                0x080189f0       0x4e ./output/regioneu868.o
                0x080189f0                RegionEU868Verify
 *fill*         0x08018a3e        0x2 
 .text.RegionEU868ChanMaskSet
                0x08018a40       0x2c ./output/regioneu868.o
                0x08018a40                RegionEU868ChanMaskSet
 .text.RegionEU868AdrNext
                0x08018a6c       0x7c ./output/regioneu868.o
                0x08018a6c                RegionEU868AdrNext
 .text.RegionEU868ComputeRxWindowParameters
                0x08018ae8       0x84 ./output/regioneu868.o
                0x08018ae8                RegionEU868ComputeRxWindowParameters
 .text.RegionEU868RxConfig
                0x08018b6c      0x160 ./output/regioneu868.o
                0x08018b6c                RegionEU868RxConfig
 .text.RegionEU868TxConfig
                0x08018ccc      0x188 ./output/regioneu868.o
                0x08018ccc                RegionEU868TxConfig
 .text.RegionEU868LinkAdrReq
                0x08018e54      0x168 ./output/regioneu868.o
                0x08018e54                RegionEU868LinkAdrReq
 .text.RegionEU868RxParamSetupReq
                0x08018fbc       0x44 ./output/regioneu868.o
                0x08018fbc                RegionEU868RxParamSetupReq
 .text.RegionEU868TxParamSetupReq
                0x08019000        0x6 ./output/regioneu868.o
                0x08019000                RegionEU868TxParamSetupReq
 *fill*         0x08019006        0x2 
 .text.RegionEU868DlChannelReq
                0x08019008       0x40 ./output/regioneu868.o
                0x08019008                RegionEU868DlChannelReq
 .text.RegionEU868AlternateDr
                0x08019048       0x2c ./output/regioneu868.o
                0x08019048                RegionEU868AlternateDr
 .text.RegionEU868CalcBackOff
                0x08019074       0x48 ./output/regioneu868.o
                0x08019074                RegionEU868CalcBackOff
 .text.RegionEU868NextChannel
                0x080190bc      0x150 ./output/regioneu868.o
                0x080190bc                RegionEU868NextChannel
 .text.RegionEU868ChannelAdd
                0x0801920c       0xac ./output/regioneu868.o
                0x0801920c                RegionEU868ChannelAdd
 .text.RegionEU868ChannelsRemove
                0x080192b8       0x30 ./output/regioneu868.o
                0x080192b8                RegionEU868ChannelsRemove
 .text.RegionEU868ApplyCFList
                0x080192e8       0x7c ./output/regioneu868.o
                0x080192e8                RegionEU868ApplyCFList
 .text.RegionEU868NewChannelReq
                0x08019364       0x4e ./output/regioneu868.o
                0x08019364                RegionEU868NewChannelReq
 *fill*         0x080193b2        0x2 
 .text.RegionEU868SetContinuousWave
                0x080193b4       0x4c ./output/regioneu868.o
                0x080193b4                RegionEU868SetContinuousWave
 .text.RegionEU868ApplyDrOffset
                0x08019400        0xc ./output/regioneu868.o
                0x08019400                RegionEU868ApplyDrOffset
 .text.ResetMacParameters
                0x0801940c       0x88 ./output/loramac.o
 .text.ValidatePayloadLength
                0x08019494       0x54 ./output/loramac.o
 .text.OnAckTimeoutTimerEvent
                0x080194e8       0x3c ./output/loramac.o
 .text.PrepareRxDoneAbort
                0x08019524       0x40 ./output/loramac.o
 .text.RxWindowSetup
                0x08019564       0x18 ./output/loramac.o
 .text.OnRxWindow1TimerEvent
                0x0801957c       0x98 ./output/loramac.o
 .text.OnRxWindow2TimerEvent
                0x08019614       0x90 ./output/loramac.o
 .text.OnRadioTxTimeout
                0x080196a4       0x3c ./output/loramac.o
 .text.OnRadioTxDone
                0x080196e0      0x128 ./output/loramac.o
 .text.OnRadioRxTimeout
                0x08019808       0x74 ./output/loramac.o
 .text.OnRadioRxError
                0x0801987c       0x6c ./output/loramac.o
 .text.ProcessMacCommands
                0x080198e8      0x61c ./output/loramac.o
 .text.OnRadioRxDone
                0x08019f04      0x550 ./output/loramac.o
 .text.printf_joinmessage
                0x0801a454       0xa0 ./output/loramac.o
                0x0801a454                printf_joinmessage
 .text.PrepareFrame
                0x0801a4f4      0x39c ./output/loramac.o
                0x0801a4f4                PrepareFrame
 .text.SendFrameOnChannel
                0x0801a890       0xf0 ./output/loramac.o
                0x0801a890                SendFrameOnChannel
 .text.ScheduleTx
                0x0801a980      0x1f4 ./output/loramac.o
 .text.Send     0x0801ab74       0x40 ./output/loramac.o
                0x0801ab74                Send
 .text.OnTxDelayedTimerEvent
                0x0801abb4       0x7c ./output/loramac.o
 .text.OnMacStateCheckTimerEvent
                0x0801ac30      0x420 ./output/loramac.o
 .text.SetTxContinuousWave
                0x0801b050       0x60 ./output/loramac.o
                0x0801b050                SetTxContinuousWave
 .text.SetTxContinuousWave1
                0x0801b0b0       0x3c ./output/loramac.o
                0x0801b0b0                SetTxContinuousWave1
 .text.LoRaMacInitialization
                0x0801b0ec      0x2ac ./output/loramac.o
                0x0801b0ec                LoRaMacInitialization
 .text.LoRaMacQueryTxPossible
                0x0801b398       0xf8 ./output/loramac.o
                0x0801b398                LoRaMacQueryTxPossible
 .text.LoRaMacMibGetRequestConfirm
                0x0801b490      0x12c ./output/loramac.o
                0x0801b490                LoRaMacMibGetRequestConfirm
 .text.LoRaMacMibSetRequestConfirm
                0x0801b5bc      0x2f0 ./output/loramac.o
                0x0801b5bc                LoRaMacMibSetRequestConfirm
 .text.LoRaMacMlmeRequest
                0x0801b8ac      0x1b8 ./output/loramac.o
                0x0801b8ac                LoRaMacMlmeRequest
 .text.LoRaMacMcpsRequest
                0x0801ba64      0x13c ./output/loramac.o
                0x0801ba64                LoRaMacMcpsRequest
 .text.LoRaMacTestSetDutyCycleOn
                0x0801bba0       0x24 ./output/loramac.o
                0x0801bba0                LoRaMacTestSetDutyCycleOn
 .text.LoRaMacComputeMic
                0x0801bbc4       0x74 ./output/loramaccrypto.o
                0x0801bbc4                LoRaMacComputeMic
 .text.LoRaMacPayloadEncrypt
                0x0801bc38      0x110 ./output/loramaccrypto.o
                0x0801bc38                LoRaMacPayloadEncrypt
 .text.LoRaMacPayloadDecrypt
                0x0801bd48        0xe ./output/loramaccrypto.o
                0x0801bd48                LoRaMacPayloadDecrypt
 *fill*         0x0801bd56        0x2 
 .text.LoRaMacJoinComputeMic
                0x0801bd58       0x40 ./output/loramaccrypto.o
                0x0801bd58                LoRaMacJoinComputeMic
 .text.LoRaMacJoinDecrypt
                0x0801bd98       0x44 ./output/loramaccrypto.o
                0x0801bd98                LoRaMacJoinDecrypt
 .text.LoRaMacJoinComputeSKeys
                0x0801bddc       0x94 ./output/loramaccrypto.o
                0x0801bddc                LoRaMacJoinComputeSKeys
 .text.OnCertifTxNextPacketTimerEvent
                0x0801be70       0xb4 ./output/lora-test.o
 .text.certif_running
                0x0801bf24        0xc ./output/lora-test.o
                0x0801bf24                certif_running
 .text.certif_DownLinkIncrement
                0x0801bf30       0x14 ./output/lora-test.o
                0x0801bf30                certif_DownLinkIncrement
 .text.certif_linkCheck
                0x0801bf44       0x1c ./output/lora-test.o
                0x0801bf44                certif_linkCheck
 .text.certif_rx
                0x0801bf60      0x1cc ./output/lora-test.o
                0x0801bf60                certif_rx
 .text.__libc_init_array
                0x0801c12c       0x50 d:/keil_v5/arm/gcc-arm-none-eabi-5_4-2016q3-20160926-win32/bin/../lib/gcc/arm-none-eabi/5.4.1/../../../../arm-none-eabi/lib/armv7e-m\libc.a(lib_a-init.o)
                0x0801c12c                __libc_init_array
 .text.memset   0x0801c17c       0x9c d:/keil_v5/arm/gcc-arm-none-eabi-5_4-2016q3-20160926-win32/bin/../lib/gcc/arm-none-eabi/5.4.1/../../../../arm-none-eabi/lib/armv7e-m\libc.a(lib_a-memset.o)
                0x0801c17c                memset
 .text.strncmp  0x0801c218       0xa0 d:/keil_v5/arm/gcc-arm-none-eabi-5_4-2016q3-20160926-win32/bin/../lib/gcc/arm-none-eabi/5.4.1/../../../../arm-none-eabi/lib/armv7e-m\libc.a(lib_a-strncmp.o)
                0x0801c218                strncmp
 .text.strtok   0x0801c2b8       0x10 d:/keil_v5/arm/gcc-arm-none-eabi-5_4-2016q3-20160926-win32/bin/../lib/gcc/arm-none-eabi/5.4.1/../../../../arm-none-eabi/lib/armv7e-m\libc.a(lib_a-strtok.o)
                0x0801c2b8                strtok
 .text.__strtok_r
                0x0801c2c8       0x64 d:/keil_v5/arm/gcc-arm-none-eabi-5_4-2016q3-20160926-win32/bin/../lib/gcc/arm-none-eabi/5.4.1/../../../../arm-none-eabi/lib/armv7e-m\libc.a(lib_a-strtok_r.o)
                0x0801c2c8                __strtok_r
 .text._strtol_l.isra.0
                0x0801c32c      0x138 d:/keil_v5/arm/gcc-arm-none-eabi-5_4-2016q3-20160926-win32/bin/../lib/gcc/arm-none-eabi/5.4.1/../../../../arm-none-eabi/lib/armv7e-m\libc.a(lib_a-strtol.o)
 .text.strtol   0x0801c464       0x2c d:/keil_v5/arm/gcc-arm-none-eabi-5_4-2016q3-20160926-win32/bin/../lib/gcc/arm-none-eabi/5.4.1/../../../../arm-none-eabi/lib/armv7e-m\libc.a(lib_a-strtol.o)
                0x0801c464                strtol
 .text._strtoul_l.isra.0
                0x0801c490      0x168 d:/keil_v5/arm/gcc-arm-none-eabi-5_4-2016q3-20160926-win32/bin/../lib/gcc/arm-none-eabi/5.4.1/../../../../arm-none-eabi/lib/armv7e-m\libc.a(lib_a-strtoul.o)
 .text.strtoul  0x0801c5f8       0x2c d:/keil_v5/arm/gcc-arm-none-eabi-5_4-2016q3-20160926-win32/bin/../lib/gcc/arm-none-eabi/5.4.1/../../../../arm-none-eabi/lib/armv7e-m\libc.a(lib_a-strtoul.o)
                0x0801c5f8                strtoul
 .text.startup.register_fini
                0x0801c624       0x14 d:/keil_v5/arm/gcc-arm-none-eabi-5_4-2016q3-20160926-win32/bin/../lib/gcc/arm-none-eabi/5.4.1/../../../../arm-none-eabi/lib/armv7e-m\libc.a(lib_a-__call_atexit.o)
 .text.atexit   0x0801c638        0xc d:/keil_v5/arm/gcc-arm-none-eabi-5_4-2016q3-20160926-win32/bin/../lib/gcc/arm-none-eabi/5.4.1/../../../../arm-none-eabi/lib/armv7e-m\libc.a(lib_a-atexit.o)
                0x0801c638                atexit
 .text.__libc_fini_array
                0x0801c644       0x28 d:/keil_v5/arm/gcc-arm-none-eabi-5_4-2016q3-20160926-win32/bin/../lib/gcc/arm-none-eabi/5.4.1/../../../../arm-none-eabi/lib/armv7e-m\libc.a(lib_a-fini.o)
                0x0801c644                __libc_fini_array
 .text.__locale_ctype_ptr_l
                0x0801c66c        0x8 d:/keil_v5/arm/gcc-arm-none-eabi-5_4-2016q3-20160926-win32/bin/../lib/gcc/arm-none-eabi/5.4.1/../../../../arm-none-eabi/lib/armv7e-m\libc.a(lib_a-locale.o)
                0x0801c66c                __locale_ctype_ptr_l
 .text.__ascii_mbtowc
                0x0801c674       0x2c d:/keil_v5/arm/gcc-arm-none-eabi-5_4-2016q3-20160926-win32/bin/../lib/gcc/arm-none-eabi/5.4.1/../../../../arm-none-eabi/lib/armv7e-m\libc.a(lib_a-mbtowc_r.o)
                0x0801c674                __ascii_mbtowc
 .text.__ascii_wctomb
                0x0801c6a0       0x1c d:/keil_v5/arm/gcc-arm-none-eabi-5_4-2016q3-20160926-win32/bin/../lib/gcc/arm-none-eabi/5.4.1/../../../../arm-none-eabi/lib/armv7e-m\libc.a(lib_a-wctomb_r.o)
                0x0801c6a0                __ascii_wctomb
 .text.__register_exitproc
                0x0801c6bc       0xa4 d:/keil_v5/arm/gcc-arm-none-eabi-5_4-2016q3-20160926-win32/bin/../lib/gcc/arm-none-eabi/5.4.1/../../../../arm-none-eabi/lib/armv7e-m\libc.a(lib_a-__atexit.o)
                0x0801c6bc                __register_exitproc
 .text.ceil     0x0801c760      0x110 d:/keil_v5/arm/gcc-arm-none-eabi-5_4-2016q3-20160926-win32/bin/../lib/gcc/arm-none-eabi/5.4.1/../../../../arm-none-eabi/lib/armv7e-m\libm.a(lib_a-s_ceil.o)
                0x0801c760                ceil
 .text.floor    0x0801c870      0x110 d:/keil_v5/arm/gcc-arm-none-eabi-5_4-2016q3-20160926-win32/bin/../lib/gcc/arm-none-eabi/5.4.1/../../../../arm-none-eabi/lib/armv7e-m\libm.a(lib_a-s_floor.o)
                0x0801c870                floor
 .text.rint     0x0801c980      0x118 d:/keil_v5/arm/gcc-arm-none-eabi-5_4-2016q3-20160926-win32/bin/../lib/gcc/arm-none-eabi/5.4.1/../../../../arm-none-eabi/lib/armv7e-m\libm.a(lib_a-s_rint.o)
                0x0801c980                rint
 .text.round    0x0801ca98       0xa0 d:/keil_v5/arm/gcc-arm-none-eabi-5_4-2016q3-20160926-win32/bin/../lib/gcc/arm-none-eabi/5.4.1/../../../../arm-none-eabi/lib/armv7e-m\libm.a(lib_a-s_round.o)
                0x0801ca98                round
 *(.glue_7)
 .glue_7        0x0801cb38        0x0 linker stubs
 *(.glue_7t)
 .glue_7t       0x0801cb38        0x0 linker stubs
 *(.eh_frame)
 .eh_frame      0x0801cb38        0x0 d:/keil_v5/arm/gcc-arm-none-eabi-5_4-2016q3-20160926-win32/bin/../lib/gcc/arm-none-eabi/5.4.1/armv7e-m/crtbegin.o
 *(.init)
 .init          0x0801cb38        0x4 d:/keil_v5/arm/gcc-arm-none-eabi-5_4-2016q3-20160926-win32/bin/../lib/gcc/arm-none-eabi/5.4.1/armv7e-m/crti.o
                0x0801cb38                _init
 .init          0x0801cb3c        0x8 d:/keil_v5/arm/gcc-arm-none-eabi-5_4-2016q3-20160926-win32/bin/../lib/gcc/arm-none-eabi/5.4.1/armv7e-m/crtn.o
 *(.fini)
 .fini          0x0801cb44        0x4 d:/keil_v5/arm/gcc-arm-none-eabi-5_4-2016q3-20160926-win32/bin/../lib/gcc/arm-none-eabi/5.4.1/armv7e-m/crti.o
                0x0801cb44                _fini
 .fini          0x0801cb48        0x8 d:/keil_v5/arm/gcc-arm-none-eabi-5_4-2016q3-20160926-win32/bin/../lib/gcc/arm-none-eabi/5.4.1/armv7e-m/crtn.o
                0x0801cb50                . = ALIGN (0x4)
                0x0801cb50                _etext = .

.vfp11_veneer   0x0801cb50        0x0
 .vfp11_veneer  0x0801cb50        0x0 linker stubs

.v4_bx          0x0801cb50        0x0
 .v4_bx         0x0801cb50        0x0 linker stubs

.iplt           0x0801cb50        0x0
 .iplt          0x0801cb50        0x0 d:/keil_v5/arm/gcc-arm-none-eabi-5_4-2016q3-20160926-win32/bin/../lib/gcc/arm-none-eabi/5.4.1/armv7e-m/crtbegin.o

.rodata         0x0801cb50     0x1b50
                0x0801cb50                . = ALIGN (0x4)
 *(.rodata)
 .rodata        0x0801cb50       0x50 ./output/printf-stdarg.o
 .rodata        0x0801cba0      0x1b8 ./output/command.o
 .rodata        0x0801cd58       0x18 ./output/rtc-board.o
 .rodata        0x0801cd70      0x194 ./output/radio.o
                0x0801cd74                FskBandwidths
                0x0801ce88                Bandwidths
                0x0801ce94                Radio
 .rodata        0x0801cf04      0x300 ./output/aes.o
 .rodata        0x0801d204       0x5c ./output/regioneu868.o
 .rodata        0x0801d260       0x10 ./output/loramac.o
 *(.rodata*)
 .rodata.str1.1
                0x0801d270       0x19 ./output/printf-stdarg.o
 .rodata.str1.1
                0x0801d289      0x1ea ./output/main.o
                                0x1ed (size before relaxing)
 .rodata.str1.1
                0x0801d473       0x3b ./output/tremo_it.o
 .rodata.str1.1
                0x0801d4ae      0x15b ./output/lora_app.o
                                0x171 (size before relaxing)
 .rodata.str1.1
                0x0801d609      0xd53 ./output/command.o
                                0xda8 (size before relaxing)
 .rodata.str1.1
                0x0801e35c       0x3e ./output/radio.o
 .rodata.str1.1
                0x0801e39a       0x1c ./output/timer.o
 .rodata.str1.1
                0x0801e3b6       0x78 ./output/regioneu868.o
                                 0x7e (size before relaxing)
 .rodata.str1.1
                0x0801e42e      0x13f ./output/loramac.o
                                0x142 (size before relaxing)
 *fill*         0x0801e56d        0x3 
 .rodata._global_impure_ptr
                0x0801e570        0x4 d:/keil_v5/arm/gcc-arm-none-eabi-5_4-2016q3-20160926-win32/bin/../lib/gcc/arm-none-eabi/5.4.1/../../../../arm-none-eabi/lib/armv7e-m\libc.a(lib_a-impure.o)
                0x0801e570                _global_impure_ptr
 .rodata.str1.4
                0x0801e574       0x14 d:/keil_v5/arm/gcc-arm-none-eabi-5_4-2016q3-20160926-win32/bin/../lib/gcc/arm-none-eabi/5.4.1/../../../../arm-none-eabi/lib/armv7e-m\libc.a(lib_a-locale.o)
                                 0x12 (size before relaxing)
 .rodata._ctype_
                0x0801e588      0x101 d:/keil_v5/arm/gcc-arm-none-eabi-5_4-2016q3-20160926-win32/bin/../lib/gcc/arm-none-eabi/5.4.1/../../../../arm-none-eabi/lib/armv7e-m\libc.a(lib_a-ctype_.o)
                0x0801e588                _ctype_
 *fill*         0x0801e689        0x7 
 .rodata.TWO52  0x0801e690       0x10 d:/keil_v5/arm/gcc-arm-none-eabi-5_4-2016q3-20160926-win32/bin/../lib/gcc/arm-none-eabi/5.4.1/../../../../arm-none-eabi/lib/armv7e-m\libm.a(lib_a-s_rint.o)
                0x0801e6a0                . = ALIGN (0x4)

.ARM.extab
 *(.ARM.extab* .gnu.linkonce.armextab.*)

.ARM            0x0801e6a0        0x8
                0x0801e6a0                __exidx_start = .
 *(.ARM.exidx*)
 .ARM.exidx     0x0801e6a0        0x8 d:/keil_v5/arm/gcc-arm-none-eabi-5_4-2016q3-20160926-win32/bin/../lib/gcc/arm-none-eabi/5.4.1/armv7e-m\libgcc.a(_udivmoddi4.o)
                0x0801e6a8                __exidx_end = .

.rel.dyn        0x0801e6a8        0x0
 .rel.iplt      0x0801e6a8        0x0 d:/keil_v5/arm/gcc-arm-none-eabi-5_4-2016q3-20160926-win32/bin/../lib/gcc/arm-none-eabi/5.4.1/armv7e-m/crtbegin.o

.preinit_array  0x0801e6a8        0x0
                0x0801e6a8                PROVIDE (__preinit_array_start, .)
 *(.preinit_array*)
                0x0801e6a8                PROVIDE (__preinit_array_end, .)

.init_array     0x0801e6a8        0x8
                0x0801e6a8                PROVIDE (__init_array_start, .)
 *(SORT(.init_array.*))
 .init_array.00000
                0x0801e6a8        0x4 d:/keil_v5/arm/gcc-arm-none-eabi-5_4-2016q3-20160926-win32/bin/../lib/gcc/arm-none-eabi/5.4.1/../../../../arm-none-eabi/lib/armv7e-m\libc.a(lib_a-__call_atexit.o)
 *(.init_array*)
 .init_array    0x0801e6ac        0x4 d:/keil_v5/arm/gcc-arm-none-eabi-5_4-2016q3-20160926-win32/bin/../lib/gcc/arm-none-eabi/5.4.1/armv7e-m/crtbegin.o
                0x0801e6b0                PROVIDE (__init_array_end, .)

.fini_array     0x0801e6b0        0x4
                0x0801e6b0                PROVIDE (__fini_array_start, .)
 *(SORT(.fini_array.*))
 *(.fini_array*)
 .fini_array    0x0801e6b0        0x4 d:/keil_v5/arm/gcc-arm-none-eabi-5_4-2016q3-20160926-win32/bin/../lib/gcc/arm-none-eabi/5.4.1/armv7e-m/crtbegin.o
                0x0801e6b4                PROVIDE (__fini_array_end, .)
                0x0801e6b4                _sidata = LOADADDR (.data)

.data           0x20000000      0x778 load address 0x0801e6b4
                0x20000000                . = ALIGN (0x4)
                0x20000000                _sdata = .
 *(.data)
 .data          0x20000000       0x48 ./output/main.o
                0x20000000                UTC_Request
                0x20000001                g_log_level
                0x2000000c                payload_upload_correct
                0x2000000e                payload_upload_device_not_register_error
                0x20000010                REJOIN_TX_DUTYCYCLE
                0x20000038                read_deui_cfg
                0x20000042                payload_upload_error
                0x20000044                payload_upload_button_checked
                0x20000046                payload_upload_button_unchecked
 .data          0x20000048       0x5c ./output/lora_app.o
                0x200000a0                band_string
 .data          0x200000a4        0x4 ./output/utilities.o
 .data          0x200000a8        0x1 ./output/radio.o
                0x200000a8                MaxPayloadLength
 *fill*         0x200000a9        0x3 
 .data          0x200000ac       0x4c ./output/timer.o
                0x200000dc                WeekDayString
 .data          0x200000f8       0xc0 ./output/regioneu868.o
 .data          0x200001b8        0x4 ./output/loramac.o
                0x200001bb                printf_channel_mask_onece
 .data          0x200001bc       0x20 ./output/loramaccrypto.o
 *(.data*)
 *fill*         0x200001dc        0x4 
 .data.impure_data
                0x200001e0      0x428 d:/keil_v5/arm/gcc-arm-none-eabi-5_4-2016q3-20160926-win32/bin/../lib/gcc/arm-none-eabi/5.4.1/../../../../arm-none-eabi/lib/armv7e-m\libc.a(lib_a-impure.o)
 .data._impure_ptr
                0x20000608        0x4 d:/keil_v5/arm/gcc-arm-none-eabi-5_4-2016q3-20160926-win32/bin/../lib/gcc/arm-none-eabi/5.4.1/../../../../arm-none-eabi/lib/armv7e-m\libc.a(lib_a-impure.o)
                0x20000608                _impure_ptr
 .data.__global_locale
                0x2000060c      0x16c d:/keil_v5/arm/gcc-arm-none-eabi-5_4-2016q3-20160926-win32/bin/../lib/gcc/arm-none-eabi/5.4.1/../../../../arm-none-eabi/lib/armv7e-m\libc.a(lib_a-locale.o)
                0x2000060c                __global_locale
                0x20000778                . = ALIGN (0x4)
                0x20000778                _edata = .

.jcr            0x20000778        0x0 load address 0x0801ee2c
 .jcr           0x20000778        0x0 d:/keil_v5/arm/gcc-arm-none-eabi-5_4-2016q3-20160926-win32/bin/../lib/gcc/arm-none-eabi/5.4.1/armv7e-m/crtbegin.o

.igot.plt       0x20000778        0x0 load address 0x0801ee2c
 .igot.plt      0x20000778        0x0 d:/keil_v5/arm/gcc-arm-none-eabi-5_4-2016q3-20160926-win32/bin/../lib/gcc/arm-none-eabi/5.4.1/armv7e-m/crtbegin.o
                0x20000778                . = ALIGN (0x4)

.bss            0x20000778     0x2ad0 load address 0x0801ee2c
                0x20000778                _sbss = .
                0x20000778                __bss_start__ = _sbss
 *(.bss)
 .bss           0x20000778       0x1c d:/keil_v5/arm/gcc-arm-none-eabi-5_4-2016q3-20160926-win32/bin/../lib/gcc/arm-none-eabi/5.4.1/armv7e-m/crtbegin.o
 .bss           0x20000794      0x49d ./output/printf-stdarg.o
                0x20000794                printf_dma_idx_w
                0x20000796                printf_dma_idx_r
                0x20000798                printf_dma_queue
                0x20000c30                printf_dma_busy
 .bss           0x20000c31        0x1 ./output/tremo_delay.o
 .bss           0x20000c32      0x19d ./output/main.o
                0x20000c32                time_synchronization_interval
                0x20000c33                UTC_Accept
                0x20000c34                rejoin_status
                0x20000c35                unconfirmed_uplink_change_to_confirmed_uplink_status
                0x20000c36                is_time_to_rejoin
                0x20000c37                LoRaMacState_error_times
                0x20000c38                is_PDTA_command
                0x20000c39                is_PLDTA_command
                0x20000c3a                is_time_to_IWDG_Refresh
                0x20000c3b                is_lora_joined
                0x20000c3c                is_lora_joined_keep_status
                0x20000c3d                is_there_data
                0x20000c3e                device_total
                0x20000c60                compatible_p2p_format
                0x20000c64                compatible_p2p_format_1
                0x20000c67                compatible_p2p_format_2
                0x20000c6a                compatible_p2p_format_rssi
                0x20000c7a                port_temp_lock
                0x20000c7b                port_temp
                0x20000c7c                atz_flags
                0x20000c7d                is_time_to_reply_downlink
                0x20000c7e                confirmed_uplink_retransmission_nbtrials
                0x20000c7f                confirmed_uplink_counter_retransmission_increment_switch
                0x20000c80                response_level
                0x20000c81                mac_response_flag
                0x20000c82                currentLeapSecond
                0x20000c83                time_synchronization_method
                0x20000c84                downlink_detect_switch
                0x20000c86                unconfirmed_uplink_change_to_confirmed_uplink_timeout
                0x20000c88                downlink_detect_timeout
                0x20000c8a                LinkADR_NbTrans_retransmission_nbtrials
                0x20000c8b                LinkADR_NbTrans_uplink_counter_retransmission_increment_switch
                0x20000c8c                joined_led
                0x20000c8d                rejoin_keep_status
                0x20000c8e                join_led_timeout_status
                0x20000c8f                MAC_COMMAND_ANS_status
                0x20000c90                unconfirmed_downlink_data_ans_status
                0x20000c91                confirmed_downlink_data_ans_status
                0x20000c92                JoinReq_NbTrails_over
                0x20000c93                sleep_status
                0x20000c94                downlink_received_status
                0x20000c95                EnterLowPowerStopModeStatus
                0x20000c96                EnterLowPowerStopMode_error_times
                0x20000c97                uart_all_data_rx_done_flag
                0x20000c98                uart_rx_data_from_esp32
                0x20000cb8                uart_esp32_rx_data_len_index
                0x20000cb9                ack
                0x20000cd9                retrieval_uplink_time
                0x20000cda                payloadlens
                0x20000dcd                Data_Record_Flag
                0x20000dce                Poll_Message_Flag
 *fill*         0x20000dcf        0x1 
 .bss           0x20000dd0       0x49 ./output/lora_app.o
                0x20000dd0                lora_packet_send_complete_status
                0x20000dec                current_firmware_ver
                0x20000ded                current_fre_band
                0x20000e00                product_id
                0x20000e01                decrypt_flag
                0x20000e02                product_id_read_in_flash
                0x20000e03                fre_band_read_in_flash
                0x20000e04                firmware_ver_read_in_flash
                0x20000e18                FDR_status
 *fill*         0x20000e19        0x3 
 .bss           0x20000e1c      0x113 ./output/command.o
                0x20000e1c                atrecve_flag
                0x20000f23                debug_flags
                0x20000f24                write_config_in_flash_status
                0x20000f25                flag2
                0x20000f26                flag1
                0x20000f27                write_key_in_flash_status
                0x20000f28                g_atcmd_processing
                0x20000f2a                atcmd_index
                0x20000f2c                power_time
                0x20000f2e                parse_flag
 *fill*         0x20000f2f        0x1 
 .bss           0x20000f30        0x9 ./output/rtc-board.o
                0x20000f34                McuWakeUpTime
                0x20000f38                NonScheduledWakeUp
 .bss           0x20000f39        0x1 ./output/sx1262-board.o
                0x20000f39                gPaOptSetting
 *fill*         0x20000f3a        0x2 
 .bss           0x20000f3c       0x16 ./output/radio.o
                0x20000f40                IrqFired
                0x20000f44                TxTimeout
                0x20000f4a                RxContinuous
                0x20000f4c                RxTimeout
                0x20000f50                txtimeout_times
                0x20000f51                rssi_temp
 *fill*         0x20000f52        0x2 
 .bss           0x20000f54        0x8 ./output/sx126x.o
                0x20000f58                FrequencyError
 .bss           0x20000f5c        0x5 ./output/timer.o
                0x20000f60                HasLoopedThroughMain
 *fill*         0x20000f61        0x3 
 .bss           0x20000f64       0xc4 ./output/regioneu868.o
 .bss           0x20001028      0x45f ./output/loramac.o
                0x2000104c                LoRaMacState
                0x200010c8                LastTxdoneTime
                0x200010e9                DR_small
                0x20001190                address_flags
                0x200012a0                ser_ack_record
                0x200012a1                ser_ack_record2
                0x200012a2                ser_ack
                0x20001438                TxTimeOnAir
                0x20001485                jr_nb
                0x20001486                jr_flag
 *fill*         0x20001487        0x1 
 .bss           0x20001488      0x229 ./output/loramaccrypto.o
 *fill*         0x200016b1        0x3 
 .bss           0x200016b4      0x115 ./output/lora-test.o
 *(.bss*)
 *(COMMON)
 *fill*         0x200017c9        0x3 
 COMMON         0x200017cc       0x20 ./output/tremo_dma.o
                0x200017cc                g_dma_callback_handler
 COMMON         0x200017ec     0x15d4 ./output/main.o
                0x200017ec                node_arr
                0x20002d2c                payload_oversize
                0x20002d30                NetworkJoinedLedTimer
                0x20002d44                batteryLevel_mV
                0x20002d48                CalibrationUTCTimer
                0x20002d5c                DownlinkDetectTimeoutTimer
                0x20002d70                ReJoinTimer
                0x20002d84                UnconfirmedUplinkChangeToConfirmedUplinkTimeoutTimer
                0x20002d98                IWDGRefreshTimer
                0x20002dac                downlinkLedTimer
 COMMON         0x20002dc0        0x8 ./output/lora_app.o
                0x20002dc0                RX2DR_setting_status
                0x20002dc1                down_check
                0x20002dc4                LoRaMainCallbacks
 COMMON         0x20002dc8      0x1fb ./output/command.o
                0x20002dc8                exitintmode
                0x20002dc9                symbtime1_value
                0x20002dca                exitmode
                0x20002dcb                dwelltime
                0x20002dcc                atcmd
                0x20002fc2                symbtime2_value
 *fill*         0x20002fc3        0x5 
 COMMON         0x20002fc8       0x18 ./output/rtc-board.o
                0x20002fc8                RtcCalendarContext
                0x20002fd8                RtcTimerContext
 COMMON         0x20002fe0      0x190 ./output/radio.o
                0x20002fe0                irqRegs
                0x20002fe4                SX126x