Archive member included to satisfy reference by file (symbol)

d:/keil_v5/arm/gcc-arm-none-eabi-5_4-2016q3-20160926-win32/bin/../lib/gcc/arm-none-eabi/5.4.1/armv7e-m\libgcc.a(_arm_addsubdf3.o)
                              ./output/printf-stdarg.o (__aeabi_dsub)
d:/keil_v5/arm/gcc-arm-none-eabi-5_4-2016q3-20160926-win32/bin/../lib/gcc/arm-none-eabi/5.4.1/armv7e-m\libgcc.a(_arm_muldivdf3.o)
                              ./output/printf-stdarg.o (__aeabi_dmul)
d:/keil_v5/arm/gcc-arm-none-eabi-5_4-2016q3-20160926-win32/bin/../lib/gcc/arm-none-eabi/5.4.1/armv7e-m\libgcc.a(_arm_cmpdf2.o)
                              ./output/printf-stdarg.o (__aeabi_dcmpeq)
d:/keil_v5/arm/gcc-arm-none-eabi-5_4-2016q3-20160926-win32/bin/../lib/gcc/arm-none-eabi/5.4.1/armv7e-m\libgcc.a(_arm_fixdfsi.o)
                              ./output/printf-stdarg.o (__aeabi_d2iz)
d:/keil_v5/arm/gcc-arm-none-eabi-5_4-2016q3-20160926-win32/bin/../lib/gcc/arm-none-eabi/5.4.1/armv7e-m\libgcc.a(_arm_fixunsdfsi.o)
                              ./output/printf-stdarg.o (__aeabi_d2uiz)
d:/keil_v5/arm/gcc-arm-none-eabi-5_4-2016q3-20160926-win32/bin/../lib/gcc/arm-none-eabi/5.4.1/armv7e-m\libgcc.a(_aeabi_uldivmod.o)
                              ./output/printf-stdarg.o (__aeabi_uldivmod)
d:/keil_v5/arm/gcc-arm-none-eabi-5_4-2016q3-20160926-win32/bin/../lib/gcc/arm-none-eabi/5.4.1/armv7e-m\libgcc.a(_fixunsdfdi.o)
                              ./output/rtc-board.o (__aeabi_d2ulz)
d:/keil_v5/arm/gcc-arm-none-eabi-5_4-2016q3-20160926-win32/bin/../lib/gcc/arm-none-eabi/5.4.1/armv7e-m\libgcc.a(_udivmoddi4.o)
                              d:/keil_v5/arm/gcc-arm-none-eabi-5_4-2016q3-20160926-win32/bin/../lib/gcc/arm-none-eabi/5.4.1/armv7e-m\libgcc.a(_aeabi_uldivmod.o) (__udivmoddi4)
d:/keil_v5/arm/gcc-arm-none-eabi-5_4-2016q3-20160926-win32/bin/../lib/gcc/arm-none-eabi/5.4.1/armv7e-m\libgcc.a(_dvmd_tls.o)
                              d:/keil_v5/arm/gcc-arm-none-eabi-5_4-2016q3-20160926-win32/bin/../lib/gcc/arm-none-eabi/5.4.1/armv7e-m\libgcc.a(_aeabi_uldivmod.o) (__aeabi_ldiv0)
d:/keil_v5/arm/gcc-arm-none-eabi-5_4-2016q3-20160926-win32/bin/../lib/gcc/arm-none-eabi/5.4.1/../../../../arm-none-eabi/lib/armv7e-m\libc.a(lib_a-exit.o)
                              d:/keil_v5/arm/gcc-arm-none-eabi-5_4-2016q3-20160926-win32/bin/../lib/gcc/arm-none-eabi/5.4.1/../../../../arm-none-eabi/lib/armv7e-m/crt0.o (exit)
d:/keil_v5/arm/gcc-arm-none-eabi-5_4-2016q3-20160926-win32/bin/../lib/gcc/arm-none-eabi/5.4.1/../../../../arm-none-eabi/lib/armv7e-m\libc.a(lib_a-impure.o)
                              d:/keil_v5/arm/gcc-arm-none-eabi-5_4-2016q3-20160926-win32/bin/../lib/gcc/arm-none-eabi/5.4.1/../../../../arm-none-eabi/lib/armv7e-m\libc.a(lib_a-exit.o) (_global_impure_ptr)
d:/keil_v5/arm/gcc-arm-none-eabi-5_4-2016q3-20160926-win32/bin/../lib/gcc/arm-none-eabi/5.4.1/../../../../arm-none-eabi/lib/armv7e-m\libc.a(lib_a-init.o)
                              d:/keil_v5/arm/gcc-arm-none-eabi-5_4-2016q3-20160926-win32/bin/../lib/gcc/arm-none-eabi/5.4.1/../../../../arm-none-eabi/lib/armv7e-m/crt0.o (__libc_init_array)
d:/keil_v5/arm/gcc-arm-none-eabi-5_4-2016q3-20160926-win32/bin/../lib/gcc/arm-none-eabi/5.4.1/../../../../arm-none-eabi/lib/armv7e-m\libc.a(lib_a-memset.o)
                              d:/keil_v5/arm/gcc-arm-none-eabi-5_4-2016q3-20160926-win32/bin/../lib/gcc/arm-none-eabi/5.4.1/../../../../arm-none-eabi/lib/armv7e-m/crt0.o (memset)
d:/keil_v5/arm/gcc-arm-none-eabi-5_4-2016q3-20160926-win32/bin/../lib/gcc/arm-none-eabi/5.4.1/../../../../arm-none-eabi/lib/armv7e-m\libc.a(lib_a-strcmp.o)
                              ./output/command.o (strcmp)
d:/keil_v5/arm/gcc-arm-none-eabi-5_4-2016q3-20160926-win32/bin/../lib/gcc/arm-none-eabi/5.4.1/../../../../arm-none-eabi/lib/armv7e-m\libc.a(lib_a-strlen.o)
                              ./output/main.o (strlen)
d:/keil_v5/arm/gcc-arm-none-eabi-5_4-2016q3-20160926-win32/bin/../lib/gcc/arm-none-eabi/5.4.1/../../../../arm-none-eabi/lib/armv7e-m\libc.a(lib_a-strncat.o)
                              ./output/command.o (strncat)
d:/keil_v5/arm/gcc-arm-none-eabi-5_4-2016q3-20160926-win32/bin/../lib/gcc/arm-none-eabi/5.4.1/../../../../arm-none-eabi/lib/armv7e-m\libc.a(lib_a-strncmp.o)
                              ./output/main.o (strncmp)
d:/keil_v5/arm/gcc-arm-none-eabi-5_4-2016q3-20160926-win32/bin/../lib/gcc/arm-none-eabi/5.4.1/../../../../arm-none-eabi/lib/armv7e-m\libc.a(lib_a-strtok.o)
                              ./output/command.o (strtok)
d:/keil_v5/arm/gcc-arm-none-eabi-5_4-2016q3-20160926-win32/bin/../lib/gcc/arm-none-eabi/5.4.1/../../../../arm-none-eabi/lib/armv7e-m\libc.a(lib_a-strtok_r.o)
                              d:/keil_v5/arm/gcc-arm-none-eabi-5_4-2016q3-20160926-win32/bin/../lib/gcc/arm-none-eabi/5.4.1/../../../../arm-none-eabi/lib/armv7e-m\libc.a(lib_a-strtok.o) (__strtok_r)
[...]
Memory Configuration

Name             Origin             Length             Attributes
FLASH            0x0800d000         0x00040000         xr
RAM              0x20000000         0x00010000         xrw
*default*        0x00000000         0xffffffff

Linker script and memory map

LOAD d:/keil_v5/arm/gcc-arm-none-eabi-5_4-2016q3-20160926-win32/bin/../lib/gcc/arm-none-eabi/5.4.1/armv7e-m/crti.o
LOAD d:/keil_v5/arm/gcc-arm-none-eabi-5_4-2016q3-20160926-win32/bin/../lib/gcc/arm-none-eabi/5.4.1/armv7e-m/crtbegin.o
LOAD d:/keil_v5/arm/gcc-arm-none-eabi-5_4-2016q3-20160926-win32/bin/../lib/gcc/arm-none-eabi/5.4.1/../../../../arm-none-eabi/lib/armv7e-m/crt0.o
LOAD ./output/printf-stdarg.o
LOAD ./output/startup_cm4.o
LOAD ./output/system_cm4.o
LOAD ./output/tremo_adc.o
LOAD ./output/tremo_bstimer.o
LOAD ./output/tremo_crc.o
LOAD ./output/tremo_dac.o
LOAD ./output/tremo_delay.o
LOAD ./output/tremo_dma.o
LOAD ./output/tremo_flash.o
LOAD ./output/tremo_gpio.o
LOAD ./output/tremo_i2c.o
LOAD ./output/tremo_i2s.o
LOAD ./output/tremo_iwdg.o
LOAD ./output/tremo_lcd.o
LOAD ./output/tremo_lptimer.o
LOAD ./output/tremo_lpuart.o
LOAD ./output/tremo_pwr.o
LOAD ./output/tremo_rcc.o
LOAD ./output/tremo_rtc.o
LOAD ./output/tremo_spi.o
LOAD ./output/tremo_system.o
LOAD ./output/tremo_timer.o
LOAD ./output/tremo_uart.o
LOAD ./output/tremo_wdg.o
LOAD ./output/bsp.o
LOAD ./output/flash_eraseprogram.o
LOAD ./output/main.o
LOAD ./output/tremo_it.o
LOAD ./output/lora_app.o
LOAD ./output/command.o
LOAD ./output/rtc-board.o
LOAD ./output/sx1262-board.o
LOAD ./output/utilities.o
LOAD ./output/radio.o
LOAD ./output/sx126x.o
LOAD ./output/delay.o
LOAD ./output/timer.o
LOAD ./output/aes.o
LOAD ./output/cmac.o
LOAD ./output/region.o
LOAD ./output/regionas923.o
LOAD ./output/regionau915.o
LOAD ./output/regioncn470.o
LOAD ./output/regioncn779.o
LOAD ./output/regioncommon.o
LOAD ./output/regioneu433.o
LOAD ./output/regioneu868.o
LOAD ./output/regionin865.o
LOAD ./output/regionkr920.o
LOAD ./output/regionkz865.o
LOAD ./output/regionma869.o
LOAD ./output/regionru864.o
LOAD ./output/regionus915.o
LOAD ./output/loramac.o
LOAD ./output/loramaccrypto.o
LOAD ./output/lora-test.o
START GROUP
LOAD d:/keil_v5/arm/gcc-arm-none-eabi-5_4-2016q3-20160926-win32/bin/../lib/gcc/arm-none-eabi/5.4.1/armv7e-m\libgcc.a
LOAD d:/keil_v5/arm/gcc-arm-none-eabi-5_4-2016q3-20160926-win32/bin/../lib/gcc/arm-none-eabi/5.4.1/../../../../arm-none-eabi/lib/armv7e-m\libc.a
END GROUP
LOAD d:/keil_v5/arm/gcc-arm-none-eabi-5_4-2016q3-20160926-win32/bin/../lib/gcc/arm-none-eabi/5.4.1/armv7e-m/crtend.o
LOAD d:/keil_v5/arm/gcc-arm-none-eabi-5_4-2016q3-20160926-win32/bin/../lib/gcc/arm-none-eabi/5.4.1/armv7e-m/crtn.o
                0x2000f000                _estack = 0x2000f000
                0x00001000                _HEAP_SIZE = 0x1000
                0x00001000                _STACK_SIZE = 0x1000

.isr_vector     0x0800d000       0xd4
                0x0800d000                . = ALIGN (0x4)
 *(.isr_vector)
 .isr_vector    0x0800d000       0xd4 ./output/startup_cm4.o
                0x0800d000                g_pfnVectors
                0x0800d0d4                . = ALIGN (0x4)

.text           0x0800d100    0x102b0
                0x0800d100                . = ALIGN (0x4)
 *(.text)
 .text          0x0800d100       0x5c d:/keil_v5/arm/gcc-arm-none-eabi-5_4-2016q3-20160926-win32/bin/../lib/gcc/arm-none-eabi/5.4.1/armv7e-m/crtbegin.o
 .text          0x0800d15c      0x370 d:/keil_v5/arm/gcc-arm-none-eabi-5_4-2016q3-20160926-win32/bin/../lib/gcc/arm-none-eabi/5.4.1/armv7e-m\libgcc.a(_arm_addsubdf3.o)
                0x0800d15c                __aeabi_drsub
                0x0800d164                __aeabi_dsub
                0x0800d164                __subdf3
                0x0800d168                __aeabi_dadd
                0x0800d168                __adddf3
                0x0800d3e0                __floatunsidf
                0x0800d3e0                __aeabi_ui2d
                0x0800d400                __floatsidf
                0x0800d400                __aeabi_i2d
                0x0800d424                __aeabi_f2d
                0x0800d424                __extendsfdf2
                0x0800d460                __floatundidf
                0x0800d460                __aeabi_ul2d
                0x0800d470                __floatdidf
                0x0800d470                __aeabi_l2d
 .text          0x0800d4cc      0x424 d:/keil_v5/arm/gcc-arm-none-eabi-5_4-2016q3-20160926-win32/bin/../lib/gcc/arm-none-eabi/5.4.1/armv7e-m\libgcc.a(_arm_muldivdf3.o)
                0x0800d4cc                __aeabi_dmul
                0x0800d4cc                __muldf3
                0x0800d720                __divdf3
                0x0800d720                __aeabi_ddiv
 .text          0x0800d8f0      0x110 d:/keil_v5/arm/gcc-arm-none-eabi-5_4-2016q3-20160926-win32/bin/../lib/gcc/arm-none-eabi/5.4.1/armv7e-m\libgcc.a(_arm_cmpdf2.o)
                0x0800d8f0                __gtdf2
                0x0800d8f0                __gedf2
                0x0800d8f8                __ltdf2
                0x0800d8f8                __ledf2
                0x0800d900                __nedf2
                0x0800d900                __eqdf2
                0x0800d900                __cmpdf2
                0x0800d97c                __aeabi_cdrcmple
                0x0800d98c                __aeabi_cdcmpeq
                0x0800d98c                __aeabi_cdcmple
                0x0800d99c                __aeabi_dcmpeq
                0x0800d9b0                __aeabi_dcmplt
                0x0800d9c4                __aeabi_dcmple
                0x0800d9d8                __aeabi_dcmpge
                0x0800d9ec                __aeabi_dcmpgt
 .text          0x0800da00       0x50 d:/keil_v5/arm/gcc-arm-none-eabi-5_4-2016q3-20160926-win32/bin/../lib/gcc/arm-none-eabi/5.4.1/armv7e-m\libgcc.a(_arm_fixdfsi.o)
                0x0800da00                __aeabi_d2iz
                0x0800da00                __fixdfsi
 .text          0x0800da50       0x40 d:/keil_v5/arm/gcc-arm-none-eabi-5_4-2016q3-20160926-win32/bin/../lib/gcc/arm-none-eabi/5.4.1/armv7e-m\libgcc.a(_arm_fixunsdfsi.o)
                0x0800da50                __aeabi_d2uiz
                0x0800da50                __fixunsdfsi
 .text          0x0800da90       0x30 d:/keil_v5/arm/gcc-arm-none-eabi-5_4-2016q3-20160926-win32/bin/../lib/gcc/arm-none-eabi/5.4.1/armv7e-m\libgcc.a(_aeabi_uldivmod.o)
                0x0800da90                __aeabi_uldivmod
 .text          0x0800dac0       0x48 d:/keil_v5/arm/gcc-arm-none-eabi-5_4-2016q3-20160926-win32/bin/../lib/gcc/arm-none-eabi/5.4.1/armv7e-m\libgcc.a(_fixunsdfdi.o)
                0x0800dac0                __fixunsdfdi
                0x0800dac0                __aeabi_d2ulz
 .text          0x0800db08      0x2e4 d:/keil_v5/arm/gcc-arm-none-eabi-5_4-2016q3-20160926-win32/bin/../lib/gcc/arm-none-eabi/5.4.1/armv7e-m\libgcc.a(_udivmoddi4.o)
                0x0800db08                __udivmoddi4
 .text          0x0800ddec        0x4 d:/keil_v5/arm/gcc-arm-none-eabi-5_4-2016q3-20160926-win32/bin/../lib/gcc/arm-none-eabi/5.4.1/armv7e-m\libgcc.a(_dvmd_tls.o)
                0x0800ddec                __aeabi_idiv0
                0x0800ddec                __aeabi_ldiv0
 *fill*         0x0800ddf0       0x10 
 .text          0x0800de00      0x2dc d:/keil_v5/arm/gcc-arm-none-eabi-5_4-2016q3-20160926-win32/bin/../lib/gcc/arm-none-eabi/5.4.1/../../../../arm-none-eabi/lib/armv7e-m\libc.a(lib_a-strcmp.o)
                0x0800de08                strcmp
 *fill*         0x0800e0dc       0x24 
 .text          0x0800e100       0xdc d:/keil_v5/arm/gcc-arm-none-eabi-5_4-2016q3-20160926-win32/bin/../lib/gcc/arm-none-eabi/5.4.1/../../../../arm-none-eabi/lib/armv7e-m\libc.a(lib_a-strlen.o)
                0x0800e100                strlen
 *(.text*)
 .text._out_buffer
                0x0800e1dc        0x8 ./output/printf-stdarg.o
 .text._out_null
                0x0800e1e4        0x2 ./output/printf-stdarg.o
 *fill*         0x0800e1e6        0x2 
 .text._out_char
                0x0800e1e8       0x2c ./output/printf-stdarg.o
 .text._out_rev
                0x0800e214       0x82 ./output/printf-stdarg.o
 .text._ntoa_format
                0x0800e296      0x116 ./output/printf-stdarg.o
 .text._ntoa_long
                0x0800e3ac       0x80 ./output/printf-stdarg.o
 .text._ntoa_long_long
                0x0800e42c       0xac ./output/printf-stdarg.o
 .text.printf_dma_queue_pop.isra.0
                0x0800e4d8       0xb8 ./output/printf-stdarg.o
 .text._ftoa    0x0800e590      0x2dc ./output/printf-stdarg.o
 *fill*         0x0800e86c        0x4 
 .text._etoa    0x0800e870      0x380 ./output/printf-stdarg.o
 .text.printf_dma_done_callback
                0x0800ebf0       0x64 ./output/printf-stdarg.o
 .text._vsnprintf
                0x0800ec54      0x51c ./output/printf-stdarg.o
 .text.print_isdone
                0x0800f170       0x3c ./output/printf-stdarg.o
                0x0800f170                print_isdone
 .text.__wrap_printf
                0x0800f1ac       0xb4 ./output/printf-stdarg.o
                0x0800f1ac                __wrap_printf
 .text.__wrap_snprintf
                0x0800f260       0x28 ./output/printf-stdarg.o
                0x0800f260                __wrap_snprintf
 .text.Reset_Handler
                0x0800f288       0x48 ./output/startup_cm4.o
                0x0800f288                Reset_Handler
 .text.Default_Handler
                0x0800f2d0        0x2 ./output/startup_cm4.o
                0x0800f2d0                SCC_IRQHandler
                0x0800f2d0                TIMER2_IRQHandler
                0x0800f2d0                EFC_IRQHandler
                0x0800f2d0                I2C0_IRQHandler
                0x0800f2d0                SAC_IRQHandler
                0x0800f2d0                I2C1_IRQHandler
                0x0800f2d0                UART1_IRQHandler
                0x0800f2d0                BSTIMER0_IRQHandler
                0x0800f2d0                TIMER3_IRQHandler
                0x0800f2d0                SEC_IRQHandler
                0x0800f2d0                WDG_IRQHandler
                0x0800f2d0                LPTIMER1_IRQHandler
                0x0800f2d0                LPTIMER0_IRQHandler
                0x0800f2d0                SSP0_IRQHandler
                0x0800f2d0                I2S_IRQHandler
                0x0800f2d0                I2C2_IRQHandler
                0x0800f2d0                TIMER0_IRQHandler
                0x0800f2d0                LCD_IRQHandler
                0x0800f2d0                TIMER1_IRQHandler
                0x0800f2d0                Default_Handler
                0x0800f2d0                ADC_IRQHandler
                0x0800f2d0                SSP1_IRQHandler
                0x0800f2d0                IWDG_IRQHandler
                0x0800f2d0                SSP2_IRQHandler
                0x0800f2d0                BSTIMER1_IRQHandler
                0x0800f2d0                DAC_IRQHandler
                0x0800f2d0                AFEC_IRQHandler
                0x0800f2d0                UART3_IRQHandler
                0x0800f2d0                QSPI_IRQHandler
 *fill*         0x0800f2d2        0x2 
 .text.nvic_init
                0x0800f2d4       0x24 ./output/system_cm4.o
                0x0800f2d4                nvic_init
 .text.system_init
                0x0800f2f8       0x44 ./output/system_cm4.o
                0x0800f2f8                system_init
 .text.read_write_adc_afec
                0x0800f33c       0x34 ./output/tremo_adc.o
                0x0800f33c                read_write_adc_afec
 .text.adc_init
                0x0800f370       0x18 ./output/tremo_adc.o
                0x0800f370                adc_init
 .text.adc_start
                0x0800f388       0x2c ./output/tremo_adc.o
                0x0800f388                adc_start
 .text.adc_enable
                0x0800f3b4       0x28 ./output/tremo_adc.o
                0x0800f3b4                adc_enable
 .text.adc_config_clock_division
                0x0800f3dc       0x20 ./output/tremo_adc.o
                0x0800f3dc                adc_config_clock_division
 .text.adc_config_conv_mode
                0x0800f3fc       0x18 ./output/tremo_adc.o
                0x0800f3fc                adc_config_conv_mode
 .text.adc_config_sample_sequence
                0x0800f414       0x2c ./output/tremo_adc.o
                0x0800f414                adc_config_sample_sequence
 .text.adc_get_interrupt_status
                0x0800f440       0x14 ./output/tremo_adc.o
                0x0800f440                adc_get_interrupt_status
 .text.adc_get_data
                0x0800f454       0x10 ./output/tremo_adc.o
                0x0800f454                adc_get_data
 .text.adc_get_calibration_value
                0x0800f464       0x78 ./output/tremo_adc.o
                0x0800f464                adc_get_calibration_value
 .text.adc_enable_vbat31
                0x0800f4dc       0x18 ./output/tremo_adc.o
                0x0800f4dc                adc_enable_vbat31
 .text.delay_init
                0x0800f4f4       0x48 ./output/tremo_delay.o
                0x0800f4f4                delay_init
 .text.delay_us
                0x0800f53c       0x34 ./output/tremo_delay.o
                0x0800f53c                delay_us
 .text.delay_ms
                0x0800f570        0xa ./output/tremo_delay.o
                0x0800f570                delay_ms
 .text.write32_bit_reg.part.1
                0x0800f57a       0x1e ./output/tremo_dma.o
 .text.set_dma_mode
                0x0800f598      0x3b8 ./output/tremo_dma.o
 .text.dma0_IRQHandler
                0x0800f950       0x5c ./output/tremo_dma.o
                0x0800f950                dma0_IRQHandler
 .text.dma1_IRQHandler
                0x0800f9ac       0x60 ./output/tremo_dma.o
                0x0800f9ac                dma1_IRQHandler
 .text.dma_init
                0x0800fa0c      0x140 ./output/tremo_dma.o
                0x0800fa0c                dma_init
 .text.dma_ch_enable
                0x0800fb4c       0x5e ./output/tremo_dma.o
                0x0800fb4c                dma_ch_enable
 *fill*         0x0800fbaa        0x2 
 .text.dma_finalize
                0x0800fbac      0x1f8 ./output/tremo_dma.o
                0x0800fbac                dma_finalize
 .text.flash_erase_page
                0x0800fda4       0x64 ./output/tremo_flash.o
                0x0800fda4                flash_erase_page
 .text.flash_program_bytes
                0x0800fe08       0xbc ./output/tremo_flash.o
                0x0800fe08                flash_program_bytes
 .text.gpio_init
                0x0800fec4      0x13c ./output/tremo_gpio.o
                0x0800fec4                gpio_init
 .text.gpio_write
                0x08010000       0xb8 ./output/tremo_gpio.o
                0x08010000                gpio_write
 .text.gpio_clear_interrupt
                0x080100b8       0x10 ./output/tremo_gpio.o
                0x080100b8                gpio_clear_interrupt
 .text.gpio_get_interrupt_status
                0x080100c8       0x14 ./output/tremo_gpio.o
                0x080100c8                gpio_get_interrupt_status
 .text.gpio_config_stop3_wakeup
                0x080100dc       0x68 ./output/tremo_gpio.o
                0x080100dc                gpio_config_stop3_wakeup
 .text.gpio_set_iomux
                0x08010144       0x50 ./output/tremo_gpio.o
                0x08010144                gpio_set_iomux
 .text.check_iwdg_sr_done
                0x08010194       0x14 ./output/tremo_iwdg.o
 .text.iwdg_init
                0x080101a8       0x4c ./output/tremo_iwdg.o
                0x080101a8                iwdg_init
 .text.iwdg_set_prescaler
                0x080101f4       0x18 ./output/tremo_iwdg.o
                0x080101f4                iwdg_set_prescaler
 .text.iwdg_set_reload
                0x0801020c       0x1c ./output/tremo_iwdg.o
                0x0801020c                iwdg_set_reload
 .text.iwdg_reload
                0x08010228       0x20 ./output/tremo_iwdg.o
                0x08010228                iwdg_reload
 .text.iwdg_start
                0x08010248       0x1c ./output/tremo_iwdg.o
                0x08010248                iwdg_start
 .text.lpuart_config_interrupt
                0x08010264       0x10 ./output/tremo_lpuart.o
                0x08010264                lpuart_config_interrupt
 .text.lpuart_config_rx
                0x08010274       0x26 ./output/tremo_lpuart.o
                0x08010274                lpuart_config_rx
 .text.lpuart_config_tx
                0x0801029a       0x12 ./output/tremo_lpuart.o
                0x0801029a                lpuart_config_tx
 .text.lpuart_get_rx_status
                0x080102ac       0x12 ./output/tremo_lpuart.o
                0x080102ac                lpuart_get_rx_status
 .text.lpuart_clear_rx_status
                0x080102be       0x18 ./output/tremo_lpuart.o
                0x080102be                lpuart_clear_rx_status
 .text.lpuart_get_rx_not_empty_status
                0x080102d6        0x8 ./output/tremo_lpuart.o
                0x080102d6                lpuart_get_rx_not_empty_status
 .text.lpuart_receive_data
                0x080102de       0x10 ./output/tremo_lpuart.o
                0x080102de                lpuart_receive_data
 *fill*         0x080102ee        0x2 
 .text.lpuart_init
                0x080102f0       0x84 ./output/tremo_lpuart.o
                0x080102f0                lpuart_init
 .text.lpuart_deinit
                0x08010374       0x2c ./output/tremo_lpuart.o
                0x08010374                lpuart_deinit
 .text.rcc_get_clk_freq
                0x080103a0       0x9c ./output/tremo_rcc.o
                0x080103a0                rcc_get_clk_freq
 .text.rcc_set_iwdg_clk_source
                0x0801043c       0x2a ./output/tremo_rcc.o
                0x0801043c                rcc_set_iwdg_clk_source
 .text.rcc_set_adc_clk_source
                0x08010466       0x2a ./output/tremo_rcc.o
                0x08010466                rcc_set_adc_clk_source
 .text.rcc_get_uart0_clk_source
                0x08010490        0xc ./output/tremo_rcc.o
                0x08010490                rcc_get_uart0_clk_source
 .text.rcc_get_uart1_clk_source
                0x0801049c        0xc ./output/tremo_rcc.o
                0x0801049c                rcc_get_uart1_clk_source
 .text.rcc_get_uart2_clk_source
                0x080104a8        0xc ./output/tremo_rcc.o
                0x080104a8                rcc_get_uart2_clk_source
 .text.rcc_get_uart3_clk_source
                0x080104b4        0xc ./output/tremo_rcc.o
                0x080104b4                rcc_get_uart3_clk_source
 .text.rcc_get_lpuart_clk_source
                0x080104c0        0xc ./output/tremo_rcc.o
                0x080104c0                rcc_get_lpuart_clk_source
 .text.rcc_enable_peripheral_clk
                0x080104cc      0x51a ./output/tremo_rcc.o
                0x080104cc                rcc_enable_peripheral_clk
 *fill*         0x080109e6        0x2 
 .text.rcc_enable_oscillator
                0x080109e8      0x108 ./output/tremo_rcc.o
                0x080109e8                rcc_enable_oscillator
 .text.rcc_rst_peripheral
                0x08010af0       0x7c ./output/tremo_rcc.o
                0x08010af0                rcc_rst_peripheral
 .text.rtc_deinit
                0x08010b6c       0x1e ./output/tremo_rtc.o
                0x08010b6c                rtc_deinit
 *fill*         0x08010b8a        0x2 
 .text.rtc_check_syn
                0x08010b8c       0x18 ./output/tremo_rtc.o
                0x08010b8c                rtc_check_syn
 .text.rtc_calendar_cmd
                0x08010ba4       0x20 ./output/tremo_rtc.o
                0x08010ba4                rtc_calendar_cmd
 .text.rtc_cyc_cmd
                0x08010bc4       0x20 ./output/tremo_rtc.o
                0x08010bc4                rtc_cyc_cmd
 .text.rtc_config_cyc_wakeup
                0x08010be4       0x24 ./output/tremo_rtc.o
                0x08010be4                rtc_config_cyc_wakeup
 .text.rtc_get_calendar
                0x08010c08       0xc8 ./output/tremo_rtc.o
                0x08010c08                rtc_get_calendar
 .text.rtc_set_status
                0x08010cd0       0x34 ./output/tremo_rtc.o
                0x08010cd0                rtc_set_status
 .text.rtc_get_status
                0x08010d04       0x3c ./output/tremo_rtc.o
                0x08010d04                rtc_get_status
 .text.rtc_config_interrupt
                0x08010d40       0x3c ./output/tremo_rtc.o
                0x08010d40                rtc_config_interrupt
 .text.rtc_config_cyc_max
                0x08010d7c       0x14 ./output/tremo_rtc.o
                0x08010d7c                rtc_config_cyc_max
 .text.system_reset
                0x08010d90       0x20 ./output/tremo_system.o
                0x08010d90                system_reset
 .text.system_get_chip_id
                0x08010db0       0x1c ./output/tremo_system.o
                0x08010db0                system_get_chip_id
 .text.uart_get_flag_status
                0x08010dcc        0xc ./output/tremo_uart.o
                0x08010dcc                uart_get_flag_status
 .text.uart_send_data
                0x08010dd8        0xa ./output/tremo_uart.o
                0x08010dd8                uart_send_data
 .text.uart_receive_data
                0x08010de2        0xc ./output/tremo_uart.o
                0x08010de2                uart_receive_data
 .text.uart_config_interrupt
                0x08010dee       0x10 ./output/tremo_uart.o
                0x08010dee                uart_config_interrupt
 .text.uart_config_init
                0x08010dfe       0x1c ./output/tremo_uart.o
                0x08010dfe                uart_config_init
 .text.uart_cmd
                0x08010e1a       0x12 ./output/tremo_uart.o
                0x08010e1a                uart_cmd
 .text.uart_get_interrupt_status
                0x08010e2c        0xc ./output/tremo_uart.o
                0x08010e2c                uart_get_interrupt_status
 .text.uart_clear_interrupt
                0x08010e38        0x4 ./output/tremo_uart.o
                0x08010e38                uart_clear_interrupt
 .text.uart_init
                0x08010e3c      0x14c ./output/tremo_uart.o
                0x08010e3c                uart_init
 .text.uart_dma_config
                0x08010f88       0x10 ./output/tremo_uart.o
                0x08010f88                uart_dma_config
 .text.BSP_sensor_Init
                0x08010f98      0x1c4 ./output/bsp.o
                0x08010f98                BSP_sensor_Init
 .text.battery_voltage_measurement
                0x0801115c      0x108 ./output/bsp.o
                0x0801115c                battery_voltage_measurement
 .text.HW_GetTemperatureLevel
                0x08011264        0x4 ./output/main.o
                0x08011264                HW_GetTemperatureLevel
 .text.OnDownlinkDetectTimeoutEvent
                0x08011268       0x20 ./output/main.o
 .text.UnconfirmedUplinkChangeToConfirmedUplinkTimeoutEvent
                0x08011288       0x14 ./output/main.o
 .text.OnReJoinTimerEvent
                0x0801129c       0x18 ./output/main.o
 .text.OndownlinkLedEvent
                0x080112b4       0x2c ./output/main.o
                0x080112b4                OndownlinkLedEvent
 .text.OnNetworkJoinedLedEvent
                0x080112e0       0x34 ./output/main.o
                0x080112e0                OnNetworkJoinedLedEvent
 .text.LORA_ConfirmClass
                0x08011314       0x40 ./output/main.o
 .text.OnIWDGRefreshTimeoutEvent
                0x08011354       0x38 ./output/main.o
 .text.LORA_HasJoined
                0x0801138c       0x18 ./output/main.o
 .text.HW_GetBatteryLevel
                0x080113a4      0x128 ./output/main.o
                0x080113a4                HW_GetBatteryLevel
 .text.HW_GetUniqueId
                0x080114cc       0x2e ./output/main.o
                0x080114cc                HW_GetUniqueId
 .text.HW_GetRandomSeed
                0x080114fa       0x14 ./output/main.o
                0x080114fa                HW_GetRandomSeed
 *fill*         0x0801150e        0x2 
 .text.OnCalibrationUTCTimeoutEvent
                0x08011510       0x54 ./output/main.o
 .text.StartCalibrationUTCtime.part.1
                0x08011564       0x34 ./output/main.o
 .text.LORA_RxData
                0x08011598      0xab4 ./output/main.o
 .text.uart_log_init
                0x0801204c       0xb8 ./output/main.o
                0x0801204c                uart_log_init
 .text.uart_to_esp32_init
                0x08012104       0x7c ./output/main.o
                0x08012104                uart_to_esp32_init
 .text.board_init
                0x08012180      0x10c ./output/main.o
                0x08012180                board_init
 .text.initArray
                0x0801228c       0x66 ./output/main.o
                0x0801228c                initArray
 *fill*         0x080122f2        0x2 
 .text.startup.main
                0x080122f4      0x9f0 ./output/main.o
                0x080122f4                main
 .text.NMI_Handler
                0x08012ce4        0x2 ./output/tremo_it.o
                0x08012ce4                NMI_Handler
 .text.HardFault_Handler
                0x08012ce6        0x2 ./output/tremo_it.o
                0x08012ce6                HardFault_Handler
 .text.MemManage_Handler
                0x08012ce8        0x2 ./output/tremo_it.o
                0x08012ce8                MemManage_Handler
 .text.BusFault_Handler
                0x08012cea        0x2 ./output/tremo_it.o
                0x08012cea                BusFault_Handler
 .text.UsageFault_Handler
                0x08012cec        0x2 ./output/tremo_it.o
                0x08012cec                UsageFault_Handler
 .text.SVC_Handler
                0x08012cee        0x2 ./output/tremo_it.o
                0x08012cee                SVC_Handler
 .text.PendSV_Handler
                0x08012cf0        0x2 ./output/tremo_it.o
                0x08012cf0                PendSV_Handler
 .text.SysTick_Handler
                0x08012cf2        0x2 ./output/tremo_it.o
                0x08012cf2                SysTick_Handler
 .text.PWR_IRQHandler
                0x08012cf4        0x2 ./output/tremo_it.o
                0x08012cf4                PWR_IRQHandler
 .text.LORA_IRQHandler
                0x08012cf6        0x4 ./output/tremo_it.o
                0x08012cf6                LORA_IRQHandler
 .text.RTC_IRQHandler
                0x08012cfa        0x4 ./output/tremo_it.o
                0x08012cfa                RTC_IRQHandler
 .text.UART0_IRQHandler
                0x08012cfe        0x2 ./output/tremo_it.o
                0x08012cfe                UART0_IRQHandler
 .text.LPUART_IRQHandler
                0x08012d00       0x2c ./output/tremo_it.o
                0x08012d00                LPUART_IRQHandler
 .text.esp32_rx_handle_func
                0x08012d2c       0x64 ./output/tremo_it.o
                0x08012d2c                esp32_rx_handle_func
 .text.UART2_IRQHandler
                0x08012d90       0x48 ./output/tremo_it.o
                0x08012d90                UART2_IRQHandler
 .text.DMA0_IRQHandler
                0x08012dd8        0x4 ./output/tremo_it.o
                0x08012dd8                DMA0_IRQHandler
 .text.DMA1_IRQHandler
                0x08012ddc        0x4 ./output/tremo_it.o
                0x08012ddc                DMA1_IRQHandler
 .text.GPIO_IRQHandler
                0x08012de0        0xc ./output/tremo_it.o
                0x08012de0                GPIO_IRQHandler
 .text.McpsConfirm
                0x08012dec        0xc ./output/lora_app.o
 .text.MlmeConfirm
                0x08012df8       0x44 ./output/lora_app.o
 .text.McpsIndication
                0x08012e3c       0xa8 ./output/lora_app.o
 .text.customize_freq1_get
                0x08012ee4        0xc ./output/lora_app.o
                0x08012ee4                customize_freq1_get
 .text.customize_freq1_set
                0x08012ef0        0xc ./output/lora_app.o
                0x08012ef0                customize_freq1_set
 .text.customize_set8channel_get
                0x08012efc        0xc ./output/lora_app.o
                0x08012efc                customize_set8channel_get
 .text.customize_set8channel_set
                0x08012f08        0xc ./output/lora_app.o
                0x08012f08                customize_set8channel_set
 .text.region_printf
                0x08012f14       0x3c ./output/lora_app.o
                0x08012f14                region_printf
 .text.key_printf
                0x08012f50       0x40 ./output/lora_app.o
                0x08012f50                key_printf
 .text.LORA_Join
                0x08012f90       0xb4 ./output/lora_app.o
                0x08012f90                LORA_Join
 .text.LORA_JoinStatus
                0x08013044       0x18 ./output/lora_app.o
                0x08013044                LORA_JoinStatus
 .text.LORA_send
                0x0801305c       0x8c ./output/lora_app.o
                0x0801305c                LORA_send
 .text.LORA_RequestClass
                0x080130e8       0x6c ./output/lora_app.o
                0x080130e8                LORA_RequestClass
 .text.lora_config_otaa_set
                0x08013154        0xc ./output/lora_app.o
                0x08013154                lora_config_otaa_set
 .text.lora_config_otaa_get
                0x08013160        0xc ./output/lora_app.o
                0x08013160                lora_config_otaa_get
 .text.lora_config_duty_cycle_set
                0x0801316c        0xc ./output/lora_app.o
                0x0801316c                lora_config_duty_cycle_set
 .text.lora_config_duty_cycle_get
                0x08013178        0xc ./output/lora_app.o
                0x08013178                lora_config_duty_cycle_get
 .text.lora_config_deveui_get
                0x08013184        0xc ./output/lora_app.o
                0x08013184                lora_config_deveui_get
 .text.lora_config_deveui_set
                0x08013190       0x10 ./output/lora_app.o
                0x08013190                lora_config_deveui_set
 .text.lora_config_appeui_get
                0x080131a0        0xc ./output/lora_app.o
                0x080131a0                lora_config_appeui_get
 .text.lora_config_appeui_set
                0x080131ac       0x10 ./output/lora_app.o
                0x080131ac                lora_config_appeui_set
 .text.lora_config_appkey_get
                0x080131bc        0xc ./output/lora_app.o
                0x080131bc                lora_config_appkey_get
 .text.lora_config_appkey_set
                0x080131c8       0x10 ./output/lora_app.o
                0x080131c8                lora_config_appkey_set
 .text.lora_config_devaddr_get
                0x080131d8        0xc ./output/lora_app.o
                0x080131d8                lora_config_devaddr_get
 .text.lora_config_devaddr_set
                0x080131e4        0xc ./output/lora_app.o
                0x080131e4                lora_config_devaddr_set
 .text.lora_config_appskey_get
                0x080131f0        0xc ./output/lora_app.o
                0x080131f0                lora_config_appskey_get
 .text.lora_config_appskey_set
                0x080131fc       0x10 ./output/lora_app.o
                0x080131fc                lora_config_appskey_set
 .text.lora_config_nwkskey_get
                0x0801320c        0xc ./output/lora_app.o
                0x0801320c                lora_config_nwkskey_get
 .text.lora_config_nwkskey_set
                0x08013218       0x10 ./output/lora_app.o
                0x08013218                lora_config_nwkskey_set
 .text.lora_config_reqack_set
                0x08013228        0xc ./output/lora_app.o
                0x08013228                lora_config_reqack_set
 .text.lora_config_reqack_get
                0x08013234        0xc ./output/lora_app.o
                0x08013234                lora_config_reqack_get
 .text.lora_config_snr_get
                0x08013240        0xc ./output/lora_app.o
                0x08013240                lora_config_snr_get
 .text.lora_config_application_port_set
                0x0801324c        0xc ./output/lora_app.o
                0x0801324c                lora_config_application_port_set
 .text.lora_config_application_port_get
                0x08013258        0xc ./output/lora_app.o
                0x08013258                lora_config_application_port_get
 .text.lora_config_rssi_get
                0x08013264        0xc ./output/lora_app.o
                0x08013264                lora_config_rssi_get
 .text.lora_config_tx_datarate_set
                0x08013270        0xc ./output/lora_app.o
                0x08013270                lora_config_tx_datarate_set
 .text.lora_config_tx_datarate_get
                0x0801327c        0xc ./output/lora_app.o
                0x0801327c                lora_config_tx_datarate_get
 .text.Flash_store_key
                0x08013288       0xcc ./output/lora_app.o
                0x08013288                Flash_store_key
 .text.Flash_read_key
                0x08013354       0xa4 ./output/lora_app.o
                0x08013354                Flash_read_key
 .text.Flash_Store_Config
                0x080133f8      0x398 ./output/lora_app.o
                0x080133f8                Flash_Store_Config
 .text.Flash_Read_Config
                0x08013790      0x2e8 ./output/lora_app.o
                0x08013790                Flash_Read_Config
 .text.LORA_Init
                0x08013a78      0x2a8 ./output/lora_app.o
                0x08013a78                LORA_Init
 .text.Uplink_data_adaptive_rate
                0x08013d20       0x16 ./output/lora_app.o
                0x08013d20                Uplink_data_adaptive_rate
 *fill*         0x08013d36        0x2 
 .text.AT_data_send
                0x08013d38       0x6c ./output/lora_app.o
                0x08013d38                AT_data_send
 .text.hex2bin  0x08013da4       0x84 ./output/command.o
 .text.at_ver_func
                0x08013e28       0x50 ./output/command.o
 .text.at_debug_func
                0x08013e78       0x3c ./output/command.o
 .text.at_chsignaldetect_func
                0x08013eb4       0x88 ./output/command.o
 .text.at_dismacans_func
                0x08013f3c       0x78 ./output/command.o
 .text.at_disfcntcheck_func
                0x08013fb4       0x78 ./output/command.o
 .text.at_setmaxnbtrans_func
                0x0801402c       0x94 ./output/command.o
 .text.at_downlink_detect_func
                0x080140c0       0xb4 ./output/command.o
 .text.at_synctdc_func
                0x08014174       0x70 ./output/command.o
 .text.at_syncmod_func
                0x080141e4       0x74 ./output/command.o
 .text.at_leapsec_func
                0x08014258       0x6c ./output/command.o
 .text.at_rpl_func
                0x080142c4       0x74 ./output/command.o
 .text.at_rjtdc_func
                0x08014338       0x70 ./output/command.o
 .text.at_decrypt_func
                0x080143a8       0x74 ./output/command.o
 .text.at_rx2wto_func
                0x0801441c       0x70 ./output/command.o
 .text.at_rx1wto_func
                0x0801448c       0x70 ./output/command.o
 .text.at_devicetimereq_func
                0x080144fc       0x88 ./output/command.o
 .text.at_timestamp_func
                0x08014584       0xa0 ./output/command.o
 .text.at_recv_func
                0x08014624       0x74 ./output/command.o
 .text.at_recvb_func
                0x08014698       0x80 ./output/command.o
 .text.at_sleep_func
                0x08014718       0xb0 ./output/command.o
 .text.at_bat_func
                0x080147c8       0x40 ./output/command.o
 .text.at_che_func
                0x08014808       0x90 ./output/command.o
 .text.at_chs_func
                0x08014898       0x80 ./output/command.o
 .text.at_port_func
                0x08014918       0x6c ./output/command.o
 .text.at_rssi_func
                0x08014984       0x40 ./output/command.o
 .text.at_snr_func
                0x080149c4       0x40 ./output/command.o
 .text.at_cfm_func
                0x08014a04       0xf4 ./output/command.o
 .text.at_send_func
                0x08014af8       0xac ./output/command.o
 .text.at_sendb_func
                0x08014ba4      0x11c ./output/command.o
 .text.at_njs_func
                0x08014cc0       0x50 ./output/command.o
 .text.at_join_func
                0x08014d10       0x34 ./output/command.o
 .text.at_class_func
                0x08014d44       0x8c ./output/command.o
 .text.at_fcd_func
                0x08014dd0       0x8c ./output/command.o
 .text.at_fcu_func
                0x08014e5c       0x8c ./output/command.o
 .text.at_nwkid_func
                0x08014ee8       0xa8 ./output/command.o
 .text.at_jn2dl_func
                0x08014f90       0x8c ./output/command.o
 .text.at_jn1dl_func
                0x0801501c       0x8c ./output/command.o
 .text.at_rx2dl_func
                0x080150a8       0x8c ./output/command.o
 .text.at_rx1dl_func
                0x08015134       0x8c ./output/command.o
 .text.at_rx2dr_func
                0x080151c0       0xa4 ./output/command.o
 .text.at_rx2fq_func
                0x08015264       0xa8 ./output/command.o
 .text.at_pnm_func
                0x0801530c       0x98 ./output/command.o
 .text.at_txp_func
                0x080153a4       0x98 ./output/command.o
 .text.at_adr_func
                0x0801543c       0x98 ./output/command.o
 .text.at_njm_func
                0x080154d4       0x88 ./output/command.o
 .text.at_dcs_func
                0x0801555c       0x88 ./output/command.o
 .text.at_dr_func
                0x080155e4       0x90 ./output/command.o
 .text.at_nwkskey_func
                0x08015674       0xd8 ./output/command.o
 .text.at_appskey_func
                0x0801574c       0xd8 ./output/command.o
 .text.at_devaddr_func
                0x08015824       0x7c ./output/command.o
 .text.at_appkey_func
                0x080158a0       0xd8 ./output/command.o
 .text.at_appeui_func
                0x08015978       0xa8 ./output/command.o
 .text.at_deui_func
                0x08015a20       0xa8 ./output/command.o
 .text.at_fdr_func
                0x08015ac8       0x78 ./output/command.o
 .text.at_reset_func
                0x08015b40       0x30 ./output/command.o
 .text.set_at_receive
                0x08015b70       0x1c ./output/command.o
                0x08015b70                set_at_receive
 .text.write_buff_at_cfg
                0x08015b8c       0xdc ./output/command.o
                0x08015b8c                write_buff_at_cfg
 .text.linkwan_serial_input
                0x08015c68       0x7c ./output/command.o
                0x08015c68                linkwan_serial_input
 .text.linkwan_serial_output
                0x08015ce4       0x20 ./output/command.o
                0x08015ce4                linkwan_serial_output
 .text.at_cfg_func
                0x08015d04      0x198 ./output/command.o
 .text.linkwan_at_process
                0x08015e9c      0x23c ./output/command.o
                0x08015e9c                linkwan_at_process
 .text.linkwan_at_init
                0x080160d8       0x1c ./output/command.o
                0x080160d8                linkwan_at_init
 .text.RtcInit  0x080160f4       0x30 ./output/rtc-board.o
                0x080160f4                RtcInit
 .text.RtcSetTimeout
                0x08016124       0x70 ./output/rtc-board.o
                0x08016124                RtcSetTimeout
 .text.RtcStopTimeout
                0x08016194       0x14 ./output/rtc-board.o
                0x08016194                RtcStopTimeout
 .text.RtcGetTimerContext
                0x080161a8        0xc ./output/rtc-board.o
                0x080161a8                RtcGetTimerContext
 *fill*         0x080161b4        0x4 
 .text.RtcGetTimerValue
                0x080161b8      0x114 ./output/rtc-board.o
                0x080161b8                RtcGetTimerValue
 .text.RtcSetTimerContext
                0x080162cc       0x14 ./output/rtc-board.o
                0x080162cc                RtcSetTimerContext
 .text.RtcGetElapsedTime
                0x080162e0       0x18 ./output/rtc-board.o
                0x080162e0                RtcGetElapsedTime
 .text.RtcOnIrq
                0x080162f8       0x32 ./output/rtc-board.o
                0x080162f8                RtcOnIrq
 .text.BoardDisableIrq
                0x0801632a        0x4 ./output/sx1262-board.o
                0x0801632a                BoardDisableIrq
 .text.BoardEnableIrq
                0x0801632e        0x4 ./output/sx1262-board.o
                0x0801632e                BoardEnableIrq
 *fill*         0x08016332        0x2 
 .text.SpiInOut
                0x08016334       0x1c ./output/sx1262-board.o
                0x08016334                SpiInOut
 .text.SX126xLoracInit
                0x08016350       0x7c ./output/sx1262-board.o
                0x08016350                SX126xLoracInit
 .text.SX126xGetBoardTcxoWakeupTime
                0x080163cc        0x4 ./output/sx1262-board.o
                0x080163cc                SX126xGetBoardTcxoWakeupTime
 .text.SX126xReset
                0x080163d0       0x54 ./output/sx1262-board.o
                0x080163d0                SX126xReset
 .text.SX126xWaitOnBusy
                0x08016424       0x18 ./output/sx1262-board.o
                0x08016424                SX126xWaitOnBusy
 .text.SX126xWakeup
                0x0801643c       0x30 ./output/sx1262-board.o
                0x0801643c                SX126xWakeup
 .text.SX126xWriteCommand
                0x0801646c       0x50 ./output/sx1262-board.o
                0x0801646c                SX126xWriteCommand
 .text.SX126xReadCommand
                0x080164bc       0x48 ./output/sx1262-board.o
                0x080164bc                SX126xReadCommand
 .text.SX126xWriteRegisters
                0x08016504       0x4c ./output/sx1262-board.o
                0x08016504                SX126xWriteRegisters
 .text.SX126xWriteRegister
                0x08016550       0x16 ./output/sx1262-board.o
                0x08016550                SX126xWriteRegister
 *fill*         0x08016566        0x2 
 .text.SX126xReadRegisters
                0x08016568       0x54 ./output/sx1262-board.o
                0x08016568                SX126xReadRegisters
 .text.SX126xReadRegister
                0x080165bc       0x16 ./output/sx1262-board.o
                0x080165bc                SX126xReadRegister
 *fill*         0x080165d2        0x2 
 .text.SX126xWriteBuffer
                0x080165d4       0x4c ./output/sx1262-board.o
                0x080165d4                SX126xWriteBuffer
 .text.SX126xReadBuffer
                0x08016620       0x54 ./output/sx1262-board.o
                0x08016620                SX126xReadBuffer
 .text.SX126xSetRfTxPower
                0x08016674        0x6 ./output/sx1262-board.o
                0x08016674                SX126xSetRfTxPower
 .text.SX126xGetPaSelect
                0x0801667a        0x4 ./output/sx1262-board.o
                0x0801667a                SX126xGetPaSelect
 *fill*         0x0801667e        0x2 
 .text.SX126xAntSwOn
                0x08016680       0x10 ./output/sx1262-board.o
                0x08016680                SX126xAntSwOn
 .text.SX126xAntSwOff
                0x08016690       0x10 ./output/sx1262-board.o
                0x08016690                SX126xAntSwOff
 .text.rand1    0x080166a0       0x28 ./output/utilities.o
                0x080166a0                rand1
 .text.srand1   0x080166c8        0xc ./output/utilities.o
                0x080166c8                srand1
 .text.randr    0x080166d4       0x1a ./output/utilities.o
                0x080166d4                randr
 .text.memcpy1  0x080166ee       0x14 ./output/utilities.o
                0x080166ee                memcpy1
 .text.memcpyr  0x08016702       0x14 ./output/utilities.o
                0x08016702                memcpyr
 .text.memset1  0x08016716       0x14 ./output/utilities.o
                0x08016716                memset1
 .text.RadioCheckRfFrequency
                0x0801672a        0x4 ./output/radio.o
                0x0801672a                RadioCheckRfFrequency
 *fill*         0x0801672e        0x2 
 .text.RadioOnTxTimeoutIrq
                0x08016730       0x14 ./output/radio.o
                0x08016730                RadioOnTxTimeoutIrq
 .text.RadioOnRxTimeoutIrq
                0x08016744       0x14 ./output/radio.o
                0x08016744                RadioOnRxTimeoutIrq
 .text.RadioStandby
                0x08016758        0x6 ./output/radio.o
                0x08016758                RadioStandby
 *fill*         0x0801675e        0x2 
 .text.RadioInit
                0x08016760       0x6c ./output/radio.o
                0x08016760                RadioInit
 .text.RadioGetStatus
                0x080167cc       0x1c ./output/radio.o
                0x080167cc                RadioGetStatus
 .text.RadioSetChannel
                0x080167e8        0x4 ./output/radio.o
                0x080167e8                RadioSetChannel
 .text.RadioRssi
                0x080167ec        0x8 ./output/radio.o
                0x080167ec                RadioRssi
 .text.RadioSyncWord
                0x080167f4       0x14 ./output/radio.o
                0x080167f4                RadioSyncWord
 .text.RadioRead
                0x08016808        0x4 ./output/radio.o
                0x08016808                RadioRead
 .text.RadioWrite
                0x0801680c        0x4 ./output/radio.o
                0x0801680c                RadioWrite
 .text.RadioSend
                0x08016810       0x54 ./output/radio.o
                0x08016810                RadioSend
 .text.RadioSleep
                0x08016864       0x14 ./output/radio.o
                0x08016864                RadioSleep
 .text.RadioSetRxDutyCycle
                0x08016878        0x4 ./output/radio.o
                0x08016878                RadioSetRxDutyCycle
 .text.RadioStartCad
                0x0801687c       0x6c ./output/radio.o
                0x0801687c                RadioStartCad
 .text.RadioSetTxContinuousWave
                0x080168e8       0x4c ./output/radio.o
                0x080168e8                RadioSetTxContinuousWave
 .text.RadioWriteBuffer
                0x08016934        0x4 ./output/radio.o
                0x08016934                RadioWriteBuffer
 .text.RadioReadBuffer
                0x08016938        0x4 ./output/radio.o
                0x08016938                RadioReadBuffer
 .text.RadioGetWakeupTime
                0x0801693c        0xa ./output/radio.o
                0x0801693c                RadioGetWakeupTime
 *fill*         0x08016946        0x2 
 .text.RadioOnCadTimeoutIrq
                0x08016948       0x20 ./output/radio.o
                0x08016948                RadioOnCadTimeoutIrq
 .text.RadioGetFskBandwidthRegValue
                0x08016968       0x38 ./output/radio.o
 .text.RadioSetMaxPayloadLength
                0x080169a0       0x28 ./output/radio.o
                0x080169a0                RadioSetMaxPayloadLength
 .text.RadioSetModem
                0x080169c8       0x30 ./output/radio.o
                0x080169c8                RadioSetModem
 .text.RadioSetPublicNetwork
                0x080169f8       0x3c ./output/radio.o
                0x080169f8                RadioSetPublicNetwork
 .text.RadioRandom
                0x08016a34       0x3a ./output/radio.o
                0x08016a34                RadioRandom
 *fill*         0x08016a6e        0x2 
 .text.RadioRx  0x08016a70       0x44 ./output/radio.o
                0x08016a70                RadioRx
 .text.RadioRxBoosted
                0x08016ab4       0x40 ./output/radio.o
                0x08016ab4                RadioRxBoosted
 .text.RadioIrqProcess
                0x08016af4      0x21c ./output/radio.o
                0x08016af4                RadioIrqProcess
 .text.RadioSymbTime
                0x08016d10       0x2c ./output/radio.o
                0x08016d10                RadioSymbTime
 *fill*         0x08016d3c        0x4 
 .text.RadioSetRxConfig
                0x08016d40      0x21c ./output/radio.o
                0x08016d40                RadioSetRxConfig
 .text.RadioIsChannelFree
                0x08016f5c       0x88 ./output/radio.o
                0x08016f5c                RadioIsChannelFree
 *fill*         0x08016fe4        0x4 
 .text.RadioSetTxConfig
                0x08016fe8      0x190 ./output/radio.o
                0x08016fe8                RadioSetTxConfig
 .text.RadioTimeOnAir
                0x08017178      0x180 ./output/radio.o
                0x08017178                RadioTimeOnAir
 .text.RadioOnDioIrq
                0x080172f8       0x24 ./output/radio.o
                0x080172f8                RadioOnDioIrq
 .text.get_rssi
                0x0801731c        0xc ./output/radio.o
                0x0801731c                get_rssi
 .text.SX126xGetOperatingMode
                0x08017328        0xc ./output/sx126x.o
                0x08017328                SX126xGetOperatingMode
 .text.SX126xSetOperatingMode
                0x08017334        0xc ./output/sx126x.o
                0x08017334                SX126xSetOperatingMode
 .text.SX126xCheckDeviceReady
                0x08017340       0x64 ./output/sx126x.o
                0x08017340                SX126xCheckDeviceReady
 .text.SX126xSetPayload
                0x080173a4        0xa ./output/sx126x.o
                0x080173a4                SX126xSetPayload
 .text.SX126xSetSyncWord
                0x080173ae       0x12 ./output/sx126x.o
                0x080173ae                SX126xSetSyncWord
 .text.SX126xSetCrcSeed
                0x080173c0       0x28 ./output/sx126x.o
                0x080173c0                SX126xSetCrcSeed
 .text.SX126xSetCrcPolynomial
                0x080173e8       0x28 ./output/sx126x.o
                0x080173e8                SX126xSetCrcPolynomial
 .text.SX126xSetWhiteningSeed
                0x08017410       0x38 ./output/sx126x.o
                0x08017410                SX126xSetWhiteningSeed
 .text.SX126xSetSleep
                0x08017448       0x24 ./output/sx126x.o
                0x08017448                SX126xSetSleep
 .text.SX126xSetStandby
                0x0801746c       0x2c ./output/sx126x.o
                0x0801746c                SX126xSetStandby
 .text.SX126xSetTx
                0x08017498       0x2c ./output/sx126x.o
                0x08017498                SX126xSetTx
 .text.SX126xSendPayload
                0x080174c4       0x12 ./output/sx126x.o
                0x080174c4                SX126xSendPayload
 *fill*         0x080174d6        0x2 
 .text.SX126xSetRx
                0x080174d8       0x2c ./output/sx126x.o
                0x080174d8                SX126xSetRx
 .text.SX126xSetRxBoosted
                0x08017504       0x38 ./output/sx126x.o
                0x08017504                SX126xSetRxBoosted
 .text.SX126xSetRxDutyCycle
                0x0801753c       0x3c ./output/sx126x.o
                0x0801753c                SX126xSetRxDutyCycle
 .text.SX126xSetCad
                0x08017578       0x18 ./output/sx126x.o
                0x08017578                SX126xSetCad
 .text.SX126xSetTxContinuousWave
                0x08017590       0x14 ./output/sx126x.o
                0x08017590                SX126xSetTxContinuousWave
 .text.SX126xSetStopRxTimerOnPreambleDetect
                0x080175a4       0x16 ./output/sx126x.o
                0x080175a4                SX126xSetStopRxTimerOnPreambleDetect
 .text.SX126xSetLoRaSymbNumTimeout
                0x080175ba       0x16 ./output/sx126x.o
                0x080175ba                SX126xSetLoRaSymbNumTimeout
 .text.SX126xSetRegulatorMode
                0x080175d0       0x16 ./output/sx126x.o
                0x080175d0                SX126xSetRegulatorMode
 .text.SX126xCalibrate
                0x080175e6       0x16 ./output/sx126x.o
                0x080175e6                SX126xCalibrate
 .text.SX126xCalibrateImage
                0x080175fc       0x78 ./output/sx126x.o
                0x080175fc                SX126xCalibrateImage
 .text.SX126xSetPaConfig
                0x08017674       0x24 ./output/sx126x.o
                0x08017674                SX126xSetPaConfig
 .text.SX126xSetDioIrqParams
                0x08017698       0x38 ./output/sx126x.o
                0x08017698                SX126xSetDioIrqParams
 .text.SX126xGetIrqStatus
                0x080176d0       0x1e ./output/sx126x.o
                0x080176d0                SX126xGetIrqStatus
 .text.SX126xSetDio2AsRfSwitchCtrl
                0x080176ee       0x16 ./output/sx126x.o
                0x080176ee                SX126xSetDio2AsRfSwitchCtrl
 .text.SX126xSetDio3AsTcxoCtrl
                0x08017704       0x2c ./output/sx126x.o
                0x08017704                SX126xSetDio3AsTcxoCtrl
 .text.SX126xInit
                0x08017730       0x3c ./output/sx126x.o
                0x08017730                SX126xInit
 *fill*         0x0801776c        0x4 
 .text.SX126xSetRfFrequency
                0x08017770       0x5c ./output/sx126x.o
                0x08017770                SX126xSetRfFrequency
 .text.SX126xSetPacketType
                0x080177cc       0x20 ./output/sx126x.o
                0x080177cc                SX126xSetPacketType
 .text.SX126xGetPacketType
                0x080177ec        0xc ./output/sx126x.o
                0x080177ec                SX126xGetPacketType
 .text.SX126xSetTxParams
                0x080177f8       0xc4 ./output/sx126x.o
                0x080177f8                SX126xSetTxParams
 *fill*         0x080178bc        0x4 
 .text.SX126xSetModulationParams
                0x080178c0       0xc8 ./output/sx126x.o
                0x080178c0                SX126xSetModulationParams
 .text.SX126xSetPacketParams
                0x08017988       0xc4 ./output/sx126x.o
                0x08017988                SX126xSetPacketParams
 .text.SX126xSetCadParams
                0x08017a4c       0x3c ./output/sx126x.o
                0x08017a4c                SX126xSetCadParams
 .text.SX126xSetBufferBaseAddress
                0x08017a88       0x1a ./output/sx126x.o
                0x08017a88                SX126xSetBufferBaseAddress
 .text.SX126xGetRssiInst
                0x08017aa2       0x1a ./output/sx126x.o
                0x08017aa2                SX126xGetRssiInst
 .text.SX126xGetRxBufferStatus
                0x08017abc       0x48 ./output/sx126x.o
                0x08017abc                SX126xGetRxBufferStatus
 .text.SX126xGetPayload
                0x08017b04       0x30 ./output/sx126x.o
                0x08017b04                SX126xGetPayload
 .text.SX126xGetPacketStatus
                0x08017b34       0x7c ./output/sx126x.o
                0x08017b34                SX126xGetPacketStatus
 .text.SX126xClearIrqStatus
                0x08017bb0       0x1c ./output/sx126x.o
                0x08017bb0                SX126xClearIrqStatus
 .text.DelayMs  0x08017bcc        0x4 ./output/delay.o
                0x08017bcc                DelayMs
 .text.CalendarDiv60
                0x08017bd0       0x2e ./output/timer.o
 *fill*         0x08017bfe        0x2 
 .text.TimeStampsUpdate
                0x08017c00       0x2c ./output/timer.o
 .text.TimerInsertNewHeadTimer
                0x08017c2c       0x1c ./output/timer.o
 .text.SysTimeAdd
                0x08017c48       0x3c ./output/timer.o
                0x08017c48                SysTimeAdd
 .text.SysTimeSub
                0x08017c84       0x3c ./output/timer.o
                0x08017c84                SysTimeSub
 .text.SysTimeSet
                0x08017cc0       0x78 ./output/timer.o
                0x08017cc0                SysTimeSet
 .text.SysTimeGet
                0x08017d38       0x84 ./output/timer.o
                0x08017d38                SysTimeGet
 .text.SysTimeLocalTime
                0x08017dbc       0xcc ./output/timer.o
                0x08017dbc                SysTimeLocalTime
 .text.TimerInit
                0x08017e88        0xe ./output/timer.o
                0x08017e88                TimerInit
 *fill*         0x08017e96        0x2 
 .text.TimerStart
                0x08017e98       0x78 ./output/timer.o
                0x08017e98                TimerStart
 .text.TimerIrqHandler
                0x08017f10       0x70 ./output/timer.o
                0x08017f10                TimerIrqHandler
 .text.TimerStop
                0x08017f80       0x5c ./output/timer.o
                0x08017f80                TimerStop
 .text.TimerSetValue
                0x08017fdc       0x10 ./output/timer.o
                0x08017fdc                TimerSetValue
 .text.TimerGetCurrentTime
                0x08017fec        0x4 ./output/timer.o
                0x08017fec                TimerGetCurrentTime
 .text.TimerGetElapsedTime
                0x08017ff0       0x12 ./output/timer.o
                0x08017ff0                TimerGetElapsedTime
 .text.xor_block
                0x08018002       0x82 ./output/aes.o
 .text.copy_and_key
                0x08018084       0x84 ./output/aes.o
 .text.aes_set_key
                0x08018108       0xfc ./output/aes.o
                0x08018108                aes_set_key
 .text.aes_encrypt
                0x08018204      0x2f4 ./output/aes.o
                0x08018204                aes_encrypt
 .text.AES_CMAC_Init
                0x080184f8       0x20 ./output/cmac.o
                0x080184f8                AES_CMAC_Init
 .text.AES_CMAC_SetKey
                0x08018518        0xc ./output/cmac.o
                0x08018518                AES_CMAC_SetKey
 .text.AES_CMAC_Update
                0x08018524       0xbe ./output/cmac.o
                0x08018524                AES_CMAC_Update
 .text.AES_CMAC_Final
                0x080185e2      0x14a ./output/cmac.o
                0x080185e2                AES_CMAC_Final
 .text.RegionIsActive
                0x0801872c        0xa ./output/region.o
                0x0801872c                RegionIsActive
 .text.RegionGetPhyParam
                0x08018736       0x12 ./output/region.o
                0x08018736                RegionGetPhyParam
 .text.RegionSetBandTxDone
                0x08018748        0xc ./output/region.o
                0x08018748                RegionSetBandTxDone
 .text.RegionInitDefaults
                0x08018754        0xc ./output/region.o
                0x08018754                RegionInitDefaults
 .text.RegionVerify
                0x08018760       0x12 ./output/region.o
                0x08018760                RegionVerify
 .text.RegionApplyCFList
                0x08018772        0xc ./output/region.o
                0x08018772                RegionApplyCFList
 .text.RegionChanMaskSet
                0x0801877e        0xe ./output/region.o
                0x0801877e                RegionChanMaskSet
 .text.RegionAdrNext
                0x0801878c       0x20 ./output/region.o
                0x0801878c                RegionAdrNext
 .text.RegionComputeRxWindowParameters
                0x080187ac       0x1e ./output/region.o
                0x080187ac                RegionComputeRxWindowParameters
 .text.RegionRxConfig
                0x080187ca       0x12 ./output/region.o
                0x080187ca                RegionRxConfig
 .text.RegionTxConfig
                0x080187dc       0x1e ./output/region.o
                0x080187dc                RegionTxConfig
 .text.RegionLinkAdrReq
                0x080187fa       0x20 ./output/region.o
                0x080187fa                RegionLinkAdrReq
 .text.RegionRxParamSetupReq
                0x0801881a        0xe ./output/region.o
                0x0801881a                RegionRxParamSetupReq
 .text.RegionNewChannelReq
                0x08018828        0xe ./output/region.o
                0x08018828                RegionNewChannelReq
 .text.RegionTxParamSetupReq
                0x08018836        0xe ./output/region.o
                0x08018836                RegionTxParamSetupReq
 .text.RegionDlChannelReq
                0x08018844        0xe ./output/region.o
                0x08018844                RegionDlChannelReq
 .text.RegionAlternateDr
                0x08018852        0xe ./output/region.o
                0x08018852                RegionAlternateDr
 .text.RegionCalcBackOff
                0x08018860        0xc ./output/region.o
                0x08018860                RegionCalcBackOff
 .text.RegionNextChannel
                0x0801886c       0x20 ./output/region.o
                0x0801886c                RegionNextChannel
 .text.RegionSetContinuousWave
                0x0801888c        0xc ./output/region.o
                0x0801888c                RegionSetContinuousWave
 .text.RegionApplyDrOffset
                0x08018898       0x1e ./output/region.o
                0x08018898                RegionApplyDrOffset
 .text.RegionCommonChanVerifyDr
                0x080188b6       0x62 ./output/regioncommon.o
                0x080188b6                RegionCommonChanVerifyDr
 .text.RegionCommonValueInRange
                0x08018918       0x12 ./output/regioncommon.o
                0x08018918                RegionCommonValueInRange
 .text.RegionCommonChanDisable
                0x0801892a       0x2e ./output/regioncommon.o
                0x0801892a                RegionCommonChanDisable
 .text.RegionCommonCountChannels
                0x08018958       0x3a ./output/regioncommon.o
                0x08018958                RegionCommonCountChannels
 .text.RegionCommonChanMaskCopy
                0x08018992       0x1c ./output/regioncommon.o
                0x08018992                RegionCommonChanMaskCopy
 .text.RegionCommonSetBandTxDone
                0x080189ae        0xe ./output/regioncommon.o
                0x080189ae                RegionCommonSetBandTxDone
 .text.RegionCommonUpdateBandTimeOff
                0x080189bc      0x100 ./output/regioncommon.o
                0x080189bc                RegionCommonUpdateBandTimeOff
 .text.RegionCommonParseLinkAdrReq
                0x08018abc       0x34 ./output/regioncommon.o
                0x08018abc                RegionCommonParseLinkAdrReq
 .text.RegionCommonLinkAdrReqVerifyParams
                0x08018af0       0x8e ./output/regioncommon.o
                0x08018af0                RegionCommonLinkAdrReqVerifyParams
 *fill*         0x08018b7e        0x2 
 .text.RegionCommonComputeSymbolTimeLoRa
                0x08018b80       0x34 ./output/regioncommon.o
                0x08018b80                RegionCommonComputeSymbolTimeLoRa
 .text.RegionCommonComputeRxWindowParameters
                0x08018bb4       0xac ./output/regioncommon.o
                0x08018bb4                RegionCommonComputeRxWindowParameters
 .text.RegionCommonComputeTxPower
                0x08018c60       0x7e ./output/regioncommon.o
                0x08018c60                RegionCommonComputeTxPower
 .text.RegionCommonCalcBackOff
                0x08018cde       0x78 ./output/regioncommon.o
                0x08018cde                RegionCommonCalcBackOff
 *fill*         0x08018d56        0x2 
 .text.RegionUS915GetPhyParam
                0x08018d58       0xc4 ./output/regionus915.o
                0x08018d58                RegionUS915GetPhyParam
 .text.RegionUS915SetBandTxDone
                0x08018e1c       0x2c ./output/regionus915.o
                0x08018e1c                RegionUS915SetBandTxDone
 .text.RegionUS915InitDefaults
                0x08018e48      0x17c ./output/regionus915.o
                0x08018e48                RegionUS915InitDefaults
 .text.RegionUS915Verify
                0x08018fc4       0x78 ./output/regionus915.o
                0x08018fc4                RegionUS915Verify
 .text.RegionUS915ApplyCFList
                0x0801903c      0x100 ./output/regionus915.o
                0x0801903c                RegionUS915ApplyCFList
 .text.RegionUS915ChanMaskSet
                0x0801913c       0x60 ./output/regionus915.o
                0x0801913c                RegionUS915ChanMaskSet
 .text.RegionUS915AdrNext
                0x0801919c       0x6c ./output/regionus915.o
                0x0801919c                RegionUS915AdrNext
 .text.RegionUS915ComputeRxWindowParameters
                0x08019208       0x78 ./output/regionus915.o
                0x08019208                RegionUS915ComputeRxWindowParameters
 .text.RegionUS915RxConfig
                0x08019280      0x104 ./output/regionus915.o
                0x08019280                RegionUS915RxConfig
 .text.RegionUS915TxConfig
                0x08019384      0x188 ./output/regionus915.o
                0x08019384                RegionUS915TxConfig
 .text.RegionUS915LinkAdrReq
                0x0801950c      0x254 ./output/regionus915.o
                0x0801950c                RegionUS915LinkAdrReq
 .text.RegionUS915RxParamSetupReq
                0x08019760       0x84 ./output/regionus915.o
                0x08019760                RegionUS915RxParamSetupReq
 .text.RegionUS915NewChannelReq
                0x080197e4        0x4 ./output/regionus915.o
                0x080197e4                RegionUS915NewChannelReq
 .text.RegionUS915TxParamSetupReq
                0x080197e8        0x6 ./output/regionus915.o
                0x080197e8                RegionUS915TxParamSetupReq
 .text.RegionUS915DlChannelReq
                0x080197ee        0x4 ./output/regionus915.o
                0x080197ee                RegionUS915DlChannelReq
 .text.RegionUS915AlternateDr
                0x080197f2       0x1a ./output/regionus915.o
                0x080197f2                RegionUS915AlternateDr
 .text.RegionUS915CalcBackOff
                0x0801980c       0x48 ./output/regionus915.o
                0x0801980c                RegionUS915CalcBackOff
 .text.RegionUS915NextChannel
                0x08019854      0x260 ./output/regionus915.o
                0x08019854                RegionUS915NextChannel
 .text.RegionUS915SetContinuousWave
                0x08019ab4       0x84 ./output/regionus915.o
                0x08019ab4                RegionUS915SetContinuousWave
 .text.RegionUS915ApplyDrOffset
                0x08019b38       0x18 ./output/regionus915.o
                0x08019b38                RegionUS915ApplyDrOffset
 .text.ResetMacParameters
                0x08019b50       0x88 ./output/loramac.o
 .text.ValidatePayloadLength
                0x08019bd8       0x54 ./output/loramac.o
 .text.OnAckTimeoutTimerEvent
                0x08019c2c       0x3c ./output/loramac.o
 .text.PrepareRxDoneAbort
                0x08019c68       0x40 ./output/loramac.o
 .text.RxWindowSetup
                0x08019ca8       0x18 ./output/loramac.o
 .text.OnRxWindow1TimerEvent
                0x08019cc0       0x98 ./output/loramac.o
 .text.OnRxWindow2TimerEvent
                0x08019d58       0x90 ./output/loramac.o
 .text.OnRadioTxTimeout
                0x08019de8       0x3c ./output/loramac.o
 .text.OnRadioTxDone
                0x08019e24      0x128 ./output/loramac.o
 .text.OnRadioRxTimeout
                0x08019f4c       0x74 ./output/loramac.o
 .text.OnRadioRxError
                0x08019fc0       0x6c ./output/loramac.o
 .text.printf_joinmessage
                0x0801a02c       0xa0 ./output/loramac.o
                0x0801a02c                printf_joinmessage
 .text.PrepareFrame
                0x0801a0cc      0x3a0 ./output/loramac.o
                0x0801a0cc                PrepareFrame
 .text.SendFrameOnChannel
                0x0801a46c      0x120 ./output/loramac.o
                0x0801a46c                SendFrameOnChannel
 .text.ScheduleTx
                0x0801a58c      0x1f4 ./output/loramac.o
 .text.Send     0x0801a780       0x40 ./output/loramac.o
                0x0801a780                Send
 .text.OnTxDelayedTimerEvent
                0x0801a7c0       0x7c ./output/loramac.o
 .text.OnMacStateCheckTimerEvent
                0x0801a83c      0x428 ./output/loramac.o
 .text.SetTxContinuousWave
                0x0801ac64       0x60 ./output/loramac.o
                0x0801ac64                SetTxContinuousWave
 .text.SetTxContinuousWave1
                0x0801acc4       0x3c ./output/loramac.o
                0x0801acc4                SetTxContinuousWave1
 .text.LoRaMacInitialization
                0x0801ad00      0x2ac ./output/loramac.o
                0x0801ad00                LoRaMacInitialization
 .text.LoRaMacQueryTxPossible
                0x0801afac       0xf8 ./output/loramac.o
                0x0801afac                LoRaMacQueryTxPossible
 .text.LoRaMacMibGetRequestConfirm
                0x0801b0a4      0x12c ./output/loramac.o
                0x0801b0a4                LoRaMacMibGetRequestConfirm
 .text.ProcessMacCommands
                0x0801b1d0      0x68c ./output/loramac.o
 .text.OnRadioRxDone
                0x0801b85c      0x550 ./output/loramac.o
 .text.LoRaMacMibSetRequestConfirm
                0x0801bdac      0x2f0 ./output/loramac.o
                0x0801bdac                LoRaMacMibSetRequestConfirm
 .text.LoRaMacMlmeRequest
                0x0801c09c      0x204 ./output/loramac.o
                0x0801c09c                LoRaMacMlmeRequest
 .text.LoRaMacMcpsRequest
                0x0801c2a0      0x13c ./output/loramac.o
                0x0801c2a0                LoRaMacMcpsRequest
 .text.LoRaMacComputeMic
                0x0801c3dc       0x74 ./output/loramaccrypto.o
                0x0801c3dc                LoRaMacComputeMic
 .text.LoRaMacPayloadEncrypt
                0x0801c450      0x110 ./output/loramaccrypto.o
                0x0801c450                LoRaMacPayloadEncrypt
 .text.LoRaMacPayloadDecrypt
                0x0801c560        0xe ./output/loramaccrypto.o
                0x0801c560                LoRaMacPayloadDecrypt
 *fill*         0x0801c56e        0x2 
 .text.LoRaMacJoinComputeMic
                0x0801c570       0x40 ./output/loramaccrypto.o
                0x0801c570                LoRaMacJoinComputeMic
 .text.LoRaMacJoinDecrypt
                0x0801c5b0       0x44 ./output/loramaccrypto.o
                0x0801c5b0                LoRaMacJoinDecrypt
 .text.LoRaMacJoinComputeSKeys
                0x0801c5f4       0x94 ./output/loramaccrypto.o
                0x0801c5f4                LoRaMacJoinComputeSKeys
 .text.OnCertifTxNextPacketTimerEvent
                0x0801c688       0xb4 ./output/lora-test.o
 .text.certif_running
                0x0801c73c        0xc ./output/lora-test.o
                0x0801c73c                certif_running
 .text.certif_DownLinkIncrement
                0x0801c748       0x14 ./output/lora-test.o
                0x0801c748                certif_DownLinkIncrement
 .text.certif_linkCheck
                0x0801c75c       0x1c ./output/lora-test.o
                0x0801c75c                certif_linkCheck
 .text.certif_rx
                0x0801c778      0x1b8 ./output/lora-test.o
                0x0801c778                certif_rx
 .text.__libc_init_array
                0x0801c930       0x50 d:/keil_v5/arm/gcc-arm-none-eabi-5_4-2016q3-20160926-win32/bin/../lib/gcc/arm-none-eabi/5.4.1/../../../../arm-none-eabi/lib/armv7e-m\libc.a(lib_a-init.o)
                0x0801c930                __libc_init_array
 .text.memset   0x0801c980       0x9c d:/keil_v5/arm/gcc-arm-none-eabi-5_4-2016q3-20160926-win32/bin/../lib/gcc/arm-none-eabi/5.4.1/../../../../arm-none-eabi/lib/armv7e-m\libc.a(lib_a-memset.o)
                0x0801c980                memset
 .text.strncat  0x0801ca1c       0x5c d:/keil_v5/arm/gcc-arm-none-eabi-5_4-2016q3-20160926-win32/bin/../lib/gcc/arm-none-eabi/5.4.1/../../../../arm-none-eabi/lib/armv7e-m\libc.a(lib_a-strncat.o)
                0x0801ca1c                strncat
 .text.strncmp  0x0801ca78       0xa0 d:/keil_v5/arm/gcc-arm-none-eabi-5_4-2016q3-20160926-win32/bin/../lib/gcc/arm-none-eabi/5.4.1/../../../../arm-none-eabi/lib/armv7e-m\libc.a(lib_a-strncmp.o)
                0x0801ca78                strncmp
 .text.strtok   0x0801cb18       0x10 d:/keil_v5/arm/gcc-arm-none-eabi-5_4-2016q3-20160926-win32/bin/../lib/gcc/arm-none-eabi/5.4.1/../../../../arm-none-eabi/lib/armv7e-m\libc.a(lib_a-strtok.o)
                0x0801cb18                strtok
 .text.__strtok_r
                0x0801cb28       0x64 d:/keil_v5/arm/gcc-arm-none-eabi-5_4-2016q3-20160926-win32/bin/../lib/gcc/arm-none-eabi/5.4.1/../../../../arm-none-eabi/lib/armv7e-m\libc.a(lib_a-strtok_r.o)
                0x0801cb28                __strtok_r
 .text._strtol_l.isra.0
                0x0801cb8c      0x138 d:/keil_v5/arm/gcc-arm-none-eabi-5_4-2016q3-20160926-win32/bin/../lib/gcc/arm-none-eabi/5.4.1/../../../../arm-none-eabi/lib/armv7e-m\libc.a(lib_a-strtol.o)
 .text.strtol   0x0801ccc4       0x2c d:/keil_v5/arm/gcc-arm-none-eabi-5_4-2016q3-20160926-win32/bin/../lib/gcc/arm-none-eabi/5.4.1/../../../../arm-none-eabi/lib/armv7e-m\libc.a(lib_a-strtol.o)
                0x0801ccc4                strtol
 .text._strtoul_l.isra.0
                0x0801ccf0      0x168 d:/keil_v5/arm/gcc-arm-none-eabi-5_4-2016q3-20160926-win32/bin/../lib/gcc/arm-none-eabi/5.4.1/../../../../arm-none-eabi/lib/armv7e-m\libc.a(lib_a-strtoul.o)
 .text.strtoul  0x0801ce58       0x2c d:/keil_v5/arm/gcc-arm-none-eabi-5_4-2016q3-20160926-win32/bin/../lib/gcc/arm-none-eabi/5.4.1/../../../../arm-none-eabi/lib/armv7e-m\libc.a(lib_a-strtoul.o)
                0x0801ce58                strtoul
 .text.startup.register_fini
                0x0801ce84       0x14 d:/keil_v5/arm/gcc-arm-none-eabi-5_4-2016q3-20160926-win32/bin/../lib/gcc/arm-none-eabi/5.4.1/../../../../arm-none-eabi/lib/armv7e-m\libc.a(lib_a-__call_atexit.o)
 .text.atexit   0x0801ce98        0xc d:/keil_v5/arm/gcc-arm-none-eabi-5_4-2016q3-20160926-win32/bin/../lib/gcc/arm-none-eabi/5.4.1/../../../../arm-none-eabi/lib/armv7e-m\libc.a(lib_a-atexit.o)
                0x0801ce98                atexit
 .text.__libc_fini_array
                0x0801cea4       0x28 d:/keil_v5/arm/gcc-arm-none-eabi-5_4-2016q3-20160926-win32/bin/../lib/gcc/arm-none-eabi/5.4.1/../../../../arm-none-eabi/lib/armv7e-m\libc.a(lib_a-fini.o)
                0x0801cea4                __libc_fini_array
 .text.__locale_ctype_ptr_l
                0x0801cecc        0x8 d:/keil_v5/arm/gcc-arm-none-eabi-5_4-2016q3-20160926-win32/bin/../lib/gcc/arm-none-eabi/5.4.1/../../../../arm-none-eabi/lib/armv7e-m\libc.a(lib_a-locale.o)
                0x0801cecc                __locale_ctype_ptr_l
 .text.__ascii_mbtowc
                0x0801ced4       0x2c d:/keil_v5/arm/gcc-arm-none-eabi-5_4-2016q3-20160926-win32/bin/../lib/gcc/arm-none-eabi/5.4.1/../../../../arm-none-eabi/lib/armv7e-m\libc.a(lib_a-mbtowc_r.o)
                0x0801ced4                __ascii_mbtowc
 .text.__ascii_wctomb
                0x0801cf00       0x1c d:/keil_v5/arm/gcc-arm-none-eabi-5_4-2016q3-20160926-win32/bin/../lib/gcc/arm-none-eabi/5.4.1/../../../../arm-none-eabi/lib/armv7e-m\libc.a(lib_a-wctomb_r.o)
                0x0801cf00                __ascii_wctomb
 .text.__register_exitproc
                0x0801cf1c       0xa4 d:/keil_v5/arm/gcc-arm-none-eabi-5_4-2016q3-20160926-win32/bin/../lib/gcc/arm-none-eabi/5.4.1/../../../../arm-none-eabi/lib/armv7e-m\libc.a(lib_a-__atexit.o)
                0x0801cf1c                __register_exitproc
 .text.ceil     0x0801cfc0      0x110 d:/keil_v5/arm/gcc-arm-none-eabi-5_4-2016q3-20160926-win32/bin/../lib/gcc/arm-none-eabi/5.4.1/../../../../arm-none-eabi/lib/armv7e-m\libm.a(lib_a-s_ceil.o)
                0x0801cfc0                ceil
 .text.floor    0x0801d0d0      0x110 d:/keil_v5/arm/gcc-arm-none-eabi-5_4-2016q3-20160926-win32/bin/../lib/gcc/arm-none-eabi/5.4.1/../../../../arm-none-eabi/lib/armv7e-m\libm.a(lib_a-s_floor.o)
                0x0801d0d0                floor
 .text.rint     0x0801d1e0      0x118 d:/keil_v5/arm/gcc-arm-none-eabi-5_4-2016q3-20160926-win32/bin/../lib/gcc/arm-none-eabi/5.4.1/../../../../arm-none-eabi/lib/armv7e-m\libm.a(lib_a-s_rint.o)
                0x0801d1e0                rint
 .text.round    0x0801d2f8       0xa0 d:/keil_v5/arm/gcc-arm-none-eabi-5_4-2016q3-20160926-win32/bin/../lib/gcc/arm-none-eabi/5.4.1/../../../../arm-none-eabi/lib/armv7e-m\libm.a(lib_a-s_round.o)
                0x0801d2f8                round
 *(.glue_7)
 .glue_7        0x0801d398        0x0 linker stubs
 *(.glue_7t)
 .glue_7t       0x0801d398        0x0 linker stubs
 *(.eh_frame)
 .eh_frame      0x0801d398        0x0 d:/keil_v5/arm/gcc-arm-none-eabi-5_4-2016q3-20160926-win32/bin/../lib/gcc/arm-none-eabi/5.4.1/armv7e-m/crtbegin.o
 *(.init)
 .init          0x0801d398        0x4 d:/keil_v5/arm/gcc-arm-none-eabi-5_4-2016q3-20160926-win32/bin/../lib/gcc/arm-none-eabi/5.4.1/armv7e-m/crti.o
                0x0801d398                _init
 .init          0x0801d39c        0x8 d:/keil_v5/arm/gcc-arm-none-eabi-5_4-2016q3-20160926-win32/bin/../lib/gcc/arm-none-eabi/5.4.1/armv7e-m/crtn.o
 *(.fini)
 .fini          0x0801d3a4        0x4 d:/keil_v5/arm/gcc-arm-none-eabi-5_4-2016q3-20160926-win32/bin/../lib/gcc/arm-none-eabi/5.4.1/armv7e-m/crti.o
                0x0801d3a4                _fini
 .fini          0x0801d3a8        0x8 d:/keil_v5/arm/gcc-arm-none-eabi-5_4-2016q3-20160926-win32/bin/../lib/gcc/arm-none-eabi/5.4.1/armv7e-m/crtn.o
                0x0801d3b0                . = ALIGN (0x4)
                0x0801d3b0                _etext = .

.vfp11_veneer   0x0801d3b0        0x0
 .vfp11_veneer  0x0801d3b0        0x0 linker stubs

.v4_bx          0x0801d3b0        0x0
 .v4_bx         0x0801d3b0        0x0 linker stubs

.iplt           0x0801d3b0        0x0
 .iplt          0x0801d3b0        0x0 d:/keil_v5/arm/gcc-arm-none-eabi-5_4-2016q3-20160926-win32/bin/../lib/gcc/arm-none-eabi/5.4.1/armv7e-m/crtbegin.o

.rodata         0x0801d3b0     0x1d18
                0x0801d3b0                . = ALIGN (0x4)
 *(.rodata)
 .rodata        0x0801d3b0       0x50 ./output/printf-stdarg.o
 .rodata        0x0801d400        0xa ./output/main.o
 *fill*         0x0801d40a        0x2 
 .rodata        0x0801d40c      0x1c0 ./output/command.o
 .rodata        0x0801d5cc       0x18 ./output/rtc-board.o
 *fill*         0x0801d5e4        0x4 
 .rodata        0x0801d5e8      0x194 ./output/radio.o
                0x0801d5ec                FskBandwidths
                0x0801d700                Bandwidths
                0x0801d70c                Radio
 .rodata        0x0801d77c      0x300 ./output/aes.o
 .rodata        0x0801da7c       0x84 ./output/regionus915.o
 .rodata        0x0801db00       0x10 ./output/loramac.o
 *(.rodata*)
 .rodata.str1.1
                0x0801db10       0x19 ./output/printf-stdarg.o
 .rodata.str1.1
                0x0801db29      0x2c8 ./output/main.o
                                0x2cb (size before relaxing)
 .rodata.str1.1
                0x0801ddf1       0x3b ./output/tremo_it.o
 .rodata.str1.1
                0x0801de2c      0x15b ./output/lora_app.o
                                0x171 (size before relaxing)
 .rodata.str1.1
                0x0801df87      0xdd2 ./output/command.o
                                0xe2a (size before relaxing)
 .rodata.str1.1
                0x0801ed59       0x3e ./output/radio.o
 .rodata.str1.1
                0x0801ed97       0x1c ./output/timer.o
 .rodata.str1.1
                0x0801edb3       0x78 ./output/regionus915.o
                                 0x7e (size before relaxing)
 .rodata.str1.1
                0x0801ee2b      0x16f ./output/loramac.o
                                0x172 (size before relaxing)
 *fill*         0x0801ef9a        0x2 
 .rodata._global_impure_ptr
                0x0801ef9c        0x4 d:/keil_v5/arm/gcc-arm-none-eabi-5_4-2016q3-20160926-win32/bin/../lib/gcc/arm-none-eabi/5.4.1/../../../../arm-none-eabi/lib/armv7e-m\libc.a(lib_a-impure.o)
                0x0801ef9c                _global_impure_ptr
 .rodata.str1.4
                0x0801efa0       0x14 d:/keil_v5/arm/gcc-arm-none-eabi-5_4-2016q3-20160926-win32/bin/../lib/gcc/arm-none-eabi/5.4.1/../../../../arm-none-eabi/lib/armv7e-m\libc.a(lib_a-locale.o)
                                 0x12 (size before relaxing)
 .rodata._ctype_
                0x0801efb4      0x101 d:/keil_v5/arm/gcc-arm-none-eabi-5_4-2016q3-20160926-win32/bin/../lib/gcc/arm-none-eabi/5.4.1/../../../../arm-none-eabi/lib/armv7e-m\libc.a(lib_a-ctype_.o)
                0x0801efb4                _ctype_
 *fill*         0x0801f0b5        0x3 
 .rodata.TWO52  0x0801f0b8       0x10 d:/keil_v5/arm/gcc-arm-none-eabi-5_4-2016q3-20160926-win32/bin/../lib/gcc/arm-none-eabi/5.4.1/../../../../arm-none-eabi/lib/armv7e-m\libm.a(lib_a-s_rint.o)
                0x0801f0c8                . = ALIGN (0x4)

.ARM.extab
 *(.ARM.extab* .gnu.linkonce.armextab.*)

.ARM            0x0801f0c8        0x8
                0x0801f0c8                __exidx_start = .
 *(.ARM.exidx*)
 .ARM.exidx     0x0801f0c8        0x8 d:/keil_v5/arm/gcc-arm-none-eabi-5_4-2016q3-20160926-win32/bin/../lib/gcc/arm-none-eabi/5.4.1/armv7e-m\libgcc.a(_udivmoddi4.o)
                0x0801f0d0                __exidx_end = .

.rel.dyn        0x0801f0d0        0x0
 .rel.iplt      0x0801f0d0        0x0 d:/keil_v5/arm/gcc-arm-none-eabi-5_4-2016q3-20160926-win32/bin/../lib/gcc/arm-none-eabi/5.4.1/armv7e-m/crtbegin.o

.preinit_array  0x0801f0d0        0x0
                0x0801f0d0                PROVIDE (__preinit_array_start, .)
 *(.preinit_array*)
                0x0801f0d0                PROVIDE (__preinit_array_end, .)

.init_array     0x0801f0d0        0x8
                0x0801f0d0                PROVIDE (__init_array_start, .)
 *(SORT(.init_array.*))
 .init_array.00000
                0x0801f0d0        0x4 d:/keil_v5/arm/gcc-arm-none-eabi-5_4-2016q3-20160926-win32/bin/../lib/gcc/arm-none-eabi/5.4.1/../../../../arm-none-eabi/lib/armv7e-m\libc.a(lib_a-__call_atexit.o)
 *(.init_array*)
 .init_array    0x0801f0d4        0x4 d:/keil_v5/arm/gcc-arm-none-eabi-5_4-2016q3-20160926-win32/bin/../lib/gcc/arm-none-eabi/5.4.1/armv7e-m/crtbegin.o
                0x0801f0d8                PROVIDE (__init_array_end, .)

.fini_array     0x0801f0d8        0x4
                0x0801f0d8                PROVIDE (__fini_array_start, .)
 *(SORT(.fini_array.*))
 *(.fini_array*)
 .fini_array    0x0801f0d8        0x4 d:/keil_v5/arm/gcc-arm-none-eabi-5_4-2016q3-20160926-win32/bin/../lib/gcc/arm-none-eabi/5.4.1/armv7e-m/crtbegin.o
                0x0801f0dc                PROVIDE (__fini_array_end, .)
                0x0801f0dc                _sidata = LOADADDR (.data)

.data           0x20000000      0x6d0 load address 0x0801f0dc
                0x20000000                . = ALIGN (0x4)
                0x20000000                _sdata = .
 *(.data)
 .data          0x20000000       0x3e ./output/main.o
                0x20000000                g_log_level
                0x2000000c                UTC_Request
                0x20000012                REJOIN_TX_DUTYCYCLE
 *fill*         0x2000003e        0x2 
 .data          0x20000040       0x5c ./output/lora_app.o
                0x20000098                band_string
 .data          0x2000009c        0x4 ./output/utilities.o
 .data          0x200000a0        0x1 ./output/radio.o
                0x200000a0                MaxPayloadLength
 *fill*         0x200000a1        0x3 
 .data          0x200000a4       0x4c ./output/timer.o
                0x200000d4                WeekDayString
 .data          0x200000f0       0x20 ./output/regionus915.o
 .data          0x20000110        0x4 ./output/loramac.o
                0x20000113                printf_channel_mask_onece
 .data          0x20000114       0x20 ./output/loramaccrypto.o
 *(.data*)
 *fill*         0x20000134        0x4 
 .data.impure_data
                0x20000138      0x428 d:/keil_v5/arm/gcc-arm-none-eabi-5_4-2016q3-20160926-win32/bin/../lib/gcc/arm-none-eabi/5.4.1/../../../../arm-none-eabi/lib/armv7e-m\libc.a(lib_a-impure.o)
 .data._impure_ptr
                0x20000560        0x4 d:/keil_v5/arm/gcc-arm-none-eabi-5_4-2016q3-20160926-win32/bin/../lib/gcc/arm-none-eabi/5.4.1/../../../../arm-none-eabi/lib/armv7e-m\libc.a(lib_a-impure.o)
                0x20000560                _impure_ptr
 .data.__global_locale
                0x20000564      0x16c d:/keil_v5/arm/gcc-arm-none-eabi-5_4-2016q3-20160926-win32/bin/../lib/gcc/arm-none-eabi/5.4.1/../../../../arm-none-eabi/lib/armv7e-m\libc.a(lib_a-locale.o)
                0x20000564                __global_locale
                0x200006d0                . = ALIGN (0x4)
                0x200006d0                _edata = .

.jcr            0x200006d0        0x0 load address 0x0801f7ac
 .jcr           0x200006d0        0x0 d:/keil_v5/arm/gcc-arm-none-eabi-5_4-2016q3-20160926-win32/bin/../lib/gcc/arm-none-eabi/5.4.1/armv7e-m/crtbegin.o

.igot.plt       0x200006d0        0x0 load address 0x0801f7ac
 .igot.plt      0x200006d0        0x0 d:/keil_v5/arm/gcc-arm-none-eabi-5_4-2016q3-20160926-win32/bin/../lib/gcc/arm-none-eabi/5.4.1/armv7e-m/crtbegin.o
                0x200006d0                . = ALIGN (0x4)

.bss            0x200006d0     0x2e20 load address 0x0801f7ac
                0x200006d0                _sbss = .
                0x200006d0                __bss_start__ = _sbss
 *(.bss)
 .bss           0x200006d0       0x1c d:/keil_v5/arm/gcc-arm-none-eabi-5_4-2016q3-20160926-win32/bin/../lib/gcc/arm-none-eabi/5.4.1/armv7e-m/crtbegin.o
 .bss           0x200006ec      0x49d ./output/printf-stdarg.o
                0x200006ec                printf_dma_idx_w
                0x200006ee                printf_dma_idx_r
                0x200006f0                printf_dma_queue
                0x20000b88                printf_dma_busy
 .bss           0x20000b89        0x1 ./output/tremo_delay.o
 .bss           0x20000b8a     0x1751 ./output/main.o
                0x20000b8a                rejoin_status
                0x20000b8b                unconfirmed_uplink_change_to_confirmed_uplink_status
                0x20000b8c                is_time_to_rejoin
                0x20000b8d                LoRaMacState_error_times
                0x20000b8e                is_PDTA_command
                0x20000b8f                is_PLDTA_command
                0x20000b90                is_time_to_IWDG_Refresh
                0x20000b91                is_lora_joined
                0x20000b92                is_lora_joined_keep_status
                0x20000b93                time_synchronization_interval
                0x20000b94                UTC_Accept
                0x20000b95                time_synchronization_method
                0x20000b96                is_there_data
                0x200021a9                atz_flags
                0x200021aa                is_time_to_reply_downlink
                0x200021ab                confirmed_uplink_retransmission_nbtrials
                0x200021ac                confirmed_uplink_counter_retransmission_increment_switch
                0x200021ad                response_level
                0x200021ae                mac_response_flag
                0x200021af                currentLeapSecond
                0x200021b0                downlink_detect_switch
                0x200021b2                unconfirmed_uplink_change_to_confirmed_uplink_timeout
                0x200021b4                downlink_detect_timeout
                0x200021b6                LinkADR_NbTrans_retransmission_nbtrials
                0x200021b7                LinkADR_NbTrans_uplink_counter_retransmission_increment_switch
                0x200021b8                joined_led
                0x200021b9                rejoin_keep_status
                0x200021ba                join_led_timeout_status
                0x200021bb                MAC_COMMAND_ANS_status
                0x200021bc                unconfirmed_downlink_data_ans_status
                0x200021bd                confirmed_downlink_data_ans_status
                0x200021be                JoinReq_NbTrails_over
                0x200021bf                sleep_status
                0x200021c0                downlink_received_status
                0x200021c1                EnterLowPowerStopModeStatus
                0x200021c2                EnterLowPowerStopMode_error_times
                0x200021c3                uart_all_data_rx_done_flag
                0x200021c4                uart_rx_data_from_esp32
                0x200021e4                uart_esp32_rx_data_len_index
                0x200021e5                retrieval_uplink_time
                0x200021e6                payloadlens
                0x200022d9                Data_Record_Flag
                0x200022da                Poll_Message_Flag
 *fill*         0x200022db        0x1 
 .bss           0x200022dc       0x49 ./output/lora_app.o
                0x200022dc                lora_packet_send_complete_status
                0x200022f8                current_firmware_ver
                0x200022f9                current_fre_band
                0x2000230c                product_id
                0x2000230d                decrypt_flag
                0x2000230e                product_id_read_in_flash
                0x2000230f                fre_band_read_in_flash
                0x20002310                firmware_ver_read_in_flash
                0x20002324                FDR_status
 *fill*         0x20002325        0x3 
 .bss           0x20002328      0x113 ./output/command.o
                0x20002328                debug_flags
                0x20002329                write_config_in_flash_status
                0x2000232a                flag2
                0x2000232b                flag1
                0x2000232c                atrecve_flag
                0x20002433                write_key_in_flash_status
                0x20002434                atcmd_index
                0x20002436                g_atcmd_processing
                0x20002438                power_time
                0x2000243a                parse_flag
 *fill*         0x2000243b        0x1 
 .bss           0x2000243c        0x9 ./output/rtc-board.o
                0x20002440                McuWakeUpTime
                0x20002444                NonScheduledWakeUp
 .bss           0x20002445        0x1 ./output/sx1262-board.o
                0x20002445                gPaOptSetting
 *fill*         0x20002446        0x2 
 .bss           0x20002448       0x16 ./output/radio.o
                0x2000244c                IrqFired
                0x20002450                TxTimeout
                0x20002456                RxContinuous
                0x20002458                RxTimeout
                0x2000245c                txtimeout_times
                0x2000245d                rssi_temp
 *fill*         0x2000245e        0x2 
 .bss           0x20002460        0x8 ./output/sx126x.o
                0x20002464                FrequencyError
 .bss           0x20002468        0x5 ./output/timer.o
                0x2000246c                HasLoopedThroughMain
 *fill*         0x2000246d        0x3 
 .bss           0x20002470      0x393 ./output/regionus915.o
 *fill*         0x20002803        0x5 
 .bss           0x20002808      0x465 ./output/loramac.o
                0x2000282c                LoRaMacState
                0x200028a8                LastTxdoneTime
                0x20002c08                jr_flag
                0x20002c09                jr_nb
                0x20002c10                TxTimeOnAir
                0x20002c68                DR_small
                0x20002c69                address_flags
                0x20002c6a                ser_ack_record
                0x20002c6b                ser_ack_record2
                0x20002c6c                ser_ack
 *fill*         0x20002c6d        0x3 
 .bss           0x20002c70      0x229 ./output/loramaccrypto.o
 *fill*         0x20002e99        0x3 
 .bss           0x20002e9c      0x115 ./output/lora-test.o
 *(.bss*)
 *(COMMON)
 *fill*         0x20002fb1        0x3 
 COMMON         0x20002fb4       0x20 ./output/tremo_dma.o
                0x20002fb4                g_dma_callback_handler
 COMMON         0x20002fd4       0x94 ./output/main.o
                0x20002fd4                payload_oversize
                0x20002fd8                NetworkJoinedLedTimer
                0x20002fec                batteryLevel_mV
                0x20002ff0                CalibrationUTCTimer
                0x20003004                DownlinkDetectTimeoutTimer
                0x20003018                ReJoinTimer
                0x2000302c                UnconfirmedUplinkChangeToConfirmedUplinkTimeoutTimer
                0x20003040                IWDGRefreshTimer
                0x20003054                downlinkLedTimer
 COMMON         0x20003068        0x8 ./output/lora_app.o
                0x20003068                RX2DR_setting_status
                0x20003069                down_check
                0x2000306c                LoRaMainCallbacks
 COMMON         0x20003070      0x1fb ./output/command.o
                0x20003070                exitintmode
                0x20003071                symbtime1_value
                0x20003072                exitmode
                0x20003073                dwelltime
                0x20003074                atcmd
                0x2000326a                symbtime2_value
 *fill*         0x2000326b        0x5 
 COMMON         0x20003270       0x18 ./output/rtc-board.o
                0x20003270                RtcCalendarContext
                0x20003280                RtcTimerContext
 COMMON         0x20003288      0x190 ./output/radio.o
                0x20003288                irqRegs
                0x2000328c                SX126x
                0x200032c8                TxTimeoutTimer
                0x200032dc                RadioRxPayload
                0x200033dc                CadTimeoutTimer
                0x200033f0                RadioPktStatus
                0x20003404                RxTimeoutTimer
 COMMON         0x20003418       0xd8 ./output/loramac.o
                0x20003418                MacStateCheckTimer
                0x2000342c                RxWindowTimer2
                0x20003440                RxWindowTimer1
                0x20003454                LoRaMacFlags
                0x20003458                LoRaMacParamsDefaults
                0x20003490                TxDelayedTimer
                0x200034a4                LoRaMacParams