Archive member included to satisfy reference by file (symbol)

d:/keil_v5/arm/gcc-arm-none-eabi-5_4-2016q3-20160926-win32/bin/../lib/gcc/arm-none-eabi/5.4.1/armv7e-m\libgcc.a(_arm_addsubdf3.o)
                              ./output/printf-stdarg.o (__aeabi_dsub)
d:/keil_v5/arm/gcc-arm-none-eabi-5_4-2016q3-20160926-win32/bin/../lib/gcc/arm-none-eabi/5.4.1/armv7e-m\libgcc.a(_arm_muldivdf3.o)
                              ./output/printf-stdarg.o (__aeabi_dmul)
d:/keil_v5/arm/gcc-arm-none-eabi-5_4-2016q3-20160926-win32/bin/../lib/gcc/arm-none-eabi/5.4.1/armv7e-m\libgcc.a(_arm_cmpdf2.o)
                              ./output/printf-stdarg.o (__aeabi_dcmpeq)
d:/keil_v5/arm/gcc-arm-none-eabi-5_4-2016q3-20160926-win32/bin/../lib/gcc/arm-none-eabi/5.4.1/armv7e-m\libgcc.a(_arm_fixdfsi.o)
                              ./output/printf-stdarg.o (__aeabi_d2iz)
d:/keil_v5/arm/gcc-arm-none-eabi-5_4-2016q3-20160926-win32/bin/../lib/gcc/arm-none-eabi/5.4.1/armv7e-m\libgcc.a(_arm_fixunsdfsi.o)
                              ./output/printf-stdarg.o (__aeabi_d2uiz)
d:/keil_v5/arm/gcc-arm-none-eabi-5_4-2016q3-20160926-win32/bin/../lib/gcc/arm-none-eabi/5.4.1/armv7e-m\libgcc.a(_aeabi_uldivmod.o)
                              ./output/printf-stdarg.o (__aeabi_uldivmod)
d:/keil_v5/arm/gcc-arm-none-eabi-5_4-2016q3-20160926-win32/bin/../lib/gcc/arm-none-eabi/5.4.1/armv7e-m\libgcc.a(_fixunsdfdi.o)
                              ./output/rtc-board.o (__aeabi_d2ulz)
d:/keil_v5/arm/gcc-arm-none-eabi-5_4-2016q3-20160926-win32/bin/../lib/gcc/arm-none-eabi/5.4.1/armv7e-m\libgcc.a(_udivmoddi4.o)
                              d:/keil_v5/arm/gcc-arm-none-eabi-5_4-2016q3-20160926-win32/bin/../lib/gcc/arm-none-eabi/5.4.1/armv7e-m\libgcc.a(_aeabi_uldivmod.o) (__udivmoddi4)
d:/keil_v5/arm/gcc-arm-none-eabi-5_4-2016q3-20160926-win32/bin/../lib/gcc/arm-none-eabi/5.4.1/armv7e-m\libgcc.a(_dvmd_tls.o)
                              d:/keil_v5/arm/gcc-arm-none-eabi-5_4-2016q3-20160926-win32/bin/../lib/gcc/arm-none-eabi/5.4.1/armv7e-m\libgcc.a(_aeabi_uldivmod.o) (__aeabi_ldiv0)
d:/keil_v5/arm/gcc-arm-none-eabi-5_4-2016q3-20160926-win32/bin/../lib/gcc/arm-none-eabi/5.4.1/../../../../arm-none-eabi/lib/armv7e-m\libc.a(lib_a-exit.o)
                              d:/keil_v5/arm/gcc-arm-none-eabi-5_4-2016q3-20160926-win32/bin/../lib/gcc/arm-none-eabi/5.4.1/../../../../arm-none-eabi/lib/armv7e-m/crt0.o (exit)
d:/keil_v5/arm/gcc-arm-none-eabi-5_4-2016q3-20160926-win32/bin/../lib/gcc/arm-none-eabi/5.4.1/../../../../arm-none-eabi/lib/armv7e-m\libc.a(lib_a-impure.o)
                              d:/keil_v5/arm/gcc-arm-none-eabi-5_4-2016q3-20160926-win32/bin/../lib/gcc/arm-none-eabi/5.4.1/../../../../arm-none-eabi/lib/armv7e-m\libc.a(lib_a-exit.o) (_global_impure_ptr)
d:/keil_v5/arm/gcc-arm-none-eabi-5_4-2016q3-20160926-win32/bin/../lib/gcc/arm-none-eabi/5.4.1/../../../../arm-none-eabi/lib/armv7e-m\libc.a(lib_a-init.o)
                              d:/keil_v5/arm/gcc-arm-none-eabi-5_4-2016q3-20160926-win32/bin/../lib/gcc/arm-none-eabi/5.4.1/../../../../arm-none-eabi/lib/armv7e-m/crt0.o (__libc_init_array)
d:/keil_v5/arm/gcc-arm-none-eabi-5_4-2016q3-20160926-win32/bin/../lib/gcc/arm-none-eabi/5.4.1/../../../../arm-none-eabi/lib/armv7e-m\libc.a(lib_a-memset.o)
                              d:/keil_v5/arm/gcc-arm-none-eabi-5_4-2016q3-20160926-win32/bin/../lib/gcc/arm-none-eabi/5.4.1/../../../../arm-none-eabi/lib/armv7e-m/crt0.o (memset)
d:/keil_v5/arm/gcc-arm-none-eabi-5_4-2016q3-20160926-win32/bin/../lib/gcc/arm-none-eabi/5.4.1/../../../../arm-none-eabi/lib/armv7e-m\libc.a(lib_a-strcmp.o)
                              ./output/command.o (strcmp)
d:/keil_v5/arm/gcc-arm-none-eabi-5_4-2016q3-20160926-win32/bin/../lib/gcc/arm-none-eabi/5.4.1/../../../../arm-none-eabi/lib/armv7e-m\libc.a(lib_a-strlen.o)
                              ./output/main.o (strlen)
d:/keil_v5/arm/gcc-arm-none-eabi-5_4-2016q3-20160926-win32/bin/../lib/gcc/arm-none-eabi/5.4.1/../../../../arm-none-eabi/lib/armv7e-m\libc.a(lib_a-strncmp.o)
                              ./output/main.o (strncmp)
d:/keil_v5/arm/gcc-arm-none-eabi-5_4-2016q3-20160926-win32/bin/../lib/gcc/arm-none-eabi/5.4.1/../../../../arm-none-eabi/lib/armv7e-m\libc.a(lib_a-strtok.o)
                              ./output/command.o (strtok)
d:/keil_v5/arm/gcc-arm-none-eabi-5_4-2016q3-20160926-win32/bin/../lib/gcc/arm-none-eabi/5.4.1/../../../../arm-none-eabi/lib/armv7e-m\libc.a(lib_a-strtok_r.o)
                              d:/keil_v5/arm/gcc-arm-none-eabi-5_4-2016q3-20160926-win32/bin/../lib/gcc/arm-none-eabi/5.4.1/../../../../arm-none-eabi/lib/armv7e-m\libc.a(lib_a-strtok.o) (__strtok_r)
d:/keil_v5/arm/gcc-arm-none-eabi-5_4-2016q3-20160926-win32/bin/../lib/gcc/arm-none-eabi/5.4.1/../../../../arm-none-eabi/lib/armv7e-m\libc.a(lib_a-strtol.o)
                              ./output/command.o (strtol)
[...]
Memory Configuration

Name             Origin             Length             Attributes
FLASH            0x0800d000         0x00040000         xr
RAM              0x20000000         0x00010000         xrw
*default*        0x00000000         0xffffffff

Linker script and memory map

LOAD d:/keil_v5/arm/gcc-arm-none-eabi-5_4-2016q3-20160926-win32/bin/../lib/gcc/arm-none-eabi/5.4.1/armv7e-m/crti.o
LOAD d:/keil_v5/arm/gcc-arm-none-eabi-5_4-2016q3-20160926-win32/bin/../lib/gcc/arm-none-eabi/5.4.1/armv7e-m/crtbegin.o
LOAD d:/keil_v5/arm/gcc-arm-none-eabi-5_4-2016q3-20160926-win32/bin/../lib/gcc/arm-none-eabi/5.4.1/../../../../arm-none-eabi/lib/armv7e-m/crt0.o
LOAD ./output/printf-stdarg.o
LOAD ./output/startup_cm4.o
LOAD ./output/system_cm4.o
LOAD ./output/tremo_adc.o
LOAD ./output/tremo_bstimer.o
LOAD ./output/tremo_crc.o
LOAD ./output/tremo_dac.o
LOAD ./output/tremo_delay.o
LOAD ./output/tremo_dma.o
LOAD ./output/tremo_flash.o
LOAD ./output/tremo_gpio.o
LOAD ./output/tremo_i2c.o
LOAD ./output/tremo_i2s.o
LOAD ./output/tremo_iwdg.o
LOAD ./output/tremo_lcd.o
LOAD ./output/tremo_lptimer.o
LOAD ./output/tremo_lpuart.o
LOAD ./output/tremo_pwr.o
LOAD ./output/tremo_rcc.o
LOAD ./output/tremo_rtc.o
LOAD ./output/tremo_spi.o
LOAD ./output/tremo_system.o
LOAD ./output/tremo_timer.o
LOAD ./output/tremo_uart.o
LOAD ./output/tremo_wdg.o
LOAD ./output/bsp.o
LOAD ./output/flash_eraseprogram.o
LOAD ./output/main.o
LOAD ./output/tremo_it.o
LOAD ./output/lora_app.o
LOAD ./output/command.o
LOAD ./output/rtc-board.o
LOAD ./output/sx1262-board.o
LOAD ./output/utilities.o
LOAD ./output/radio.o
LOAD ./output/sx126x.o
LOAD ./output/delay.o
LOAD ./output/timer.o
LOAD ./output/aes.o
LOAD ./output/cmac.o
LOAD ./output/region.o
LOAD ./output/regionas923.o
LOAD ./output/regionau915.o
LOAD ./output/regioncn470.o
LOAD ./output/regioncn779.o
LOAD ./output/regioncommon.o
LOAD ./output/regioneu433.o
LOAD ./output/regioneu868.o
LOAD ./output/regionin865.o
LOAD ./output/regionkr920.o
LOAD ./output/regionkz865.o
LOAD ./output/regionma869.o
LOAD ./output/regionru864.o
LOAD ./output/regionus915.o
LOAD ./output/loramac.o
LOAD ./output/loramaccrypto.o
LOAD ./output/lora-test.o
START GROUP
LOAD d:/keil_v5/arm/gcc-arm-none-eabi-5_4-2016q3-20160926-win32/bin/../lib/gcc/arm-none-eabi/5.4.1/armv7e-m\libgcc.a
LOAD d:/keil_v5/arm/gcc-arm-none-eabi-5_4-2016q3-20160926-win32/bin/../lib/gcc/arm-none-eabi/5.4.1/../../../../arm-none-eabi/lib/armv7e-m\libc.a
END GROUP
LOAD d:/keil_v5/arm/gcc-arm-none-eabi-5_4-2016q3-20160926-win32/bin/../lib/gcc/arm-none-eabi/5.4.1/armv7e-m/crtend.o
LOAD d:/keil_v5/arm/gcc-arm-none-eabi-5_4-2016q3-20160926-win32/bin/../lib/gcc/arm-none-eabi/5.4.1/armv7e-m/crtn.o
                0x2000f000                _estack = 0x2000f000
                0x00001000                _HEAP_SIZE = 0x1000
                0x00001000                _STACK_SIZE = 0x1000

.isr_vector     0x0800d000       0xd4
                0x0800d000                . = ALIGN (0x4)
 *(.isr_vector)
 .isr_vector    0x0800d000       0xd4 ./output/startup_cm4.o
                0x0800d000                g_pfnVectors
                0x0800d0d4                . = ALIGN (0x4)

.text           0x0800d100     0xfdd0
                0x0800d100                . = ALIGN (0x4)
 *(.text)
 .text          0x0800d100       0x5c d:/keil_v5/arm/gcc-arm-none-eabi-5_4-2016q3-20160926-win32/bin/../lib/gcc/arm-none-eabi/5.4.1/armv7e-m/crtbegin.o
 .text          0x0800d15c      0x370 d:/keil_v5/arm/gcc-arm-none-eabi-5_4-2016q3-20160926-win32/bin/../lib/gcc/arm-none-eabi/5.4.1/armv7e-m\libgcc.a(_arm_addsubdf3.o)
                0x0800d15c                __aeabi_drsub
                0x0800d164                __aeabi_dsub
                0x0800d164                __subdf3
                0x0800d168                __aeabi_dadd
                0x0800d168                __adddf3
                0x0800d3e0                __floatunsidf
                0x0800d3e0                __aeabi_ui2d
                0x0800d400                __floatsidf
                0x0800d400                __aeabi_i2d
                0x0800d424                __aeabi_f2d
                0x0800d424                __extendsfdf2
                0x0800d460                __floatundidf
                0x0800d460                __aeabi_ul2d
                0x0800d470                __floatdidf
                0x0800d470                __aeabi_l2d
 .text          0x0800d4cc      0x424 d:/keil_v5/arm/gcc-arm-none-eabi-5_4-2016q3-20160926-win32/bin/../lib/gcc/arm-none-eabi/5.4.1/armv7e-m\libgcc.a(_arm_muldivdf3.o)
                0x0800d4cc                __aeabi_dmul
                0x0800d4cc                __muldf3
                0x0800d720                __divdf3
                0x0800d720                __aeabi_ddiv
 .text          0x0800d8f0      0x110 d:/keil_v5/arm/gcc-arm-none-eabi-5_4-2016q3-20160926-win32/bin/../lib/gcc/arm-none-eabi/5.4.1/armv7e-m\libgcc.a(_arm_cmpdf2.o)
                0x0800d8f0                __gtdf2
                0x0800d8f0                __gedf2
                0x0800d8f8                __ltdf2
                0x0800d8f8                __ledf2
                0x0800d900                __nedf2
                0x0800d900                __eqdf2
                0x0800d900                __cmpdf2
                0x0800d97c                __aeabi_cdrcmple
                0x0800d98c                __aeabi_cdcmpeq
                0x0800d98c                __aeabi_cdcmple
                0x0800d99c                __aeabi_dcmpeq
                0x0800d9b0                __aeabi_dcmplt
                0x0800d9c4                __aeabi_dcmple
                0x0800d9d8                __aeabi_dcmpge
                0x0800d9ec                __aeabi_dcmpgt
 .text          0x0800da00       0x50 d:/keil_v5/arm/gcc-arm-none-eabi-5_4-2016q3-20160926-win32/bin/../lib/gcc/arm-none-eabi/5.4.1/armv7e-m\libgcc.a(_arm_fixdfsi.o)
                0x0800da00                __aeabi_d2iz
                0x0800da00                __fixdfsi
 .text          0x0800da50       0x40 d:/keil_v5/arm/gcc-arm-none-eabi-5_4-2016q3-20160926-win32/bin/../lib/gcc/arm-none-eabi/5.4.1/armv7e-m\libgcc.a(_arm_fixunsdfsi.o)
                0x0800da50                __aeabi_d2uiz
                0x0800da50                __fixunsdfsi
 .text          0x0800da90       0x30 d:/keil_v5/arm/gcc-arm-none-eabi-5_4-2016q3-20160926-win32/bin/../lib/gcc/arm-none-eabi/5.4.1/armv7e-m\libgcc.a(_aeabi_uldivmod.o)
                0x0800da90                __aeabi_uldivmod
 .text          0x0800dac0       0x48 d:/keil_v5/arm/gcc-arm-none-eabi-5_4-2016q3-20160926-win32/bin/../lib/gcc/arm-none-eabi/5.4.1/armv7e-m\libgcc.a(_fixunsdfdi.o)
                0x0800dac0                __fixunsdfdi
                0x0800dac0                __aeabi_d2ulz
 .text          0x0800db08      0x2e4 d:/keil_v5/arm/gcc-arm-none-eabi-5_4-2016q3-20160926-win32/bin/../lib/gcc/arm-none-eabi/5.4.1/armv7e-m\libgcc.a(_udivmoddi4.o)
                0x0800db08                __udivmoddi4
 .text          0x0800ddec        0x4 d:/keil_v5/arm/gcc-arm-none-eabi-5_4-2016q3-20160926-win32/bin/../lib/gcc/arm-none-eabi/5.4.1/armv7e-m\libgcc.a(_dvmd_tls.o)
                0x0800ddec                __aeabi_idiv0
                0x0800ddec                __aeabi_ldiv0
 *fill*         0x0800ddf0       0x10 
 .text          0x0800de00      0x2dc d:/keil_v5/arm/gcc-arm-none-eabi-5_4-2016q3-20160926-win32/bin/../lib/gcc/arm-none-eabi/5.4.1/../../../../arm-none-eabi/lib/armv7e-m\libc.a(lib_a-strcmp.o)
                0x0800de08                strcmp
 *fill*         0x0800e0dc       0x24 
 .text          0x0800e100       0xdc d:/keil_v5/arm/gcc-arm-none-eabi-5_4-2016q3-20160926-win32/bin/../lib/gcc/arm-none-eabi/5.4.1/../../../../arm-none-eabi/lib/armv7e-m\libc.a(lib_a-strlen.o)
                0x0800e100                strlen
 *(.text*)
 .text._out_buffer
                0x0800e1dc        0x8 ./output/printf-stdarg.o
 .text._out_null
                0x0800e1e4        0x2 ./output/printf-stdarg.o
 *fill*         0x0800e1e6        0x2 
 .text._out_char
                0x0800e1e8       0x2c ./output/printf-stdarg.o
 .text._out_rev
                0x0800e214       0x82 ./output/printf-stdarg.o
 .text._ntoa_format
                0x0800e296      0x116 ./output/printf-stdarg.o
 .text._ntoa_long
                0x0800e3ac       0x80 ./output/printf-stdarg.o
 .text._ntoa_long_long
                0x0800e42c       0xac ./output/printf-stdarg.o
 .text.printf_dma_queue_pop.isra.0
                0x0800e4d8       0xb8 ./output/printf-stdarg.o
 .text._ftoa    0x0800e590      0x2dc ./output/printf-stdarg.o
 *fill*         0x0800e86c        0x4 
 .text._etoa    0x0800e870      0x380 ./output/printf-stdarg.o
 .text.printf_dma_done_callback
                0x0800ebf0       0x64 ./output/printf-stdarg.o
 .text._vsnprintf
                0x0800ec54      0x51c ./output/printf-stdarg.o
 .text.print_isdone
                0x0800f170       0x3c ./output/printf-stdarg.o
                0x0800f170                print_isdone
 .text.__wrap_printf
                0x0800f1ac       0xb4 ./output/printf-stdarg.o
                0x0800f1ac                __wrap_printf
 .text.__wrap_snprintf
                0x0800f260       0x28 ./output/printf-stdarg.o
                0x0800f260                __wrap_snprintf
 .text.Reset_Handler
                0x0800f288       0x48 ./output/startup_cm4.o
                0x0800f288                Reset_Handler
 .text.Default_Handler
                0x0800f2d0        0x2 ./output/startup_cm4.o
                0x0800f2d0                SCC_IRQHandler
                0x0800f2d0                TIMER2_IRQHandler
                0x0800f2d0                EFC_IRQHandler
                0x0800f2d0                I2C0_IRQHandler
                0x0800f2d0                SAC_IRQHandler
                0x0800f2d0                I2C1_IRQHandler
                0x0800f2d0                UART1_IRQHandler
                0x0800f2d0                BSTIMER0_IRQHandler
                0x0800f2d0                TIMER3_IRQHandler
                0x0800f2d0                SEC_IRQHandler
                0x0800f2d0                WDG_IRQHandler
                0x0800f2d0                LPTIMER1_IRQHandler
                0x0800f2d0                LPTIMER0_IRQHandler
                0x0800f2d0                SSP0_IRQHandler
                0x0800f2d0                I2S_IRQHandler
                0x0800f2d0                I2C2_IRQHandler
                0x0800f2d0                TIMER0_IRQHandler
                0x0800f2d0                LCD_IRQHandler
                0x0800f2d0                TIMER1_IRQHandler
                0x0800f2d0                Default_Handler
                0x0800f2d0                ADC_IRQHandler
                0x0800f2d0                SSP1_IRQHandler
                0x0800f2d0                IWDG_IRQHandler
                0x0800f2d0                SSP2_IRQHandler
                0x0800f2d0                BSTIMER1_IRQHandler
                0x0800f2d0                DAC_IRQHandler
                0x0800f2d0                AFEC_IRQHandler
                0x0800f2d0                UART3_IRQHandler
                0x0800f2d0                QSPI_IRQHandler
 *fill*         0x0800f2d2        0x2 
 .text.nvic_init
                0x0800f2d4       0x24 ./output/system_cm4.o
                0x0800f2d4                nvic_init
 .text.system_init
                0x0800f2f8       0x44 ./output/system_cm4.o
                0x0800f2f8                system_init
 .text.read_write_adc_afec
                0x0800f33c       0x34 ./output/tremo_adc.o
                0x0800f33c                read_write_adc_afec
 .text.adc_init
                0x0800f370       0x18 ./output/tremo_adc.o
                0x0800f370                adc_init
 .text.adc_start
                0x0800f388       0x2c ./output/tremo_adc.o
                0x0800f388                adc_start
 .text.adc_enable
                0x0800f3b4       0x28 ./output/tremo_adc.o
                0x0800f3b4                adc_enable
 .text.adc_config_clock_division
                0x0800f3dc       0x20 ./output/tremo_adc.o
                0x0800f3dc                adc_config_clock_division
 .text.adc_config_conv_mode
                0x0800f3fc       0x18 ./output/tremo_adc.o
                0x0800f3fc                adc_config_conv_mode
 .text.adc_config_sample_sequence
                0x0800f414       0x2c ./output/tremo_adc.o
                0x0800f414                adc_config_sample_sequence
 .text.adc_get_interrupt_status
                0x0800f440       0x14 ./output/tremo_adc.o
                0x0800f440                adc_get_interrupt_status
 .text.adc_get_data
                0x0800f454       0x10 ./output/tremo_adc.o
                0x0800f454                adc_get_data
 .text.adc_get_calibration_value
                0x0800f464       0x78 ./output/tremo_adc.o
                0x0800f464                adc_get_calibration_value
 .text.adc_enable_vbat31
                0x0800f4dc       0x18 ./output/tremo_adc.o
                0x0800f4dc                adc_enable_vbat31
 .text.delay_init
                0x0800f4f4       0x48 ./output/tremo_delay.o
                0x0800f4f4                delay_init
 .text.delay_us
                0x0800f53c       0x34 ./output/tremo_delay.o
                0x0800f53c                delay_us
 .text.delay_ms
                0x0800f570        0xa ./output/tremo_delay.o
                0x0800f570                delay_ms
 .text.write32_bit_reg.part.1
                0x0800f57a       0x1e ./output/tremo_dma.o
 .text.set_dma_mode
                0x0800f598      0x3b8 ./output/tremo_dma.o
 .text.dma0_IRQHandler
                0x0800f950       0x5c ./output/tremo_dma.o
                0x0800f950                dma0_IRQHandler
 .text.dma1_IRQHandler
                0x0800f9ac       0x60 ./output/tremo_dma.o
                0x0800f9ac                dma1_IRQHandler
 .text.dma_init
                0x0800fa0c      0x140 ./output/tremo_dma.o
                0x0800fa0c                dma_init
 .text.dma_ch_enable
                0x0800fb4c       0x5e ./output/tremo_dma.o
                0x0800fb4c                dma_ch_enable
 *fill*         0x0800fbaa        0x2 
 .text.dma_finalize
                0x0800fbac      0x1f8 ./output/tremo_dma.o
                0x0800fbac                dma_finalize
 .text.flash_erase_page
                0x0800fda4       0x64 ./output/tremo_flash.o
                0x0800fda4                flash_erase_page
 .text.flash_program_bytes
                0x0800fe08       0xbc ./output/tremo_flash.o
                0x0800fe08                flash_program_bytes
 .text.gpio_init
                0x0800fec4      0x13c ./output/tremo_gpio.o
                0x0800fec4                gpio_init
 .text.gpio_write
                0x08010000       0xb8 ./output/tremo_gpio.o
                0x08010000                gpio_write
 .text.gpio_clear_interrupt
                0x080100b8       0x10 ./output/tremo_gpio.o
                0x080100b8                gpio_clear_interrupt
 .text.gpio_get_interrupt_status
                0x080100c8       0x14 ./output/tremo_gpio.o
                0x080100c8                gpio_get_interrupt_status
 .text.gpio_config_stop3_wakeup
                0x080100dc       0x68 ./output/tremo_gpio.o
                0x080100dc                gpio_config_stop3_wakeup
 .text.gpio_set_iomux
                0x08010144       0x50 ./output/tremo_gpio.o
                0x08010144                gpio_set_iomux
 .text.check_iwdg_sr_done
                0x08010194       0x14 ./output/tremo_iwdg.o
 .text.iwdg_init
                0x080101a8       0x4c ./output/tremo_iwdg.o
                0x080101a8                iwdg_init
 .text.iwdg_set_prescaler
                0x080101f4       0x18 ./output/tremo_iwdg.o
                0x080101f4                iwdg_set_prescaler
 .text.iwdg_set_reload
                0x0801020c       0x1c ./output/tremo_iwdg.o
                0x0801020c                iwdg_set_reload
 .text.iwdg_reload
                0x08010228       0x20 ./output/tremo_iwdg.o
                0x08010228                iwdg_reload
 .text.iwdg_start
                0x08010248       0x1c ./output/tremo_iwdg.o
                0x08010248                iwdg_start
 .text.lpuart_config_interrupt
                0x08010264       0x10 ./output/tremo_lpuart.o
                0x08010264                lpuart_config_interrupt
 .text.lpuart_config_rx
                0x08010274       0x26 ./output/tremo_lpuart.o
                0x08010274                lpuart_config_rx
 .text.lpuart_config_tx
                0x0801029a       0x12 ./output/tremo_lpuart.o
                0x0801029a                lpuart_config_tx
 .text.lpuart_get_rx_status
                0x080102ac       0x12 ./output/tremo_lpuart.o
                0x080102ac                lpuart_get_rx_status
 .text.lpuart_clear_rx_status
                0x080102be       0x18 ./output/tremo_lpuart.o
                0x080102be                lpuart_clear_rx_status
 .text.lpuart_get_rx_not_empty_status
                0x080102d6        0x8 ./output/tremo_lpuart.o
                0x080102d6                lpuart_get_rx_not_empty_status
 .text.lpuart_receive_data
                0x080102de       0x10 ./output/tremo_lpuart.o
                0x080102de                lpuart_receive_data
 *fill*         0x080102ee        0x2 
 .text.lpuart_init
                0x080102f0       0x84 ./output/tremo_lpuart.o
                0x080102f0                lpuart_init
 .text.lpuart_deinit
                0x08010374       0x2c ./output/tremo_lpuart.o
                0x08010374                lpuart_deinit
 .text.rcc_get_clk_freq
                0x080103a0       0x9c ./output/tremo_rcc.o
                0x080103a0                rcc_get_clk_freq
 .text.rcc_set_iwdg_clk_source
                0x0801043c       0x2a ./output/tremo_rcc.o
                0x0801043c                rcc_set_iwdg_clk_source
 .text.rcc_set_adc_clk_source
                0x08010466       0x2a ./output/tremo_rcc.o
                0x08010466                rcc_set_adc_clk_source
 .text.rcc_get_uart0_clk_source
                0x08010490        0xc ./output/tremo_rcc.o
                0x08010490                rcc_get_uart0_clk_source
 .text.rcc_get_uart1_clk_source
                0x0801049c        0xc ./output/tremo_rcc.o
                0x0801049c                rcc_get_uart1_clk_source
 .text.rcc_get_uart2_clk_source
                0x080104a8        0xc ./output/tremo_rcc.o
                0x080104a8                rcc_get_uart2_clk_source
 .text.rcc_get_uart3_clk_source
                0x080104b4        0xc ./output/tremo_rcc.o
                0x080104b4                rcc_get_uart3_clk_source
 .text.rcc_get_lpuart_clk_source
                0x080104c0        0xc ./output/tremo_rcc.o
                0x080104c0                rcc_get_lpuart_clk_source
 .text.rcc_enable_peripheral_clk
                0x080104cc      0x51a ./output/tremo_rcc.o
                0x080104cc                rcc_enable_peripheral_clk
 *fill*         0x080109e6        0x2 
 .text.rcc_enable_oscillator
                0x080109e8      0x108 ./output/tremo_rcc.o
                0x080109e8                rcc_enable_oscillator
 .text.rcc_rst_peripheral
                0x08010af0       0x7c ./output/tremo_rcc.o
                0x08010af0                rcc_rst_peripheral
 .text.rtc_deinit
                0x08010b6c       0x1e ./output/tremo_rtc.o
                0x08010b6c                rtc_deinit
 *fill*         0x08010b8a        0x2 
 .text.rtc_check_syn
                0x08010b8c       0x18 ./output/tremo_rtc.o
                0x08010b8c                rtc_check_syn
 .text.rtc_calendar_cmd
                0x08010ba4       0x20 ./output/tremo_rtc.o
                0x08010ba4                rtc_calendar_cmd
 .text.rtc_cyc_cmd
                0x08010bc4       0x20 ./output/tremo_rtc.o
                0x08010bc4                rtc_cyc_cmd
 .text.rtc_config_cyc_wakeup
                0x08010be4       0x24 ./output/tremo_rtc.o
                0x08010be4                rtc_config_cyc_wakeup
 .text.rtc_get_calendar
                0x08010c08       0xc8 ./output/tremo_rtc.o
                0x08010c08                rtc_get_calendar
 .text.rtc_set_status
                0x08010cd0       0x34 ./output/tremo_rtc.o
                0x08010cd0                rtc_set_status
 .text.rtc_get_status
                0x08010d04       0x3c ./output/tremo_rtc.o
                0x08010d04                rtc_get_status
 .text.rtc_config_interrupt
                0x08010d40       0x3c ./output/tremo_rtc.o
                0x08010d40                rtc_config_interrupt
 .text.rtc_config_cyc_max
                0x08010d7c       0x14 ./output/tremo_rtc.o
                0x08010d7c                rtc_config_cyc_max
 .text.system_reset
                0x08010d90       0x20 ./output/tremo_system.o
                0x08010d90                system_reset
 .text.system_get_chip_id
                0x08010db0       0x1c ./output/tremo_system.o
                0x08010db0                system_get_chip_id
 .text.uart_get_flag_status
                0x08010dcc        0xc ./output/tremo_uart.o
                0x08010dcc                uart_get_flag_status
 .text.uart_send_data
                0x08010dd8        0xa ./output/tremo_uart.o
                0x08010dd8                uart_send_data
 .text.uart_receive_data
                0x08010de2        0xc ./output/tremo_uart.o
                0x08010de2                uart_receive_data
 .text.uart_config_interrupt
                0x08010dee       0x10 ./output/tremo_uart.o
                0x08010dee                uart_config_interrupt
 .text.uart_config_init
                0x08010dfe       0x1c ./output/tremo_uart.o
                0x08010dfe                uart_config_init
 .text.uart_cmd
                0x08010e1a       0x12 ./output/tremo_uart.o
                0x08010e1a                uart_cmd
 .text.uart_get_interrupt_status
                0x08010e2c        0xc ./output/tremo_uart.o
                0x08010e2c                uart_get_interrupt_status
 .text.uart_clear_interrupt
                0x08010e38        0x4 ./output/tremo_uart.o
                0x08010e38                uart_clear_interrupt
 .text.uart_init
                0x08010e3c      0x14c ./output/tremo_uart.o
                0x08010e3c                uart_init
 .text.uart_dma_config
                0x08010f88       0x10 ./output/tremo_uart.o
                0x08010f88                uart_dma_config
 .text.BSP_sensor_Init
                0x08010f98      0x1c4 ./output/bsp.o
                0x08010f98                BSP_sensor_Init
 .text.battery_voltage_measurement
                0x0801115c      0x108 ./output/bsp.o
                0x0801115c                battery_voltage_measurement
 .text.HW_GetTemperatureLevel
                0x08011264        0x4 ./output/main.o
                0x08011264                HW_GetTemperatureLevel
 .text.OnDownlinkDetectTimeoutEvent
                0x08011268       0x20 ./output/main.o
 .text.UnconfirmedUplinkChangeToConfirmedUplinkTimeoutEvent
                0x08011288       0x14 ./output/main.o
 .text.OnReJoinTimerEvent
                0x0801129c       0x18 ./output/main.o
 .text.OndownlinkLedEvent
                0x080112b4       0x2c ./output/main.o
                0x080112b4                OndownlinkLedEvent
 .text.OnNetworkJoinedLedEvent
                0x080112e0       0x34 ./output/main.o
                0x080112e0                OnNetworkJoinedLedEvent
 .text.LORA_ConfirmClass
                0x08011314       0x40 ./output/main.o
 .text.OnIWDGRefreshTimeoutEvent
                0x08011354       0x38 ./output/main.o
 .text.LORA_HasJoined
                0x0801138c       0x18 ./output/main.o
 .text.HW_GetBatteryLevel
                0x080113a4      0x128 ./output/main.o
                0x080113a4                HW_GetBatteryLevel
 .text.HW_GetUniqueId
                0x080114cc       0x2e ./output/main.o
                0x080114cc                HW_GetUniqueId
 .text.HW_GetRandomSeed
                0x080114fa       0x14 ./output/main.o
                0x080114fa                HW_GetRandomSeed
 *fill*         0x0801150e        0x2 
 .text.OnCalibrationUTCTimeoutEvent
                0x08011510       0x54 ./output/main.o
 .text.StartCalibrationUTCtime.part.1
                0x08011564       0x34 ./output/main.o
 .text.LORA_RxData
                0x08011598      0xa84 ./output/main.o
 .text.uart_log_init
                0x0801201c       0xb8 ./output/main.o
                0x0801201c                uart_log_init
 .text.uart_to_esp32_init
                0x080120d4       0x7c ./output/main.o
                0x080120d4                uart_to_esp32_init
 .text.board_init
                0x08012150      0x10c ./output/main.o
                0x08012150                board_init
 .text.initArray
                0x0801225c       0x68 ./output/main.o
                0x0801225c                initArray
 .text.startup.main
                0x080122c4      0x61c ./output/main.o
                0x080122c4                main
 .text.NMI_Handler
                0x080128e0        0x2 ./output/tremo_it.o
                0x080128e0                NMI_Handler
 .text.HardFault_Handler
                0x080128e2        0x2 ./output/tremo_it.o
                0x080128e2                HardFault_Handler
 .text.MemManage_Handler
                0x080128e4        0x2 ./output/tremo_it.o
                0x080128e4                MemManage_Handler
 .text.BusFault_Handler
                0x080128e6        0x2 ./output/tremo_it.o
                0x080128e6                BusFault_Handler
 .text.UsageFault_Handler
                0x080128e8        0x2 ./output/tremo_it.o
                0x080128e8                UsageFault_Handler
 .text.SVC_Handler
                0x080128ea        0x2 ./output/tremo_it.o
                0x080128ea                SVC_Handler
 .text.PendSV_Handler
                0x080128ec        0x2 ./output/tremo_it.o
                0x080128ec                PendSV_Handler
 .text.SysTick_Handler
                0x080128ee        0x2 ./output/tremo_it.o
                0x080128ee                SysTick_Handler
 .text.PWR_IRQHandler
                0x080128f0        0x2 ./output/tremo_it.o
                0x080128f0                PWR_IRQHandler
 .text.LORA_IRQHandler
                0x080128f2        0x4 ./output/tremo_it.o
                0x080128f2                LORA_IRQHandler
 .text.RTC_IRQHandler
                0x080128f6        0x4 ./output/tremo_it.o
                0x080128f6                RTC_IRQHandler
 .text.UART0_IRQHandler
                0x080128fa        0x2 ./output/tremo_it.o
                0x080128fa                UART0_IRQHandler
 .text.LPUART_IRQHandler
                0x080128fc       0x2c ./output/tremo_it.o
                0x080128fc                LPUART_IRQHandler
 .text.esp32_rx_handle_func
                0x08012928       0x74 ./output/tremo_it.o
                0x08012928                esp32_rx_handle_func
 .text.UART2_IRQHandler
                0x0801299c       0x48 ./output/tremo_it.o
                0x0801299c                UART2_IRQHandler
 .text.DMA0_IRQHandler
                0x080129e4        0x4 ./output/tremo_it.o
                0x080129e4                DMA0_IRQHandler
 .text.DMA1_IRQHandler
                0x080129e8        0x4 ./output/tremo_it.o
                0x080129e8                DMA1_IRQHandler
 .text.GPIO_IRQHandler
                0x080129ec        0xc ./output/tremo_it.o
                0x080129ec                GPIO_IRQHandler
 .text.McpsConfirm
                0x080129f8        0xc ./output/lora_app.o
 .text.MlmeConfirm
                0x08012a04       0x44 ./output/lora_app.o
 .text.McpsIndication
                0x08012a48       0xa8 ./output/lora_app.o
 .text.customize_freq1_get
                0x08012af0        0xc ./output/lora_app.o
                0x08012af0                customize_freq1_get
 .text.customize_freq1_set
                0x08012afc        0xc ./output/lora_app.o
                0x08012afc                customize_freq1_set
 .text.customize_set8channel_get
                0x08012b08        0xc ./output/lora_app.o
                0x08012b08                customize_set8channel_get
 .text.customize_set8channel_set
                0x08012b14        0xc ./output/lora_app.o
                0x08012b14                customize_set8channel_set
 .text.region_printf
                0x08012b20       0x3c ./output/lora_app.o
                0x08012b20                region_printf
 .text.key_printf
                0x08012b5c       0x40 ./output/lora_app.o
                0x08012b5c                key_printf
 .text.LORA_Join
                0x08012b9c       0xb4 ./output/lora_app.o
                0x08012b9c                LORA_Join
 .text.LORA_JoinStatus
                0x08012c50       0x18 ./output/lora_app.o
                0x08012c50                LORA_JoinStatus
 .text.LORA_send
                0x08012c68       0x8c ./output/lora_app.o
                0x08012c68                LORA_send
 .text.LORA_RequestClass
                0x08012cf4       0x6c ./output/lora_app.o
                0x08012cf4                LORA_RequestClass
 .text.lora_config_otaa_set
                0x08012d60        0xc ./output/lora_app.o
                0x08012d60                lora_config_otaa_set
 .text.lora_config_otaa_get
                0x08012d6c        0xc ./output/lora_app.o
                0x08012d6c                lora_config_otaa_get
 .text.lora_config_duty_cycle_set
                0x08012d78        0xc ./output/lora_app.o
                0x08012d78                lora_config_duty_cycle_set
 .text.lora_config_duty_cycle_get
                0x08012d84        0xc ./output/lora_app.o
                0x08012d84                lora_config_duty_cycle_get
 .text.lora_config_deveui_get
                0x08012d90        0xc ./output/lora_app.o
                0x08012d90                lora_config_deveui_get
 .text.lora_config_deveui_set
                0x08012d9c       0x10 ./output/lora_app.o
                0x08012d9c                lora_config_deveui_set
 .text.lora_config_appeui_get
                0x08012dac        0xc ./output/lora_app.o
                0x08012dac                lora_config_appeui_get
 .text.lora_config_appeui_set
                0x08012db8       0x10 ./output/lora_app.o
                0x08012db8                lora_config_appeui_set
 .text.lora_config_appkey_get
                0x08012dc8        0xc ./output/lora_app.o
                0x08012dc8                lora_config_appkey_get
 .text.lora_config_appkey_set
                0x08012dd4       0x10 ./output/lora_app.o
                0x08012dd4                lora_config_appkey_set
 .text.lora_config_devaddr_get
                0x08012de4        0xc ./output/lora_app.o
                0x08012de4                lora_config_devaddr_get
 .text.lora_config_devaddr_set
                0x08012df0        0xc ./output/lora_app.o
                0x08012df0                lora_config_devaddr_set
 .text.lora_config_appskey_get
                0x08012dfc        0xc ./output/lora_app.o
                0x08012dfc                lora_config_appskey_get
 .text.lora_config_appskey_set
                0x08012e08       0x10 ./output/lora_app.o
                0x08012e08                lora_config_appskey_set
 .text.lora_config_nwkskey_get
                0x08012e18        0xc ./output/lora_app.o
                0x08012e18                lora_config_nwkskey_get
 .text.lora_config_nwkskey_set
                0x08012e24       0x10 ./output/lora_app.o
                0x08012e24                lora_config_nwkskey_set
 .text.lora_config_reqack_set
                0x08012e34        0xc ./output/lora_app.o
                0x08012e34                lora_config_reqack_set
 .text.lora_config_reqack_get
                0x08012e40        0xc ./output/lora_app.o
                0x08012e40                lora_config_reqack_get
 .text.lora_config_snr_get
                0x08012e4c        0xc ./output/lora_app.o
                0x08012e4c                lora_config_snr_get
 .text.lora_config_application_port_set
                0x08012e58        0xc ./output/lora_app.o
                0x08012e58                lora_config_application_port_set
 .text.lora_config_application_port_get
                0x08012e64        0xc ./output/lora_app.o
                0x08012e64                lora_config_application_port_get
 .text.lora_config_rssi_get
                0x08012e70        0xc ./output/lora_app.o
                0x08012e70                lora_config_rssi_get
 .text.lora_config_tx_datarate_set
                0x08012e7c        0xc ./output/lora_app.o
                0x08012e7c                lora_config_tx_datarate_set
 .text.lora_config_tx_datarate_get
                0x08012e88        0xc ./output/lora_app.o
                0x08012e88                lora_config_tx_datarate_get
 .text.Flash_store_key
                0x08012e94       0xcc ./output/lora_app.o
                0x08012e94                Flash_store_key
 .text.Flash_read_key
                0x08012f60       0xa4 ./output/lora_app.o
                0x08012f60                Flash_read_key
 .text.Flash_Store_Config
                0x08013004      0x398 ./output/lora_app.o
                0x08013004                Flash_Store_Config
 .text.Flash_Read_Config
                0x0801339c      0x2e8 ./output/lora_app.o
                0x0801339c                Flash_Read_Config
 .text.LORA_Init
                0x08013684      0x2a8 ./output/lora_app.o
                0x08013684                LORA_Init
 .text.Uplink_data_adaptive_rate
                0x0801392c       0x16 ./output/lora_app.o
                0x0801392c                Uplink_data_adaptive_rate
 *fill*         0x08013942        0x2 
 .text.AT_data_send
                0x08013944       0x6c ./output/lora_app.o
                0x08013944                AT_data_send
 .text.hex2bin  0x080139b0       0x84 ./output/command.o
 .text.at_ver_func
                0x08013a34       0x50 ./output/command.o
 .text.at_recv_func
                0x08013a84       0x74 ./output/command.o
 .text.at_recvb_func
                0x08013af8       0x80 ./output/command.o
 .text.at_debug_func
                0x08013b78       0x3c ./output/command.o
 .text.at_chsignaldetect_func
                0x08013bb4       0x88 ./output/command.o
 .text.at_dismacans_func
                0x08013c3c       0x78 ./output/command.o
 .text.at_disfcntcheck_func
                0x08013cb4       0x78 ./output/command.o
 .text.at_setmaxnbtrans_func
                0x08013d2c       0x98 ./output/command.o
 .text.at_downlink_detect_func
                0x08013dc4       0xb8 ./output/command.o
 .text.at_synctdc_func
                0x08013e7c       0x74 ./output/command.o
 .text.at_syncmod_func
                0x08013ef0       0x74 ./output/command.o
 .text.at_leapsec_func
                0x08013f64       0x70 ./output/command.o
 .text.at_rpl_func
                0x08013fd4       0x74 ./output/command.o
 .text.at_rjtdc_func
                0x08014048       0x74 ./output/command.o
 .text.at_decrypt_func
                0x080140bc       0x74 ./output/command.o
 .text.at_rx2wto_func
                0x08014130       0x74 ./output/command.o
 .text.at_rx1wto_func
                0x080141a4       0x74 ./output/command.o
 .text.at_devicetimereq_func
                0x08014218       0x88 ./output/command.o
 .text.at_timestamp_func
                0x080142a0       0xa0 ./output/command.o
 .text.at_sleep_func
                0x08014340       0xb0 ./output/command.o
 .text.at_bat_func
                0x080143f0       0x40 ./output/command.o
 .text.at_che_func
                0x08014430       0x94 ./output/command.o
 .text.at_chs_func
                0x080144c4       0x80 ./output/command.o
 .text.at_port_func
                0x08014544       0x70 ./output/command.o
 .text.at_rssi_func
                0x080145b4       0x40 ./output/command.o
 .text.at_snr_func
                0x080145f4       0x40 ./output/command.o
 .text.at_cfm_func
                0x08014634       0xfc ./output/command.o
 .text.at_send_func
                0x08014730       0xac ./output/command.o
 .text.at_sendb_func
                0x080147dc      0x11c ./output/command.o
 .text.at_njs_func
                0x080148f8       0x50 ./output/command.o
 .text.at_join_func
                0x08014948       0x34 ./output/command.o
 .text.at_class_func
                0x0801497c       0x90 ./output/command.o
 .text.at_fcd_func
                0x08014a0c       0x8c ./output/command.o
 .text.at_fcu_func
                0x08014a98       0x8c ./output/command.o
 .text.at_nwkid_func
                0x08014b24       0xa8 ./output/command.o
 .text.at_jn2dl_func
                0x08014bcc       0x8c ./output/command.o
 .text.at_jn1dl_func
                0x08014c58       0x8c ./output/command.o
 .text.at_rx2dl_func
                0x08014ce4       0x8c ./output/command.o
 .text.at_rx1dl_func
                0x08014d70       0x8c ./output/command.o
 .text.at_rx2dr_func
                0x08014dfc       0xa8 ./output/command.o
 .text.at_rx2fq_func
                0x08014ea4       0xa8 ./output/command.o
 .text.at_pnm_func
                0x08014f4c       0x98 ./output/command.o
 .text.at_txp_func
                0x08014fe4       0x9c ./output/command.o
 .text.at_adr_func
                0x08015080       0x98 ./output/command.o
 .text.at_njm_func
                0x08015118       0x8c ./output/command.o
 .text.at_dcs_func
                0x080151a4       0x8c ./output/command.o
 .text.at_dr_func
                0x08015230       0x94 ./output/command.o
 .text.at_nwkskey_func
                0x080152c4       0xd8 ./output/command.o
 .text.at_appskey_func
                0x0801539c       0xd8 ./output/command.o
 .text.at_devaddr_func
                0x08015474       0x7c ./output/command.o
 .text.at_appkey_func
                0x080154f0       0xd8 ./output/command.o
 .text.at_appeui_func
                0x080155c8       0xa8 ./output/command.o
 .text.at_deui_func
                0x08015670       0xa8 ./output/command.o
 .text.at_fdr_func
                0x08015718       0x78 ./output/command.o
 .text.at_reset_func
                0x08015790       0x30 ./output/command.o
 .text.set_at_receive
                0x080157c0       0x1c ./output/command.o
                0x080157c0                set_at_receive
 .text.linkwan_serial_input
                0x080157dc       0x7c ./output/command.o
                0x080157dc                linkwan_serial_input
 .text.linkwan_serial_output
                0x08015858       0x20 ./output/command.o
                0x08015858                linkwan_serial_output
 .text.at_cfg_func
                0x08015878      0x198 ./output/command.o
 .text.linkwan_at_process
                0x08015a10      0x240 ./output/command.o
                0x08015a10                linkwan_at_process
 .text.linkwan_at_init
                0x08015c50       0x1c ./output/command.o
                0x08015c50                linkwan_at_init
 .text.RtcInit  0x08015c6c       0x30 ./output/rtc-board.o
                0x08015c6c                RtcInit
 .text.RtcSetTimeout
                0x08015c9c       0x70 ./output/rtc-board.o
                0x08015c9c                RtcSetTimeout
 .text.RtcStopTimeout
                0x08015d0c       0x14 ./output/rtc-board.o
                0x08015d0c                RtcStopTimeout
 .text.RtcGetTimerContext
                0x08015d20        0xc ./output/rtc-board.o
                0x08015d20                RtcGetTimerContext
 *fill*         0x08015d2c        0x4 
 .text.RtcGetTimerValue
                0x08015d30      0x114 ./output/rtc-board.o
                0x08015d30                RtcGetTimerValue
 .text.RtcSetTimerContext
                0x08015e44       0x14 ./output/rtc-board.o
                0x08015e44                RtcSetTimerContext
 .text.RtcGetElapsedTime
                0x08015e58       0x18 ./output/rtc-board.o
                0x08015e58                RtcGetElapsedTime
 .text.RtcOnIrq
                0x08015e70       0x32 ./output/rtc-board.o
                0x08015e70                RtcOnIrq
 .text.BoardDisableIrq
                0x08015ea2        0x4 ./output/sx1262-board.o
                0x08015ea2                BoardDisableIrq
 .text.BoardEnableIrq
                0x08015ea6        0x4 ./output/sx1262-board.o
                0x08015ea6                BoardEnableIrq
 *fill*         0x08015eaa        0x2 
 .text.SpiInOut
                0x08015eac       0x1c ./output/sx1262-board.o
                0x08015eac                SpiInOut
 .text.SX126xLoracInit
                0x08015ec8       0x7c ./output/sx1262-board.o
                0x08015ec8                SX126xLoracInit
 .text.SX126xGetBoardTcxoWakeupTime
                0x08015f44        0x4 ./output/sx1262-board.o
                0x08015f44                SX126xGetBoardTcxoWakeupTime
 .text.SX126xReset
                0x08015f48       0x54 ./output/sx1262-board.o
                0x08015f48                SX126xReset
 .text.SX126xWaitOnBusy
                0x08015f9c       0x18 ./output/sx1262-board.o
                0x08015f9c                SX126xWaitOnBusy
 .text.SX126xWakeup
                0x08015fb4       0x30 ./output/sx1262-board.o
                0x08015fb4                SX126xWakeup
 .text.SX126xWriteCommand
                0x08015fe4       0x50 ./output/sx1262-board.o
                0x08015fe4                SX126xWriteCommand
 .text.SX126xReadCommand
                0x08016034       0x48 ./output/sx1262-board.o
                0x08016034                SX126xReadCommand
 .text.SX126xWriteRegisters
                0x0801607c       0x4c ./output/sx1262-board.o
                0x0801607c                SX126xWriteRegisters
 .text.SX126xWriteRegister
                0x080160c8       0x16 ./output/sx1262-board.o
                0x080160c8                SX126xWriteRegister
 *fill*         0x080160de        0x2 
 .text.SX126xReadRegisters
                0x080160e0       0x54 ./output/sx1262-board.o
                0x080160e0                SX126xReadRegisters
 .text.SX126xReadRegister
                0x08016134       0x16 ./output/sx1262-board.o
                0x08016134                SX126xReadRegister
 *fill*         0x0801614a        0x2 
 .text.SX126xWriteBuffer
                0x0801614c       0x4c ./output/sx1262-board.o
                0x0801614c                SX126xWriteBuffer
 .text.SX126xReadBuffer
                0x08016198       0x54 ./output/sx1262-board.o
                0x08016198                SX126xReadBuffer
 .text.SX126xSetRfTxPower
                0x080161ec        0x6 ./output/sx1262-board.o
                0x080161ec                SX126xSetRfTxPower
 .text.SX126xGetPaSelect
                0x080161f2        0x4 ./output/sx1262-board.o
                0x080161f2                SX126xGetPaSelect
 *fill*         0x080161f6        0x2 
 .text.SX126xAntSwOn
                0x080161f8       0x10 ./output/sx1262-board.o
                0x080161f8                SX126xAntSwOn
 .text.SX126xAntSwOff
                0x08016208       0x10 ./output/sx1262-board.o
                0x08016208                SX126xAntSwOff
 .text.rand1    0x08016218       0x28 ./output/utilities.o
                0x08016218                rand1
 .text.srand1   0x08016240        0xc ./output/utilities.o
                0x08016240                srand1
 .text.randr    0x0801624c       0x1a ./output/utilities.o
                0x0801624c                randr
 .text.memcpy1  0x08016266       0x14 ./output/utilities.o
                0x08016266                memcpy1
 .text.memcpyr  0x0801627a       0x14 ./output/utilities.o
                0x0801627a                memcpyr
 .text.memset1  0x0801628e       0x14 ./output/utilities.o
                0x0801628e                memset1
 .text.RadioCheckRfFrequency
                0x080162a2        0x4 ./output/radio.o
                0x080162a2                RadioCheckRfFrequency
 *fill*         0x080162a6        0x2 
 .text.RadioOnTxTimeoutIrq
                0x080162a8       0x14 ./output/radio.o
                0x080162a8                RadioOnTxTimeoutIrq
 .text.RadioOnRxTimeoutIrq
                0x080162bc       0x14 ./output/radio.o
                0x080162bc                RadioOnRxTimeoutIrq
 .text.RadioStandby
                0x080162d0        0x6 ./output/radio.o
                0x080162d0                RadioStandby
 *fill*         0x080162d6        0x2 
 .text.RadioInit
                0x080162d8       0x6c ./output/radio.o
                0x080162d8                RadioInit
 .text.RadioGetStatus
                0x08016344       0x1c ./output/radio.o
                0x08016344                RadioGetStatus
 .text.RadioSetChannel
                0x08016360        0x4 ./output/radio.o
                0x08016360                RadioSetChannel
 .text.RadioRssi
                0x08016364        0x8 ./output/radio.o
                0x08016364                RadioRssi
 .text.RadioSyncWord
                0x0801636c       0x14 ./output/radio.o
                0x0801636c                RadioSyncWord
 .text.RadioRead
                0x08016380        0x4 ./output/radio.o
                0x08016380                RadioRead
 .text.RadioWrite
                0x08016384        0x4 ./output/radio.o
                0x08016384                RadioWrite
 .text.RadioSend
                0x08016388       0x54 ./output/radio.o
                0x08016388                RadioSend
 .text.RadioSleep
                0x080163dc       0x14 ./output/radio.o
                0x080163dc                RadioSleep
 .text.RadioSetRxDutyCycle
                0x080163f0        0x4 ./output/radio.o
                0x080163f0                RadioSetRxDutyCycle
 .text.RadioStartCad
                0x080163f4       0x6c ./output/radio.o
                0x080163f4                RadioStartCad
 .text.RadioSetTxContinuousWave
                0x08016460       0x4c ./output/radio.o
                0x08016460                RadioSetTxContinuousWave
 .text.RadioWriteBuffer
                0x080164ac        0x4 ./output/radio.o
                0x080164ac                RadioWriteBuffer
 .text.RadioReadBuffer
                0x080164b0        0x4 ./output/radio.o
                0x080164b0                RadioReadBuffer
 .text.RadioGetWakeupTime
                0x080164b4        0xa ./output/radio.o
                0x080164b4                RadioGetWakeupTime
 *fill*         0x080164be        0x2 
 .text.RadioOnCadTimeoutIrq
                0x080164c0       0x20 ./output/radio.o
                0x080164c0                RadioOnCadTimeoutIrq
 .text.RadioGetFskBandwidthRegValue
                0x080164e0       0x38 ./output/radio.o
 .text.RadioSetMaxPayloadLength
                0x08016518       0x28 ./output/radio.o
                0x08016518                RadioSetMaxPayloadLength
 .text.RadioSetModem
                0x08016540       0x30 ./output/radio.o
                0x08016540                RadioSetModem
 .text.RadioSetPublicNetwork
                0x08016570       0x3c ./output/radio.o
                0x08016570                RadioSetPublicNetwork
 .text.RadioRandom
                0x080165ac       0x3a ./output/radio.o
                0x080165ac                RadioRandom
 *fill*         0x080165e6        0x2 
 .text.RadioRx  0x080165e8       0x44 ./output/radio.o
                0x080165e8                RadioRx
 .text.RadioRxBoosted
                0x0801662c       0x40 ./output/radio.o
                0x0801662c                RadioRxBoosted
 .text.RadioIrqProcess
                0x0801666c      0x21c ./output/radio.o
                0x0801666c                RadioIrqProcess
 .text.RadioSymbTime
                0x08016888       0x2c ./output/radio.o
                0x08016888                RadioSymbTime
 *fill*         0x080168b4        0x4 
 .text.RadioSetRxConfig
                0x080168b8      0x21c ./output/radio.o
                0x080168b8                RadioSetRxConfig
 .text.RadioIsChannelFree
                0x08016ad4       0x88 ./output/radio.o
                0x08016ad4                RadioIsChannelFree
 *fill*         0x08016b5c        0x4 
 .text.RadioSetTxConfig
                0x08016b60      0x190 ./output/radio.o
                0x08016b60                RadioSetTxConfig
 .text.RadioTimeOnAir
                0x08016cf0      0x180 ./output/radio.o
                0x08016cf0                RadioTimeOnAir
 .text.RadioOnDioIrq
                0x08016e70       0x24 ./output/radio.o
                0x08016e70                RadioOnDioIrq
 .text.get_rssi
                0x08016e94        0xc ./output/radio.o
                0x08016e94                get_rssi
 .text.SX126xGetOperatingMode
                0x08016ea0        0xc ./output/sx126x.o
                0x08016ea0                SX126xGetOperatingMode
 .text.SX126xSetOperatingMode
                0x08016eac        0xc ./output/sx126x.o
                0x08016eac                SX126xSetOperatingMode
 .text.SX126xCheckDeviceReady
                0x08016eb8       0x64 ./output/sx126x.o
                0x08016eb8                SX126xCheckDeviceReady
 .text.SX126xSetPayload
                0x08016f1c        0xa ./output/sx126x.o
                0x08016f1c                SX126xSetPayload
 .text.SX126xSetSyncWord
                0x08016f26       0x12 ./output/sx126x.o
                0x08016f26                SX126xSetSyncWord
 .text.SX126xSetCrcSeed
                0x08016f38       0x28 ./output/sx126x.o
                0x08016f38                SX126xSetCrcSeed
 .text.SX126xSetCrcPolynomial
                0x08016f60       0x28 ./output/sx126x.o
                0x08016f60                SX126xSetCrcPolynomial
 .text.SX126xSetWhiteningSeed
                0x08016f88       0x38 ./output/sx126x.o
                0x08016f88                SX126xSetWhiteningSeed
 .text.SX126xSetSleep
                0x08016fc0       0x24 ./output/sx126x.o
                0x08016fc0                SX126xSetSleep
 .text.SX126xSetStandby
                0x08016fe4       0x2c ./output/sx126x.o
                0x08016fe4                SX126xSetStandby
 .text.SX126xSetTx
                0x08017010       0x2c ./output/sx126x.o
                0x08017010                SX126xSetTx
 .text.SX126xSendPayload
                0x0801703c       0x12 ./output/sx126x.o
                0x0801703c                SX126xSendPayload
 *fill*         0x0801704e        0x2 
 .text.SX126xSetRx
                0x08017050       0x2c ./output/sx126x.o
                0x08017050                SX126xSetRx
 .text.SX126xSetRxBoosted
                0x0801707c       0x38 ./output/sx126x.o
                0x0801707c                SX126xSetRxBoosted
 .text.SX126xSetRxDutyCycle
                0x080170b4       0x3c ./output/sx126x.o
                0x080170b4                SX126xSetRxDutyCycle
 .text.SX126xSetCad
                0x080170f0       0x18 ./output/sx126x.o
                0x080170f0                SX126xSetCad
 .text.SX126xSetTxContinuousWave
                0x08017108       0x14 ./output/sx126x.o
                0x08017108                SX126xSetTxContinuousWave
 .text.SX126xSetStopRxTimerOnPreambleDetect
                0x0801711c       0x16 ./output/sx126x.o
                0x0801711c                SX126xSetStopRxTimerOnPreambleDetect
 .text.SX126xSetLoRaSymbNumTimeout
                0x08017132       0x16 ./output/sx126x.o
                0x08017132                SX126xSetLoRaSymbNumTimeout
 .text.SX126xSetRegulatorMode
                0x08017148       0x16 ./output/sx126x.o
                0x08017148                SX126xSetRegulatorMode
 .text.SX126xCalibrate
                0x0801715e       0x16 ./output/sx126x.o
                0x0801715e                SX126xCalibrate
 .text.SX126xCalibrateImage
                0x08017174       0x78 ./output/sx126x.o
                0x08017174                SX126xCalibrateImage
 .text.SX126xSetPaConfig
                0x080171ec       0x24 ./output/sx126x.o
                0x080171ec                SX126xSetPaConfig
 .text.SX126xSetDioIrqParams
                0x08017210       0x38 ./output/sx126x.o
                0x08017210                SX126xSetDioIrqParams
 .text.SX126xGetIrqStatus
                0x08017248       0x1e ./output/sx126x.o
                0x08017248                SX126xGetIrqStatus
 .text.SX126xSetDio2AsRfSwitchCtrl
                0x08017266       0x16 ./output/sx126x.o
                0x08017266                SX126xSetDio2AsRfSwitchCtrl
 .text.SX126xSetDio3AsTcxoCtrl
                0x0801727c       0x2c ./output/sx126x.o
                0x0801727c                SX126xSetDio3AsTcxoCtrl
 .text.SX126xInit
                0x080172a8       0x3c ./output/sx126x.o
                0x080172a8                SX126xInit
 *fill*         0x080172e4        0x4 
 .text.SX126xSetRfFrequency
                0x080172e8       0x5c ./output/sx126x.o
                0x080172e8                SX126xSetRfFrequency
 .text.SX126xSetPacketType
                0x08017344       0x20 ./output/sx126x.o
                0x08017344                SX126xSetPacketType
 .text.SX126xGetPacketType
                0x08017364        0xc ./output/sx126x.o
                0x08017364                SX126xGetPacketType
 .text.SX126xSetTxParams
                0x08017370       0xc4 ./output/sx126x.o
                0x08017370                SX126xSetTxParams
 *fill*         0x08017434        0x4 
 .text.SX126xSetModulationParams
                0x08017438       0xc8 ./output/sx126x.o
                0x08017438                SX126xSetModulationParams
 .text.SX126xSetPacketParams
                0x08017500       0xc4 ./output/sx126x.o
                0x08017500                SX126xSetPacketParams
 .text.SX126xSetCadParams
                0x080175c4       0x3c ./output/sx126x.o
                0x080175c4                SX126xSetCadParams
 .text.SX126xSetBufferBaseAddress
                0x08017600       0x1a ./output/sx126x.o
                0x08017600                SX126xSetBufferBaseAddress
 .text.SX126xGetRssiInst
                0x0801761a       0x1a ./output/sx126x.o
                0x0801761a                SX126xGetRssiInst
 .text.SX126xGetRxBufferStatus
                0x08017634       0x48 ./output/sx126x.o
                0x08017634                SX126xGetRxBufferStatus
 .text.SX126xGetPayload
                0x0801767c       0x30 ./output/sx126x.o
                0x0801767c                SX126xGetPayload
 .text.SX126xGetPacketStatus
                0x080176ac       0x7c ./output/sx126x.o
                0x080176ac                SX126xGetPacketStatus
 .text.SX126xClearIrqStatus
                0x08017728       0x1c ./output/sx126x.o
                0x08017728                SX126xClearIrqStatus
 .text.DelayMs  0x08017744        0x4 ./output/delay.o
                0x08017744                DelayMs
 .text.CalendarDiv60
                0x08017748       0x2e ./output/timer.o
 *fill*         0x08017776        0x2 
 .text.TimeStampsUpdate
                0x08017778       0x2c ./output/timer.o
 .text.TimerInsertNewHeadTimer
                0x080177a4       0x1c ./output/timer.o
 .text.SysTimeAdd
                0x080177c0       0x3c ./output/timer.o
                0x080177c0                SysTimeAdd
 .text.SysTimeSub
                0x080177fc       0x3c ./output/timer.o
                0x080177fc                SysTimeSub
 .text.SysTimeSet
                0x08017838       0x78 ./output/timer.o
                0x08017838                SysTimeSet
 .text.SysTimeGet
                0x080178b0       0x84 ./output/timer.o
                0x080178b0                SysTimeGet
 .text.SysTimeLocalTime
                0x08017934       0xcc ./output/timer.o
                0x08017934                SysTimeLocalTime
 .text.TimerInit
                0x08017a00        0xe ./output/timer.o
                0x08017a00                TimerInit
 *fill*         0x08017a0e        0x2 
 .text.TimerStart
                0x08017a10       0x78 ./output/timer.o
                0x08017a10                TimerStart
 .text.TimerIrqHandler
                0x08017a88       0x70 ./output/timer.o
                0x08017a88                TimerIrqHandler
 .text.TimerStop
                0x08017af8       0x5c ./output/timer.o
                0x08017af8                TimerStop
 .text.TimerSetValue
                0x08017b54       0x10 ./output/timer.o
                0x08017b54                TimerSetValue
 .text.TimerGetCurrentTime
                0x08017b64        0x4 ./output/timer.o
                0x08017b64                TimerGetCurrentTime
 .text.TimerGetElapsedTime
                0x08017b68       0x12 ./output/timer.o
                0x08017b68                TimerGetElapsedTime
 .text.xor_block
                0x08017b7a       0x82 ./output/aes.o
 .text.copy_and_key
                0x08017bfc       0x84 ./output/aes.o
 .text.aes_set_key
                0x08017c80       0xfc ./output/aes.o
                0x08017c80                aes_set_key
 .text.aes_encrypt
                0x08017d7c      0x2f4 ./output/aes.o
                0x08017d7c                aes_encrypt
 .text.AES_CMAC_Init
                0x08018070       0x20 ./output/cmac.o
                0x08018070                AES_CMAC_Init
 .text.AES_CMAC_SetKey
                0x08018090        0xc ./output/cmac.o
                0x08018090                AES_CMAC_SetKey
 .text.AES_CMAC_Update
                0x0801809c       0xbe ./output/cmac.o
                0x0801809c                AES_CMAC_Update
 .text.AES_CMAC_Final
                0x0801815a      0x14a ./output/cmac.o
                0x0801815a                AES_CMAC_Final
 .text.RegionIsActive
                0x080182a4        0xa ./output/region.o
                0x080182a4                RegionIsActive
 .text.RegionGetPhyParam
                0x080182ae       0x12 ./output/region.o
                0x080182ae                RegionGetPhyParam
 .text.RegionSetBandTxDone
                0x080182c0        0xc ./output/region.o
                0x080182c0                RegionSetBandTxDone
 .text.RegionInitDefaults
                0x080182cc        0xc ./output/region.o
                0x080182cc                RegionInitDefaults
 .text.RegionVerify
                0x080182d8       0x12 ./output/region.o
                0x080182d8                RegionVerify
 .text.RegionApplyCFList
                0x080182ea        0xc ./output/region.o
                0x080182ea                RegionApplyCFList
 .text.RegionChanMaskSet
                0x080182f6        0xe ./output/region.o
                0x080182f6                RegionChanMaskSet
 .text.RegionAdrNext
                0x08018304       0x20 ./output/region.o
                0x08018304                RegionAdrNext
 .text.RegionComputeRxWindowParameters
                0x08018324       0x1e ./output/region.o
                0x08018324                RegionComputeRxWindowParameters
 .text.RegionRxConfig
                0x08018342       0x12 ./output/region.o
                0x08018342                RegionRxConfig
 .text.RegionTxConfig
                0x08018354       0x1e ./output/region.o
                0x08018354                RegionTxConfig
 .text.RegionLinkAdrReq
                0x08018372       0x20 ./output/region.o
                0x08018372                RegionLinkAdrReq
 .text.RegionRxParamSetupReq
                0x08018392        0xe ./output/region.o
                0x08018392                RegionRxParamSetupReq
 .text.RegionNewChannelReq
                0x080183a0        0xe ./output/region.o
                0x080183a0                RegionNewChannelReq
 .text.RegionTxParamSetupReq
                0x080183ae        0xe ./output/region.o
                0x080183ae                RegionTxParamSetupReq
 .text.RegionDlChannelReq
                0x080183bc        0xe ./output/region.o
                0x080183bc                RegionDlChannelReq
 .text.RegionAlternateDr
                0x080183ca        0xe ./output/region.o
                0x080183ca                RegionAlternateDr
 .text.RegionCalcBackOff
                0x080183d8        0xc ./output/region.o
                0x080183d8                RegionCalcBackOff
 .text.RegionNextChannel
                0x080183e4       0x20 ./output/region.o
                0x080183e4                RegionNextChannel
 .text.RegionSetContinuousWave
                0x08018404        0xc ./output/region.o
                0x08018404                RegionSetContinuousWave
 .text.RegionApplyDrOffset
                0x08018410       0x1e ./output/region.o
                0x08018410                RegionApplyDrOffset
 .text.RegionCommonChanVerifyDr
                0x0801842e       0x62 ./output/regioncommon.o
                0x0801842e                RegionCommonChanVerifyDr
 .text.RegionCommonValueInRange
                0x08018490       0x12 ./output/regioncommon.o
                0x08018490                RegionCommonValueInRange
 .text.RegionCommonChanDisable
                0x080184a2       0x2e ./output/regioncommon.o
                0x080184a2                RegionCommonChanDisable
 .text.RegionCommonCountChannels
                0x080184d0       0x3a ./output/regioncommon.o
                0x080184d0                RegionCommonCountChannels
 .text.RegionCommonChanMaskCopy
                0x0801850a       0x1c ./output/regioncommon.o
                0x0801850a                RegionCommonChanMaskCopy
 .text.RegionCommonSetBandTxDone
                0x08018526        0xe ./output/regioncommon.o
                0x08018526                RegionCommonSetBandTxDone
 .text.RegionCommonUpdateBandTimeOff
                0x08018534      0x100 ./output/regioncommon.o
                0x08018534                RegionCommonUpdateBandTimeOff
 .text.RegionCommonParseLinkAdrReq
                0x08018634       0x34 ./output/regioncommon.o
                0x08018634                RegionCommonParseLinkAdrReq
 .text.RegionCommonLinkAdrReqVerifyParams
                0x08018668       0x8e ./output/regioncommon.o
                0x08018668                RegionCommonLinkAdrReqVerifyParams
 *fill*         0x080186f6        0x2 
 .text.RegionCommonComputeSymbolTimeLoRa
                0x080186f8       0x34 ./output/regioncommon.o
                0x080186f8                RegionCommonComputeSymbolTimeLoRa
 .text.RegionCommonComputeRxWindowParameters
                0x0801872c       0xac ./output/regioncommon.o
                0x0801872c                RegionCommonComputeRxWindowParameters
 .text.RegionCommonComputeTxPower
                0x080187d8       0x7e ./output/regioncommon.o
                0x080187d8                RegionCommonComputeTxPower
 .text.RegionCommonCalcBackOff
                0x08018856       0x78 ./output/regioncommon.o
                0x08018856                RegionCommonCalcBackOff
 *fill*         0x080188ce        0x2 
 .text.RegionUS915GetPhyParam
                0x080188d0       0xc4 ./output/regionus915.o
                0x080188d0                RegionUS915GetPhyParam
 .text.RegionUS915SetBandTxDone
                0x08018994       0x2c ./output/regionus915.o
                0x08018994                RegionUS915SetBandTxDone
 .text.RegionUS915InitDefaults
                0x080189c0      0x17c ./output/regionus915.o
                0x080189c0                RegionUS915InitDefaults
 .text.RegionUS915Verify
                0x08018b3c       0x78 ./output/regionus915.o
                0x08018b3c                RegionUS915Verify
 .text.RegionUS915ApplyCFList
                0x08018bb4      0x100 ./output/regionus915.o
                0x08018bb4                RegionUS915ApplyCFList
 .text.RegionUS915ChanMaskSet
                0x08018cb4       0x60 ./output/regionus915.o
                0x08018cb4                RegionUS915ChanMaskSet
 .text.RegionUS915AdrNext
                0x08018d14       0x6c ./output/regionus915.o
                0x08018d14                RegionUS915AdrNext
 .text.RegionUS915ComputeRxWindowParameters
                0x08018d80       0x78 ./output/regionus915.o
                0x08018d80                RegionUS915ComputeRxWindowParameters
 .text.RegionUS915RxConfig
                0x08018df8      0x104 ./output/regionus915.o
                0x08018df8                RegionUS915RxConfig
 .text.RegionUS915TxConfig
                0x08018efc      0x188 ./output/regionus915.o
                0x08018efc                RegionUS915TxConfig
 .text.RegionUS915LinkAdrReq
                0x08019084      0x254 ./output/regionus915.o
                0x08019084                RegionUS915LinkAdrReq
 .text.RegionUS915RxParamSetupReq
                0x080192d8       0x84 ./output/regionus915.o
                0x080192d8                RegionUS915RxParamSetupReq
 .text.RegionUS915NewChannelReq
                0x0801935c        0x4 ./output/regionus915.o
                0x0801935c                RegionUS915NewChannelReq
 .text.RegionUS915TxParamSetupReq
                0x08019360        0x6 ./output/regionus915.o
                0x08019360                RegionUS915TxParamSetupReq
 .text.RegionUS915DlChannelReq
                0x08019366        0x4 ./output/regionus915.o
                0x08019366                RegionUS915DlChannelReq
 .text.RegionUS915AlternateDr
                0x0801936a       0x1a ./output/regionus915.o
                0x0801936a                RegionUS915AlternateDr
 .text.RegionUS915CalcBackOff
                0x08019384       0x48 ./output/regionus915.o
                0x08019384                RegionUS915CalcBackOff
 .text.RegionUS915NextChannel
                0x080193cc      0x260 ./output/regionus915.o
                0x080193cc                RegionUS915NextChannel
 .text.RegionUS915SetContinuousWave
                0x0801962c       0x84 ./output/regionus915.o
                0x0801962c                RegionUS915SetContinuousWave
 .text.RegionUS915ApplyDrOffset
                0x080196b0       0x18 ./output/regionus915.o
                0x080196b0                RegionUS915ApplyDrOffset
 .text.ResetMacParameters
                0x080196c8       0x88 ./output/loramac.o
 .text.ValidatePayloadLength
                0x08019750       0x54 ./output/loramac.o
 .text.OnAckTimeoutTimerEvent
                0x080197a4       0x3c ./output/loramac.o
 .text.PrepareRxDoneAbort
                0x080197e0       0x40 ./output/loramac.o
 .text.RxWindowSetup
                0x08019820       0x18 ./output/loramac.o
 .text.OnRxWindow1TimerEvent
                0x08019838       0x98 ./output/loramac.o
 .text.OnRxWindow2TimerEvent
                0x080198d0       0x90 ./output/loramac.o
 .text.OnRadioTxTimeout
                0x08019960       0x3c ./output/loramac.o
 .text.OnRadioTxDone
                0x0801999c      0x128 ./output/loramac.o
 .text.OnRadioRxTimeout
                0x08019ac4       0x74 ./output/loramac.o
 .text.OnRadioRxError
                0x08019b38       0x6c ./output/loramac.o
 .text.printf_joinmessage
                0x08019ba4       0xa0 ./output/loramac.o
                0x08019ba4                printf_joinmessage
 .text.PrepareFrame
                0x08019c44      0x3a0 ./output/loramac.o
                0x08019c44                PrepareFrame
 .text.SendFrameOnChannel
                0x08019fe4      0x120 ./output/loramac.o
                0x08019fe4                SendFrameOnChannel
 .text.ScheduleTx
                0x0801a104      0x1f4 ./output/loramac.o
 .text.Send     0x0801a2f8       0x40 ./output/loramac.o
                0x0801a2f8                Send
 .text.OnTxDelayedTimerEvent
                0x0801a338       0x7c ./output/loramac.o
 .text.OnMacStateCheckTimerEvent
                0x0801a3b4      0x428 ./output/loramac.o
 .text.SetTxContinuousWave
                0x0801a7dc       0x60 ./output/loramac.o
                0x0801a7dc                SetTxContinuousWave
 .text.SetTxContinuousWave1
                0x0801a83c       0x3c ./output/loramac.o
                0x0801a83c                SetTxContinuousWave1
 .text.LoRaMacInitialization
                0x0801a878      0x2ac ./output/loramac.o
                0x0801a878                LoRaMacInitialization
 .text.LoRaMacQueryTxPossible
                0x0801ab24       0xf8 ./output/loramac.o
                0x0801ab24                LoRaMacQueryTxPossible
 .text.LoRaMacMibGetRequestConfirm
                0x0801ac1c      0x12c ./output/loramac.o
                0x0801ac1c                LoRaMacMibGetRequestConfirm
 .text.ProcessMacCommands
                0x0801ad48      0x68c ./output/loramac.o
 .text.OnRadioRxDone
                0x0801b3d4      0x550 ./output/loramac.o
 .text.LoRaMacMibSetRequestConfirm
                0x0801b924      0x2f0 ./output/loramac.o
                0x0801b924                LoRaMacMibSetRequestConfirm
 .text.LoRaMacMlmeRequest
                0x0801bc14      0x204 ./output/loramac.o
                0x0801bc14                LoRaMacMlmeRequest
 .text.LoRaMacMcpsRequest
                0x0801be18      0x13c ./output/loramac.o
                0x0801be18                LoRaMacMcpsRequest
 .text.LoRaMacComputeMic
                0x0801bf54       0x74 ./output/loramaccrypto.o
                0x0801bf54                LoRaMacComputeMic
 .text.LoRaMacPayloadEncrypt
                0x0801bfc8      0x110 ./output/loramaccrypto.o
                0x0801bfc8                LoRaMacPayloadEncrypt
 .text.LoRaMacPayloadDecrypt
                0x0801c0d8        0xe ./output/loramaccrypto.o
                0x0801c0d8                LoRaMacPayloadDecrypt
 *fill*         0x0801c0e6        0x2 
 .text.LoRaMacJoinComputeMic
                0x0801c0e8       0x40 ./output/loramaccrypto.o
                0x0801c0e8                LoRaMacJoinComputeMic
 .text.LoRaMacJoinDecrypt
                0x0801c128       0x44 ./output/loramaccrypto.o
                0x0801c128                LoRaMacJoinDecrypt
 .text.LoRaMacJoinComputeSKeys
                0x0801c16c       0x94 ./output/loramaccrypto.o
                0x0801c16c                LoRaMacJoinComputeSKeys
 .text.OnCertifTxNextPacketTimerEvent
                0x0801c200       0xb4 ./output/lora-test.o
 .text.certif_running
                0x0801c2b4        0xc ./output/lora-test.o
                0x0801c2b4                certif_running
 .text.certif_DownLinkIncrement
                0x0801c2c0       0x14 ./output/lora-test.o
                0x0801c2c0                certif_DownLinkIncrement
 .text.certif_linkCheck
                0x0801c2d4       0x1c ./output/lora-test.o
                0x0801c2d4                certif_linkCheck
 .text.certif_rx
                0x0801c2f0      0x1b8 ./output/lora-test.o
                0x0801c2f0                certif_rx
 .text.__libc_init_array
                0x0801c4a8       0x50 d:/keil_v5/arm/gcc-arm-none-eabi-5_4-2016q3-20160926-win32/bin/../lib/gcc/arm-none-eabi/5.4.1/../../../../arm-none-eabi/lib/armv7e-m\libc.a(lib_a-init.o)
                0x0801c4a8                __libc_init_array
 .text.memset   0x0801c4f8       0x9c d:/keil_v5/arm/gcc-arm-none-eabi-5_4-2016q3-20160926-win32/bin/../lib/gcc/arm-none-eabi/5.4.1/../../../../arm-none-eabi/lib/armv7e-m\libc.a(lib_a-memset.o)
                0x0801c4f8                memset
 .text.strncmp  0x0801c594       0xa0 d:/keil_v5/arm/gcc-arm-none-eabi-5_4-2016q3-20160926-win32/bin/../lib/gcc/arm-none-eabi/5.4.1/../../../../arm-none-eabi/lib/armv7e-m\libc.a(lib_a-strncmp.o)
                0x0801c594                strncmp
 .text.strtok   0x0801c634       0x10 d:/keil_v5/arm/gcc-arm-none-eabi-5_4-2016q3-20160926-win32/bin/../lib/gcc/arm-none-eabi/5.4.1/../../../../arm-none-eabi/lib/armv7e-m\libc.a(lib_a-strtok.o)
                0x0801c634                strtok
 .text.__strtok_r
                0x0801c644       0x64 d:/keil_v5/arm/gcc-arm-none-eabi-5_4-2016q3-20160926-win32/bin/../lib/gcc/arm-none-eabi/5.4.1/../../../../arm-none-eabi/lib/armv7e-m\libc.a(lib_a-strtok_r.o)
                0x0801c644                __strtok_r
 .text._strtol_l.isra.0
                0x0801c6a8      0x138 d:/keil_v5/arm/gcc-arm-none-eabi-5_4-2016q3-20160926-win32/bin/../lib/gcc/arm-none-eabi/5.4.1/../../../../arm-none-eabi/lib/armv7e-m\libc.a(lib_a-strtol.o)
 .text.strtol   0x0801c7e0       0x2c d:/keil_v5/arm/gcc-arm-none-eabi-5_4-2016q3-20160926-win32/bin/../lib/gcc/arm-none-eabi/5.4.1/../../../../arm-none-eabi/lib/armv7e-m\libc.a(lib_a-strtol.o)
                0x0801c7e0                strtol
 .text._strtoul_l.isra.0
                0x0801c80c      0x168 d:/keil_v5/arm/gcc-arm-none-eabi-5_4-2016q3-20160926-win32/bin/../lib/gcc/arm-none-eabi/5.4.1/../../../../arm-none-eabi/lib/armv7e-m\libc.a(lib_a-strtoul.o)
 .text.strtoul  0x0801c974       0x2c d:/keil_v5/arm/gcc-arm-none-eabi-5_4-2016q3-20160926-win32/bin/../lib/gcc/arm-none-eabi/5.4.1/../../../../arm-none-eabi/lib/armv7e-m\libc.a(lib_a-strtoul.o)
                0x0801c974                strtoul
 .text.startup.register_fini
                0x0801c9a0       0x14 d:/keil_v5/arm/gcc-arm-none-eabi-5_4-2016q3-20160926-win32/bin/../lib/gcc/arm-none-eabi/5.4.1/../../../../arm-none-eabi/lib/armv7e-m\libc.a(lib_a-__call_atexit.o)
 .text.atexit   0x0801c9b4        0xc d:/keil_v5/arm/gcc-arm-none-eabi-5_4-2016q3-20160926-win32/bin/../lib/gcc/arm-none-eabi/5.4.1/../../../../arm-none-eabi/lib/armv7e-m\libc.a(lib_a-atexit.o)
                0x0801c9b4                atexit
 .text.__libc_fini_array
                0x0801c9c0       0x28 d:/keil_v5/arm/gcc-arm-none-eabi-5_4-2016q3-20160926-win32/bin/../lib/gcc/arm-none-eabi/5.4.1/../../../../arm-none-eabi/lib/armv7e-m\libc.a(lib_a-fini.o)
                0x0801c9c0                __libc_fini_array
 .text.__locale_ctype_ptr_l
                0x0801c9e8        0x8 d:/keil_v5/arm/gcc-arm-none-eabi-5_4-2016q3-20160926-win32/bin/../lib/gcc/arm-none-eabi/5.4.1/../../../../arm-none-eabi/lib/armv7e-m\libc.a(lib_a-locale.o)
                0x0801c9e8                __locale_ctype_ptr_l
 .text.__ascii_mbtowc
                0x0801c9f0       0x2c d:/keil_v5/arm/gcc-arm-none-eabi-5_4-2016q3-20160926-win32/bin/../lib/gcc/arm-none-eabi/5.4.1/../../../../arm-none-eabi/lib/armv7e-m\libc.a(lib_a-mbtowc_r.o)
                0x0801c9f0                __ascii_mbtowc
 .text.__ascii_wctomb
                0x0801ca1c       0x1c d:/keil_v5/arm/gcc-arm-none-eabi-5_4-2016q3-20160926-win32/bin/../lib/gcc/arm-none-eabi/5.4.1/../../../../arm-none-eabi/lib/armv7e-m\libc.a(lib_a-wctomb_r.o)
                0x0801ca1c                __ascii_wctomb
 .text.__register_exitproc
                0x0801ca38       0xa4 d:/keil_v5/arm/gcc-arm-none-eabi-5_4-2016q3-20160926-win32/bin/../lib/gcc/arm-none-eabi/5.4.1/../../../../arm-none-eabi/lib/armv7e-m\libc.a(lib_a-__atexit.o)
                0x0801ca38                __register_exitproc
 *fill*         0x0801cadc        0x4 
 .text.ceil     0x0801cae0      0x110 d:/keil_v5/arm/gcc-arm-none-eabi-5_4-2016q3-20160926-win32/bin/../lib/gcc/arm-none-eabi/5.4.1/../../../../arm-none-eabi/lib/armv7e-m\libm.a(lib_a-s_ceil.o)
                0x0801cae0                ceil
 .text.floor    0x0801cbf0      0x110 d:/keil_v5/arm/gcc-arm-none-eabi-5_4-2016q3-20160926-win32/bin/../lib/gcc/arm-none-eabi/5.4.1/../../../../arm-none-eabi/lib/armv7e-m\libm.a(lib_a-s_floor.o)
                0x0801cbf0                floor
 .text.rint     0x0801cd00      0x118 d:/keil_v5/arm/gcc-arm-none-eabi-5_4-2016q3-20160926-win32/bin/../lib/gcc/arm-none-eabi/5.4.1/../../../../arm-none-eabi/lib/armv7e-m\libm.a(lib_a-s_rint.o)
                0x0801cd00                rint
 .text.round    0x0801ce18       0xa0 d:/keil_v5/arm/gcc-arm-none-eabi-5_4-2016q3-20160926-win32/bin/../lib/gcc/arm-none-eabi/5.4.1/../../../../arm-none-eabi/lib/armv7e-m\libm.a(lib_a-s_round.o)
                0x0801ce18                round
 *(.glue_7)
 .glue_7        0x0801ceb8        0x0 linker stubs
 *(.glue_7t)
 .glue_7t       0x0801ceb8        0x0 linker stubs
 *(.eh_frame)
 .eh_frame      0x0801ceb8        0x0 d:/keil_v5/arm/gcc-arm-none-eabi-5_4-2016q3-20160926-win32/bin/../lib/gcc/arm-none-eabi/5.4.1/armv7e-m/crtbegin.o
 *(.init)
 .init          0x0801ceb8        0x4 d:/keil_v5/arm/gcc-arm-none-eabi-5_4-2016q3-20160926-win32/bin/../lib/gcc/arm-none-eabi/5.4.1/armv7e-m/crti.o
                0x0801ceb8                _init
 .init          0x0801cebc        0x8 d:/keil_v5/arm/gcc-arm-none-eabi-5_4-2016q3-20160926-win32/bin/../lib/gcc/arm-none-eabi/5.4.1/armv7e-m/crtn.o
 *(.fini)
 .fini          0x0801cec4        0x4 d:/keil_v5/arm/gcc-arm-none-eabi-5_4-2016q3-20160926-win32/bin/../lib/gcc/arm-none-eabi/5.4.1/armv7e-m/crti.o
                0x0801cec4                _fini
 .fini          0x0801cec8        0x8 d:/keil_v5/arm/gcc-arm-none-eabi-5_4-2016q3-20160926-win32/bin/../lib/gcc/arm-none-eabi/5.4.1/armv7e-m/crtn.o
                0x0801ced0                . = ALIGN (0x4)
                0x0801ced0                _etext = .

.vfp11_veneer   0x0801ced0        0x0
 .vfp11_veneer  0x0801ced0        0x0 linker stubs

.v4_bx          0x0801ced0        0x0
 .v4_bx         0x0801ced0        0x0 linker stubs

.iplt           0x0801ced0        0x0
 .iplt          0x0801ced0        0x0 d:/keil_v5/arm/gcc-arm-none-eabi-5_4-2016q3-20160926-win32/bin/../lib/gcc/arm-none-eabi/5.4.1/armv7e-m/crtbegin.o

.rodata         0x0801ced0     0x1c30
                0x0801ced0                . = ALIGN (0x4)
 *(.rodata)
 .rodata        0x0801ced0       0x50 ./output/printf-stdarg.o
 .rodata        0x0801cf20      0x1c0 ./output/command.o
 .rodata        0x0801d0e0       0x18 ./output/rtc-board.o
 .rodata        0x0801d0f8      0x194 ./output/radio.o
                0x0801d0fc                FskBandwidths
                0x0801d210                Bandwidths
                0x0801d21c                Radio
 .rodata        0x0801d28c      0x300 ./output/aes.o
 .rodata        0x0801d58c       0x84 ./output/regionus915.o
 .rodata        0x0801d610       0x10 ./output/loramac.o
 *(.rodata*)
 .rodata.str1.1
                0x0801d620       0x19 ./output/printf-stdarg.o
 .rodata.str1.1
                0x0801d639      0x1ea ./output/main.o
                                0x1ed (size before relaxing)
 .rodata.str1.1
                0x0801d823       0x3b ./output/tremo_it.o
 .rodata.str1.1
                0x0801d85e      0x15b ./output/lora_app.o
                                0x171 (size before relaxing)
 .rodata.str1.1
                0x0801d9b9      0xdd5 ./output/command.o
                                0xe2a (size before relaxing)
 .rodata.str1.1
                0x0801e78e       0x3e ./output/radio.o
 .rodata.str1.1
                0x0801e7cc       0x1c ./output/timer.o
 .rodata.str1.1
                0x0801e7e8       0x78 ./output/regionus915.o
                                 0x7e (size before relaxing)
 .rodata.str1.1
                0x0801e860      0x16f ./output/loramac.o
                                0x172 (size before relaxing)
 *fill*         0x0801e9cf        0x1 
 .rodata._global_impure_ptr
                0x0801e9d0        0x4 d:/keil_v5/arm/gcc-arm-none-eabi-5_4-2016q3-20160926-win32/bin/../lib/gcc/arm-none-eabi/5.4.1/../../../../arm-none-eabi/lib/armv7e-m\libc.a(lib_a-impure.o)
                0x0801e9d0                _global_impure_ptr
 .rodata.str1.4
                0x0801e9d4       0x14 d:/keil_v5/arm/gcc-arm-none-eabi-5_4-2016q3-20160926-win32/bin/../lib/gcc/arm-none-eabi/5.4.1/../../../../arm-none-eabi/lib/armv7e-m\libc.a(lib_a-locale.o)
                                 0x12 (size before relaxing)
 .rodata._ctype_
                0x0801e9e8      0x101 d:/keil_v5/arm/gcc-arm-none-eabi-5_4-2016q3-20160926-win32/bin/../lib/gcc/arm-none-eabi/5.4.1/../../../../arm-none-eabi/lib/armv7e-m\libc.a(lib_a-ctype_.o)
                0x0801e9e8                _ctype_
 *fill*         0x0801eae9        0x7 
 .rodata.TWO52  0x0801eaf0       0x10 d:/keil_v5/arm/gcc-arm-none-eabi-5_4-2016q3-20160926-win32/bin/../lib/gcc/arm-none-eabi/5.4.1/../../../../arm-none-eabi/lib/armv7e-m\libm.a(lib_a-s_rint.o)
                0x0801eb00                . = ALIGN (0x4)

.ARM.extab
 *(.ARM.extab* .gnu.linkonce.armextab.*)

.ARM            0x0801eb00        0x8
                0x0801eb00                __exidx_start = .
 *(.ARM.exidx*)
 .ARM.exidx     0x0801eb00        0x8 d:/keil_v5/arm/gcc-arm-none-eabi-5_4-2016q3-20160926-win32/bin/../lib/gcc/arm-none-eabi/5.4.1/armv7e-m\libgcc.a(_udivmoddi4.o)
                0x0801eb08                __exidx_end = .

.rel.dyn        0x0801eb08        0x0
 .rel.iplt      0x0801eb08        0x0 d:/keil_v5/arm/gcc-arm-none-eabi-5_4-2016q3-20160926-win32/bin/../lib/gcc/arm-none-eabi/5.4.1/armv7e-m/crtbegin.o

.preinit_array  0x0801eb08        0x0
                0x0801eb08                PROVIDE (__preinit_array_start, .)
 *(.preinit_array*)
                0x0801eb08                PROVIDE (__preinit_array_end, .)

.init_array     0x0801eb08        0x8
                0x0801eb08                PROVIDE (__init_array_start, .)
 *(SORT(.init_array.*))
 .init_array.00000
                0x0801eb08        0x4 d:/keil_v5/arm/gcc-arm-none-eabi-5_4-2016q3-20160926-win32/bin/../lib/gcc/arm-none-eabi/5.4.1/../../../../arm-none-eabi/lib/armv7e-m\libc.a(lib_a-__call_atexit.o)
 *(.init_array*)
 .init_array    0x0801eb0c        0x4 d:/keil_v5/arm/gcc-arm-none-eabi-5_4-2016q3-20160926-win32/bin/../lib/gcc/arm-none-eabi/5.4.1/armv7e-m/crtbegin.o
                0x0801eb10                PROVIDE (__init_array_end, .)

.fini_array     0x0801eb10        0x4
                0x0801eb10                PROVIDE (__fini_array_start, .)
 *(SORT(.fini_array.*))
 *(.fini_array*)
 .fini_array    0x0801eb10        0x4 d:/keil_v5/arm/gcc-arm-none-eabi-5_4-2016q3-20160926-win32/bin/../lib/gcc/arm-none-eabi/5.4.1/armv7e-m/crtbegin.o
                0x0801eb14                PROVIDE (__fini_array_end, .)
                0x0801eb14                _sidata = LOADADDR (.data)

.data           0x20000000      0x6d8 load address 0x0801eb14
                0x20000000                . = ALIGN (0x4)
                0x20000000                _sdata = .
 *(.data)
 .data          0x20000000       0x48 ./output/main.o
                0x20000000                g_log_level
                0x2000000c                UTC_Request
                0x2000000d                payload_upload_correct
                0x2000000f                payload_upload_device_not_register_error
                0x20000012                REJOIN_TX_DUTYCYCLE
                0x20000038                read_deui_cfg
                0x20000042                payload_upload_error
                0x20000044                payload_upload_button_checked
                0x20000046                payload_upload_button_unchecked
 .data          0x20000048       0x5c ./output/lora_app.o
                0x200000a0                band_string
 .data          0x200000a4        0x4 ./output/utilities.o
 .data          0x200000a8        0x1 ./output/radio.o
                0x200000a8                MaxPayloadLength
 *fill*         0x200000a9        0x3 
 .data          0x200000ac       0x4c ./output/timer.o
                0x200000dc                WeekDayString
 .data          0x200000f8       0x20 ./output/regionus915.o
 .data          0x20000118        0x4 ./output/loramac.o
                0x2000011b                printf_channel_mask_onece
 .data          0x2000011c       0x20 ./output/loramaccrypto.o
 *(.data*)
 *fill*         0x2000013c        0x4 
 .data.impure_data
                0x20000140      0x428 d:/keil_v5/arm/gcc-arm-none-eabi-5_4-2016q3-20160926-win32/bin/../lib/gcc/arm-none-eabi/5.4.1/../../../../arm-none-eabi/lib/armv7e-m\libc.a(lib_a-impure.o)
 .data._impure_ptr
                0x20000568        0x4 d:/keil_v5/arm/gcc-arm-none-eabi-5_4-2016q3-20160926-win32/bin/../lib/gcc/arm-none-eabi/5.4.1/../../../../arm-none-eabi/lib/armv7e-m\libc.a(lib_a-impure.o)
                0x20000568                _impure_ptr
 .data.__global_locale
                0x2000056c      0x16c d:/keil_v5/arm/gcc-arm-none-eabi-5_4-2016q3-20160926-win32/bin/../lib/gcc/arm-none-eabi/5.4.1/../../../../arm-none-eabi/lib/armv7e-m\libc.a(lib_a-locale.o)
                0x2000056c                __global_locale
                0x200006d8                . = ALIGN (0x4)
                0x200006d8                _edata = .

.jcr            0x200006d8        0x0 load address 0x0801f1ec
 .jcr           0x200006d8        0x0 d:/keil_v5/arm/gcc-arm-none-eabi-5_4-2016q3-20160926-win32/bin/../lib/gcc/arm-none-eabi/5.4.1/armv7e-m/crtbegin.o

.igot.plt       0x200006d8        0x0 load address 0x0801f1ec
 .igot.plt      0x200006d8        0x0 d:/keil_v5/arm/gcc-arm-none-eabi-5_4-2016q3-20160926-win32/bin/../lib/gcc/arm-none-eabi/5.4.1/armv7e-m/crtbegin.o
                0x200006d8                . = ALIGN (0x4)

.bss            0x200006d8     0x2da8 load address 0x0801f1ec
                0x200006d8                _sbss = .
                0x200006d8                __bss_start__ = _sbss
 *(.bss)
 .bss           0x200006d8       0x1c d:/keil_v5/arm/gcc-arm-none-eabi-5_4-2016q3-20160926-win32/bin/../lib/gcc/arm-none-eabi/5.4.1/armv7e-m/crtbegin.o
 .bss           0x200006f4      0x49d ./output/printf-stdarg.o
                0x200006f4                printf_dma_idx_w
                0x200006f6                printf_dma_idx_r
                0x200006f8                printf_dma_queue
                0x20000b90                printf_dma_busy
 .bss           0x20000b91        0x1 ./output/tremo_delay.o
 .bss           0x20000b92      0x19d ./output/main.o
                0x20000b92                rejoin_status
                0x20000b93                unconfirmed_uplink_change_to_confirmed_uplink_status
                0x20000b94                is_time_to_rejoin
                0x20000b95                LoRaMacState_error_times
                0x20000b96                is_PDTA_command
                0x20000b97                is_PLDTA_command
                0x20000b98                is_time_to_IWDG_Refresh
                0x20000b99                is_lora_joined
                0x20000b9a                is_lora_joined_keep_status
                0x20000b9b                time_synchronization_interval
                0x20000b9c                UTC_Accept
                0x20000b9d                time_synchronization_method
                0x20000b9e                is_there_data
                0x20000b9f                device_total
                0x20000bc1                compatible_p2p_format
                0x20000bc5                compatible_p2p_format_1
                0x20000bc8                compatible_p2p_format_2
                0x20000bcb                compatible_p2p_format_rssi
                0x20000bdb                port_temp_lock
                0x20000bdc                port_temp
                0x20000bdd                atz_flags
                0x20000bde                is_time_to_reply_downlink
                0x20000bdf                confirmed_uplink_retransmission_nbtrials
                0x20000be0                confirmed_uplink_counter_retransmission_increment_switch
                0x20000be1                response_level
                0x20000be2                mac_response_flag
                0x20000be3                currentLeapSecond
                0x20000be4                downlink_detect_switch
                0x20000be6                unconfirmed_uplink_change_to_confirmed_uplink_timeout
                0x20000be8                downlink_detect_timeout
                0x20000bea                LinkADR_NbTrans_retransmission_nbtrials
                0x20000beb                LinkADR_NbTrans_uplink_counter_retransmission_increment_switch
                0x20000bec                joined_led
                0x20000bed                rejoin_keep_status
                0x20000bee                join_led_timeout_status
                0x20000bef                MAC_COMMAND_ANS_status
                0x20000bf0                unconfirmed_downlink_data_ans_status
                0x20000bf1                confirmed_downlink_data_ans_status
                0x20000bf2                JoinReq_NbTrails_over
                0x20000bf3                sleep_status
                0x20000bf4                downlink_received_status
                0x20000bf5                EnterLowPowerStopModeStatus
                0x20000bf6                EnterLowPowerStopMode_error_times
                0x20000bf7                uart_all_data_rx_done_flag
                0x20000bf8                uart_rx_data_from_esp32
                0x20000c18                uart_esp32_rx_data_len_index
                0x20000c19                ack
                0x20000c39                retrieval_uplink_time
                0x20000c3a                payloadlens
                0x20000d2d                Data_Record_Flag
                0x20000d2e                Poll_Message_Flag
 *fill*         0x20000d2f        0x1 
 .bss           0x20000d30       0x49 ./output/lora_app.o
                0x20000d30                lora_packet_send_complete_status
                0x20000d4c                current_firmware_ver
                0x20000d4d                current_fre_band
                0x20000d60                product_id
                0x20000d61                decrypt_flag
                0x20000d62                product_id_read_in_flash
                0x20000d63                fre_band_read_in_flash
                0x20000d64                firmware_ver_read_in_flash
                0x20000d78                FDR_status
 *fill*         0x20000d79        0x3 
 .bss           0x20000d7c      0x113 ./output/command.o
                0x20000d7c                atrecve_flag
                0x20000e83                debug_flags
                0x20000e84                write_config_in_flash_status
                0x20000e85                flag2
                0x20000e86                flag1
                0x20000e87                write_key_in_flash_status
                0x20000e88                g_atcmd_processing
                0x20000e8a                atcmd_index
                0x20000e8c                power_time
                0x20000e8e                parse_flag
 *fill*         0x20000e8f        0x1 
 .bss           0x20000e90        0x9 ./output/rtc-board.o
                0x20000e94                McuWakeUpTime
                0x20000e98                NonScheduledWakeUp
 .bss           0x20000e99        0x1 ./output/sx1262-board.o
                0x20000e99                gPaOptSetting
 *fill*         0x20000e9a        0x2 
 .bss           0x20000e9c       0x16 ./output/radio.o
                0x20000ea0                IrqFired
                0x20000ea4                TxTimeout
                0x20000eaa                RxContinuous
                0x20000eac                RxTimeout
                0x20000eb0                txtimeout_times
                0x20000eb1                rssi_temp
 *fill*         0x20000eb2        0x2 
 .bss           0x20000eb4        0x8 ./output/sx126x.o
                0x20000eb8                FrequencyError
 .bss           0x20000ebc        0x5 ./output/timer.o
                0x20000ec0                HasLoopedThroughMain
 *fill*         0x20000ec1        0x3 
 .bss           0x20000ec4      0x393 ./output/regionus915.o
 *fill*         0x20001257        0x1 
 .bss           0x20001258      0x465 ./output/loramac.o
                0x2000127c                LoRaMacState
                0x200012f8                LastTxdoneTime
                0x20001658                jr_flag
                0x20001659                jr_nb
                0x20001660                TxTimeOnAir
                0x200016b8                DR_small
                0x200016b9                address_flags
                0x200016ba                ser_ack_record
                0x200016bb                ser_ack_record2
                0x200016bc                ser_ack
 *fill*         0x200016bd        0x3 
 .bss           0x200016c0      0x229 ./output/loramaccrypto.o
 *fill*         0x200018e9        0x3 
 .bss           0x200018ec      0x115 ./output/lora-test.o
 *(.bss*)
 *(COMMON)
 *fill*         0x20001a01        0x3 
 COMMON         0x20001a04       0x20 ./output/tremo_dma.o
                0x20001a04                g_dma_callback_handler
 COMMON         0x20001a24     0x15d4 ./output/main.o
                0x20001a24                node_arr
                0x20002f64                payload_oversize
                0x20002f68                NetworkJoinedLedTimer
                0x20002f7c                batteryLevel_mV
                0x20002f80                CalibrationUTCTimer
                0x20002f94                DownlinkDetectTimeoutTimer
                0x20002fa8                ReJoinTimer
                0x20002fbc                UnconfirmedUplinkChangeToConfirmedUplinkTimeoutTimer
                0x20002fd0                IWDGRefreshTimer
                0x20002fe4                downlinkLedTimer
 COMMON         0x20002ff8        0x8 ./output/lora_app.o
                0x20002ff8                RX2DR_setting_status
                0x20002ff9                down_check
                0x20002ffc                LoRaMainCallbacks
 COMMON         0x20003000      0x1fb ./output/command.o
                0x20003000                exitintmode
                0x20003001                symbtime1_value
                0x20003002                exitmode
                0x20003003                dwelltime
                0x20003004                atcmd
                0x200031fa                symbtime2_value
 *fill*         0x200031fb        0x5 
 COMMON         0x20003200       0x18 ./output/rtc-board.o
                0x20003200                RtcCalendarContext
                0x20003210                RtcTimerContext
 COMMON         0x20003218      0x190 ./output/radio.o
                0x20003218                irqRegs
                0x2000321c                SX126x
                0x20003258                TxTimeoutTimer
                0x2000326c                RadioRxPayload
                0x2000336c                CadTimeoutTimer
                0x20003380                RadioPktStatus
                0x20003394                RxTimeoutTimer
 COMMON         0x200033a8       0xd8 ./output/loramac.o