Archive member included to satisfy reference by file (symbol)

d:/main/example/p2p/lts5_la66_part/tools/toolchain/bin/../lib/gcc/arm-none-eabi/10.3.1/thumb/v7e-m/nofp\libgcc.a(_arm_muldf3.o)
                              Make_out/printf-stdarg.o (__aeabi_dmul)
d:/main/example/p2p/lts5_la66_part/tools/toolchain/bin/../lib/gcc/arm-none-eabi/10.3.1/thumb/v7e-m/nofp\libgcc.a(_arm_addsubdf3.o)
                              Make_out/printf-stdarg.o (__aeabi_dsub)
d:/main/example/p2p/lts5_la66_part/tools/toolchain/bin/../lib/gcc/arm-none-eabi/10.3.1/thumb/v7e-m/nofp\libgcc.a(_arm_muldivdf3.o)
                              Make_out/printf-stdarg.o (__aeabi_ddiv)
d:/main/example/p2p/lts5_la66_part/tools/toolchain/bin/../lib/gcc/arm-none-eabi/10.3.1/thumb/v7e-m/nofp\libgcc.a(_arm_cmpdf2.o)
                              Make_out/printf-stdarg.o (__aeabi_dcmpeq)
d:/main/example/p2p/lts5_la66_part/tools/toolchain/bin/../lib/gcc/arm-none-eabi/10.3.1/thumb/v7e-m/nofp\libgcc.a(_arm_fixdfsi.o)
                              Make_out/printf-stdarg.o (__aeabi_d2iz)
d:/main/example/p2p/lts5_la66_part/tools/toolchain/bin/../lib/gcc/arm-none-eabi/10.3.1/thumb/v7e-m/nofp\libgcc.a(_arm_fixunsdfsi.o)
                              Make_out/printf-stdarg.o (__aeabi_d2uiz)
d:/main/example/p2p/lts5_la66_part/tools/toolchain/bin/../lib/gcc/arm-none-eabi/10.3.1/thumb/v7e-m/nofp\libgcc.a(_aeabi_uldivmod.o)
                              Make_out/printf-stdarg.o (__aeabi_uldivmod)
d:/main/example/p2p/lts5_la66_part/tools/toolchain/bin/../lib/gcc/arm-none-eabi/10.3.1/thumb/v7e-m/nofp\libgcc.a(_fixunsdfdi.o)
                              Make_out/rtc-board.o (__aeabi_d2ulz)
d:/main/example/p2p/lts5_la66_part/tools/toolchain/bin/../lib/gcc/arm-none-eabi/10.3.1/thumb/v7e-m/nofp\libgcc.a(_udivmoddi4.o)
                              d:/main/example/p2p/lts5_la66_part/tools/toolchain/bin/../lib/gcc/arm-none-eabi/10.3.1/thumb/v7e-m/nofp\libgcc.a(_aeabi_uldivmod.o) (__udivmoddi4)
d:/main/example/p2p/lts5_la66_part/tools/toolchain/bin/../lib/gcc/arm-none-eabi/10.3.1/thumb/v7e-m/nofp\libgcc.a(_dvmd_tls.o)
                              d:/main/example/p2p/lts5_la66_part/tools/toolchain/bin/../lib/gcc/arm-none-eabi/10.3.1/thumb/v7e-m/nofp\libgcc.a(_aeabi_uldivmod.o) (__aeabi_ldiv0)
d:/main/example/p2p/lts5_la66_part/tools/toolchain/bin/../lib/gcc/arm-none-eabi/10.3.1/../../../../arm-none-eabi/lib/thumb/v7e-m/nofp\libc.a(lib_a-exit.o)
                              d:/main/example/p2p/lts5_la66_part/tools/toolchain/bin/../lib/gcc/arm-none-eabi/10.3.1/../../../../arm-none-eabi/lib/thumb/v7e-m/nofp/crt0.o (exit)
d:/main/example/p2p/lts5_la66_part/tools/toolchain/bin/../lib/gcc/arm-none-eabi/10.3.1/../../../../arm-none-eabi/lib/thumb/v7e-m/nofp\libc.a(lib_a-impure.o)
                              d:/main/example/p2p/lts5_la66_part/tools/toolchain/bin/../lib/gcc/arm-none-eabi/10.3.1/../../../../arm-none-eabi/lib/thumb/v7e-m/nofp\libc.a(lib_a-exit.o) (_global_impure_ptr)
d:/main/example/p2p/lts5_la66_part/tools/toolchain/bin/../lib/gcc/arm-none-eabi/10.3.1/../../../../arm-none-eabi/lib/thumb/v7e-m/nofp\libc.a(lib_a-init.o)
                              d:/main/example/p2p/lts5_la66_part/tools/toolchain/bin/../lib/gcc/arm-none-eabi/10.3.1/../../../../arm-none-eabi/lib/thumb/v7e-m/nofp/crt0.o (__libc_init_array)
d:/main/example/p2p/lts5_la66_part/tools/toolchain/bin/../lib/gcc/arm-none-eabi/10.3.1/../../../../arm-none-eabi/lib/thumb/v7e-m/nofp\libc.a(lib_a-memcpy.o)
                              Make_out/command.o (memcpy)
d:/main/example/p2p/lts5_la66_part/tools/toolchain/bin/../lib/gcc/arm-none-eabi/10.3.1/../../../../arm-none-eabi/lib/thumb/v7e-m/nofp\libc.a(lib_a-memset.o)
                              d:/main/example/p2p/lts5_la66_part/tools/toolchain/bin/../lib/gcc/arm-none-eabi/10.3.1/../../../../arm-none-eabi/lib/thumb/v7e-m/nofp/crt0.o (memset)
d:/main/example/p2p/lts5_la66_part/tools/toolchain/bin/../lib/gcc/arm-none-eabi/10.3.1/../../../../arm-none-eabi/lib/thumb/v7e-m/nofp\libc.a(lib_a-strlen.o)
                              Make_out/command.o (strlen)
d:/main/example/p2p/lts5_la66_part/tools/toolchain/bin/../lib/gcc/arm-none-eabi/10.3.1/../../../../arm-none-eabi/lib/thumb/v7e-m/nofp\libc.a(lib_a-strncmp.o)
                              Make_out/command.o (strncmp)
d:/main/example/p2p/lts5_la66_part/tools/toolchain/bin/../lib/gcc/arm-none-eabi/10.3.1/../../../../arm-none-eabi/lib/thumb/v7e-m/nofp\libc.a(lib_a-strtok.o)
                              Make_out/command.o (strtok)
d:/main/example/p2p/lts5_la66_part/tools/toolchain/bin/../lib/gcc/arm-none-eabi/10.3.1/../../../../arm-none-eabi/lib/thumb/v7e-m/nofp\libc.a(lib_a-strtok_r.o)
                              d:/main/example/p2p/lts5_la66_part/tools/toolchain/bin/../lib/gcc/arm-none-eabi/10.3.1/../../../../arm-none-eabi/lib/thumb/v7e-m/nofp\libc.a(lib_a-strtok.o) (__strtok_r)
[...]
Memory Configuration

Name             Origin             Length             Attributes
FLASH            0x0800d000         0x00040000         xr
RAM              0x20000000         0x00010000         xrw
*default*        0x00000000         0xffffffff

Linker script and memory map

LOAD d:/main/example/p2p/lts5_la66_part/tools/toolchain/bin/../lib/gcc/arm-none-eabi/10.3.1/thumb/v7e-m/nofp/crti.o
LOAD d:/main/example/p2p/lts5_la66_part/tools/toolchain/bin/../lib/gcc/arm-none-eabi/10.3.1/thumb/v7e-m/nofp/crtbegin.o
LOAD d:/main/example/p2p/lts5_la66_part/tools/toolchain/bin/../lib/gcc/arm-none-eabi/10.3.1/../../../../arm-none-eabi/lib/thumb/v7e-m/nofp/crt0.o
LOAD Make_out/command.o
LOAD Make_out/lora_app.o
LOAD Make_out/main.o
LOAD Make_out/tremo_it.o
LOAD Make_out/printf-stdarg.o
LOAD Make_out/system_cm4.o
LOAD Make_out/tremo_adc.o
LOAD Make_out/tremo_bstimer.o
LOAD Make_out/tremo_crc.o
LOAD Make_out/tremo_dac.o
LOAD Make_out/tremo_delay.o
LOAD Make_out/tremo_dma.o
LOAD Make_out/tremo_flash.o
LOAD Make_out/tremo_gpio.o
LOAD Make_out/tremo_i2c.o
LOAD Make_out/tremo_i2s.o
LOAD Make_out/tremo_iwdg.o
LOAD Make_out/tremo_lcd.o
LOAD Make_out/tremo_lptimer.o
LOAD Make_out/tremo_lpuart.o
LOAD Make_out/tremo_pwr.o
LOAD Make_out/tremo_rcc.o
LOAD Make_out/tremo_rtc.o
LOAD Make_out/tremo_spi.o
LOAD Make_out/tremo_system.o
LOAD Make_out/tremo_timer.o
LOAD Make_out/tremo_uart.o
LOAD Make_out/tremo_wdg.o
LOAD Make_out/I2C_A.o
LOAD Make_out/bsp.o
LOAD Make_out/ds18b20.o
LOAD Make_out/flash_eraseprogram.o
LOAD Make_out/delay.o
LOAD Make_out/timer.o
LOAD Make_out/aes.o
LOAD Make_out/cmac.o
LOAD Make_out/radio.o
LOAD Make_out/sx126x.o
LOAD Make_out/rtc-board.o
LOAD Make_out/sx1262-board.o
LOAD Make_out/utilities.o
LOAD Make_out/startup_cm4.o
START GROUP
LOAD d:/main/example/p2p/lts5_la66_part/tools/toolchain/bin/../lib/gcc/arm-none-eabi/10.3.1/thumb/v7e-m/nofp\libgcc.a
LOAD d:/main/example/p2p/lts5_la66_part/tools/toolchain/bin/../lib/gcc/arm-none-eabi/10.3.1/../../../../arm-none-eabi/lib/thumb/v7e-m/nofp\libc.a
END GROUP
LOAD d:/main/example/p2p/lts5_la66_part/tools/toolchain/bin/../lib/gcc/arm-none-eabi/10.3.1/thumb/v7e-m/nofp/crtend.o
LOAD d:/main/example/p2p/lts5_la66_part/tools/toolchain/bin/../lib/gcc/arm-none-eabi/10.3.1/thumb/v7e-m/nofp/crtn.o
                0x2000f000                _estack = 0x2000f000
                0x00001000                _HEAP_SIZE = 0x1000
                0x00001000                _STACK_SIZE = 0x1000

.isr_vector     0x0800d000       0xd4
                0x0800d000                . = ALIGN (0x4)
 *(.isr_vector)
 .isr_vector    0x0800d000       0xd4 Make_out/startup_cm4.o
                0x0800d000                g_pfnVectors
                0x0800d0d4                . = ALIGN (0x4)

.text           0x0800d100     0x7f84
                0x0800d100                . = ALIGN (0x4)
 *(.text)
 .text          0x0800d100       0x40 d:/main/example/p2p/lts5_la66_part/tools/toolchain/bin/../lib/gcc/arm-none-eabi/10.3.1/thumb/v7e-m/nofp/crtbegin.o
 .text          0x0800d140      0x378 d:/main/example/p2p/lts5_la66_part/tools/toolchain/bin/../lib/gcc/arm-none-eabi/10.3.1/thumb/v7e-m/nofp\libgcc.a(_arm_addsubdf3.o)
                0x0800d140                __aeabi_drsub
                0x0800d148                __aeabi_dsub
                0x0800d148                __subdf3
                0x0800d14c                __aeabi_dadd
                0x0800d14c                __adddf3
                0x0800d3c4                __floatunsidf
                0x0800d3c4                __aeabi_ui2d
                0x0800d3e4                __floatsidf
                0x0800d3e4                __aeabi_i2d
                0x0800d408                __aeabi_f2d
                0x0800d408                __extendsfdf2
                0x0800d44c                __floatundidf
                0x0800d44c                __aeabi_ul2d
                0x0800d45c                __floatdidf
                0x0800d45c                __aeabi_l2d
 .text          0x0800d4b8      0x424 d:/main/example/p2p/lts5_la66_part/tools/toolchain/bin/../lib/gcc/arm-none-eabi/10.3.1/thumb/v7e-m/nofp\libgcc.a(_arm_muldivdf3.o)
                0x0800d4b8                __aeabi_dmul
                0x0800d4b8                __muldf3
                0x0800d70c                __divdf3
                0x0800d70c                __aeabi_ddiv
 .text          0x0800d8dc      0x110 d:/main/example/p2p/lts5_la66_part/tools/toolchain/bin/../lib/gcc/arm-none-eabi/10.3.1/thumb/v7e-m/nofp\libgcc.a(_arm_cmpdf2.o)
                0x0800d8dc                __gtdf2
                0x0800d8dc                __gedf2
                0x0800d8e4                __ltdf2
                0x0800d8e4                __ledf2
                0x0800d8ec                __nedf2
                0x0800d8ec                __eqdf2
                0x0800d8ec                __cmpdf2
                0x0800d968                __aeabi_cdrcmple
                0x0800d978                __aeabi_cdcmpeq
                0x0800d978                __aeabi_cdcmple
                0x0800d988                __aeabi_dcmpeq
                0x0800d99c                __aeabi_dcmplt
                0x0800d9b0                __aeabi_dcmple
                0x0800d9c4                __aeabi_dcmpge
                0x0800d9d8                __aeabi_dcmpgt
 .text          0x0800d9ec       0x50 d:/main/example/p2p/lts5_la66_part/tools/toolchain/bin/../lib/gcc/arm-none-eabi/10.3.1/thumb/v7e-m/nofp\libgcc.a(_arm_fixdfsi.o)
                0x0800d9ec                __aeabi_d2iz
                0x0800d9ec                __fixdfsi
 .text          0x0800da3c       0x40 d:/main/example/p2p/lts5_la66_part/tools/toolchain/bin/../lib/gcc/arm-none-eabi/10.3.1/thumb/v7e-m/nofp\libgcc.a(_arm_fixunsdfsi.o)
                0x0800da3c                __aeabi_d2uiz
                0x0800da3c                __fixunsdfsi
 .text          0x0800da7c       0x30 d:/main/example/p2p/lts5_la66_part/tools/toolchain/bin/../lib/gcc/arm-none-eabi/10.3.1/thumb/v7e-m/nofp\libgcc.a(_aeabi_uldivmod.o)
                0x0800da7c                __aeabi_uldivmod
 .text          0x0800daac       0x3c d:/main/example/p2p/lts5_la66_part/tools/toolchain/bin/../lib/gcc/arm-none-eabi/10.3.1/thumb/v7e-m/nofp\libgcc.a(_fixunsdfdi.o)
                0x0800daac                __fixunsdfdi
                0x0800daac                __aeabi_d2ulz
 .text          0x0800dae8      0x2d0 d:/main/example/p2p/lts5_la66_part/tools/toolchain/bin/../lib/gcc/arm-none-eabi/10.3.1/thumb/v7e-m/nofp\libgcc.a(_udivmoddi4.o)
                0x0800dae8                __udivmoddi4
 .text          0x0800ddb8        0x4 d:/main/example/p2p/lts5_la66_part/tools/toolchain/bin/../lib/gcc/arm-none-eabi/10.3.1/thumb/v7e-m/nofp\libgcc.a(_dvmd_tls.o)
                0x0800ddb8                __aeabi_idiv0
                0x0800ddb8                __aeabi_ldiv0
 .text          0x0800ddbc      0x134 d:/main/example/p2p/lts5_la66_part/tools/toolchain/bin/../lib/gcc/arm-none-eabi/10.3.1/../../../../arm-none-eabi/lib/thumb/v7e-m/nofp\libc.a(lib_a-memcpy.o)
                0x0800ddbc                memcpy
 *fill*         0x0800def0       0x10 
 .text          0x0800df00       0xdc d:/main/example/p2p/lts5_la66_part/tools/toolchain/bin/../lib/gcc/arm-none-eabi/10.3.1/../../../../arm-none-eabi/lib/thumb/v7e-m/nofp\libc.a(lib_a-strlen.o)
                0x0800df00                strlen
 *(.text*)
 .text.at_rxmod_func
                0x0800dfdc       0xbc Make_out/command.o
 .text.at_Preamble_Length_func
                0x0800e098       0xa8 Make_out/command.o
 .text.at_InvertIQ_func
                0x0800e140       0xb0 Make_out/command.o
 .text.at_Coding_Rate_func
                0x0800e1f0       0xac Make_out/command.o
 .text.at_Header_func
                0x0800e29c       0xb0 Make_out/command.o
 .text.at_CRC_func
                0x0800e34c       0xb0 Make_out/command.o
 .text.at_Spreading_Factor_func
                0x0800e3fc       0xac Make_out/command.o
 .text.at_BandWidth_func
                0x0800e4a8       0xb8 Make_out/command.o
 .text.at_group_func
                0x0800e560       0xa8 Make_out/command.o
 .text.at_frequency_func
                0x0800e608       0xf0 Make_out/command.o
 .text.at_debug_func
                0x0800e6f8       0x50 Make_out/command.o
 .text.at_fdr_func
                0x0800e748       0x70 Make_out/command.o
 .text.at_reset_func
                0x0800e7b8       0x30 Make_out/command.o
 .text.at_send_func
                0x0800e7e8      0x164 Make_out/command.o
 .text.at_fcu_func
                0x0800e94c       0x64 Make_out/command.o
 .text.at_fcd_func
                0x0800e9b0       0x64 Make_out/command.o
 .text.at_Power_Range_func
                0x0800ea14       0x88 Make_out/command.o
 .text.at_syncword_func
                0x0800ea9c       0x98 Make_out/command.o
 .text.at_recv_func
                0x0800eb34       0xe8 Make_out/command.o
 .text.at_rxdaform_func
                0x0800ec1c       0x8c Make_out/command.o
 .text.at_waittime_func
                0x0800eca8       0x68 Make_out/command.o
 .text.linkwan_serial_input
                0x0800ed10       0x70 Make_out/command.o
                0x0800ed10                linkwan_serial_input
 .text.linkwan_serial_output
                0x0800ed80       0x20 Make_out/command.o
                0x0800ed80                linkwan_serial_output
 .text.at_cfg_func
                0x0800eda0       0xa8 Make_out/command.o
 .text.linkwan_at_process
                0x0800ee48      0x248 Make_out/command.o
                0x0800ee48                linkwan_at_process
 .text.linkwan_at_init
                0x0800f090       0x18 Make_out/command.o
                0x0800f090                linkwan_at_init
 .text.Printf_message
                0x0800f0a8      0x268 Make_out/lora_app.o
                0x0800f0a8                Printf_message
 .text.Flash_Store_Config
                0x0800f310      0x128 Make_out/lora_app.o
                0x0800f310                Flash_Store_Config
 .text.Flash_Read_Config
                0x0800f438       0xfc Make_out/lora_app.o
                0x0800f438                Flash_Read_Config
 .text.Data_init
                0x0800f534       0x74 Make_out/lora_app.o
                0x0800f534                Data_init
 .text.test_OnTxDone
                0x0800f5a8       0x18 Make_out/main.o
 .text.test_OnRxError
                0x0800f5c0       0x18 Make_out/main.o
 .text.test_OnRxTimeout
                0x0800f5d8       0x18 Make_out/main.o
 .text.test_OnTxTimeout
                0x0800f5f0       0x30 Make_out/main.o
 .text.OnIWDGRefreshTimeoutEvent
                0x0800f620       0x20 Make_out/main.o
 .text.OnTxTimerEvent
                0x0800f640       0x1c Make_out/main.o
 .text.OnAckEvent
                0x0800f65c       0x54 Make_out/main.o
 .text.test_OnRxDone
                0x0800f6b0      0x320 Make_out/main.o
 .text.uart_log_init
                0x0800f9d0       0xa4 Make_out/main.o
                0x0800f9d0                uart_log_init
 .text.uart_to_esp32_init
                0x0800fa74       0x50 Make_out/main.o
                0x0800fa74                uart_to_esp32_init
 .text.board_init
                0x0800fac4      0x108 Make_out/main.o
                0x0800fac4                board_init
 .text.lora_test_init
                0x0800fbcc      0x250 Make_out/main.o
                0x0800fbcc                lora_test_init
 .text.startup.main
                0x0800fe1c      0x414 Make_out/main.o
                0x0800fe1c                main
 .text.NMI_Handler
                0x08010230        0x2 Make_out/tremo_it.o
                0x08010230                NMI_Handler
 .text.HardFault_Handler
                0x08010232        0x2 Make_out/tremo_it.o
                0x08010232                HardFault_Handler
 .text.MemManage_Handler
                0x08010234        0x2 Make_out/tremo_it.o
                0x08010234                MemManage_Handler
 .text.BusFault_Handler
                0x08010236        0x2 Make_out/tremo_it.o
                0x08010236                BusFault_Handler
 .text.UsageFault_Handler
                0x08010238        0x2 Make_out/tremo_it.o
                0x08010238                UsageFault_Handler
 .text.SVC_Handler
                0x0801023a        0x2 Make_out/tremo_it.o
                0x0801023a                SVC_Handler
 .text.PendSV_Handler
                0x0801023c        0x2 Make_out/tremo_it.o
                0x0801023c                PendSV_Handler
 .text.SysTick_Handler
                0x0801023e        0x2 Make_out/tremo_it.o
                0x0801023e                SysTick_Handler
 .text.PWR_IRQHandler
                0x08010240        0x2 Make_out/tremo_it.o
                0x08010240                PWR_IRQHandler
 .text.LORA_IRQHandler
                0x08010242        0x4 Make_out/tremo_it.o
                0x08010242                LORA_IRQHandler
 .text.RTC_IRQHandler
                0x08010246        0x4 Make_out/tremo_it.o
                0x08010246                RTC_IRQHandler
 .text.UART0_IRQHandler
                0x0801024a        0x2 Make_out/tremo_it.o
                0x0801024a                UART0_IRQHandler
 .text.LPUART_IRQHandler
                0x0801024c       0x2c Make_out/tremo_it.o
                0x0801024c                LPUART_IRQHandler
 .text.DMA0_IRQHandler
                0x08010278        0x4 Make_out/tremo_it.o
                0x08010278                DMA0_IRQHandler
 .text.DMA1_IRQHandler
                0x0801027c        0x4 Make_out/tremo_it.o
                0x0801027c                DMA1_IRQHandler
 .text.GPIO_IRQHandler
                0x08010280        0x2 Make_out/tremo_it.o
                0x08010280                GPIO_IRQHandler
 .text._out_buffer
                0x08010282        0x8 Make_out/printf-stdarg.o
 .text._out_null
                0x0801028a        0x2 Make_out/printf-stdarg.o
 .text._out_char
                0x0801028c       0x2c Make_out/printf-stdarg.o
 .text._out_rev
                0x080102b8       0x86 Make_out/printf-stdarg.o
 .text._ntoa_format
                0x0801033e      0x10a Make_out/printf-stdarg.o
 .text._ntoa_long
                0x08010448       0x84 Make_out/printf-stdarg.o
 .text._ntoa_long_long
                0x080104cc       0xb6 Make_out/printf-stdarg.o
 *fill*         0x08010582        0x6 
 .text._etoa    0x08010588      0x394 Make_out/printf-stdarg.o
 *fill*         0x0801091c        0x4 
 .text._ftoa    0x08010920      0x358 Make_out/printf-stdarg.o
 .text.printf_dma_queue_pop.constprop.0
                0x08010c78       0xa8 Make_out/printf-stdarg.o
 .text.printf_dma_done_callback
                0x08010d20       0x64 Make_out/printf-stdarg.o
 .text._vsnprintf
                0x08010d84      0x548 Make_out/printf-stdarg.o
 .text.print_isdone
                0x080112cc       0x3c Make_out/printf-stdarg.o
                0x080112cc                print_isdone
 .text.__wrap_printf
                0x08011308       0xac Make_out/printf-stdarg.o
                0x08011308                __wrap_printf
 .text.__wrap_snprintf
                0x080113b4       0x28 Make_out/printf-stdarg.o
                0x080113b4                __wrap_snprintf
 .text.nvic_init
                0x080113dc       0x24 Make_out/system_cm4.o
                0x080113dc                nvic_init
 .text.system_init
                0x08011400       0x44 Make_out/system_cm4.o
                0x08011400                system_init
 .text.delay_init
                0x08011444       0x48 Make_out/tremo_delay.o
                0x08011444                delay_init
 .text.delay_us
                0x0801148c       0x30 Make_out/tremo_delay.o
                0x0801148c                delay_us
 .text.delay_ms
                0x080114bc        0xa Make_out/tremo_delay.o
                0x080114bc                delay_ms
 .text.write32_bit_reg.part.0
                0x080114c6       0x1e Make_out/tremo_dma.o
 .text.set_dma_mode
                0x080114e4      0x294 Make_out/tremo_dma.o
 .text.dma0_IRQHandler
                0x08011778       0x60 Make_out/tremo_dma.o
                0x08011778                dma0_IRQHandler
 .text.dma1_IRQHandler
                0x080117d8       0x60 Make_out/tremo_dma.o
                0x080117d8                dma1_IRQHandler
 .text.dma_init
                0x08011838      0x12c Make_out/tremo_dma.o
                0x08011838                dma_init
 .text.dma_ch_enable
                0x08011964       0x5e Make_out/tremo_dma.o
                0x08011964                dma_ch_enable
 *fill*         0x080119c2        0x2 
 .text.dma_finalize
                0x080119c4      0x13c Make_out/tremo_dma.o
                0x080119c4                dma_finalize
 .text.flash_erase_page
                0x08011b00       0x64 Make_out/tremo_flash.o
                0x08011b00                flash_erase_page
 .text.flash_program_bytes
                0x08011b64       0xb4 Make_out/tremo_flash.o
                0x08011b64                flash_program_bytes
 .text.gpio_init
                0x08011c18      0x128 Make_out/tremo_gpio.o
                0x08011c18                gpio_init
 .text.gpio_set_iomux
                0x08011d40       0x44 Make_out/tremo_gpio.o
                0x08011d40                gpio_set_iomux
 .text.check_iwdg_sr_done
                0x08011d84       0x14 Make_out/tremo_iwdg.o
 .text.iwdg_init
                0x08011d98       0x4c Make_out/tremo_iwdg.o
                0x08011d98                iwdg_init
 .text.iwdg_set_prescaler
                0x08011de4       0x18 Make_out/tremo_iwdg.o
                0x08011de4                iwdg_set_prescaler
 .text.iwdg_set_reload
                0x08011dfc       0x1c Make_out/tremo_iwdg.o
                0x08011dfc                iwdg_set_reload
 .text.iwdg_reload
                0x08011e18       0x20 Make_out/tremo_iwdg.o
                0x08011e18                iwdg_reload
 .text.iwdg_start
                0x08011e38       0x1c Make_out/tremo_iwdg.o
                0x08011e38                iwdg_start
 .text.lpuart_config_dma
                0x08011e54       0x10 Make_out/tremo_lpuart.o
                0x08011e54                lpuart_config_dma
 .text.lpuart_config_interrupt
                0x08011e64        0x4 Make_out/tremo_lpuart.o
                0x08011e64                lpuart_config_interrupt
 .text.lpuart_config_rx
                0x08011e68       0x26 Make_out/tremo_lpuart.o
                0x08011e68                lpuart_config_rx
 .text.lpuart_config_tx
                0x08011e8e       0x12 Make_out/tremo_lpuart.o
                0x08011e8e                lpuart_config_tx
 .text.lpuart_get_rx_status
                0x08011ea0       0x12 Make_out/tremo_lpuart.o
                0x08011ea0                lpuart_get_rx_status
 .text.lpuart_clear_rx_status
                0x08011eb2       0x18 Make_out/tremo_lpuart.o
                0x08011eb2                lpuart_clear_rx_status
 .text.lpuart_get_rx_not_empty_status
                0x08011eca        0x8 Make_out/tremo_lpuart.o
                0x08011eca                lpuart_get_rx_not_empty_status
 .text.lpuart_receive_data
                0x08011ed2       0x10 Make_out/tremo_lpuart.o
                0x08011ed2                lpuart_receive_data
 *fill*         0x08011ee2        0x2 
 .text.lpuart_init
                0x08011ee4       0x88 Make_out/tremo_lpuart.o
                0x08011ee4                lpuart_init
 .text.lpuart_deinit
                0x08011f6c       0x2c Make_out/tremo_lpuart.o
                0x08011f6c                lpuart_deinit
 .text.deepsleep
                0x08011f98       0xc0 Make_out/tremo_pwr.o
                0x08011f98                deepsleep
 .text.pwr_deepsleep_wfi
                0x08012058        0x6 Make_out/tremo_pwr.o
                0x08012058                pwr_deepsleep_wfi
 *fill*         0x0801205e        0x2 
 .text.rcc_get_clk_freq
                0x08012060       0x9c Make_out/tremo_rcc.o
                0x08012060                rcc_get_clk_freq
 .text.rcc_set_iwdg_clk_source
                0x080120fc       0x28 Make_out/tremo_rcc.o
                0x080120fc                rcc_set_iwdg_clk_source
 .text.rcc_get_uart0_clk_source
                0x08012124        0xc Make_out/tremo_rcc.o
                0x08012124                rcc_get_uart0_clk_source
 .text.rcc_get_uart1_clk_source
                0x08012130        0xc Make_out/tremo_rcc.o
                0x08012130                rcc_get_uart1_clk_source
 .text.rcc_get_uart2_clk_source
                0x0801213c        0xc Make_out/tremo_rcc.o
                0x0801213c                rcc_get_uart2_clk_source
 .text.rcc_get_uart3_clk_source
                0x08012148        0xc Make_out/tremo_rcc.o
                0x08012148                rcc_get_uart3_clk_source
 .text.rcc_get_lpuart_clk_source
                0x08012154        0xc Make_out/tremo_rcc.o
                0x08012154                rcc_get_lpuart_clk_source
 .text.rcc_get_rtc_clk_source
                0x08012160        0xc Make_out/tremo_rcc.o
                0x08012160                rcc_get_rtc_clk_source
 .text.rcc_enable_peripheral_clk
                0x0801216c      0x4b4 Make_out/tremo_rcc.o
                0x0801216c                rcc_enable_peripheral_clk
 .text.rcc_enable_oscillator
                0x08012620      0x108 Make_out/tremo_rcc.o
                0x08012620                rcc_enable_oscillator
 .text.rcc_rst_peripheral
                0x08012728       0x4a Make_out/tremo_rcc.o
                0x08012728                rcc_rst_peripheral
 .text.rtc_deinit
                0x08012772       0x1e Make_out/tremo_rtc.o
                0x08012772                rtc_deinit
 .text.rtc_check_syn
                0x08012790       0x14 Make_out/tremo_rtc.o
                0x08012790                rtc_check_syn
 .text.rtc_calendar_cmd
                0x080127a4       0x20 Make_out/tremo_rtc.o
                0x080127a4                rtc_calendar_cmd
 .text.rtc_cyc_cmd
                0x080127c4       0x20 Make_out/tremo_rtc.o
                0x080127c4                rtc_cyc_cmd
 .text.rtc_config_cyc_wakeup
                0x080127e4       0x24 Make_out/tremo_rtc.o
                0x080127e4                rtc_config_cyc_wakeup
 .text.rtc_get_calendar
                0x08012808       0xdc Make_out/tremo_rtc.o
                0x08012808                rtc_get_calendar
 .text.rtc_set_status
                0x080128e4       0x30 Make_out/tremo_rtc.o
                0x080128e4                rtc_set_status
 .text.rtc_get_status
                0x08012914       0x38 Make_out/tremo_rtc.o
                0x08012914                rtc_get_status
 .text.rtc_config_interrupt
                0x0801294c       0x38 Make_out/tremo_rtc.o
                0x0801294c                rtc_config_interrupt
 .text.rtc_config_cyc_max
                0x08012984       0x14 Make_out/tremo_rtc.o
                0x08012984                rtc_config_cyc_max
 .text.system_reset
                0x08012998       0x20 Make_out/tremo_system.o
                0x08012998                system_reset
 .text.uart_get_flag_status
                0x080129b8        0xc Make_out/tremo_uart.o
                0x080129b8                uart_get_flag_status
 .text.uart_send_data
                0x080129c4        0xa Make_out/tremo_uart.o
                0x080129c4                uart_send_data
 .text.uart_config_init
                0x080129ce       0x16 Make_out/tremo_uart.o
                0x080129ce                uart_config_init
 .text.uart_cmd
                0x080129e4       0x12 Make_out/tremo_uart.o
                0x080129e4                uart_cmd
 *fill*         0x080129f6        0x2 
 .text.uart_init
                0x080129f8      0x140 Make_out/tremo_uart.o
                0x080129f8                uart_init
 .text.uart_dma_config
                0x08012b38       0x10 Make_out/tremo_uart.o
                0x08012b38                uart_dma_config
 .text.DelayMs  0x08012b48        0x4 Make_out/delay.o
                0x08012b48                DelayMs
 .text.TimeStampsUpdate
                0x08012b4c       0x2c Make_out/timer.o
 .text.TimerInsertNewHeadTimer
                0x08012b78       0x1c Make_out/timer.o
 .text.TimerInit
                0x08012b94        0xe Make_out/timer.o
                0x08012b94                TimerInit
 *fill*         0x08012ba2        0x2 
 .text.TimerStart
                0x08012ba4       0x78 Make_out/timer.o
                0x08012ba4                TimerStart
 .text.TimerIrqHandler
                0x08012c1c       0x68 Make_out/timer.o
                0x08012c1c                TimerIrqHandler
 .text.TimerStop
                0x08012c84       0x60 Make_out/timer.o
                0x08012c84                TimerStop
 .text.TimerSetValue
                0x08012ce4       0x10 Make_out/timer.o
                0x08012ce4                TimerSetValue
 .text.TimerGetCurrentTime
                0x08012cf4        0x4 Make_out/timer.o
                0x08012cf4                TimerGetCurrentTime
 .text.TimerGetElapsedTime
                0x08012cf8       0x12 Make_out/timer.o
                0x08012cf8                TimerGetElapsedTime
 *fill*         0x08012d0a        0x2 
 .text.TimerLowPowerHandler
                0x08012d0c       0x20 Make_out/timer.o
                0x08012d0c                TimerLowPowerHandler
 .text.RadioCheckRfFrequency
                0x08012d2c        0x4 Make_out/radio.o
                0x08012d2c                RadioCheckRfFrequency
 .text.RadioOnTxTimeoutIrq
                0x08012d30       0x14 Make_out/radio.o
                0x08012d30                RadioOnTxTimeoutIrq
 .text.RadioOnRxTimeoutIrq
                0x08012d44       0x14 Make_out/radio.o
                0x08012d44                RadioOnRxTimeoutIrq
 .text.RadioStandby
                0x08012d58        0x6 Make_out/radio.o
                0x08012d58                RadioStandby
 *fill*         0x08012d5e        0x2 
 .text.RadioInit
                0x08012d60       0x6c Make_out/radio.o
                0x08012d60                RadioInit
 .text.RadioGetStatus
                0x08012dcc       0x18 Make_out/radio.o
                0x08012dcc                RadioGetStatus
 .text.RadioSetChannel
                0x08012de4        0x4 Make_out/radio.o
                0x08012de4                RadioSetChannel
 .text.RadioRssi
                0x08012de8        0xa Make_out/radio.o
                0x08012de8                RadioRssi
 .text.RadioSyncWord
                0x08012df2       0x14 Make_out/radio.o
                0x08012df2                RadioSyncWord
 .text.RadioRead
                0x08012e06        0x4 Make_out/radio.o
                0x08012e06                RadioRead
 .text.RadioWrite
                0x08012e0a        0x4 Make_out/radio.o
                0x08012e0a                RadioWrite
 *fill*         0x08012e0e        0x2 
 .text.RadioSend
                0x08012e10       0x58 Make_out/radio.o
                0x08012e10                RadioSend
 .text.RadioSleep
                0x08012e68       0x14 Make_out/radio.o
                0x08012e68                RadioSleep
 .text.RadioSetRxDutyCycle
                0x08012e7c        0x4 Make_out/radio.o
                0x08012e7c                RadioSetRxDutyCycle
 .text.RadioStartCad
                0x08012e80       0x6c Make_out/radio.o
                0x08012e80                RadioStartCad
 .text.RadioSetTxContinuousWave
                0x08012eec       0x4c Make_out/radio.o
                0x08012eec                RadioSetTxContinuousWave
 .text.RadioWriteBuffer
                0x08012f38        0x4 Make_out/radio.o
                0x08012f38                RadioWriteBuffer
 .text.RadioReadBuffer
                0x08012f3c        0x4 Make_out/radio.o
                0x08012f3c                RadioReadBuffer
 .text.RadioGetWakeupTime
                0x08012f40        0xa Make_out/radio.o
                0x08012f40                RadioGetWakeupTime
 *fill*         0x08012f4a        0x2 
 .text.RadioOnCadTimeoutIrq
                0x08012f4c       0x20 Make_out/radio.o
                0x08012f4c                RadioOnCadTimeoutIrq
 .text.RadioGetFskBandwidthRegValue
                0x08012f6c       0x34 Make_out/radio.o
 .text.RadioSetMaxPayloadLength
                0x08012fa0       0x30 Make_out/radio.o
                0x08012fa0                RadioSetMaxPayloadLength
 .text.RadioRx  0x08012fd0       0x48 Make_out/radio.o
                0x08012fd0                RadioRx
 .text.RadioRxBoosted
                0x08013018       0x44 Make_out/radio.o
                0x08013018                RadioRxBoosted
 .text.RadioIrqProcess
                0x0801305c      0x280 Make_out/radio.o
                0x0801305c                RadioIrqProcess
 .text.RadioSetPublicNetwork
                0x080132dc       0x40 Make_out/radio.o
                0x080132dc                RadioSetPublicNetwork
 .text.RadioSetModem.part.0
                0x0801331c       0x28 Make_out/radio.o
 .text.RadioSetModem
                0x08013344       0x24 Make_out/radio.o
                0x08013344                RadioSetModem
 .text.RadioRandom
                0x08013368       0x3c Make_out/radio.o
                0x08013368                RadioRandom
 .text.RadioSymbTime
                0x080133a4       0x2c Make_out/radio.o
                0x080133a4                RadioSymbTime
 .text.RadioSetRxConfig
                0x080133d0      0x228 Make_out/radio.o
                0x080133d0                RadioSetRxConfig
 .text.RadioIsChannelFree
                0x080135f8       0x84 Make_out/radio.o
                0x080135f8                RadioIsChannelFree
 *fill*         0x0801367c        0x4 
 .text.RadioSetTxConfig
                0x08013680      0x1ac Make_out/radio.o
                0x08013680                RadioSetTxConfig
 *fill*         0x0801382c        0x4 
 .text.RadioTimeOnAir
                0x08013830      0x198 Make_out/radio.o
                0x08013830                RadioTimeOnAir
 .text.RadioOnDioIrq
                0x080139c8       0x24 Make_out/radio.o
                0x080139c8                RadioOnDioIrq
 .text.SX126xGetOperatingMode
                0x080139ec        0xc Make_out/sx126x.o
                0x080139ec                SX126xGetOperatingMode
 .text.SX126xSetOperatingMode
                0x080139f8        0xc Make_out/sx126x.o
                0x080139f8                SX126xSetOperatingMode
 .text.SX126xCheckDeviceReady
                0x08013a04       0x64 Make_out/sx126x.o
                0x08013a04                SX126xCheckDeviceReady
 .text.SX126xSetPayload
                0x08013a68        0xa Make_out/sx126x.o
                0x08013a68                SX126xSetPayload
 .text.SX126xSetSyncWord
                0x08013a72       0x12 Make_out/sx126x.o
                0x08013a72                SX126xSetSyncWord
 .text.SX126xSetCrcSeed
                0x08013a84       0x28 Make_out/sx126x.o
                0x08013a84                SX126xSetCrcSeed
 .text.SX126xSetCrcPolynomial
                0x08013aac       0x28 Make_out/sx126x.o
                0x08013aac                SX126xSetCrcPolynomial
 .text.SX126xSetWhiteningSeed
                0x08013ad4       0x38 Make_out/sx126x.o
                0x08013ad4                SX126xSetWhiteningSeed
 .text.SX126xSetSleep
                0x08013b0c       0x24 Make_out/sx126x.o
                0x08013b0c                SX126xSetSleep
 .text.SX126xSetStandby
                0x08013b30       0x2c Make_out/sx126x.o
                0x08013b30                SX126xSetStandby
 .text.SX126xSetTx
                0x08013b5c       0x2c Make_out/sx126x.o
                0x08013b5c                SX126xSetTx
 .text.SX126xSendPayload
                0x08013b88       0x12 Make_out/sx126x.o
                0x08013b88                SX126xSendPayload
 *fill*         0x08013b9a        0x2 
 .text.SX126xSetRx
                0x08013b9c       0x2c Make_out/sx126x.o
                0x08013b9c                SX126xSetRx
 .text.SX126xSetRxBoosted
                0x08013bc8       0x38 Make_out/sx126x.o
                0x08013bc8                SX126xSetRxBoosted
 .text.SX126xSetRxDutyCycle
                0x08013c00       0x3c Make_out/sx126x.o
                0x08013c00                SX126xSetRxDutyCycle
 .text.SX126xSetCad
                0x08013c3c       0x18 Make_out/sx126x.o
                0x08013c3c                SX126xSetCad
 .text.SX126xSetTxContinuousWave
                0x08013c54       0x14 Make_out/sx126x.o
                0x08013c54                SX126xSetTxContinuousWave
 .text.SX126xSetStopRxTimerOnPreambleDetect
                0x08013c68       0x18 Make_out/sx126x.o
                0x08013c68                SX126xSetStopRxTimerOnPreambleDetect
 .text.SX126xSetLoRaSymbNumTimeout
                0x08013c80       0x18 Make_out/sx126x.o
                0x08013c80                SX126xSetLoRaSymbNumTimeout
 .text.SX126xSetRegulatorMode
                0x08013c98       0x18 Make_out/sx126x.o
                0x08013c98                SX126xSetRegulatorMode
 .text.SX126xCalibrate
                0x08013cb0       0x16 Make_out/sx126x.o
                0x08013cb0                SX126xCalibrate
 *fill*         0x08013cc6        0x2 
 .text.SX126xCalibrateImage
                0x08013cc8       0x78 Make_out/sx126x.o
                0x08013cc8                SX126xCalibrateImage
 .text.SX126xSetPaConfig
                0x08013d40       0x24 Make_out/sx126x.o
                0x08013d40                SX126xSetPaConfig
 .text.SX126xSetDioIrqParams
                0x08013d64       0x38 Make_out/sx126x.o
                0x08013d64                SX126xSetDioIrqParams
 .text.SX126xGetIrqStatus
                0x08013d9c       0x1a Make_out/sx126x.o
                0x08013d9c                SX126xGetIrqStatus
 .text.SX126xSetDio2AsRfSwitchCtrl
                0x08013db6       0x18 Make_out/sx126x.o
                0x08013db6                SX126xSetDio2AsRfSwitchCtrl
 .text.SX126xSetDio3AsTcxoCtrl
                0x08013dce       0x2c Make_out/sx126x.o
                0x08013dce                SX126xSetDio3AsTcxoCtrl
 *fill*         0x08013dfa        0x2 
 .text.SX126xInit
                0x08013dfc       0x3c Make_out/sx126x.o
                0x08013dfc                SX126xInit
 .text.SX126xSetRfFrequency
                0x08013e38       0x5c Make_out/sx126x.o
                0x08013e38                SX126xSetRfFrequency
 .text.SX126xSetPacketType
                0x08013e94       0x20 Make_out/sx126x.o
                0x08013e94                SX126xSetPacketType
 .text.SX126xGetPacketType
                0x08013eb4        0xc Make_out/sx126x.o
                0x08013eb4                SX126xGetPacketType
 .text.SX126xSetTxParams
                0x08013ec0       0xbc Make_out/sx126x.o
                0x08013ec0                SX126xSetTxParams
 *fill*         0x08013f7c        0x4 
 .text.SX126xSetModulationParams
                0x08013f80       0xcc Make_out/sx126x.o
                0x08013f80                SX126xSetModulationParams
 .text.SX126xSetPacketParams
                0x0801404c       0xcc Make_out/sx126x.o
                0x0801404c                SX126xSetPacketParams
 .text.SX126xSetCadParams
                0x08014118       0x3c Make_out/sx126x.o
                0x08014118                SX126xSetCadParams
 .text.SX126xSetBufferBaseAddress
                0x08014154       0x1a Make_out/sx126x.o
                0x08014154                SX126xSetBufferBaseAddress
 .text.SX126xGetRssiInst
                0x0801416e       0x1a Make_out/sx126x.o
                0x0801416e                SX126xGetRssiInst
 .text.SX126xGetRxBufferStatus
                0x08014188       0x48 Make_out/sx126x.o
                0x08014188                SX126xGetRxBufferStatus
 .text.SX126xGetPayload
                0x080141d0       0x32 Make_out/sx126x.o
                0x080141d0                SX126xGetPayload
 *fill*         0x08014202        0x2 
 .text.SX126xGetPacketStatus
                0x08014204       0x80 Make_out/sx126x.o
                0x08014204                SX126xGetPacketStatus
 .text.SX126xClearIrqStatus
                0x08014284       0x1c Make_out/sx126x.o
                0x08014284                SX126xClearIrqStatus
 .text.RtcInit  0x080142a0       0x30 Make_out/rtc-board.o
                0x080142a0                RtcInit
 .text.RtcSetTimeout
                0x080142d0       0x8c Make_out/rtc-board.o
                0x080142d0                RtcSetTimeout
 .text.RtcStopTimeout
                0x0801435c       0x14 Make_out/rtc-board.o
                0x0801435c                RtcStopTimeout
 .text.RtcGetTimerContext
                0x08014370        0xc Make_out/rtc-board.o
                0x08014370                RtcGetTimerContext
 .text.RtcGetTimerValue
                0x0801437c      0x10c Make_out/rtc-board.o
                0x0801437c                RtcGetTimerValue
 .text.RtcSetTimerContext
                0x08014488       0x18 Make_out/rtc-board.o
                0x08014488                RtcSetTimerContext
 .text.RtcGetElapsedTime
                0x080144a0       0x18 Make_out/rtc-board.o
                0x080144a0                RtcGetElapsedTime
 .text.RtcEnterLowPowerStopMode
                0x080144b8       0x20 Make_out/rtc-board.o
                0x080144b8                RtcEnterLowPowerStopMode
 .text.RtcOnIrq
                0x080144d8       0x32 Make_out/rtc-board.o
                0x080144d8                RtcOnIrq
 .text.BoardDisableIrq
                0x0801450a        0x4 Make_out/sx1262-board.o
                0x0801450a                BoardDisableIrq
 .text.BoardEnableIrq
                0x0801450e        0x4 Make_out/sx1262-board.o
                0x0801450e                BoardEnableIrq
 *fill*         0x08014512        0x2 
 .text.SpiInOut
                0x08014514       0x18 Make_out/sx1262-board.o
                0x08014514                SpiInOut
 .text.SX126xLoracInit
                0x0801452c       0x5c Make_out/sx1262-board.o
                0x0801452c                SX126xLoracInit
 .text.SX126xGetBoardTcxoWakeupTime
                0x08014588        0x4 Make_out/sx1262-board.o
                0x08014588                SX126xGetBoardTcxoWakeupTime
 .text.SX126xReset
                0x0801458c       0x40 Make_out/sx1262-board.o
                0x0801458c                SX126xReset
 .text.SX126xWaitOnBusy
                0x080145cc       0x18 Make_out/sx1262-board.o
                0x080145cc                SX126xWaitOnBusy
 .text.SX126xWakeup
                0x080145e4       0x30 Make_out/sx1262-board.o
                0x080145e4                SX126xWakeup
 .text.SX126xWriteCommand
                0x08014614       0x44 Make_out/sx1262-board.o
                0x08014614                SX126xWriteCommand
 .text.SX126xReadCommand
                0x08014658       0x48 Make_out/sx1262-board.o
                0x08014658                SX126xReadCommand
 .text.SX126xWriteRegisters
                0x080146a0       0x48 Make_out/sx1262-board.o
                0x080146a0                SX126xWriteRegisters
 .text.SX126xWriteRegister
                0x080146e8       0x16 Make_out/sx1262-board.o
                0x080146e8                SX126xWriteRegister
 *fill*         0x080146fe        0x2 
 .text.SX126xReadRegisters
                0x08014700       0x50 Make_out/sx1262-board.o
                0x08014700                SX126xReadRegisters
 .text.SX126xReadRegister
                0x08014750       0x16 Make_out/sx1262-board.o
                0x08014750                SX126xReadRegister
 *fill*         0x08014766        0x2 
 .text.SX126xWriteBuffer
                0x08014768       0x44 Make_out/sx1262-board.o
                0x08014768                SX126xWriteBuffer
 .text.SX126xReadBuffer
                0x080147ac       0x4c Make_out/sx1262-board.o
                0x080147ac                SX126xReadBuffer
 .text.SX126xSetRfTxPower
                0x080147f8        0x6 Make_out/sx1262-board.o
                0x080147f8                SX126xSetRfTxPower
 .text.SX126xGetPaSelect
                0x080147fe        0x4 Make_out/sx1262-board.o
                0x080147fe                SX126xGetPaSelect
 *fill*         0x08014802        0x2 
 .text.SX126xAntSwOn
                0x08014804       0x10 Make_out/sx1262-board.o
                0x08014804                SX126xAntSwOn
 .text.SX126xAntSwOff
                0x08014814       0x10 Make_out/sx1262-board.o
                0x08014814                SX126xAntSwOff
 .text.rand1    0x08014824       0x28 Make_out/utilities.o
                0x08014824                rand1
 .text.Reset_Handler
                0x0801484c       0x48 Make_out/startup_cm4.o
                0x0801484c                Reset_Handler
 .text.Default_Handler
                0x08014894        0x2 Make_out/startup_cm4.o
                0x08014894                SCC_IRQHandler
                0x08014894                TIMER2_IRQHandler
                0x08014894                EFC_IRQHandler
                0x08014894                I2C0_IRQHandler
                0x08014894                SAC_IRQHandler
                0x08014894                I2C1_IRQHandler
                0x08014894                UART1_IRQHandler
                0x08014894                BSTIMER0_IRQHandler
                0x08014894                TIMER3_IRQHandler
                0x08014894                SEC_IRQHandler
                0x08014894                WDG_IRQHandler
                0x08014894                LPTIMER1_IRQHandler
                0x08014894                LPTIMER0_IRQHandler
                0x08014894                SSP0_IRQHandler
                0x08014894                I2S_IRQHandler
                0x08014894                I2C2_IRQHandler
                0x08014894                TIMER0_IRQHandler
                0x08014894                LCD_IRQHandler
                0x08014894                TIMER1_IRQHandler
                0x08014894                UART2_IRQHandler
                0x08014894                Default_Handler
                0x08014894                ADC_IRQHandler
                0x08014894                SSP1_IRQHandler
                0x08014894                IWDG_IRQHandler
                0x08014894                SSP2_IRQHandler
                0x08014894                BSTIMER1_IRQHandler
                0x08014894                DAC_IRQHandler
                0x08014894                AFEC_IRQHandler
                0x08014894                UART3_IRQHandler
                0x08014894                QSPI_IRQHandler
 *fill*         0x08014896        0x2 
 .text.__libc_init_array
                0x08014898       0x48 d:/main/example/p2p/lts5_la66_part/tools/toolchain/bin/../lib/gcc/arm-none-eabi/10.3.1/../../../../arm-none-eabi/lib/thumb/v7e-m/nofp\libc.a(lib_a-init.o)
                0x08014898                __libc_init_array
 .text.memset   0x080148e0       0xa4 d:/main/example/p2p/lts5_la66_part/tools/toolchain/bin/../lib/gcc/arm-none-eabi/10.3.1/../../../../arm-none-eabi/lib/thumb/v7e-m/nofp\libc.a(lib_a-memset.o)
                0x080148e0                memset
 .text.strncmp  0x08014984       0x80 d:/main/example/p2p/lts5_la66_part/tools/toolchain/bin/../lib/gcc/arm-none-eabi/10.3.1/../../../../arm-none-eabi/lib/thumb/v7e-m/nofp\libc.a(lib_a-strncmp.o)
                0x08014984                strncmp
 .text.strtok   0x08014a04       0x10 d:/main/example/p2p/lts5_la66_part/tools/toolchain/bin/../lib/gcc/arm-none-eabi/10.3.1/../../../../arm-none-eabi/lib/thumb/v7e-m/nofp\libc.a(lib_a-strtok.o)
                0x08014a04                strtok
 .text.__strtok_r
                0x08014a14       0x64 d:/main/example/p2p/lts5_la66_part/tools/toolchain/bin/../lib/gcc/arm-none-eabi/10.3.1/../../../../arm-none-eabi/lib/thumb/v7e-m/nofp\libc.a(lib_a-strtok_r.o)
                0x08014a14                __strtok_r
 .text._strtol_l.part.0
                0x08014a78      0x120 d:/main/example/p2p/lts5_la66_part/tools/toolchain/bin/../lib/gcc/arm-none-eabi/10.3.1/../../../../arm-none-eabi/lib/thumb/v7e-m/nofp\libc.a(lib_a-strtol.o)
 .text.strtol   0x08014b98       0x2c d:/main/example/p2p/lts5_la66_part/tools/toolchain/bin/../lib/gcc/arm-none-eabi/10.3.1/../../../../arm-none-eabi/lib/thumb/v7e-m/nofp\libc.a(lib_a-strtol.o)
                0x08014b98                strtol
 .text.startup.register_fini
                0x08014bc4       0x14 d:/main/example/p2p/lts5_la66_part/tools/toolchain/bin/../lib/gcc/arm-none-eabi/10.3.1/../../../../arm-none-eabi/lib/thumb/v7e-m/nofp\libc.a(lib_a-__call_atexit.o)
 .text.atexit   0x08014bd8        0xc d:/main/example/p2p/lts5_la66_part/tools/toolchain/bin/../lib/gcc/arm-none-eabi/10.3.1/../../../../arm-none-eabi/lib/thumb/v7e-m/nofp\libc.a(lib_a-atexit.o)
                0x08014bd8                atexit
 .text.__errno  0x08014be4        0xc d:/main/example/p2p/lts5_la66_part/tools/toolchain/bin/../lib/gcc/arm-none-eabi/10.3.1/../../../../arm-none-eabi/lib/thumb/v7e-m/nofp\libc.a(lib_a-errno.o)
                0x08014be4                __errno
 .text.__libc_fini_array
                0x08014bf0       0x2c d:/main/example/p2p/lts5_la66_part/tools/toolchain/bin/../lib/gcc/arm-none-eabi/10.3.1/../../../../arm-none-eabi/lib/thumb/v7e-m/nofp\libc.a(lib_a-fini.o)
                0x08014bf0                __libc_fini_array
 .text.__retarget_lock_acquire_recursive
                0x08014c1c        0x4 d:/main/example/p2p/lts5_la66_part/tools/toolchain/bin/../lib/gcc/arm-none-eabi/10.3.1/../../../../arm-none-eabi/lib/thumb/v7e-m/nofp\libc.a(lib_a-lock.o)
                0x08014c1c                __retarget_lock_acquire_recursive
 .text.__retarget_lock_release_recursive
                0x08014c20        0x4 d:/main/example/p2p/lts5_la66_part/tools/toolchain/bin/../lib/gcc/arm-none-eabi/10.3.1/../../../../arm-none-eabi/lib/thumb/v7e-m/nofp\libc.a(lib_a-lock.o)
                0x08014c20                __retarget_lock_release_recursive
 .text.__register_exitproc
                0x08014c24       0x8c d:/main/example/p2p/lts5_la66_part/tools/toolchain/bin/../lib/gcc/arm-none-eabi/10.3.1/../../../../arm-none-eabi/lib/thumb/v7e-m/nofp\libc.a(lib_a-__atexit.o)
                0x08014c24                __register_exitproc
 .text.ceil     0x08014cb0       0xf8 d:/main/example/p2p/lts5_la66_part/tools/toolchain/bin/../lib/gcc/arm-none-eabi/10.3.1/../../../../arm-none-eabi/lib/thumb/v7e-m/nofp\libm.a(lib_a-s_ceil.o)
                0x08014cb0                ceil
 .text.floor    0x08014da8       0xf8 d:/main/example/p2p/lts5_la66_part/tools/toolchain/bin/../lib/gcc/arm-none-eabi/10.3.1/../../../../arm-none-eabi/lib/thumb/v7e-m/nofp\libm.a(lib_a-s_floor.o)
                0x08014da8                floor
 .text.rint     0x08014ea0      0x138 d:/main/example/p2p/lts5_la66_part/tools/toolchain/bin/../lib/gcc/arm-none-eabi/10.3.1/../../../../arm-none-eabi/lib/thumb/v7e-m/nofp\libm.a(lib_a-s_rint.o)
                0x08014ea0                rint
 .text.round    0x08014fd8       0x94 d:/main/example/p2p/lts5_la66_part/tools/toolchain/bin/../lib/gcc/arm-none-eabi/10.3.1/../../../../arm-none-eabi/lib/thumb/v7e-m/nofp\libm.a(lib_a-s_round.o)
                0x08014fd8                round
 *(.glue_7)
 .glue_7        0x0801506c        0x0 linker stubs
 *(.glue_7t)
 .glue_7t       0x0801506c        0x0 linker stubs
 *(.eh_frame)
 .eh_frame      0x0801506c        0x0 d:/main/example/p2p/lts5_la66_part/tools/toolchain/bin/../lib/gcc/arm-none-eabi/10.3.1/thumb/v7e-m/nofp/crtbegin.o
 *(.init)
 .init          0x0801506c        0x4 d:/main/example/p2p/lts5_la66_part/tools/toolchain/bin/../lib/gcc/arm-none-eabi/10.3.1/thumb/v7e-m/nofp/crti.o
                0x0801506c                _init
 .init          0x08015070        0x8 d:/main/example/p2p/lts5_la66_part/tools/toolchain/bin/../lib/gcc/arm-none-eabi/10.3.1/thumb/v7e-m/nofp/crtn.o
 *(.fini)
 .fini          0x08015078        0x4 d:/main/example/p2p/lts5_la66_part/tools/toolchain/bin/../lib/gcc/arm-none-eabi/10.3.1/thumb/v7e-m/nofp/crti.o
                0x08015078                _fini
 .fini          0x0801507c        0x8 d:/main/example/p2p/lts5_la66_part/tools/toolchain/bin/../lib/gcc/arm-none-eabi/10.3.1/thumb/v7e-m/nofp/crtn.o
                0x08015084                . = ALIGN (0x4)
                0x08015084                _etext = .

.vfp11_veneer   0x08015084        0x0
 .vfp11_veneer  0x08015084        0x0 linker stubs

.v4_bx          0x08015084        0x0
 .v4_bx         0x08015084        0x0 linker stubs

.iplt           0x08015084        0x0
 .iplt          0x08015084        0x0 d:/main/example/p2p/lts5_la66_part/tools/toolchain/bin/../lib/gcc/arm-none-eabi/10.3.1/thumb/v7e-m/nofp/crtbegin.o

.rodata         0x08015088      0xf60
                0x08015088                . = ALIGN (0x4)
 *(.rodata)
 .rodata        0x08015088       0xb0 Make_out/command.o
 .rodata        0x08015138       0x28 Make_out/lora_app.o
 .rodata        0x08015160       0x50 Make_out/printf-stdarg.o
 .rodata        0x080151b0        0xc Make_out/tremo_uart.o
 *fill*         0x080151bc        0x4 
 .rodata        0x080151c0      0x18c Make_out/radio.o
                0x080151c0                FskBandwidths
                0x080152d0                Bandwidths
                0x080152dc                Radio
 .rodata        0x0801534c       0x11 Make_out/sx126x.o
 .rodata        0x0801535d       0x18 Make_out/rtc-board.o
 *(.rodata*)
 .rodata.str1.1
                0x08015375      0x78a Make_out/command.o
                                0x79a (size before relaxing)
 .rodata.str1.1
                0x08015aff      0x1d7 Make_out/lora_app.o
                                0x1da (size before relaxing)
 .rodata.str1.1
                0x08015cd6      0x1b4 Make_out/main.o
                                0x1bd (size before relaxing)
 .rodata.str1.1
                0x08015e8a       0x19 Make_out/printf-stdarg.o
 .rodata.str1.1
                0x08015ea3       0x2c Make_out/radio.o
                                 0x36 (size before relaxing)
 *fill*         0x08015ecf        0x1 
 .rodata._global_impure_ptr
                0x08015ed0        0x4 d:/main/example/p2p/lts5_la66_part/tools/toolchain/bin/../lib/gcc/arm-none-eabi/10.3.1/../../../../arm-none-eabi/lib/thumb/v7e-m/nofp\libc.a(lib_a-impure.o)
                0x08015ed0                _global_impure_ptr
 .rodata._ctype_
                0x08015ed4      0x101 d:/main/example/p2p/lts5_la66_part/tools/toolchain/bin/../lib/gcc/arm-none-eabi/10.3.1/../../../../arm-none-eabi/lib/thumb/v7e-m/nofp\libc.a(lib_a-ctype_.o)
                0x08015ed4                _ctype_
 *fill*         0x08015fd5        0x3 
 .rodata.TWO52  0x08015fd8       0x10 d:/main/example/p2p/lts5_la66_part/tools/toolchain/bin/../lib/gcc/arm-none-eabi/10.3.1/../../../../arm-none-eabi/lib/thumb/v7e-m/nofp\libm.a(lib_a-s_rint.o)
                0x08015fe8                . = ALIGN (0x4)

.ARM.extab
 *(.ARM.extab* .gnu.linkonce.armextab.*)

.ARM            0x08015fe8        0x8
                0x08015fe8                __exidx_start = .
 *(.ARM.exidx*)
 .ARM.exidx     0x08015fe8        0x8 d:/main/example/p2p/lts5_la66_part/tools/toolchain/bin/../lib/gcc/arm-none-eabi/10.3.1/thumb/v7e-m/nofp\libgcc.a(_udivmoddi4.o)
                0x08015ff0                __exidx_end = .

.rel.dyn        0x08015ff0        0x0
 .rel.iplt      0x08015ff0        0x0 d:/main/example/p2p/lts5_la66_part/tools/toolchain/bin/../lib/gcc/arm-none-eabi/10.3.1/thumb/v7e-m/nofp/crtbegin.o

.preinit_array  0x08015ff0        0x0
                0x08015ff0                PROVIDE (__preinit_array_start = .)
 *(.preinit_array*)
                0x08015ff0                PROVIDE (__preinit_array_end = .)

.init_array     0x08015ff0        0x8
                0x08015ff0                PROVIDE (__init_array_start = .)
 *(SORT_BY_NAME(.init_array.*))
 .init_array.00000
                0x08015ff0        0x4 d:/main/example/p2p/lts5_la66_part/tools/toolchain/bin/../lib/gcc/arm-none-eabi/10.3.1/../../../../arm-none-eabi/lib/thumb/v7e-m/nofp\libc.a(lib_a-__call_atexit.o)
 *(.init_array*)
 .init_array    0x08015ff4        0x4 d:/main/example/p2p/lts5_la66_part/tools/toolchain/bin/../lib/gcc/arm-none-eabi/10.3.1/thumb/v7e-m/nofp/crtbegin.o
                0x08015ff8                PROVIDE (__init_array_end = .)

.fini_array     0x08015ff8        0x4
                0x08015ff8                PROVIDE (__fini_array_start = .)
 *(SORT_BY_NAME(.fini_array.*))
 *(.fini_array*)
 .fini_array    0x08015ff8        0x4 d:/main/example/p2p/lts5_la66_part/tools/toolchain/bin/../lib/gcc/arm-none-eabi/10.3.1/thumb/v7e-m/nofp/crtbegin.o
                0x08015ffc                PROVIDE (__fini_array_end = .)
                0x08015ffc                _sidata = LOADADDR (.data)

.data           0x20000000      0x444 load address 0x08015ffc
                0x20000000                . = ALIGN (0x4)
                0x20000000                _sdata = .
 *(.data)
 .data          0x20000000        0x8 Make_out/main.o
                0x20000000                g_log_level
 .data          0x20000008        0x1 Make_out/radio.o
                0x20000008                MaxPayloadLength
 *fill*         0x20000009        0x3 
 .data          0x2000000c        0x4 Make_out/utilities.o
 *(.data*)
 .data._impure_ptr
                0x20000010        0x4 d:/main/example/p2p/lts5_la66_part/tools/toolchain/bin/../lib/gcc/arm-none-eabi/10.3.1/../../../../arm-none-eabi/lib/thumb/v7e-m/nofp\libc.a(lib_a-impure.o)
                0x20000010                _impure_ptr
 *fill*         0x20000014        0x4 
 .data.impure_data
                0x20000018      0x428 d:/main/example/p2p/lts5_la66_part/tools/toolchain/bin/../lib/gcc/arm-none-eabi/10.3.1/../../../../arm-none-eabi/lib/thumb/v7e-m/nofp\libc.a(lib_a-impure.o)
 .data.__atexit_recursive_mutex
                0x20000440        0x4 d:/main/example/p2p/lts5_la66_part/tools/toolchain/bin/../lib/gcc/arm-none-eabi/10.3.1/../../../../arm-none-eabi/lib/thumb/v7e-m/nofp\libc.a(lib_a-__call_atexit.o)
                0x20000440                __atexit_recursive_mutex
                0x20000444                . = ALIGN (0x4)
                0x20000444                _edata = .

.igot.plt       0x20000444        0x0 load address 0x08016440
 .igot.plt      0x20000444        0x0 d:/main/example/p2p/lts5_la66_part/tools/toolchain/bin/../lib/gcc/arm-none-eabi/10.3.1/thumb/v7e-m/nofp/crtbegin.o
                0x20000444                . = ALIGN (0x4)

.bss            0x20000448      0xd6c load address 0x08016440
                0x20000448                _sbss = .
                0x20000448                __bss_start__ = _sbss
 *(.bss)
 .bss           0x20000448       0x1c d:/main/example/p2p/lts5_la66_part/tools/toolchain/bin/../lib/gcc/arm-none-eabi/10.3.1/thumb/v7e-m/nofp/crtbegin.o
 .bss           0x20000464      0x1fe Make_out/command.o
                0x20000464                atcmd
                0x2000065a                write_config_in_flash_status
                0x2000065b                debug_flags
                0x2000065c                g_atcmd_processing
                0x2000065e                atcmd_index
                0x20000660                atrecve_flag
                0x20000661                parse_flag
 *fill*         0x20000662        0x2 
 .bss           0x20000664       0x2b Make_out/lora_app.o
                0x20000664                tx_signal_freqence
                0x20000668                rx_signal_freqence
                0x2000066c                rx_groupmod_value
                0x2000066d                tx_groupmod_value
                0x2000066e                syncword_value
                0x2000066f                tx_bandwidth_value
                0x20000670                rx_bandwidth_value
                0x20000671                rx_spreading_value
                0x20000672                tx_spreading_value
                0x20000673                txp_value
                0x20000674                rx_codingrate_value
                0x20000675                tx_codingrate_value
                0x20000676                rx_header_value
                0x20000677                tx_header_value
                0x20000678                rx_crc_value
                0x20000679                tx_crc_value
                0x2000067a                rx_IQ_value
                0x2000067b                tx_IQ_value
                0x2000067c                rx_preamble_value
                0x2000067e                tx_preamble_value
                0x20000680                rxmode_ack
                0x20000682                rxmode_timeout
                0x20000684                rx_form_value
                0x20000688                retun_wait_time
                0x2000068c                firmware_ver_read_in_flash
                0x2000068d                fre_band_read_in_flash
                0x2000068e                product_id_read_in_flash
 *fill*         0x2000068f        0x1 
 .bss           0x20000690      0x487 Make_out/main.o
                0x20000690                rx_waiting_flag
                0x20000694                IWDGRefreshTimer
                0x200006a8                is_time_to_IWDG_Refresh
                0x200006ac                TxTimer
                0x200006c0                uplink_data_status
                0x200006c1                ack_data_status
                0x200006c2                retransmission_temp
                0x200006c3                retransmission_flags
                0x200006c4                AckTimer
                0x200006d8                ack_flags
                0x200006dc                uplinkcount
                0x200007e0                receiveDataBuff
                0x200007ec                receiveBufferSize
                0x200008f0                downlinkcount
                0x200008f4                rssi_value
                0x200008f6                snr_value
                0x200008f7                data_check_flag
                0x20000914                sending_flag
                0x20000a14                sendDataBuff
                0x20000b13                sendBufferSize
                0x20000b14                EnterLowPowerStopModeStatus
                0x20000b15                EnterLowPowerStopMode_error_times
                0x20000b16                ack_reply
 *fill*         0x20000b17        0x1 
 .bss           0x20000b18      0x49d Make_out/printf-stdarg.o
                0x20000b18                printf_dma_idx_w
                0x20000b1a                printf_dma_idx_r
                0x20000b1c                printf_dma_queue
                0x20000fb4                printf_dma_busy
 .bss           0x20000fb5        0x1 Make_out/tremo_delay.o
 *fill*         0x20000fb6        0x2 
 .bss           0x20000fb8       0x20 Make_out/tremo_dma.o
                0x20000fb8                g_dma_callback_handler
 .bss           0x20000fd8        0x5 Make_out/timer.o
                0x20000fdc                HasLoopedThroughMain
 *fill*         0x20000fdd        0x3 
 .bss           0x20000fe0      0x1a6 Make_out/radio.o
                0x20000fe4                TxTimeoutTimer
                0x20000ff8                RxTimeoutTimer
                0x2000100c                CadTimeoutTimer
                0x20001020                IrqFired
                0x20001024                SX126x
                0x20001060                TxTimeout
                0x20001064                RxContinuous
                0x20001068                RxTimeout
                0x2000106c                irqRegs
                0x2000106e                txtimeout_times
                0x2000106f                RadioRxPayload
                0x20001170                RadioPktStatus
 *fill*         0x20001186        0x2 
 .bss           0x20001188        0x8 Make_out/sx126x.o
                0x2000118c                FrequencyError
 .bss           0x20001190       0x1d Make_out/rtc-board.o
                0x20001194                RtcCalendarContext
                0x200011a0                RtcTimerContext
                0x200011a8                McuWakeUpTime
                0x200011ac                NonScheduledWakeUp
 .bss           0x200011ad        0x1 Make_out/sx1262-board.o
                0x200011ad                gPaOptSetting
 *(.bss*)
 *fill*         0x200011ae        0x2 
 .bss.__lock___atexit_recursive_mutex
                0x200011b0        0x1 d:/main/example/p2p/lts5_la66_part/tools/toolchain/bin/../lib/gcc/arm-none-eabi/10.3.1/../../../../arm-none-eabi/lib/thumb/v7e-m/nofp\libc.a(lib_a-lock.o)
                0x200011b0                __lock___atexit_recursive_mutex
 *(COMMON)
                0x200011b4                . = ALIGN (0x4)
 *fill*         0x200011b1        0x3 
                0x200011b4                _ebss = .
                0x200011b4                __bss_end__ = _ebss

.heap           0x200011b4     0x1000 load address 0x08016440
                0x200011b4                . = ALIGN (0x4)
                0x200011b4                _heap_bottom = .
                0x200011b4                end = _heap_bottom
                0x200011b4                _end = end
                0x200011b4                __end = end
                0x200021b4                . = (. + _HEAP_SIZE)
 *fill*         0x200011b4     0x1000 
                0x200021b4                _heap_top = .

.stack          0x200021b4     0x1000 load address 0x08016440
                0x200021b4                . = ALIGN (0x4)
                0x200021b4                _stack_bottom = .
                0x200031b4                . = (. + _STACK_SIZE)
 *fill*         0x200021b4     0x1000 
                0x200031b4                _stack_top = .

/DISCARD/
 libc.a(*)
 libm.a(*)
 libgcc.a(*)

.ARM.attributes
                0x00000000       0x2e
 *(.ARM.attributes)
 .ARM.attributes
                0x00000000       0x1e d:/main/example/p2p/lts5_la66_part/tools/toolchain/bin/../lib/gcc/arm-none-eabi/10.3.1/thumb/v7e-m/nofp/crti.o
 .ARM.attributes
                0x0000001e       0x2e d:/main/example/p2p/lts5_la66_part/tools/toolchain/bin/../lib/gcc/arm-none-eabi/10.3.1/thumb/v7e-m/nofp/crtbegin.o
 .ARM.attributes
                0x0000004c       0x32 Make_out/command.o
 .ARM.attributes
                0x0000007e       0x32 Make_out/lora_app.o
 .ARM.attributes
                0x000000b0       0x32 Make_out/main.o
 .ARM.attributes
                0x000000e2       0x32 Make_out/tremo_it.o
 .ARM.attributes
                0x00000114       0x32 Make_out/printf-stdarg.o
 .ARM.attributes
                0x00000146       0x32 Make_out/system_cm4.o
 .ARM.attributes
                0x00000178       0x32 Make_out/tremo_delay.o
 .ARM.attributes
                0x000001aa       0x32 Make_out/tremo_dma.o
 .ARM.attributes
                0x000001dc       0x32 Make_out/tremo_flash.o
 .ARM.attributes
                0x0000020e       0x32 Make_out/tremo_gpio.o
 .ARM.attributes
                0x00000240       0x32 Make_out/tremo_iwdg.o
 .ARM.attributes
                0x00000272       0x32 Make_out/tremo_lpuart.o
 .ARM.attributes
                0x000002a4       0x32 Make_out/tremo_pwr.o
 .ARM.attributes
                0x000002d6       0x32 Make_out/tremo_rcc.o
 .ARM.attributes
                0x00000308       0x32 Make_out/tremo_rtc.o
 .ARM.attributes
                0x0000033a       0x32 Make_out/tremo_system.o
 .ARM.attributes
                0x0000036c       0x32 Make_out/tremo_uart.o
 .ARM.attributes
                0x0000039e       0x32 Make_out/delay.o
 .ARM.attributes
                0x000003d0       0x32 Make_out/timer.o
 .ARM.attributes
                0x00000402       0x32 Make_out/radio.o
 .ARM.attributes
                0x00000434       0x32 Make_out/sx126x.o
 .ARM.attributes
                0x00000466       0x32 Make_out/rtc-board.o
 .ARM.attributes
                0x00000498       0x32 Make_out/sx1262-board.o
 .ARM.attributes
                0x000004ca       0x32 Make_out/utilities.o
 .ARM.attributes
                0x000004fc       0x21 Make_out/startup_cm4.o
 .ARM.attributes
                0x0000051d       0x1e d:/main/example/p2p/lts5_la66_part/tools/toolchain/bin/../lib/gcc/arm-none-eabi/10.3.1/thumb/v7e-m/nofp\libgcc.a(_arm_addsubdf3.o)
 .ARM.attributes
                0x0000053b       0x1e d:/main/example/p2p/lts5_la66_part/tools/toolchain/bin/../lib/gcc/arm-none-eabi/10.3.1/thumb/v7e-m/nofp\libgcc.a(_arm_muldivdf3.o)
 .ARM.attributes
                0x00000559       0x1e d:/main/example/p2p/lts5_la66_part/tools/toolchain/bin/../lib/gcc/arm-none-eabi/10.3.1/thumb/v7e-m/nofp\libgcc.a(_arm_cmpdf2.o)
 .ARM.attributes
                0x00000577       0x1e d:/main/example/p2p/lts5_la66_part/tools/toolchain/bin/../lib/gcc/arm-none-eabi/10.3.1/thumb/v7e-m/nofp\libgcc.a(_arm_fixdfsi.o)
 .ARM.attributes
                0x00000595       0x1e d:/main/example/p2p/lts5_la66_part/tools/toolchain/bin/../lib/gcc/arm-none-eabi/10.3.1/thumb/v7e-m/nofp\libgcc.a(_arm_fixunsdfsi.o)
 .ARM.attributes
                0x000005b3       0x1e d:/main/example/p2p/lts5_la66_part/tools/toolchain/bin/../lib/gcc/arm-none-eabi/10.3.1/thumb/v7e-m/nofp\libgcc.a(_aeabi_uldivmod.o)
 .ARM.attributes
                0x000005d1       0x2e d:/main/example/p2p/lts5_la66_part/tools/toolchain/bin/../lib/gcc/arm-none-eabi/10.3.1/thumb/v7e-m/nofp\libgcc.a(_fixunsdfdi.o)
 .ARM.attributes
                0x000005ff       0x2e d:/main/example/p2p/lts5_la66_part/tools/toolchain/bin/../lib/gcc/arm-none-eabi/10.3.1/thumb/v7e-m/nofp\libgcc.a(_udivmoddi4.o)
 .ARM.attributes
                0x0000062d       0x1e d:/main/example/p2p/lts5_la66_part/tools/toolchain/bin/../lib/gcc/arm-none-eabi/10.3.1/thumb/v7e-m/nofp\libgcc.a(_dvmd_tls.o)
 .ARM.attributes
                0x0000064b       0x2e d:/main/example/p2p/lts5_la66_part/tools/toolchain/bin/../lib/gcc/arm-none-eabi/10.3.1/../../../../arm-none-eabi/lib/thumb/v7e-m/nofp\libc.a(lib_a-impure.o)
 .ARM.attributes
                0x00000679       0x2e d:/main/example/p2p/lts5_la66_part/tools/toolchain/bin/../lib/gcc/arm-none-eabi/10.3.1/../../../../arm-none-eabi/lib/thumb/v7e-m/nofp\libc.a(lib_a-init.o)
 .ARM.attributes
                0x000006a7       0x1c d:/main/example/p2p/lts5_la66_part/tools/toolchain/bin/../lib/gcc/arm-none-eabi/10.3.1/../../../../arm-none-eabi/lib/thumb/v7e-m/nofp\libc.a(lib_a-memcpy.o)
 .ARM.attributes
                0x000006c3       0x2e d:/main/example/p2p/lts5_la66_part/tools/toolchain/bin/../lib/gcc/arm-none-eabi/10.3.1/../../../../arm-none-eabi/lib/thumb/v7e-m/nofp\libc.a(lib_a-memset.o)
 .ARM.attributes
                0x000006f1       0x1c d:/main/example/p2p/lts5_la66_part/tools/toolchain/bin/../lib/gcc/arm-none-eabi/10.3.1/../../../../arm-none-eabi/lib/thumb/v7e-m/nofp\libc.a(lib_a-strlen.o)
 .ARM.attributes
                0x0000070d       0x2e d:/main/example/p2p/lts5_la66_part/tools/toolchain/bin/../lib/gcc/arm-none-eabi/10.3.1/../../../../arm-none-eabi/lib/thumb/v7e-m/nofp\libc.a(lib_a-strncmp.o)
 .ARM.attributes
                0x0000073b       0x2e d:/main/example/p2p/lts5_la66_part/tools/toolchain/bin/../lib/gcc/arm-none-eabi/10.3.1/../../../../arm-none-eabi/lib/thumb/v7e-m/nofp\libc.a(lib_a-strtok.o)
 .ARM.attributes
                0x00000769       0x2e d:/main/example/p2p/lts5_la66_part/tools/toolchain/bin/../lib/gcc/arm-none-eabi/10.3.1/../../../../arm-none-eabi/lib/thumb/v7e-m/nofp\libc.a(lib_a-strtok_r.o)
 .ARM.attributes
                0x00000797       0x2e d:/main/example/p2p/lts5_la66_part/tools/toolchain/bin/../lib/gcc/arm-none-eabi/10.3.1/../../../../arm-none-eabi/lib/thumb/v7e-m/nofp\libc.a(lib_a-strtol.o)
 .ARM.attributes
                0x000007c5       0x2e d:/main/example/p2p/lts5_la66_part/tools/toolchain/bin/../lib/gcc/arm-none-eabi/10.3.1/../../../../arm-none-eabi/lib/thumb/v7e-m/nofp\libc.a(lib_a-__call_atexit.o)
 .ARM.attributes
                0x000007f3       0x2e d:/main/example/p2p/lts5_la66_part/tools/toolchain/bin/../lib/gcc/arm-none-eabi/10.3.1/../../../../arm-none-eabi/lib/thumb/v7e-m/nofp\libc.a(lib_a-atexit.o)
 .ARM.attributes
                0x00000821       0x2e d:/main/example/p2p/lts5_la66_part/tools/toolchain/bin/../lib/gcc/arm-none-eabi/10.3.1/../../../../arm-none-eabi/lib/thumb/v7e-m/nofp\libc.a(lib_a-ctype_.o)
 .ARM.attributes
                0x0000084f       0x2e d:/main/example/p2p/lts5_la66_part/tools/toolchain/bin/../lib/gcc/arm-none-eabi/10.3.1/../../../../arm-none-eabi/lib/thumb/v7e-m/nofp\libc.a(lib_a-errno.o)
 .ARM.attributes
                0x0000087d       0x2e d:/main/example/p2p/lts5_la66_part/tools/toolchain/bin/../lib/gcc/arm-none-eabi/10.3.1/../../../../arm-none-eabi/lib/thumb/v7e-m/nofp\libc.a(lib_a-fini.o)
 .ARM.attributes
                0x000008ab       0x2e d:/main/example/p2p/lts5_la66_part/tools/toolchain/bin/../lib/gcc/arm-none-eabi/10.3.1/../../../../arm-none-eabi/lib/thumb/v7e-m/nofp\libc.a(lib_a-lock.o)
 .ARM.attributes
                0x000008d9       0x2e d:/main/example/p2p/lts5_la66_part/tools/toolchain/bin/../lib/gcc/arm-none-eabi/10.3.1/../../../../arm-none-eabi/lib/thumb/v7e-m/nofp\libc.a(lib_a-__atexit.o)
 .ARM.attributes
                0x00000907       0x1e d:/main/example/p2p/lts5_la66_part/tools/toolchain/bin/../lib/gcc/arm-none-eabi/10.3.1/thumb/v7e-m/nofp/crtn.o
OUTPUT(Make_out/DRAGINO-LRWAN-AT.elf elf32-littlearm)
LOAD linker stubs
LOAD d:/main/example/p2p/lts5_la66_part/tools/toolchain/bin/../lib/gcc/arm-none-eabi/10.3.1/../../../../arm-none-eabi/lib/thumb/v7e-m/nofp\libc.a
LOAD d:/main/example/p2p/lts5_la66_part/tools/toolchain/bin/../lib/gcc/arm-none-eabi/10.3.1/../../../../arm-none-eabi/lib/thumb/v7e-m/nofp\libm.a
LOAD d:/main/example/p2p/lts5_la66_part/tools/toolchain/bin/../lib/gcc/arm-none-eabi/10.3.1/thumb/v7e-m/nofp\libgcc.a

.comment        0x00000000       0x49
 .comment       0x00000000       0x49 Make_out/command.o
                                 0x4a (size before relaxing)
 .comment       0x00000049       0x4a Make_out/lora_app.o
 .comment       0x00000049       0x4a Make_out/main.o
 .comment       0x00000049       0x4a Make_out/tremo_it.o
 .comment       0x00000049       0x4a Make_out/printf-stdarg.o
 .comment       0x00000049       0x4a Make_out/system_cm4.o
 .comment       0x00000049       0x4a Make_out/tremo_delay.o
 .comment       0x00000049       0x4a Make_out/tremo_dma.o
 .comment       0x00000049       0x4a Make_out/tremo_flash.o
 .comment       0x00000049       0x4a Make_out/tremo_gpio.o
 .comment       0x00000049       0x4a Make_out/tremo_iwdg.o
 .comment       0x00000049       0x4a Make_out/tremo_lpuart.o
 .comment       0x00000049       0x4a Make_out/tremo_pwr.o
 .comment       0x00000049       0x4a Make_out/tremo_rcc.o
 .comment       0x00000049       0x4a Make_out/tremo_rtc.o
 .comment       0x00000049       0x4a Make_out/tremo_system.o
 .comment       0x00000049       0x4a Make_out/tremo_uart.o
 .comment       0x00000049       0x4a Make_out/delay.o
 .comment       0x00000049       0x4a Make_out/timer.o
 .comment       0x00000049       0x4a Make_out/radio.o
 .comment       0x00000049       0x4a Make_out/sx126x.o
 .comment       0x00000049       0x4a Make_out/rtc-board.o
 .comment       0x00000049       0x4a Make_out/sx1262-board.o
 .comment       0x00000049       0x4a Make_out/utilities.o

.debug_frame    0x00000000      0x5c8
 .debug_frame   0x00000000       0xac d:/main/example/p2p/lts5_la66_part/tools/toolchain/bin/../lib/gcc/arm-none-eabi/10.3.1/thumb/v7e-m/nofp\libgcc.a(_arm_addsubdf3.o)
 .debug_frame   0x000000ac       0x50 d:/main/example/p2p/lts5_la66_part/tools/toolchain/bin/../lib/gcc/arm-none-eabi/10.3.1/thumb/v7e-m/nofp\libgcc.a(_arm_muldivdf3.o)
 .debug_frame   0x000000fc       0xc4 d:/main/example/p2p/lts5_la66_part/tools/toolchain/bin/../lib/gcc/arm-none-eabi/10.3.1/thumb/v7e-m/nofp\libgcc.a(_arm_cmpdf2.o)
 .debug_frame   0x000001c0       0x24 d:/main/example/p2p/lts5_la66_part/tools/toolchain/bin/../lib/gcc/arm-none-eabi/10.3.1/thumb/v7e-m/nofp\libgcc.a(_arm_fixdfsi.o)
 .debug_frame   0x000001e4       0x24 d:/main/example/p2p/lts5_la66_part/tools/toolchain/bin/../lib/gcc/arm-none-eabi/10.3.1/thumb/v7e-m/nofp\libgcc.a(_arm_fixunsdfsi.o)
 .debug_frame   0x00000208       0x2c d:/main/example/p2p/lts5_la66_part/tools/toolchain/bin/../lib/gcc/arm-none-eabi/10.3.1/thumb/v7e-m/nofp\libgcc.a(_aeabi_uldivmod.o)
 .debug_frame   0x00000234       0x2c d:/main/example/p2p/lts5_la66_part/tools/toolchain/bin/../lib/gcc/arm-none-eabi/10.3.1/thumb/v7e-m/nofp\libgcc.a(_fixunsdfdi.o)
 .debug_frame   0x00000260       0x34 d:/main/example/p2p/lts5_la66_part/tools/toolchain/bin/../lib/gcc/arm-none-eabi/10.3.1/thumb/v7e-m/nofp\libgcc.a(_udivmoddi4.o)
 .debug_frame   0x00000294       0x2c d:/main/example/p2p/lts5_la66_part/tools/toolchain/bin/../lib/gcc/arm-none-eabi/10.3.1/../../../../arm-none-eabi/lib/thumb/v7e-m/nofp\libc.a(lib_a-init.o)
 .debug_frame   0x000002c0       0x2c d:/main/example/p2p/lts5_la66_part/tools/toolchain/bin/../lib/gcc/arm-none-eabi/10.3.1/../../../../arm-none-eabi/lib/thumb/v7e-m/nofp\libc.a(lib_a-memset.o)
 .debug_frame   0x000002ec       0x38 d:/main/example/p2p/lts5_la66_part/tools/toolchain/bin/../lib/gcc/arm-none-eabi/10.3.1/../../../../arm-none-eabi/lib/thumb/v7e-m/nofp\libc.a(lib_a-strncmp.o)
 .debug_frame   0x00000324       0x20 d:/main/example/p2p/lts5_la66_part/tools/toolchain/bin/../lib/gcc/arm-none-eabi/10.3.1/../../../../arm-none-eabi/lib/thumb/v7e-m/nofp\libc.a(lib_a-strtok.o)
 .debug_frame   0x00000344       0x50 d:/main/example/p2p/lts5_la66_part/tools/toolchain/bin/../lib/gcc/arm-none-eabi/10.3.1/../../../../arm-none-eabi/lib/thumb/v7e-m/nofp\libc.a(lib_a-strtok_r.o)
 .debug_frame   0x00000394       0x80 d:/main/example/p2p/lts5_la66_part/tools/toolchain/bin/../lib/gcc/arm-none-eabi/10.3.1/../../../../arm-none-eabi/lib/thumb/v7e-m/nofp\libc.a(lib_a-strtol.o)
 .debug_frame   0x00000414       0x5c d:/main/example/p2p/lts5_la66_part/tools/toolchain/bin/../lib/gcc/arm-none-eabi/10.3.1/../../../../arm-none-eabi/lib/thumb/v7e-m/nofp\libc.a(lib_a-__call_atexit.o)
 .debug_frame   0x00000470       0x20 d:/main/example/p2p/lts5_la66_part/tools/toolchain/bin/../lib/gcc/arm-none-eabi/10.3.1/../../../../arm-none-eabi/lib/thumb/v7e-m/nofp\libc.a(lib_a-atexit.o)
 .debug_frame   0x00000490       0x20 d:/main/example/p2p/lts5_la66_part/tools/toolchain/bin/../lib/gcc/arm-none-eabi/10.3.1/../../../../arm-none-eabi/lib/thumb/v7e-m/nofp\libc.a(lib_a-errno.o)
 .debug_frame   0x000004b0       0x34 d:/main/example/p2p/lts5_la66_part/tools/toolchain/bin/../lib/gcc/arm-none-eabi/10.3.1/../../../../arm-none-eabi/lib/thumb/v7e-m/nofp\libc.a(lib_a-fini.o)
 .debug_frame   0x000004e4       0xb0 d:/main/example/p2p/lts5_la66_part/tools/toolchain/bin/../lib/gcc/arm-none-eabi/10.3.1/../../../../arm-none-eabi/lib/thumb/v7e-m/nofp\libc.a(lib_a-lock.o)
 .debug_frame   0x00000594       0x34 d:/main/example/p2p/lts5_la66_part/tools/toolchain/bin/../lib/gcc/arm-none-eabi/10.3.1/../../../../arm-none-eabi/lib/thumb/v7e-m/nofp\libc.a(lib_a-__atexit.o)
