Archive member included to satisfy reference by file (symbol)

d:/keil_v5/arm/gcc-arm-none-eabi-5_4-2016q3-20160926-win32/bin/../lib/gcc/arm-none-eabi/5.4.1/armv7e-m\libgcc.a(_arm_addsubdf3.o)
                              ./output/printf-stdarg.o (__aeabi_dsub)
d:/keil_v5/arm/gcc-arm-none-eabi-5_4-2016q3-20160926-win32/bin/../lib/gcc/arm-none-eabi/5.4.1/armv7e-m\libgcc.a(_arm_muldivdf3.o)
                              ./output/printf-stdarg.o (__aeabi_dmul)
d:/keil_v5/arm/gcc-arm-none-eabi-5_4-2016q3-20160926-win32/bin/../lib/gcc/arm-none-eabi/5.4.1/armv7e-m\libgcc.a(_arm_cmpdf2.o)
                              ./output/printf-stdarg.o (__aeabi_dcmpeq)
d:/keil_v5/arm/gcc-arm-none-eabi-5_4-2016q3-20160926-win32/bin/../lib/gcc/arm-none-eabi/5.4.1/armv7e-m\libgcc.a(_arm_fixdfsi.o)
                              ./output/printf-stdarg.o (__aeabi_d2iz)
d:/keil_v5/arm/gcc-arm-none-eabi-5_4-2016q3-20160926-win32/bin/../lib/gcc/arm-none-eabi/5.4.1/armv7e-m\libgcc.a(_arm_fixunsdfsi.o)
                              ./output/printf-stdarg.o (__aeabi_d2uiz)
d:/keil_v5/arm/gcc-arm-none-eabi-5_4-2016q3-20160926-win32/bin/../lib/gcc/arm-none-eabi/5.4.1/armv7e-m\libgcc.a(_aeabi_uldivmod.o)
                              ./output/printf-stdarg.o (__aeabi_uldivmod)
d:/keil_v5/arm/gcc-arm-none-eabi-5_4-2016q3-20160926-win32/bin/../lib/gcc/arm-none-eabi/5.4.1/armv7e-m\libgcc.a(_fixunsdfdi.o)
                              ./output/rtc-board.o (__aeabi_d2ulz)
d:/keil_v5/arm/gcc-arm-none-eabi-5_4-2016q3-20160926-win32/bin/../lib/gcc/arm-none-eabi/5.4.1/armv7e-m\libgcc.a(_udivmoddi4.o)
                              d:/keil_v5/arm/gcc-arm-none-eabi-5_4-2016q3-20160926-win32/bin/../lib/gcc/arm-none-eabi/5.4.1/armv7e-m\libgcc.a(_aeabi_uldivmod.o) (__udivmoddi4)
d:/keil_v5/arm/gcc-arm-none-eabi-5_4-2016q3-20160926-win32/bin/../lib/gcc/arm-none-eabi/5.4.1/armv7e-m\libgcc.a(_dvmd_tls.o)
                              d:/keil_v5/arm/gcc-arm-none-eabi-5_4-2016q3-20160926-win32/bin/../lib/gcc/arm-none-eabi/5.4.1/armv7e-m\libgcc.a(_aeabi_uldivmod.o) (__aeabi_ldiv0)
d:/keil_v5/arm/gcc-arm-none-eabi-5_4-2016q3-20160926-win32/bin/../lib/gcc/arm-none-eabi/5.4.1/../../../../arm-none-eabi/lib/armv7e-m\libc.a(lib_a-exit.o)
                              d:/keil_v5/arm/gcc-arm-none-eabi-5_4-2016q3-20160926-win32/bin/../lib/gcc/arm-none-eabi/5.4.1/../../../../arm-none-eabi/lib/armv7e-m/crt0.o (exit)
d:/keil_v5/arm/gcc-arm-none-eabi-5_4-2016q3-20160926-win32/bin/../lib/gcc/arm-none-eabi/5.4.1/../../../../arm-none-eabi/lib/armv7e-m\libc.a(lib_a-impure.o)
                              d:/keil_v5/arm/gcc-arm-none-eabi-5_4-2016q3-20160926-win32/bin/../lib/gcc/arm-none-eabi/5.4.1/../../../../arm-none-eabi/lib/armv7e-m\libc.a(lib_a-exit.o) (_global_impure_ptr)
d:/keil_v5/arm/gcc-arm-none-eabi-5_4-2016q3-20160926-win32/bin/../lib/gcc/arm-none-eabi/5.4.1/../../../../arm-none-eabi/lib/armv7e-m\libc.a(lib_a-init.o)
                              d:/keil_v5/arm/gcc-arm-none-eabi-5_4-2016q3-20160926-win32/bin/../lib/gcc/arm-none-eabi/5.4.1/../../../../arm-none-eabi/lib/armv7e-m/crt0.o (__libc_init_array)
d:/keil_v5/arm/gcc-arm-none-eabi-5_4-2016q3-20160926-win32/bin/../lib/gcc/arm-none-eabi/5.4.1/../../../../arm-none-eabi/lib/armv7e-m\libc.a(lib_a-memset.o)
                              d:/keil_v5/arm/gcc-arm-none-eabi-5_4-2016q3-20160926-win32/bin/../lib/gcc/arm-none-eabi/5.4.1/../../../../arm-none-eabi/lib/armv7e-m/crt0.o (memset)
d:/keil_v5/arm/gcc-arm-none-eabi-5_4-2016q3-20160926-win32/bin/../lib/gcc/arm-none-eabi/5.4.1/../../../../arm-none-eabi/lib/armv7e-m\libc.a(lib_a-strlen.o)
                              ./output/main.o (strlen)
d:/keil_v5/arm/gcc-arm-none-eabi-5_4-2016q3-20160926-win32/bin/../lib/gcc/arm-none-eabi/5.4.1/../../../../arm-none-eabi/lib/armv7e-m\libc.a(lib_a-strncat.o)
                              ./output/command.o (strncat)
d:/keil_v5/arm/gcc-arm-none-eabi-5_4-2016q3-20160926-win32/bin/../lib/gcc/arm-none-eabi/5.4.1/../../../../arm-none-eabi/lib/armv7e-m\libc.a(lib_a-strncmp.o)
                              ./output/main.o (strncmp)
d:/keil_v5/arm/gcc-arm-none-eabi-5_4-2016q3-20160926-win32/bin/../lib/gcc/arm-none-eabi/5.4.1/../../../../arm-none-eabi/lib/armv7e-m\libc.a(lib_a-strtok.o)
                              ./output/command.o (strtok)
d:/keil_v5/arm/gcc-arm-none-eabi-5_4-2016q3-20160926-win32/bin/../lib/gcc/arm-none-eabi/5.4.1/../../../../arm-none-eabi/lib/armv7e-m\libc.a(lib_a-strtok_r.o)
                              d:/keil_v5/arm/gcc-arm-none-eabi-5_4-2016q3-20160926-win32/bin/../lib/gcc/arm-none-eabi/5.4.1/../../../../arm-none-eabi/lib/armv7e-m\libc.a(lib_a-strtok.o) (__strtok_r)
d:/keil_v5/arm/gcc-arm-none-eabi-5_4-2016q3-20160926-win32/bin/../lib/gcc/arm-none-eabi/5.4.1/../../../../arm-none-eabi/lib/armv7e-m\libc.a(lib_a-strtol.o)
                              ./output/command.o (strtol)
[...]
Memory Configuration

Name             Origin             Length             Attributes
FLASH            0x0800d000         0x00040000         xr
RAM              0x20000000         0x00010000         xrw
*default*        0x00000000         0xffffffff

Linker script and memory map

LOAD d:/keil_v5/arm/gcc-arm-none-eabi-5_4-2016q3-20160926-win32/bin/../lib/gcc/arm-none-eabi/5.4.1/armv7e-m/crti.o
LOAD d:/keil_v5/arm/gcc-arm-none-eabi-5_4-2016q3-20160926-win32/bin/../lib/gcc/arm-none-eabi/5.4.1/armv7e-m/crtbegin.o
LOAD d:/keil_v5/arm/gcc-arm-none-eabi-5_4-2016q3-20160926-win32/bin/../lib/gcc/arm-none-eabi/5.4.1/../../../../arm-none-eabi/lib/armv7e-m/crt0.o
LOAD ./output/printf-stdarg.o
LOAD ./output/startup_cm4.o
LOAD ./output/system_cm4.o
LOAD ./output/tremo_adc.o
LOAD ./output/tremo_bstimer.o
LOAD ./output/tremo_crc.o
LOAD ./output/tremo_dac.o
LOAD ./output/tremo_delay.o
LOAD ./output/tremo_dma.o
LOAD ./output/tremo_flash.o
LOAD ./output/tremo_gpio.o
LOAD ./output/tremo_i2c.o
LOAD ./output/tremo_i2s.o
LOAD ./output/tremo_iwdg.o
LOAD ./output/tremo_lcd.o
LOAD ./output/tremo_lptimer.o
LOAD ./output/tremo_lpuart.o
LOAD ./output/tremo_pwr.o
LOAD ./output/tremo_rcc.o
LOAD ./output/tremo_rtc.o
LOAD ./output/tremo_spi.o
LOAD ./output/tremo_system.o
LOAD ./output/tremo_timer.o
LOAD ./output/tremo_uart.o
LOAD ./output/tremo_wdg.o
LOAD ./output/bsp.o
LOAD ./output/flash_eraseprogram.o
LOAD ./output/main.o
LOAD ./output/tremo_it.o
LOAD ./output/lora_app.o
LOAD ./output/command.o
LOAD ./output/rtc-board.o
LOAD ./output/sx1262-board.o
LOAD ./output/utilities.o
LOAD ./output/radio.o
LOAD ./output/sx126x.o
LOAD ./output/delay.o
LOAD ./output/timer.o
LOAD ./output/aes.o
LOAD ./output/cmac.o
START GROUP
LOAD d:/keil_v5/arm/gcc-arm-none-eabi-5_4-2016q3-20160926-win32/bin/../lib/gcc/arm-none-eabi/5.4.1/armv7e-m\libgcc.a
LOAD d:/keil_v5/arm/gcc-arm-none-eabi-5_4-2016q3-20160926-win32/bin/../lib/gcc/arm-none-eabi/5.4.1/../../../../arm-none-eabi/lib/armv7e-m\libc.a
END GROUP
LOAD d:/keil_v5/arm/gcc-arm-none-eabi-5_4-2016q3-20160926-win32/bin/../lib/gcc/arm-none-eabi/5.4.1/armv7e-m/crtend.o
LOAD d:/keil_v5/arm/gcc-arm-none-eabi-5_4-2016q3-20160926-win32/bin/../lib/gcc/arm-none-eabi/5.4.1/armv7e-m/crtn.o
                0x2000f000                _estack = 0x2000f000
                0x00001000                _HEAP_SIZE = 0x1000
                0x00001000                _STACK_SIZE = 0x1000

.isr_vector     0x0800d000       0xd4
                0x0800d000                . = ALIGN (0x4)
 *(.isr_vector)
 .isr_vector    0x0800d000       0xd4 ./output/startup_cm4.o
                0x0800d000                g_pfnVectors
                0x0800d0d4                . = ALIGN (0x4)

.text           0x0800d100     0x8560
                0x0800d100                . = ALIGN (0x4)
 *(.text)
 .text          0x0800d100       0x5c d:/keil_v5/arm/gcc-arm-none-eabi-5_4-2016q3-20160926-win32/bin/../lib/gcc/arm-none-eabi/5.4.1/armv7e-m/crtbegin.o
 .text          0x0800d15c      0x370 d:/keil_v5/arm/gcc-arm-none-eabi-5_4-2016q3-20160926-win32/bin/../lib/gcc/arm-none-eabi/5.4.1/armv7e-m\libgcc.a(_arm_addsubdf3.o)
                0x0800d15c                __aeabi_drsub
                0x0800d164                __aeabi_dsub
                0x0800d164                __subdf3
                0x0800d168                __aeabi_dadd
                0x0800d168                __adddf3
                0x0800d3e0                __floatunsidf
                0x0800d3e0                __aeabi_ui2d
                0x0800d400                __floatsidf
                0x0800d400                __aeabi_i2d
                0x0800d424                __aeabi_f2d
                0x0800d424                __extendsfdf2
                0x0800d460                __floatundidf
                0x0800d460                __aeabi_ul2d
                0x0800d470                __floatdidf
                0x0800d470                __aeabi_l2d
 .text          0x0800d4cc      0x424 d:/keil_v5/arm/gcc-arm-none-eabi-5_4-2016q3-20160926-win32/bin/../lib/gcc/arm-none-eabi/5.4.1/armv7e-m\libgcc.a(_arm_muldivdf3.o)
                0x0800d4cc                __aeabi_dmul
                0x0800d4cc                __muldf3
                0x0800d720                __divdf3
                0x0800d720                __aeabi_ddiv
 .text          0x0800d8f0      0x110 d:/keil_v5/arm/gcc-arm-none-eabi-5_4-2016q3-20160926-win32/bin/../lib/gcc/arm-none-eabi/5.4.1/armv7e-m\libgcc.a(_arm_cmpdf2.o)
                0x0800d8f0                __gtdf2
                0x0800d8f0                __gedf2
                0x0800d8f8                __ltdf2
                0x0800d8f8                __ledf2
                0x0800d900                __nedf2
                0x0800d900                __eqdf2
                0x0800d900                __cmpdf2
                0x0800d97c                __aeabi_cdrcmple
                0x0800d98c                __aeabi_cdcmpeq
                0x0800d98c                __aeabi_cdcmple
                0x0800d99c                __aeabi_dcmpeq
                0x0800d9b0                __aeabi_dcmplt
                0x0800d9c4                __aeabi_dcmple
                0x0800d9d8                __aeabi_dcmpge
                0x0800d9ec                __aeabi_dcmpgt
 .text          0x0800da00       0x50 d:/keil_v5/arm/gcc-arm-none-eabi-5_4-2016q3-20160926-win32/bin/../lib/gcc/arm-none-eabi/5.4.1/armv7e-m\libgcc.a(_arm_fixdfsi.o)
                0x0800da00                __aeabi_d2iz
                0x0800da00                __fixdfsi
 .text          0x0800da50       0x40 d:/keil_v5/arm/gcc-arm-none-eabi-5_4-2016q3-20160926-win32/bin/../lib/gcc/arm-none-eabi/5.4.1/armv7e-m\libgcc.a(_arm_fixunsdfsi.o)
                0x0800da50                __aeabi_d2uiz
                0x0800da50                __fixunsdfsi
 .text          0x0800da90       0x30 d:/keil_v5/arm/gcc-arm-none-eabi-5_4-2016q3-20160926-win32/bin/../lib/gcc/arm-none-eabi/5.4.1/armv7e-m\libgcc.a(_aeabi_uldivmod.o)
                0x0800da90                __aeabi_uldivmod
 .text          0x0800dac0       0x48 d:/keil_v5/arm/gcc-arm-none-eabi-5_4-2016q3-20160926-win32/bin/../lib/gcc/arm-none-eabi/5.4.1/armv7e-m\libgcc.a(_fixunsdfdi.o)
                0x0800dac0                __fixunsdfdi
                0x0800dac0                __aeabi_d2ulz
 .text          0x0800db08      0x2e4 d:/keil_v5/arm/gcc-arm-none-eabi-5_4-2016q3-20160926-win32/bin/../lib/gcc/arm-none-eabi/5.4.1/armv7e-m\libgcc.a(_udivmoddi4.o)
                0x0800db08                __udivmoddi4
 .text          0x0800ddec        0x4 d:/keil_v5/arm/gcc-arm-none-eabi-5_4-2016q3-20160926-win32/bin/../lib/gcc/arm-none-eabi/5.4.1/armv7e-m\libgcc.a(_dvmd_tls.o)
                0x0800ddec                __aeabi_idiv0
                0x0800ddec                __aeabi_ldiv0
 *fill*         0x0800ddf0       0x10 
 .text          0x0800de00       0xdc d:/keil_v5/arm/gcc-arm-none-eabi-5_4-2016q3-20160926-win32/bin/../lib/gcc/arm-none-eabi/5.4.1/../../../../arm-none-eabi/lib/armv7e-m\libc.a(lib_a-strlen.o)
                0x0800de00                strlen
 *(.text*)
 .text._out_buffer
                0x0800dedc        0x8 ./output/printf-stdarg.o
 .text._out_null
                0x0800dee4        0x2 ./output/printf-stdarg.o
 *fill*         0x0800dee6        0x2 
 .text._out_char
                0x0800dee8       0x2c ./output/printf-stdarg.o
 .text._out_rev
                0x0800df14       0x82 ./output/printf-stdarg.o
 .text._ntoa_format
                0x0800df96      0x116 ./output/printf-stdarg.o
 .text._ntoa_long
                0x0800e0ac       0x80 ./output/printf-stdarg.o
 .text._ntoa_long_long
                0x0800e12c       0xac ./output/printf-stdarg.o
 .text.printf_dma_queue_pop.isra.0
                0x0800e1d8       0xb8 ./output/printf-stdarg.o
 .text._ftoa    0x0800e290      0x2dc ./output/printf-stdarg.o
 *fill*         0x0800e56c        0x4 
 .text._etoa    0x0800e570      0x380 ./output/printf-stdarg.o
 .text.printf_dma_done_callback
                0x0800e8f0       0x64 ./output/printf-stdarg.o
 .text._vsnprintf
                0x0800e954      0x51c ./output/printf-stdarg.o
 .text.print_isdone
                0x0800ee70       0x3c ./output/printf-stdarg.o
                0x0800ee70                print_isdone
 .text.__wrap_printf
                0x0800eeac       0xb4 ./output/printf-stdarg.o
                0x0800eeac                __wrap_printf
 .text.__wrap_snprintf
                0x0800ef60       0x28 ./output/printf-stdarg.o
                0x0800ef60                __wrap_snprintf
 .text.Reset_Handler
                0x0800ef88       0x48 ./output/startup_cm4.o
                0x0800ef88                Reset_Handler
 .text.Default_Handler
                0x0800efd0        0x2 ./output/startup_cm4.o
                0x0800efd0                SCC_IRQHandler
                0x0800efd0                TIMER2_IRQHandler
                0x0800efd0                EFC_IRQHandler
                0x0800efd0                I2C0_IRQHandler
                0x0800efd0                SAC_IRQHandler
                0x0800efd0                I2C1_IRQHandler
                0x0800efd0                UART1_IRQHandler
                0x0800efd0                BSTIMER0_IRQHandler
                0x0800efd0                TIMER3_IRQHandler
                0x0800efd0                SEC_IRQHandler
                0x0800efd0                WDG_IRQHandler
                0x0800efd0                LPTIMER1_IRQHandler
                0x0800efd0                LPTIMER0_IRQHandler
                0x0800efd0                SSP0_IRQHandler
                0x0800efd0                I2S_IRQHandler
                0x0800efd0                I2C2_IRQHandler
                0x0800efd0                TIMER0_IRQHandler
                0x0800efd0                LCD_IRQHandler
                0x0800efd0                TIMER1_IRQHandler
                0x0800efd0                Default_Handler
                0x0800efd0                ADC_IRQHandler
                0x0800efd0                SSP1_IRQHandler
                0x0800efd0                IWDG_IRQHandler
                0x0800efd0                SSP2_IRQHandler
                0x0800efd0                BSTIMER1_IRQHandler
                0x0800efd0                DAC_IRQHandler
                0x0800efd0                AFEC_IRQHandler
                0x0800efd0                UART3_IRQHandler
                0x0800efd0                QSPI_IRQHandler
 *fill*         0x0800efd2        0x2 
 .text.nvic_init
                0x0800efd4       0x24 ./output/system_cm4.o
                0x0800efd4                nvic_init
 .text.system_init
                0x0800eff8       0x44 ./output/system_cm4.o
                0x0800eff8                system_init
 .text.delay_init
                0x0800f03c       0x48 ./output/tremo_delay.o
                0x0800f03c                delay_init
 .text.delay_us
                0x0800f084       0x34 ./output/tremo_delay.o
                0x0800f084                delay_us
 .text.delay_ms
                0x0800f0b8        0xa ./output/tremo_delay.o
                0x0800f0b8                delay_ms
 .text.write32_bit_reg.part.1
                0x0800f0c2       0x1e ./output/tremo_dma.o
 .text.set_dma_mode
                0x0800f0e0      0x3b8 ./output/tremo_dma.o
 .text.dma0_IRQHandler
                0x0800f498       0x60 ./output/tremo_dma.o
                0x0800f498                dma0_IRQHandler
 .text.dma1_IRQHandler
                0x0800f4f8       0x60 ./output/tremo_dma.o
                0x0800f4f8                dma1_IRQHandler
 .text.dma_init
                0x0800f558      0x140 ./output/tremo_dma.o
                0x0800f558                dma_init
 .text.dma_ch_enable
                0x0800f698       0x5e ./output/tremo_dma.o
                0x0800f698                dma_ch_enable
 *fill*         0x0800f6f6        0x2 
 .text.dma_finalize
                0x0800f6f8      0x1f8 ./output/tremo_dma.o
                0x0800f6f8                dma_finalize
 .text.flash_erase_page
                0x0800f8f0       0x64 ./output/tremo_flash.o
                0x0800f8f0                flash_erase_page
 .text.flash_program_bytes
                0x0800f954       0xbc ./output/tremo_flash.o
                0x0800f954                flash_program_bytes
 .text.gpio_init
                0x0800fa10      0x148 ./output/tremo_gpio.o
                0x0800fa10                gpio_init
 .text.gpio_set_iomux
                0x0800fb58       0x50 ./output/tremo_gpio.o
                0x0800fb58                gpio_set_iomux
 .text.check_iwdg_sr_done
                0x0800fba8       0x14 ./output/tremo_iwdg.o
 .text.iwdg_init
                0x0800fbbc       0x4c ./output/tremo_iwdg.o
                0x0800fbbc                iwdg_init
 .text.iwdg_set_prescaler
                0x0800fc08       0x18 ./output/tremo_iwdg.o
                0x0800fc08                iwdg_set_prescaler
 .text.iwdg_set_reload
                0x0800fc20       0x1c ./output/tremo_iwdg.o
                0x0800fc20                iwdg_set_reload
 .text.iwdg_reload
                0x0800fc3c       0x20 ./output/tremo_iwdg.o
                0x0800fc3c                iwdg_reload
 .text.iwdg_start
                0x0800fc5c       0x1c ./output/tremo_iwdg.o
                0x0800fc5c                iwdg_start
 .text.lpuart_config_interrupt
                0x0800fc78       0x10 ./output/tremo_lpuart.o
                0x0800fc78                lpuart_config_interrupt
 .text.lpuart_config_rx
                0x0800fc88       0x26 ./output/tremo_lpuart.o
                0x0800fc88                lpuart_config_rx
 .text.lpuart_config_tx
                0x0800fcae       0x12 ./output/tremo_lpuart.o
                0x0800fcae                lpuart_config_tx
 .text.lpuart_get_rx_status
                0x0800fcc0       0x12 ./output/tremo_lpuart.o
                0x0800fcc0                lpuart_get_rx_status
 .text.lpuart_clear_rx_status
                0x0800fcd2       0x18 ./output/tremo_lpuart.o
                0x0800fcd2                lpuart_clear_rx_status
 .text.lpuart_get_rx_not_empty_status
                0x0800fcea        0x8 ./output/tremo_lpuart.o
                0x0800fcea                lpuart_get_rx_not_empty_status
 .text.lpuart_receive_data
                0x0800fcf2       0x10 ./output/tremo_lpuart.o
                0x0800fcf2                lpuart_receive_data
 *fill*         0x0800fd02        0x2 
 .text.lpuart_init
                0x0800fd04       0x88 ./output/tremo_lpuart.o
                0x0800fd04                lpuart_init
 .text.lpuart_deinit
                0x0800fd8c       0x2c ./output/tremo_lpuart.o
                0x0800fd8c                lpuart_deinit
 .text.rcc_get_clk_freq
                0x0800fdb8       0xa0 ./output/tremo_rcc.o
                0x0800fdb8                rcc_get_clk_freq
 .text.rcc_set_iwdg_clk_source
                0x0800fe58       0x2a ./output/tremo_rcc.o
                0x0800fe58                rcc_set_iwdg_clk_source
 .text.rcc_get_uart0_clk_source
                0x0800fe82        0xc ./output/tremo_rcc.o
                0x0800fe82                rcc_get_uart0_clk_source
 .text.rcc_get_uart1_clk_source
                0x0800fe8e        0xc ./output/tremo_rcc.o
                0x0800fe8e                rcc_get_uart1_clk_source
 .text.rcc_get_uart2_clk_source
                0x0800fe9a        0xc ./output/tremo_rcc.o
                0x0800fe9a                rcc_get_uart2_clk_source
 .text.rcc_get_uart3_clk_source
                0x0800fea6        0xc ./output/tremo_rcc.o
                0x0800fea6                rcc_get_uart3_clk_source
 .text.rcc_get_lpuart_clk_source
                0x0800feb2        0xc ./output/tremo_rcc.o
                0x0800feb2                rcc_get_lpuart_clk_source
 .text.rcc_get_rtc_clk_source
                0x0800febe        0xc ./output/tremo_rcc.o
                0x0800febe                rcc_get_rtc_clk_source
 .text.rcc_enable_peripheral_clk
                0x0800feca      0x4d8 ./output/tremo_rcc.o
                0x0800feca                rcc_enable_peripheral_clk
 *fill*         0x080103a2        0x2 
 .text.rcc_enable_oscillator
                0x080103a4      0x108 ./output/tremo_rcc.o
                0x080103a4                rcc_enable_oscillator
 .text.rcc_rst_peripheral
                0x080104ac       0x54 ./output/tremo_rcc.o
                0x080104ac                rcc_rst_peripheral
 .text.rtc_deinit
                0x08010500       0x1e ./output/tremo_rtc.o
                0x08010500                rtc_deinit
 *fill*         0x0801051e        0x2 
 .text.rtc_check_syn
                0x08010520       0x18 ./output/tremo_rtc.o
                0x08010520                rtc_check_syn
 .text.rtc_calendar_cmd
                0x08010538       0x20 ./output/tremo_rtc.o
                0x08010538                rtc_calendar_cmd
 .text.rtc_cyc_cmd
                0x08010558       0x20 ./output/tremo_rtc.o
                0x08010558                rtc_cyc_cmd
 .text.rtc_config_cyc_wakeup
                0x08010578       0x24 ./output/tremo_rtc.o
                0x08010578                rtc_config_cyc_wakeup
 .text.rtc_get_calendar
                0x0801059c       0xd8 ./output/tremo_rtc.o
                0x0801059c                rtc_get_calendar
 .text.rtc_set_status
                0x08010674       0x34 ./output/tremo_rtc.o
                0x08010674                rtc_set_status
 .text.rtc_get_status
                0x080106a8       0x3c ./output/tremo_rtc.o
                0x080106a8                rtc_get_status
 .text.rtc_config_interrupt
                0x080106e4       0x3c ./output/tremo_rtc.o
                0x080106e4                rtc_config_interrupt
 .text.rtc_config_cyc_max
                0x08010720       0x14 ./output/tremo_rtc.o
                0x08010720                rtc_config_cyc_max
 .text.system_reset
                0x08010734       0x20 ./output/tremo_system.o
                0x08010734                system_reset
 .text.uart_get_flag_status
                0x08010754        0xc ./output/tremo_uart.o
                0x08010754                uart_get_flag_status
 .text.uart_send_data
                0x08010760        0xa ./output/tremo_uart.o
                0x08010760                uart_send_data
 .text.uart_receive_data
                0x0801076a        0xc ./output/tremo_uart.o
                0x0801076a                uart_receive_data
 .text.uart_config_interrupt
                0x08010776       0x10 ./output/tremo_uart.o
                0x08010776                uart_config_interrupt
 .text.uart_config_init
                0x08010786       0x1a ./output/tremo_uart.o
                0x08010786                uart_config_init
 .text.uart_cmd
                0x080107a0       0x12 ./output/tremo_uart.o
                0x080107a0                uart_cmd
 .text.uart_get_interrupt_status
                0x080107b2        0xc ./output/tremo_uart.o
                0x080107b2                uart_get_interrupt_status
 .text.uart_clear_interrupt
                0x080107be        0x4 ./output/tremo_uart.o
                0x080107be                uart_clear_interrupt
 *fill*         0x080107c2        0x2 
 .text.uart_init
                0x080107c4      0x14c ./output/tremo_uart.o
                0x080107c4                uart_init
 .text.uart_dma_config
                0x08010910       0x10 ./output/tremo_uart.o
                0x08010910                uart_dma_config
 .text.test_OnTxDone
                0x08010920       0x18 ./output/main.o
 .text.test_OnRxError
                0x08010938       0x18 ./output/main.o
 .text.test_OnRxTimeout
                0x08010950       0x18 ./output/main.o
 .text.test_OnTxTimeout
                0x08010968       0x30 ./output/main.o
 .text.OnIWDGRefreshTimeoutEvent
                0x08010998       0x24 ./output/main.o
 .text.OnTxTimerEvent
                0x080109bc       0x1c ./output/main.o
 .text.OnAckEvent
                0x080109d8       0x44 ./output/main.o
 .text.test_OnRxDone
                0x08010a1c      0x2c8 ./output/main.o
 .text.uart_log_init
                0x08010ce4       0xb8 ./output/main.o
                0x08010ce4                uart_log_init
 .text.uart_to_esp32_init
                0x08010d9c       0x7c ./output/main.o
                0x08010d9c                uart_to_esp32_init
 .text.board_init
                0x08010e18      0x104 ./output/main.o
                0x08010e18                board_init
 .text.lora_test_init
                0x08010f1c      0x264 ./output/main.o
                0x08010f1c                lora_test_init
 .text.startup.main
                0x08011180      0x578 ./output/main.o
                0x08011180                main
 .text.NMI_Handler
                0x080116f8        0x2 ./output/tremo_it.o
                0x080116f8                NMI_Handler
 .text.HardFault_Handler
                0x080116fa        0x2 ./output/tremo_it.o
                0x080116fa                HardFault_Handler
 .text.MemManage_Handler
                0x080116fc        0x2 ./output/tremo_it.o
                0x080116fc                MemManage_Handler
 .text.BusFault_Handler
                0x080116fe        0x2 ./output/tremo_it.o
                0x080116fe                BusFault_Handler
 .text.UsageFault_Handler
                0x08011700        0x2 ./output/tremo_it.o
                0x08011700                UsageFault_Handler
 .text.SVC_Handler
                0x08011702        0x2 ./output/tremo_it.o
                0x08011702                SVC_Handler
 .text.PendSV_Handler
                0x08011704        0x2 ./output/tremo_it.o
                0x08011704                PendSV_Handler
 .text.SysTick_Handler
                0x08011706        0x2 ./output/tremo_it.o
                0x08011706                SysTick_Handler
 .text.PWR_IRQHandler
                0x08011708        0x2 ./output/tremo_it.o
                0x08011708                PWR_IRQHandler
 .text.LORA_IRQHandler
                0x0801170a        0x4 ./output/tremo_it.o
                0x0801170a                LORA_IRQHandler
 .text.RTC_IRQHandler
                0x0801170e        0x4 ./output/tremo_it.o
                0x0801170e                RTC_IRQHandler
 .text.UART0_IRQHandler
                0x08011712        0x2 ./output/tremo_it.o
                0x08011712                UART0_IRQHandler
 .text.LPUART_IRQHandler
                0x08011714       0x2c ./output/tremo_it.o
                0x08011714                LPUART_IRQHandler
 .text.esp32_rx_handle_func
                0x08011740       0x64 ./output/tremo_it.o
                0x08011740                esp32_rx_handle_func
 .text.UART2_IRQHandler
                0x080117a4       0x48 ./output/tremo_it.o
                0x080117a4                UART2_IRQHandler
 .text.DMA0_IRQHandler
                0x080117ec        0x4 ./output/tremo_it.o
                0x080117ec                DMA0_IRQHandler
 .text.DMA1_IRQHandler
                0x080117f0        0x4 ./output/tremo_it.o
                0x080117f0                DMA1_IRQHandler
 .text.GPIO_IRQHandler
                0x080117f4        0x2 ./output/tremo_it.o
                0x080117f4                GPIO_IRQHandler
 *fill*         0x080117f6        0x2 
 .text.Printf_message
                0x080117f8      0x2f4 ./output/lora_app.o
                0x080117f8                Printf_message
 .text.Flash_Store_Config
                0x08011aec      0x1b0 ./output/lora_app.o
                0x08011aec                Flash_Store_Config
 .text.Flash_Read_Config
                0x08011c9c      0x1dc ./output/lora_app.o
                0x08011c9c                Flash_Read_Config
 .text.Data_init
                0x08011e78       0xf8 ./output/lora_app.o
                0x08011e78                Data_init
 .text.at_debug_func
                0x08011f70       0x4c ./output/command.o
 .text.at_waittime_func
                0x08011fbc       0x6c ./output/command.o
 .text.at_fcd_func
                0x08012028       0x64 ./output/command.o
 .text.at_fcu_func
                0x0801208c       0x64 ./output/command.o
 .text.at_rxdaform_func
                0x080120f0       0x90 ./output/command.o
 .text.at_recv_func
                0x08012180       0xf0 ./output/command.o
 .text.at_send_func
                0x08012270      0x170 ./output/command.o
 .text.at_rxmod_func
                0x080123e0       0xbc ./output/command.o
 .text.at_syncword_func
                0x0801249c       0x9c ./output/command.o
 .text.at_Preamble_Length_func
                0x08012538       0xac ./output/command.o
 .text.at_InvertIQ_func
                0x080125e4       0xb4 ./output/command.o
 .text.at_Coding_Rate_func
                0x08012698       0xb0 ./output/command.o
 .text.at_Header_func
                0x08012748       0xb4 ./output/command.o
 .text.at_CRC_func
                0x080127fc       0xb4 ./output/command.o
 .text.at_Power_Range_func
                0x080128b0       0x8c ./output/command.o
 .text.at_Spreading_Factor_func
                0x0801293c       0xb0 ./output/command.o
 .text.at_BandWidth_func
                0x080129ec       0xbc ./output/command.o
 .text.at_group_func
                0x08012aa8       0xac ./output/command.o
 .text.at_frequency_func
                0x08012b54       0xf4 ./output/command.o
 .text.at_fdr_func
                0x08012c48       0x6c ./output/command.o
 .text.at_reset_func
                0x08012cb4       0x30 ./output/command.o
 .text.write_buff_at_cfg
                0x08012ce4       0xac ./output/command.o
                0x08012ce4                write_buff_at_cfg
 .text.linkwan_serial_input
                0x08012d90       0x74 ./output/command.o
                0x08012d90                linkwan_serial_input
 .text.linkwan_serial_output
                0x08012e04       0x20 ./output/command.o
                0x08012e04                linkwan_serial_output
 .text.at_cfg_func
                0x08012e24       0xa4 ./output/command.o
 .text.linkwan_at_process
                0x08012ec8      0x240 ./output/command.o
                0x08012ec8                linkwan_at_process
 .text.linkwan_at_init
                0x08013108       0x1c ./output/command.o
                0x08013108                linkwan_at_init
 .text.RtcInit  0x08013124       0x30 ./output/rtc-board.o
                0x08013124                RtcInit
 .text.RtcSetTimeout
                0x08013154       0x88 ./output/rtc-board.o
                0x08013154                RtcSetTimeout
 .text.RtcStopTimeout
                0x080131dc       0x14 ./output/rtc-board.o
                0x080131dc                RtcStopTimeout
 .text.RtcGetTimerContext
                0x080131f0        0xc ./output/rtc-board.o
                0x080131f0                RtcGetTimerContext
 *fill*         0x080131fc        0x4 
 .text.RtcGetTimerValue
                0x08013200      0x114 ./output/rtc-board.o
                0x08013200                RtcGetTimerValue
 .text.RtcSetTimerContext
                0x08013314       0x14 ./output/rtc-board.o
                0x08013314                RtcSetTimerContext
 .text.RtcGetElapsedTime
                0x08013328       0x18 ./output/rtc-board.o
                0x08013328                RtcGetElapsedTime
 .text.RtcOnIrq
                0x08013340       0x32 ./output/rtc-board.o
                0x08013340                RtcOnIrq
 .text.BoardDisableIrq
                0x08013372        0x4 ./output/sx1262-board.o
                0x08013372                BoardDisableIrq
 .text.BoardEnableIrq
                0x08013376        0x4 ./output/sx1262-board.o
                0x08013376                BoardEnableIrq
 *fill*         0x0801337a        0x2 
 .text.SpiInOut
                0x0801337c       0x1c ./output/sx1262-board.o
                0x0801337c                SpiInOut
 .text.SX126xLoracInit
                0x08013398       0x5c ./output/sx1262-board.o
                0x08013398                SX126xLoracInit
 .text.SX126xGetBoardTcxoWakeupTime
                0x080133f4        0x4 ./output/sx1262-board.o
                0x080133f4                SX126xGetBoardTcxoWakeupTime
 .text.SX126xReset
                0x080133f8       0x40 ./output/sx1262-board.o
                0x080133f8                SX126xReset
 .text.SX126xWaitOnBusy
                0x08013438       0x18 ./output/sx1262-board.o
                0x08013438                SX126xWaitOnBusy
 .text.SX126xWakeup
                0x08013450       0x30 ./output/sx1262-board.o
                0x08013450                SX126xWakeup
 .text.SX126xWriteCommand
                0x08013480       0x50 ./output/sx1262-board.o
                0x08013480                SX126xWriteCommand
 .text.SX126xReadCommand
                0x080134d0       0x48 ./output/sx1262-board.o
                0x080134d0                SX126xReadCommand
 .text.SX126xWriteRegisters
                0x08013518       0x4c ./output/sx1262-board.o
                0x08013518                SX126xWriteRegisters
 .text.SX126xWriteRegister
                0x08013564       0x16 ./output/sx1262-board.o
                0x08013564                SX126xWriteRegister
 *fill*         0x0801357a        0x2 
 .text.SX126xReadRegisters
                0x0801357c       0x54 ./output/sx1262-board.o
                0x0801357c                SX126xReadRegisters
 .text.SX126xReadRegister
                0x080135d0       0x16 ./output/sx1262-board.o
                0x080135d0                SX126xReadRegister
 *fill*         0x080135e6        0x2 
 .text.SX126xWriteBuffer
                0x080135e8       0x4c ./output/sx1262-board.o
                0x080135e8                SX126xWriteBuffer
 .text.SX126xReadBuffer
                0x08013634       0x54 ./output/sx1262-board.o
                0x08013634                SX126xReadBuffer
 .text.SX126xSetRfTxPower
                0x08013688        0x6 ./output/sx1262-board.o
                0x08013688                SX126xSetRfTxPower
 .text.SX126xGetPaSelect
                0x0801368e        0x4 ./output/sx1262-board.o
                0x0801368e                SX126xGetPaSelect
 *fill*         0x08013692        0x2 
 .text.SX126xAntSwOn
                0x08013694       0x10 ./output/sx1262-board.o
                0x08013694                SX126xAntSwOn
 .text.SX126xAntSwOff
                0x080136a4       0x10 ./output/sx1262-board.o
                0x080136a4                SX126xAntSwOff
 .text.rand1    0x080136b4       0x28 ./output/utilities.o
                0x080136b4                rand1
 .text.RadioCheckRfFrequency
                0x080136dc        0x4 ./output/radio.o
                0x080136dc                RadioCheckRfFrequency
 .text.RadioOnTxTimeoutIrq
                0x080136e0       0x14 ./output/radio.o
                0x080136e0                RadioOnTxTimeoutIrq
 .text.RadioOnRxTimeoutIrq
                0x080136f4       0x14 ./output/radio.o
                0x080136f4                RadioOnRxTimeoutIrq
 .text.RadioStandby
                0x08013708        0x6 ./output/radio.o
                0x08013708                RadioStandby
 *fill*         0x0801370e        0x2 
 .text.RadioInit
                0x08013710       0x6c ./output/radio.o
                0x08013710                RadioInit
 .text.RadioGetStatus
                0x0801377c       0x1c ./output/radio.o
                0x0801377c                RadioGetStatus
 .text.RadioSetChannel
                0x08013798        0x4 ./output/radio.o
                0x08013798                RadioSetChannel
 .text.RadioRssi
                0x0801379c        0x8 ./output/radio.o
                0x0801379c                RadioRssi
 .text.RadioSyncWord
                0x080137a4       0x14 ./output/radio.o
                0x080137a4                RadioSyncWord
 .text.RadioRead
                0x080137b8        0x4 ./output/radio.o
                0x080137b8                RadioRead
 .text.RadioWrite
                0x080137bc        0x4 ./output/radio.o
                0x080137bc                RadioWrite
 .text.RadioSend
                0x080137c0       0x54 ./output/radio.o
                0x080137c0                RadioSend
 .text.RadioSleep
                0x08013814       0x14 ./output/radio.o
                0x08013814                RadioSleep
 .text.RadioSetRxDutyCycle
                0x08013828        0x4 ./output/radio.o
                0x08013828                RadioSetRxDutyCycle
 .text.RadioStartCad
                0x0801382c       0x6c ./output/radio.o
                0x0801382c                RadioStartCad
 .text.RadioSetTxContinuousWave
                0x08013898       0x4c ./output/radio.o
                0x08013898                RadioSetTxContinuousWave
 .text.RadioWriteBuffer
                0x080138e4        0x4 ./output/radio.o
                0x080138e4                RadioWriteBuffer
 .text.RadioReadBuffer
                0x080138e8        0x4 ./output/radio.o
                0x080138e8                RadioReadBuffer
 .text.RadioGetWakeupTime
                0x080138ec        0xa ./output/radio.o
                0x080138ec                RadioGetWakeupTime
 *fill*         0x080138f6        0x2 
 .text.RadioOnCadTimeoutIrq
                0x080138f8       0x20 ./output/radio.o
                0x080138f8                RadioOnCadTimeoutIrq
 .text.RadioGetFskBandwidthRegValue
                0x08013918       0x38 ./output/radio.o
 .text.RadioSetMaxPayloadLength
                0x08013950       0x28 ./output/radio.o
                0x08013950                RadioSetMaxPayloadLength
 .text.RadioSetModem
                0x08013978       0x30 ./output/radio.o
                0x08013978                RadioSetModem
 .text.RadioSetPublicNetwork
                0x080139a8       0x3c ./output/radio.o
                0x080139a8                RadioSetPublicNetwork
 .text.RadioRandom
                0x080139e4       0x3a ./output/radio.o
                0x080139e4                RadioRandom
 *fill*         0x08013a1e        0x2 
 .text.RadioRx  0x08013a20       0x44 ./output/radio.o
                0x08013a20                RadioRx
 .text.RadioRxBoosted
                0x08013a64       0x40 ./output/radio.o
                0x08013a64                RadioRxBoosted
 .text.RadioIrqProcess
                0x08013aa4      0x25c ./output/radio.o
                0x08013aa4                RadioIrqProcess
 .text.RadioSymbTime
                0x08013d00       0x2c ./output/radio.o
                0x08013d00                RadioSymbTime
 *fill*         0x08013d2c        0x4 
 .text.RadioSetRxConfig
                0x08013d30      0x21c ./output/radio.o
                0x08013d30                RadioSetRxConfig
 .text.RadioIsChannelFree
                0x08013f4c       0x88 ./output/radio.o
                0x08013f4c                RadioIsChannelFree
 *fill*         0x08013fd4        0x4 
 .text.RadioSetTxConfig
                0x08013fd8      0x190 ./output/radio.o
                0x08013fd8                RadioSetTxConfig
 .text.RadioTimeOnAir
                0x08014168      0x180 ./output/radio.o
                0x08014168                RadioTimeOnAir
 .text.RadioOnDioIrq
                0x080142e8       0x24 ./output/radio.o
                0x080142e8                RadioOnDioIrq
 .text.SX126xGetOperatingMode
                0x0801430c        0xc ./output/sx126x.o
                0x0801430c                SX126xGetOperatingMode
 .text.SX126xSetOperatingMode
                0x08014318        0xc ./output/sx126x.o
                0x08014318                SX126xSetOperatingMode
 .text.SX126xCheckDeviceReady
                0x08014324       0x64 ./output/sx126x.o
                0x08014324                SX126xCheckDeviceReady
 .text.SX126xSetPayload
                0x08014388        0xa ./output/sx126x.o
                0x08014388                SX126xSetPayload
 .text.SX126xSetSyncWord
                0x08014392       0x12 ./output/sx126x.o
                0x08014392                SX126xSetSyncWord
 .text.SX126xSetCrcSeed
                0x080143a4       0x28 ./output/sx126x.o
                0x080143a4                SX126xSetCrcSeed
 .text.SX126xSetCrcPolynomial
                0x080143cc       0x28 ./output/sx126x.o
                0x080143cc                SX126xSetCrcPolynomial
 .text.SX126xSetWhiteningSeed
                0x080143f4       0x38 ./output/sx126x.o
                0x080143f4                SX126xSetWhiteningSeed
 .text.SX126xSetSleep
                0x0801442c       0x24 ./output/sx126x.o
                0x0801442c                SX126xSetSleep
 .text.SX126xSetStandby
                0x08014450       0x2c ./output/sx126x.o
                0x08014450                SX126xSetStandby
 .text.SX126xSetTx
                0x0801447c       0x2c ./output/sx126x.o
                0x0801447c                SX126xSetTx
 .text.SX126xSendPayload
                0x080144a8       0x12 ./output/sx126x.o
                0x080144a8                SX126xSendPayload
 *fill*         0x080144ba        0x2 
 .text.SX126xSetRx
                0x080144bc       0x2c ./output/sx126x.o
                0x080144bc                SX126xSetRx
 .text.SX126xSetRxBoosted
                0x080144e8       0x38 ./output/sx126x.o
                0x080144e8                SX126xSetRxBoosted
 .text.SX126xSetRxDutyCycle
                0x08014520       0x3c ./output/sx126x.o
                0x08014520                SX126xSetRxDutyCycle
 .text.SX126xSetCad
                0x0801455c       0x18 ./output/sx126x.o
                0x0801455c                SX126xSetCad
 .text.SX126xSetTxContinuousWave
                0x08014574       0x14 ./output/sx126x.o
                0x08014574                SX126xSetTxContinuousWave
 .text.SX126xSetStopRxTimerOnPreambleDetect
                0x08014588       0x16 ./output/sx126x.o
                0x08014588                SX126xSetStopRxTimerOnPreambleDetect
 .text.SX126xSetLoRaSymbNumTimeout
                0x0801459e       0x16 ./output/sx126x.o
                0x0801459e                SX126xSetLoRaSymbNumTimeout
 .text.SX126xSetRegulatorMode
                0x080145b4       0x16 ./output/sx126x.o
                0x080145b4                SX126xSetRegulatorMode
 .text.SX126xCalibrate
                0x080145ca       0x16 ./output/sx126x.o
                0x080145ca                SX126xCalibrate
 .text.SX126xCalibrateImage
                0x080145e0       0x78 ./output/sx126x.o
                0x080145e0                SX126xCalibrateImage
 .text.SX126xSetPaConfig
                0x08014658       0x24 ./output/sx126x.o
                0x08014658                SX126xSetPaConfig
 .text.SX126xSetDioIrqParams
                0x0801467c       0x38 ./output/sx126x.o
                0x0801467c                SX126xSetDioIrqParams
 .text.SX126xGetIrqStatus
                0x080146b4       0x1e ./output/sx126x.o
                0x080146b4                SX126xGetIrqStatus
 .text.SX126xSetDio2AsRfSwitchCtrl
                0x080146d2       0x16 ./output/sx126x.o
                0x080146d2                SX126xSetDio2AsRfSwitchCtrl
 .text.SX126xSetDio3AsTcxoCtrl
                0x080146e8       0x2c ./output/sx126x.o
                0x080146e8                SX126xSetDio3AsTcxoCtrl
 .text.SX126xInit
                0x08014714       0x3c ./output/sx126x.o
                0x08014714                SX126xInit
 .text.SX126xSetRfFrequency
                0x08014750       0x5c ./output/sx126x.o
                0x08014750                SX126xSetRfFrequency
 .text.SX126xSetPacketType
                0x080147ac       0x20 ./output/sx126x.o
                0x080147ac                SX126xSetPacketType
 .text.SX126xGetPacketType
                0x080147cc        0xc ./output/sx126x.o
                0x080147cc                SX126xGetPacketType
 .text.SX126xSetTxParams
                0x080147d8       0xc4 ./output/sx126x.o
                0x080147d8                SX126xSetTxParams
 *fill*         0x0801489c        0x4 
 .text.SX126xSetModulationParams
                0x080148a0       0xc8 ./output/sx126x.o
                0x080148a0                SX126xSetModulationParams
 .text.SX126xSetPacketParams
                0x08014968       0xc4 ./output/sx126x.o
                0x08014968                SX126xSetPacketParams
 .text.SX126xSetCadParams
                0x08014a2c       0x3c ./output/sx126x.o
                0x08014a2c                SX126xSetCadParams
 .text.SX126xSetBufferBaseAddress
                0x08014a68       0x1a ./output/sx126x.o
                0x08014a68                SX126xSetBufferBaseAddress
 .text.SX126xGetRssiInst
                0x08014a82       0x1a ./output/sx126x.o
                0x08014a82                SX126xGetRssiInst
 .text.SX126xGetRxBufferStatus
                0x08014a9c       0x48 ./output/sx126x.o
                0x08014a9c                SX126xGetRxBufferStatus
 .text.SX126xGetPayload
                0x08014ae4       0x30 ./output/sx126x.o
                0x08014ae4                SX126xGetPayload
 .text.SX126xGetPacketStatus
                0x08014b14       0x7c ./output/sx126x.o
                0x08014b14                SX126xGetPacketStatus
 .text.SX126xClearIrqStatus
                0x08014b90       0x1c ./output/sx126x.o
                0x08014b90                SX126xClearIrqStatus
 .text.DelayMs  0x08014bac        0x4 ./output/delay.o
                0x08014bac                DelayMs
 .text.TimeStampsUpdate
                0x08014bb0       0x2c ./output/timer.o
 .text.TimerInsertNewHeadTimer
                0x08014bdc       0x1c ./output/timer.o
 .text.TimerInit
                0x08014bf8        0xe ./output/timer.o
                0x08014bf8                TimerInit
 *fill*         0x08014c06        0x2 
 .text.TimerStart
                0x08014c08       0x78 ./output/timer.o
                0x08014c08                TimerStart
 .text.TimerIrqHandler
                0x08014c80       0x70 ./output/timer.o
                0x08014c80                TimerIrqHandler
 .text.TimerStop
                0x08014cf0       0x5c ./output/timer.o
                0x08014cf0                TimerStop
 .text.TimerSetValue
                0x08014d4c       0x10 ./output/timer.o
                0x08014d4c                TimerSetValue
 .text.TimerGetCurrentTime
                0x08014d5c        0x4 ./output/timer.o
                0x08014d5c                TimerGetCurrentTime
 .text.TimerGetElapsedTime
                0x08014d60       0x12 ./output/timer.o
                0x08014d60                TimerGetElapsedTime
 *fill*         0x08014d72        0x2 
 .text.__libc_init_array
                0x08014d74       0x50 d:/keil_v5/arm/gcc-arm-none-eabi-5_4-2016q3-20160926-win32/bin/../lib/gcc/arm-none-eabi/5.4.1/../../../../arm-none-eabi/lib/armv7e-m\libc.a(lib_a-init.o)
                0x08014d74                __libc_init_array
 .text.memset   0x08014dc4       0x9c d:/keil_v5/arm/gcc-arm-none-eabi-5_4-2016q3-20160926-win32/bin/../lib/gcc/arm-none-eabi/5.4.1/../../../../arm-none-eabi/lib/armv7e-m\libc.a(lib_a-memset.o)
                0x08014dc4                memset
 .text.strncat  0x08014e60       0x5c d:/keil_v5/arm/gcc-arm-none-eabi-5_4-2016q3-20160926-win32/bin/../lib/gcc/arm-none-eabi/5.4.1/../../../../arm-none-eabi/lib/armv7e-m\libc.a(lib_a-strncat.o)
                0x08014e60                strncat
 .text.strncmp  0x08014ebc       0xa0 d:/keil_v5/arm/gcc-arm-none-eabi-5_4-2016q3-20160926-win32/bin/../lib/gcc/arm-none-eabi/5.4.1/../../../../arm-none-eabi/lib/armv7e-m\libc.a(lib_a-strncmp.o)
                0x08014ebc                strncmp
 .text.strtok   0x08014f5c       0x10 d:/keil_v5/arm/gcc-arm-none-eabi-5_4-2016q3-20160926-win32/bin/../lib/gcc/arm-none-eabi/5.4.1/../../../../arm-none-eabi/lib/armv7e-m\libc.a(lib_a-strtok.o)
                0x08014f5c                strtok
 .text.__strtok_r
                0x08014f6c       0x64 d:/keil_v5/arm/gcc-arm-none-eabi-5_4-2016q3-20160926-win32/bin/../lib/gcc/arm-none-eabi/5.4.1/../../../../arm-none-eabi/lib/armv7e-m\libc.a(lib_a-strtok_r.o)
                0x08014f6c                __strtok_r
 .text._strtol_l.isra.0
                0x08014fd0      0x138 d:/keil_v5/arm/gcc-arm-none-eabi-5_4-2016q3-20160926-win32/bin/../lib/gcc/arm-none-eabi/5.4.1/../../../../arm-none-eabi/lib/armv7e-m\libc.a(lib_a-strtol.o)
 .text.strtol   0x08015108       0x2c d:/keil_v5/arm/gcc-arm-none-eabi-5_4-2016q3-20160926-win32/bin/../lib/gcc/arm-none-eabi/5.4.1/../../../../arm-none-eabi/lib/armv7e-m\libc.a(lib_a-strtol.o)
                0x08015108                strtol
 .text.startup.register_fini
                0x08015134       0x14 d:/keil_v5/arm/gcc-arm-none-eabi-5_4-2016q3-20160926-win32/bin/../lib/gcc/arm-none-eabi/5.4.1/../../../../arm-none-eabi/lib/armv7e-m\libc.a(lib_a-__call_atexit.o)
 .text.atexit   0x08015148        0xc d:/keil_v5/arm/gcc-arm-none-eabi-5_4-2016q3-20160926-win32/bin/../lib/gcc/arm-none-eabi/5.4.1/../../../../arm-none-eabi/lib/armv7e-m\libc.a(lib_a-atexit.o)
                0x08015148                atexit
 .text.__libc_fini_array
                0x08015154       0x28 d:/keil_v5/arm/gcc-arm-none-eabi-5_4-2016q3-20160926-win32/bin/../lib/gcc/arm-none-eabi/5.4.1/../../../../arm-none-eabi/lib/armv7e-m\libc.a(lib_a-fini.o)
                0x08015154                __libc_fini_array
 .text.__locale_ctype_ptr_l
                0x0801517c        0x8 d:/keil_v5/arm/gcc-arm-none-eabi-5_4-2016q3-20160926-win32/bin/../lib/gcc/arm-none-eabi/5.4.1/../../../../arm-none-eabi/lib/armv7e-m\libc.a(lib_a-locale.o)
                0x0801517c                __locale_ctype_ptr_l
 .text.__ascii_mbtowc
                0x08015184       0x2c d:/keil_v5/arm/gcc-arm-none-eabi-5_4-2016q3-20160926-win32/bin/../lib/gcc/arm-none-eabi/5.4.1/../../../../arm-none-eabi/lib/armv7e-m\libc.a(lib_a-mbtowc_r.o)
                0x08015184                __ascii_mbtowc
 .text.__ascii_wctomb
                0x080151b0       0x1c d:/keil_v5/arm/gcc-arm-none-eabi-5_4-2016q3-20160926-win32/bin/../lib/gcc/arm-none-eabi/5.4.1/../../../../arm-none-eabi/lib/armv7e-m\libc.a(lib_a-wctomb_r.o)
                0x080151b0                __ascii_wctomb
 .text.__register_exitproc
                0x080151cc       0xa4 d:/keil_v5/arm/gcc-arm-none-eabi-5_4-2016q3-20160926-win32/bin/../lib/gcc/arm-none-eabi/5.4.1/../../../../arm-none-eabi/lib/armv7e-m\libc.a(lib_a-__atexit.o)
                0x080151cc                __register_exitproc
 .text.ceil     0x08015270      0x110 d:/keil_v5/arm/gcc-arm-none-eabi-5_4-2016q3-20160926-win32/bin/../lib/gcc/arm-none-eabi/5.4.1/../../../../arm-none-eabi/lib/armv7e-m\libm.a(lib_a-s_ceil.o)
                0x08015270                ceil
 .text.floor    0x08015380      0x110 d:/keil_v5/arm/gcc-arm-none-eabi-5_4-2016q3-20160926-win32/bin/../lib/gcc/arm-none-eabi/5.4.1/../../../../arm-none-eabi/lib/armv7e-m\libm.a(lib_a-s_floor.o)
                0x08015380                floor
 .text.rint     0x08015490      0x118 d:/keil_v5/arm/gcc-arm-none-eabi-5_4-2016q3-20160926-win32/bin/../lib/gcc/arm-none-eabi/5.4.1/../../../../arm-none-eabi/lib/armv7e-m\libm.a(lib_a-s_rint.o)
                0x08015490                rint
 .text.round    0x080155a8       0xa0 d:/keil_v5/arm/gcc-arm-none-eabi-5_4-2016q3-20160926-win32/bin/../lib/gcc/arm-none-eabi/5.4.1/../../../../arm-none-eabi/lib/armv7e-m\libm.a(lib_a-s_round.o)
                0x080155a8                round
 *(.glue_7)
 .glue_7        0x08015648        0x0 linker stubs
 *(.glue_7t)
 .glue_7t       0x08015648        0x0 linker stubs
 *(.eh_frame)
 .eh_frame      0x08015648        0x0 d:/keil_v5/arm/gcc-arm-none-eabi-5_4-2016q3-20160926-win32/bin/../lib/gcc/arm-none-eabi/5.4.1/armv7e-m/crtbegin.o
 *(.init)
 .init          0x08015648        0x4 d:/keil_v5/arm/gcc-arm-none-eabi-5_4-2016q3-20160926-win32/bin/../lib/gcc/arm-none-eabi/5.4.1/armv7e-m/crti.o
                0x08015648                _init
 .init          0x0801564c        0x8 d:/keil_v5/arm/gcc-arm-none-eabi-5_4-2016q3-20160926-win32/bin/../lib/gcc/arm-none-eabi/5.4.1/armv7e-m/crtn.o
 *(.fini)
 .fini          0x08015654        0x4 d:/keil_v5/arm/gcc-arm-none-eabi-5_4-2016q3-20160926-win32/bin/../lib/gcc/arm-none-eabi/5.4.1/armv7e-m/crti.o
                0x08015654                _fini
 .fini          0x08015658        0x8 d:/keil_v5/arm/gcc-arm-none-eabi-5_4-2016q3-20160926-win32/bin/../lib/gcc/arm-none-eabi/5.4.1/armv7e-m/crtn.o
                0x08015660                . = ALIGN (0x4)
                0x08015660                _etext = .

.vfp11_veneer   0x08015660        0x0
 .vfp11_veneer  0x08015660        0x0 linker stubs

.v4_bx          0x08015660        0x0
 .v4_bx         0x08015660        0x0 linker stubs

.iplt           0x08015660        0x0
 .iplt          0x08015660        0x0 d:/keil_v5/arm/gcc-arm-none-eabi-5_4-2016q3-20160926-win32/bin/../lib/gcc/arm-none-eabi/5.4.1/armv7e-m/crtbegin.o

.rodata         0x08015660     0x10a8
                0x08015660                . = ALIGN (0x4)
 *(.rodata)
 .rodata        0x08015660       0x50 ./output/printf-stdarg.o
 .rodata        0x080156b0       0x38 ./output/lora_app.o
 .rodata        0x080156e8       0xb0 ./output/command.o
 .rodata        0x08015798       0x18 ./output/rtc-board.o
 .rodata        0x080157b0      0x194 ./output/radio.o
                0x080157b4                FskBandwidths
                0x080158c8                Bandwidths
                0x080158d4                Radio
 *(.rodata*)
 .rodata.str1.1
                0x08015944       0x19 ./output/printf-stdarg.o
 .rodata.str1.1
                0x0801595d      0x296 ./output/main.o
 .rodata.str1.1
                0x08015bf3       0x3b ./output/tremo_it.o
 .rodata.str1.1
                0x08015c2e      0x1ff ./output/lora_app.o
                                0x202 (size before relaxing)
 .rodata.str1.1
                0x08015e2d      0x77e ./output/command.o
                                0x79a (size before relaxing)
 .rodata.str1.1
                0x080165ab       0x2c ./output/radio.o
                                 0x36 (size before relaxing)
 *fill*         0x080165d7        0x1 
 .rodata._global_impure_ptr
                0x080165d8        0x4 d:/keil_v5/arm/gcc-arm-none-eabi-5_4-2016q3-20160926-win32/bin/../lib/gcc/arm-none-eabi/5.4.1/../../../../arm-none-eabi/lib/armv7e-m\libc.a(lib_a-impure.o)
                0x080165d8                _global_impure_ptr
 .rodata.str1.4
                0x080165dc       0x14 d:/keil_v5/arm/gcc-arm-none-eabi-5_4-2016q3-20160926-win32/bin/../lib/gcc/arm-none-eabi/5.4.1/../../../../arm-none-eabi/lib/armv7e-m\libc.a(lib_a-locale.o)
                                 0x12 (size before relaxing)
 .rodata._ctype_
                0x080165f0      0x101 d:/keil_v5/arm/gcc-arm-none-eabi-5_4-2016q3-20160926-win32/bin/../lib/gcc/arm-none-eabi/5.4.1/../../../../arm-none-eabi/lib/armv7e-m\libc.a(lib_a-ctype_.o)
                0x080165f0                _ctype_
 *fill*         0x080166f1        0x7 
 .rodata.TWO52  0x080166f8       0x10 d:/keil_v5/arm/gcc-arm-none-eabi-5_4-2016q3-20160926-win32/bin/../lib/gcc/arm-none-eabi/5.4.1/../../../../arm-none-eabi/lib/armv7e-m\libm.a(lib_a-s_rint.o)
                0x08016708                . = ALIGN (0x4)

.ARM.extab
 *(.ARM.extab* .gnu.linkonce.armextab.*)

.ARM            0x08016708        0x8
                0x08016708                __exidx_start = .
 *(.ARM.exidx*)
 .ARM.exidx     0x08016708        0x8 d:/keil_v5/arm/gcc-arm-none-eabi-5_4-2016q3-20160926-win32/bin/../lib/gcc/arm-none-eabi/5.4.1/armv7e-m\libgcc.a(_udivmoddi4.o)
                0x08016710                __exidx_end = .

.rel.dyn        0x08016710        0x0
 .rel.iplt      0x08016710        0x0 d:/keil_v5/arm/gcc-arm-none-eabi-5_4-2016q3-20160926-win32/bin/../lib/gcc/arm-none-eabi/5.4.1/armv7e-m/crtbegin.o

.preinit_array  0x08016710        0x0
                0x08016710                PROVIDE (__preinit_array_start, .)
 *(.preinit_array*)
                0x08016710                PROVIDE (__preinit_array_end, .)

.init_array     0x08016710        0x8
                0x08016710                PROVIDE (__init_array_start, .)
 *(SORT(.init_array.*))
 .init_array.00000
                0x08016710        0x4 d:/keil_v5/arm/gcc-arm-none-eabi-5_4-2016q3-20160926-win32/bin/../lib/gcc/arm-none-eabi/5.4.1/../../../../arm-none-eabi/lib/armv7e-m\libc.a(lib_a-__call_atexit.o)
 *(.init_array*)
 .init_array    0x08016714        0x4 d:/keil_v5/arm/gcc-arm-none-eabi-5_4-2016q3-20160926-win32/bin/../lib/gcc/arm-none-eabi/5.4.1/armv7e-m/crtbegin.o
                0x08016718                PROVIDE (__init_array_end, .)

.fini_array     0x08016718        0x4
                0x08016718                PROVIDE (__fini_array_start, .)
 *(SORT(.fini_array.*))
 *(.fini_array*)
 .fini_array    0x08016718        0x4 d:/keil_v5/arm/gcc-arm-none-eabi-5_4-2016q3-20160926-win32/bin/../lib/gcc/arm-none-eabi/5.4.1/armv7e-m/crtbegin.o
                0x0801671c                PROVIDE (__fini_array_end, .)
                0x0801671c                _sidata = LOADADDR (.data)

.data           0x20000000      0x5a8 load address 0x0801671c
                0x20000000                . = ALIGN (0x4)
                0x20000000                _sdata = .
 *(.data)
 .data          0x20000000        0x8 ./output/main.o
                0x20000000                g_log_level
 .data          0x20000008        0x4 ./output/utilities.o
 .data          0x2000000c        0x1 ./output/radio.o
                0x2000000c                MaxPayloadLength
 *(.data*)
 *fill*         0x2000000d        0x3 
 .data.impure_data
                0x20000010      0x428 d:/keil_v5/arm/gcc-arm-none-eabi-5_4-2016q3-20160926-win32/bin/../lib/gcc/arm-none-eabi/5.4.1/../../../../arm-none-eabi/lib/armv7e-m\libc.a(lib_a-impure.o)
 .data._impure_ptr
                0x20000438        0x4 d:/keil_v5/arm/gcc-arm-none-eabi-5_4-2016q3-20160926-win32/bin/../lib/gcc/arm-none-eabi/5.4.1/../../../../arm-none-eabi/lib/armv7e-m\libc.a(lib_a-impure.o)
                0x20000438                _impure_ptr
 .data.__global_locale
                0x2000043c      0x16c d:/keil_v5/arm/gcc-arm-none-eabi-5_4-2016q3-20160926-win32/bin/../lib/gcc/arm-none-eabi/5.4.1/../../../../arm-none-eabi/lib/armv7e-m\libc.a(lib_a-locale.o)
                0x2000043c                __global_locale
                0x200005a8                . = ALIGN (0x4)
                0x200005a8                _edata = .

.jcr            0x200005a8        0x0 load address 0x08016cc4
 .jcr           0x200005a8        0x0 d:/keil_v5/arm/gcc-arm-none-eabi-5_4-2016q3-20160926-win32/bin/../lib/gcc/arm-none-eabi/5.4.1/armv7e-m/crtbegin.o

.igot.plt       0x200005a8        0x0 load address 0x08016cc4
 .igot.plt      0x200005a8        0x0 d:/keil_v5/arm/gcc-arm-none-eabi-5_4-2016q3-20160926-win32/bin/../lib/gcc/arm-none-eabi/5.4.1/armv7e-m/crtbegin.o
                0x200005a8                . = ALIGN (0x4)

.bss            0x200005a8      0xd90 load address 0x08016cc4
                0x200005a8                _sbss = .
                0x200005a8                __bss_start__ = _sbss
 *(.bss)
 .bss           0x200005a8       0x1c d:/keil_v5/arm/gcc-arm-none-eabi-5_4-2016q3-20160926-win32/bin/../lib/gcc/arm-none-eabi/5.4.1/armv7e-m/crtbegin.o
 .bss           0x200005c4      0x49d ./output/printf-stdarg.o
                0x200005c4                printf_dma_idx_w
                0x200005c6                printf_dma_idx_r
                0x200005c8                printf_dma_queue
                0x20000a60                printf_dma_busy
 .bss           0x20000a61        0x1 ./output/tremo_delay.o
 *fill*         0x20000a62        0x2 
 .bss           0x20000a64      0x362 ./output/main.o
                0x20000a64                rx_waiting_flag
                0x20000a65                is_time_to_IWDG_Refresh
                0x20000a66                uplink_data_status
                0x20000a67                ack_data_status
                0x20000a68                retransmission_temp
                0x20000a69                retransmission_flags
                0x20000a6a                ack_flags
                0x20000a6c                uplinkcount
                0x20000b78                receiveBufferSize
                0x20000c7c                downlinkcount
                0x20000c80                data_check_flag
                0x20000ca0                sending_flag
                0x20000da0                sendBufferSize
                0x20000da1                EnterLowPowerStopModeStatus
                0x20000da2                EnterLowPowerStopMode_error_times
                0x20000da3                uart_all_data_rx_done_flag
                0x20000da4                uart_rx_data_from_esp32
                0x20000dc4                uart_esp32_rx_data_len_index
                0x20000dc5                ack_reply
 *fill*         0x20000dc6        0x2 
 .bss           0x20000dc8        0x7 ./output/lora_app.o
                0x20000dc8                retun_wait_time
                0x20000dcc                firmware_ver_read_in_flash
                0x20000dcd                fre_band_read_in_flash
                0x20000dce                product_id_read_in_flash
 *fill*         0x20000dcf        0x1 
 .bss           0x20000dd0        0x7 ./output/command.o
                0x20000dd0                debug_flags
                0x20000dd1                write_config_in_flash_status
                0x20000dd2                atcmd_index
                0x20000dd4                g_atcmd_processing
                0x20000dd5                atrecve_flag
                0x20000dd6                parse_flag
 *fill*         0x20000dd7        0x1 
 .bss           0x20000dd8        0x9 ./output/rtc-board.o
                0x20000ddc                McuWakeUpTime
                0x20000de0                NonScheduledWakeUp
 .bss           0x20000de1        0x1 ./output/sx1262-board.o
                0x20000de1                gPaOptSetting
 *fill*         0x20000de2        0x2 
 .bss           0x20000de4       0x15 ./output/radio.o
                0x20000de8                IrqFired
                0x20000dec                TxTimeout
                0x20000df2                RxContinuous
                0x20000df4                RxTimeout
                0x20000df8                txtimeout_times
 *fill*         0x20000df9        0x3 
 .bss           0x20000dfc        0x8 ./output/sx126x.o
                0x20000e00                FrequencyError
 .bss           0x20000e04        0x5 ./output/timer.o
                0x20000e08                HasLoopedThroughMain
 *(.bss*)
 *(COMMON)
 *fill*         0x20000e09        0x3 
 COMMON         0x20000e0c       0x20 ./output/tremo_dma.o
                0x20000e0c                g_dma_callback_handler
 COMMON         0x20000e2c      0x148 ./output/main.o
                0x20000e2c                snr_value
                0x20000e30                AckTimer
                0x20000e44                sendDataBuff
                0x20000f44                receiveDataBuff
                0x20000f48                rssi_value
                0x20000f4c                IWDGRefreshTimer
                0x20000f60                TxTimer
 COMMON         0x20000f74       0x25 ./output/lora_app.o
                0x20000f74                rx_form_value
                0x20000f78                rx_signal_freqence
                0x20000f7c                tx_spreading_value
                0x20000f7d                rx_codingrate_value
                0x20000f7e                rx_spreading_value
                0x20000f7f                tx_crc_value
                0x20000f80                rx_bandwidth_value
                0x20000f82                rx_preamble_value
                0x20000f84                tx_header_value
                0x20000f86                tx_preamble_value
                0x20000f88                rx_groupmod_value
                0x20000f89                tx_bandwidth_value
                0x20000f8a                syncword_value
                0x20000f8b                rx_IQ_value
                0x20000f8c                tx_signal_freqence
                0x20000f90                tx_IQ_value
                0x20000f91                rx_header_value
                0x20000f92                rxmode_ack
                0x20000f93                tx_groupmod_value
                0x20000f94                rxmode_timeout
                0x20000f96                rx_crc_value
                0x20000f97                txp_value
                0x20000f98                tx_codingrate_value
 COMMON         0x20000f99      0x1f6 ./output/command.o
                0x20000f99                atcmd
 *fill*         0x2000118f        0x1 
 COMMON         0x20001190       0x18 ./output/rtc-board.o
                0x20001190                RtcCalendarContext
                0x200011a0                RtcTimerContext
 COMMON         0x200011a8      0x190 ./output/radio.o
                0x200011a8                irqRegs
                0x200011ac                SX126x
                0x200011e8                TxTimeoutTimer
                0x200011fc                RadioRxPayload
                0x200012fc                CadTimeoutTimer
                0x20001310                RadioPktStatus
                0x20001324                RxTimeoutTimer
                0x20001338                . = ALIGN (0x4)
                0x20001338                _ebss = .
                0x20001338                __bss_end__ = _ebss

.heap           0x20001338     0x1000 load address 0x08016cc4
                0x20001338                . = ALIGN (0x4)
                0x20001338                _heap_bottom = .
                0x20001338                end = _heap_bottom
                0x20001338                _end = end
                0x20001338                __end = end
                0x20002338                . = (. + _HEAP_SIZE)
 *fill*         0x20001338     0x1000 
                0x20002338                _heap_top = .

.stack          0x20002338     0x1000 load address 0x08016cc4
                0x20002338                . = ALIGN (0x4)
                0x20002338                _stack_bottom = .
                0x20003338                . = (. + _STACK_SIZE)
 *fill*         0x20002338     0x1000 
                0x20003338                _stack_top = .

/DISCARD/
 libc.a(*)
 libm.a(*)
 libgcc.a(*)

.ARM.attributes
                0x00000000       0x2e
 *(.ARM.attributes)
 .ARM.attributes
                0x00000000       0x1e d:/keil_v5/arm/gcc-arm-none-eabi-5_4-2016q3-20160926-win32/bin/../lib/gcc/arm-none-eabi/5.4.1/armv7e-m/crti.o
 .ARM.attributes
                0x0000001e       0x2e d:/keil_v5/arm/gcc-arm-none-eabi-5_4-2016q3-20160926-win32/bin/../lib/gcc/arm-none-eabi/5.4.1/armv7e-m/crtbegin.o
 .ARM.attributes
                0x0000004c       0x37 ./output/printf-stdarg.o
 .ARM.attributes
                0x00000083       0x21 ./output/startup_cm4.o
 .ARM.attributes
                0x000000a4       0x37 ./output/system_cm4.o
 .ARM.attributes
                0x000000db       0x37 ./output/tremo_delay.o
 .ARM.attributes
                0x00000112       0x37 ./output/tremo_dma.o
 .ARM.attributes
                0x00000149       0x37 ./output/tremo_flash.o
 .ARM.attributes
                0x00000180       0x37 ./output/tremo_gpio.o
 .ARM.attributes
                0x000001b7       0x37 ./output/tremo_iwdg.o
 .ARM.attributes
                0x000001ee       0x37 ./output/tremo_lpuart.o
 .ARM.attributes
                0x00000225       0x37 ./output/tremo_rcc.o
 .ARM.attributes
                0x0000025c       0x37 ./output/tremo_rtc.o
 .ARM.attributes
                0x00000293       0x37 ./output/tremo_system.o
 .ARM.attributes
                0x000002ca       0x37 ./output/tremo_uart.o
 .ARM.attributes
                0x00000301       0x37 ./output/main.o
 .ARM.attributes
                0x00000338       0x37 ./output/tremo_it.o
 .ARM.attributes
                0x0000036f       0x37 ./output/lora_app.o
 .ARM.attributes
                0x000003a6       0x37 ./output/command.o
 .ARM.attributes
                0x000003dd       0x37 ./output/rtc-board.o
 .ARM.attributes
                0x00000414       0x37 ./output/sx1262-board.o
 .ARM.attributes
                0x0000044b       0x37 ./output/utilities.o
 .ARM.attributes
                0x00000482       0x37 ./output/radio.o
 .ARM.attributes
                0x000004b9       0x37 ./output/sx126x.o
 .ARM.attributes
                0x000004f0       0x37 ./output/delay.o
 .ARM.attributes
                0x00000527       0x37 ./output/timer.o
 .ARM.attributes
                0x0000055e       0x1e d:/keil_v5/arm/gcc-arm-none-eabi-5_4-2016q3-20160926-win32/bin/../lib/gcc/arm-none-eabi/5.4.1/armv7e-m\libgcc.a(_arm_addsubdf3.o)
 .ARM.attributes
                0x0000057c       0x1e d:/keil_v5/arm/gcc-arm-none-eabi-5_4-2016q3-20160926-win32/bin/../lib/gcc/arm-none-eabi/5.4.1/armv7e-m\libgcc.a(_arm_muldivdf3.o)
 .ARM.attributes
                0x0000059a       0x1e d:/keil_v5/arm/gcc-arm-none-eabi-5_4-2016q3-20160926-win32/bin/../lib/gcc/arm-none-eabi/5.4.1/armv7e-m\libgcc.a(_arm_cmpdf2.o)
 .ARM.attributes
                0x000005b8       0x1e d:/keil_v5/arm/gcc-arm-none-eabi-5_4-2016q3-20160926-win32/bin/../lib/gcc/arm-none-eabi/5.4.1/armv7e-m\libgcc.a(_arm_fixdfsi.o)
 .ARM.attributes
                0x000005d6       0x1e d:/keil_v5/arm/gcc-arm-none-eabi-5_4-2016q3-20160926-win32/bin/../lib/gcc/arm-none-eabi/5.4.1/armv7e-m\libgcc.a(_arm_fixunsdfsi.o)
 .ARM.attributes
                0x000005f4       0x1e d:/keil_v5/arm/gcc-arm-none-eabi-5_4-2016q3-20160926-win32/bin/../lib/gcc/arm-none-eabi/5.4.1/armv7e-m\libgcc.a(_aeabi_uldivmod.o)
 .ARM.attributes
                0x00000612       0x2e d:/keil_v5/arm/gcc-arm-none-eabi-5_4-2016q3-20160926-win32/bin/../lib/gcc/arm-none-eabi/5.4.1/armv7e-m\libgcc.a(_fixunsdfdi.o)
 .ARM.attributes
                0x00000640       0x2e d:/keil_v5/arm/gcc-arm-none-eabi-5_4-2016q3-20160926-win32/bin/../lib/gcc/arm-none-eabi/5.4.1/armv7e-m\libgcc.a(_udivmoddi4.o)
 .ARM.attributes
                0x0000066e       0x1e d:/keil_v5/arm/gcc-arm-none-eabi-5_4-2016q3-20160926-win32/bin/../lib/gcc/arm-none-eabi/5.4.1/armv7e-m\libgcc.a(_dvmd_tls.o)
 .ARM.attributes
                0x0000068c       0x2e d:/keil_v5/arm/gcc-arm-none-eabi-5_4-2016q3-20160926-win32/bin/../lib/gcc/arm-none-eabi/5.4.1/../../../../arm-none-eabi/lib/armv7e-m\libc.a(lib_a-impure.o)
 .ARM.attributes
                0x000006ba       0x2e d:/keil_v5/arm/gcc-arm-none-eabi-5_4-2016q3-20160926-win32/bin/../lib/gcc/arm-none-eabi/5.4.1/../../../../arm-none-eabi/lib/armv7e-m\libc.a(lib_a-init.o)
 .ARM.attributes
                0x000006e8       0x2e d:/keil_v5/arm/gcc-arm-none-eabi-5_4-2016q3-20160926-win32/bin/../lib/gcc/arm-none-eabi/5.4.1/../../../../arm-none-eabi/lib/armv7e-m\libc.a(lib_a-memset.o)
 .ARM.attributes
                0x00000716       0x1c d:/keil_v5/arm/gcc-arm-none-eabi-5_4-2016q3-20160926-win32/bin/../lib/gcc/arm-none-eabi/5.4.1/../../../../arm-none-eabi/lib/armv7e-m\libc.a(lib_a-strlen.o)
 .ARM.attributes
                0x00000732       0x2e d:/keil_v5/arm/gcc-arm-none-eabi-5_4-2016q3-20160926-win32/bin/../lib/gcc/arm-none-eabi/5.4.1/../../../../arm-none-eabi/lib/armv7e-m\libc.a(lib_a-strncat.o)
 .ARM.attributes
                0x00000760       0x2e d:/keil_v5/arm/gcc-arm-none-eabi-5_4-2016q3-20160926-win32/bin/../lib/gcc/arm-none-eabi/5.4.1/../../../../arm-none-eabi/lib/armv7e-m\libc.a(lib_a-strncmp.o)
 .ARM.attributes
                0x0000078e       0x2e d:/keil_v5/arm/gcc-arm-none-eabi-5_4-2016q3-20160926-win32/bin/../lib/gcc/arm-none-eabi/5.4.1/../../../../arm-none-eabi/lib/armv7e-m\libc.a(lib_a-strtok.o)
 .ARM.attributes
                0x000007bc       0x2e d:/keil_v5/arm/gcc-arm-none-eabi-5_4-2016q3-20160926-win32/bin/../lib/gcc/arm-none-eabi/5.4.1/../../../../arm-none-eabi/lib/armv7e-m\libc.a(lib_a-strtok_r.o)
 .ARM.attributes
                0x000007ea       0x2e d:/keil_v5/arm/gcc-arm-none-eabi-5_4-2016q3-20160926-win32/bin/../lib/gcc/arm-none-eabi/5.4.1/../../../../arm-none-eabi/lib/armv7e-m\libc.a(lib_a-strtol.o)
 .ARM.attributes
                0x00000818       0x2e d:/keil_v5/arm/gcc-arm-none-eabi-5_4-2016q3-20160926-win32/bin/../lib/gcc/arm-none-eabi/5.4.1/../../../../arm-none-eabi/lib/armv7e-m\libc.a(lib_a-__call_atexit.o)
 .ARM.attributes
                0x00000846       0x2e d:/keil_v5/arm/gcc-arm-none-eabi-5_4-2016q3-20160926-win32/bin/../lib/gcc/arm-none-eabi/5.4.1/../../../../arm-none-eabi/lib/armv7e-m\libc.a(lib_a-atexit.o)
 .ARM.attributes
                0x00000874       0x2e d:/keil_v5/arm/gcc-arm-none-eabi-5_4-2016q3-20160926-win32/bin/../lib/gcc/arm-none-eabi/5.4.1/../../../../arm-none-eabi/lib/armv7e-m\libc.a(lib_a-fini.o)
 .ARM.attributes
                0x000008a2       0x2e d:/keil_v5/arm/gcc-arm-none-eabi-5_4-2016q3-20160926-win32/bin/../lib/gcc/arm-none-eabi/5.4.1/../../../../arm-none-eabi/lib/armv7e-m\libc.a(lib_a-locale.o)
 .ARM.attributes
                0x000008d0       0x2e d:/keil_v5/arm/gcc-arm-none-eabi-5_4-2016q3-20160926-win32/bin/../lib/gcc/arm-none-eabi/5.4.1/../../../../arm-none-eabi/lib/armv7e-m\libc.a(lib_a-mbtowc_r.o)
 .ARM.attributes
                0x000008fe       0x2e d:/keil_v5/arm/gcc-arm-none-eabi-5_4-2016q3-20160926-win32/bin/../lib/gcc/arm-none-eabi/5.4.1/../../../../arm-none-eabi/lib/armv7e-m\libc.a(lib_a-wctomb_r.o)
 .ARM.attributes
                0x0000092c       0x2e d:/keil_v5/arm/gcc-arm-none-eabi-5_4-2016q3-20160926-win32/bin/../lib/gcc/arm-none-eabi/5.4.1/../../../../arm-none-eabi/lib/armv7e-m\libc.a(lib_a-__atexit.o)
 .ARM.attributes
                0x0000095a       0x2e d:/keil_v5/arm/gcc-arm-none-eabi-5_4-2016q3-20160926-win32/bin/../lib/gcc/arm-none-eabi/5.4.1/../../../../arm-none-eabi/lib/armv7e-m\libc.a(lib_a-ctype_.o)
 .ARM.attributes
                0x00000988       0x1e d:/keil_v5/arm/gcc-arm-none-eabi-5_4-2016q3-20160926-win32/bin/../lib/gcc/arm-none-eabi/5.4.1/armv7e-m/crtn.o
OUTPUT(./Output/project.elf elf32-littlearm)

.debug_info     0x00000000    0x18f86
 .debug_info    0x00000000     0x1bcc ./output/printf-stdarg.o
 .debug_info    0x00001bcc       0x94 ./output/startup_cm4.o
 .debug_info    0x00001c60      0x800 ./output/system_cm4.o
 .debug_info    0x00002460      0x763 ./output/tremo_delay.o
 .debug_info    0x00002bc3     0x2b3f ./output/tremo_dma.o
 .debug_info    0x00005702      0x4a8 ./output/tremo_flash.o
 .debug_info    0x00005baa      0x83a ./output/tremo_gpio.o
 .debug_info    0x000063e4      0x57b ./output/tremo_iwdg.o
 .debug_info    0x0000695f      0x8f5 ./output/tremo_lpuart.o
 .debug_info    0x00007254     0x101c ./output/tremo_rcc.o
 .debug_info    0x00008270     0x1085 ./output/tremo_rtc.o
 .debug_info    0x000092f5      0x473 ./output/tremo_system.o
 .debug_info    0x00009768      0xb77 ./output/tremo_uart.o
 .debug_info    0x0000a2df     0x2d99 ./output/main.o
 .debug_info    0x0000d078      0x6cd ./output/tremo_it.o
 .debug_info    0x0000d745      0x75a ./output/lora_app.o
 .debug_info    0x0000de9f     0x2b97 ./output/command.o
 .debug_info    0x00010a36     0x1245 ./output/rtc-board.o
 .debug_info    0x00011c7b     0x104c ./output/sx1262-board.o
 .debug_info    0x00012cc7      0x40d ./output/utilities.o
 .debug_info    0x000130d4     0x2e03 ./output/radio.o
 .debug_info    0x00015ed7     0x219a ./output/sx126x.o
 .debug_info    0x00018071      0x174 ./output/delay.o
 .debug_info    0x000181e5      0xda1 ./output/timer.o

.debug_abbrev   0x00000000     0x3eb0
 .debug_abbrev  0x00000000      0x4c4 ./output/printf-stdarg.o
 .debug_abbrev  0x000004c4       0x12 ./output/startup_cm4.o
 .debug_abbrev  0x000004d6      0x1c2 ./output/system_cm4.o
 .debug_abbrev  0x00000698      0x1f8 ./output/tremo_delay.o
 .debug_abbrev  0x00000890      0x39d ./output/tremo_dma.o
 .debug_abbrev  0x00000c2d      0x188 ./output/tremo_flash.o
 .debug_abbrev  0x00000db5      0x210 ./output/tremo_gpio.o
 .debug_abbrev  0x00000fc5      0x1a3 ./output/tremo_iwdg.o
 .debug_abbrev  0x00001168      0x1e0 ./output/tremo_lpuart.o
 .debug_abbrev  0x00001348      0x22f ./output/tremo_rcc.o
 .debug_abbrev  0x00001577      0x340 ./output/tremo_rtc.o
 .debug_abbrev  0x000018b7      0x134 ./output/tremo_system.o
 .debug_abbrev  0x000019eb      0x2ec ./output/tremo_uart.o
 .debug_abbrev  0x00001cd7      0x46b ./output/main.o
 .debug_abbrev  0x00002142      0x247 ./output/tremo_it.o
 .debug_abbrev  0x00002389      0x171 ./output/lora_app.o
 .debug_abbrev  0x000024fa      0x358 ./output/command.o
 .debug_abbrev  0x00002852      0x404 ./output/rtc-board.o
 .debug_abbrev  0x00002c56      0x371 ./output/sx1262-board.o
 .debug_abbrev  0x00002fc7      0x13b ./output/utilities.o
 .debug_abbrev  0x00003102      0x4a9 ./output/radio.o
 .debug_abbrev  0x000035ab      0x3e3 ./output/sx126x.o
 .debug_abbrev  0x0000398e       0xf0 ./output/delay.o
 .debug_abbrev  0x00003a7e      0x432 ./output/timer.o

.debug_loc      0x00000000     0xea4d
 .debug_loc     0x00000000     0x1b59 ./output/printf-stdarg.o
 .debug_loc     0x00001b59       0xb3 ./output/system_cm4.o
 .debug_loc     0x00001c0c      0x16b ./output/tremo_delay.o
 .debug_loc     0x00001d77     0x1d87 ./output/tremo_dma.o
 .debug_loc     0x00003afe      0x39f ./output/tremo_flash.o
 .debug_loc     0x00003e9d      0x6ca ./output/tremo_gpio.o
 .debug_loc     0x00004567      0x19c ./output/tremo_iwdg.o
 .debug_loc     0x00004703      0x339 ./output/tremo_lpuart.o
 .debug_loc     0x00004a3c      0x868 ./output/tremo_rcc.o
 .debug_loc     0x000052a4      0xc7a ./output/tremo_rtc.o
 .debug_loc     0x00005f1e       0x3a ./output/tremo_system.o
 .debug_loc     0x00005f58      0x6de ./output/tremo_uart.o
 .debug_loc     0x00006636      0x7b4 ./output/main.o
 .debug_loc     0x00006dea      0x141 ./output/tremo_it.o
 .debug_loc     0x00006f2b      0x183 ./output/lora_app.o
 .debug_loc     0x000070ae     0x329c ./output/command.o
 .debug_loc     0x0000a34a      0x4ff ./output/rtc-board.o
 .debug_loc     0x0000a849      0x6d4 ./output/sx1262-board.o
 .debug_loc     0x0000af1d      0x3d3 ./output/utilities.o
 .debug_loc     0x0000b2f0     0x11b4 ./output/radio.o
 .debug_loc     0x0000c4a4     0x107f ./output/sx126x.o
 .debug_loc     0x0000d523       0xa2 ./output/delay.o
 .debug_loc     0x0000d5c5     0x1488 ./output/timer.o

.debug_aranges  0x00000000      0xe50
 .debug_aranges
                0x00000000       0x98 ./output/printf-stdarg.o
 .debug_aranges
                0x00000098       0x28 ./output/startup_cm4.o
 .debug_aranges
                0x000000c0       0x28 ./output/system_cm4.o
 .debug_aranges
                0x000000e8       0x30 ./output/tremo_delay.o
 .debug_aranges
                0x00000118       0x78 ./output/tremo_dma.o
 .debug_aranges
                0x00000190       0x40 ./output/tremo_flash.o
 .debug_aranges
                0x000001d0       0x78 ./output/tremo_gpio.o
 .debug_aranges
                0x00000248       0x70 ./output/tremo_iwdg.o
 .debug_aranges
                0x000002b8       0x98 ./output/tremo_lpuart.o
 .debug_aranges
                0x00000350      0x178 ./output/tremo_rcc.o
 .debug_aranges
                0x000004c8      0x120 ./output/tremo_rtc.o
 .debug_aranges
                0x000005e8       0x28 ./output/tremo_system.o
 .debug_aranges
                0x00000610       0x98 ./output/tremo_uart.o
 .debug_aranges
                0x000006a8       0x88 ./output/main.o
 .debug_aranges
                0x00000730       0x80 ./output/tremo_it.o
 .debug_aranges
                0x000007b0       0x38 ./output/lora_app.o
 .debug_aranges
                0x000007e8       0xf0 ./output/command.o
 .debug_aranges
                0x000008d8       0x78 ./output/rtc-board.o
 .debug_aranges
                0x00000950       0xd0 ./output/sx1262-board.o
 .debug_aranges
                0x00000a20       0x70 ./output/utilities.o
 .debug_aranges
                0x00000a90      0x140 ./output/radio.o
 .debug_aranges
                0x00000bd0      0x198 ./output/sx126x.o
 .debug_aranges
                0x00000d68       0x28 ./output/delay.o
 .debug_aranges
                0x00000d90       0xc0 ./output/timer.o

.debug_ranges   0x00000000     0x1190
 .debug_ranges  0x00000000      0x120 ./output/printf-stdarg.o
 .debug_ranges  0x00000120       0x20 ./output/startup_cm4.o
 .debug_ranges  0x00000140       0x38 ./output/system_cm4.o
 .debug_ranges  0x00000178       0x40 ./output/tremo_delay.o
 .debug_ranges  0x000001b8       0xf8 ./output/tremo_dma.o
 .debug_ranges  0x000002b0       0x30 ./output/tremo_flash.o
 .debug_ranges  0x000002e0       0x68 ./output/tremo_gpio.o
 .debug_ranges  0x00000348       0x60 ./output/tremo_iwdg.o
 .debug_ranges  0x000003a8       0x88 ./output/tremo_lpuart.o
 .debug_ranges  0x00000430      0x168 ./output/tremo_rcc.o
 .debug_ranges  0x00000598      0x128 ./output/tremo_rtc.o
 .debug_ranges  0x000006c0       0x18 ./output/tremo_system.o
 .debug_ranges  0x000006d8       0x88 ./output/tremo_uart.o
 .debug_ranges  0x00000760      0x160 ./output/main.o
 .debug_ranges  0x000008c0       0xb8 ./output/tremo_it.o
 .debug_ranges  0x00000978       0x28 ./output/lora_app.o
 .debug_ranges  0x000009a0      0x158 ./output/command.o
 .debug_ranges  0x00000af8       0xd8 ./output/rtc-board.o
 .debug_ranges  0x00000bd0       0xc0 ./output/sx1262-board.o
 .debug_ranges  0x00000c90       0x60 ./output/utilities.o
 .debug_ranges  0x00000cf0      0x178 ./output/radio.o
 .debug_ranges  0x00000e68      0x188 ./output/sx126x.o
 .debug_ranges  0x00000ff0       0x18 ./output/delay.o
 .debug_ranges  0x00001008      0x188 ./output/timer.o

.debug_line     0x00000000     0x648d
 .debug_line    0x00000000      0x6d9 ./output/printf-stdarg.o
 .debug_line    0x000006d9       0x81 ./output/startup_cm4.o
 .debug_line    0x0000075a      0x1e8 ./output/system_cm4.o
 .debug_line    0x00000942      0x1fb ./output/tremo_delay.o
 .debug_line    0x00000b3d      0x59e ./output/tremo_dma.o
 .debug_line    0x000010db      0x2b3 ./output/tremo_flash.o
 .debug_line    0x0000138e      0x301 ./output/tremo_gpio.o
 .debug_line    0x0000168f      0x29d ./output/tremo_iwdg.o
 .debug_line    0x0000192c      0x32e ./output/tremo_lpuart.o
 .debug_line    0x00001c5a      0x8b8 ./output/tremo_rcc.o
 .debug_line    0x00002512      0x5cb ./output/tremo_rtc.o
 .debug_line    0x00002add      0x1bc ./output/tremo_system.o
 .debug_line    0x00002c99      0x3b0 ./output/tremo_uart.o
 .debug_line    0x00003049      0x6d4 ./output/main.o
 .debug_line    0x0000371d      0x32d ./output/tremo_it.o
 .debug_line    0x00003a4a      0x38f ./output/lora_app.o
 .debug_line    0x00003dd9      0x78c ./output/command.o
 .debug_line    0x00004565      0x3aa ./output/rtc-board.o
 .debug_line    0x0000490f      0x44f ./output/sx1262-board.o
 .debug_line    0x00004d5e      0x22d ./output/utilities.o
 .debug_line    0x00004f8b      0x751 ./output/radio.o
 .debug_line    0x000056dc      0x6f7 ./output/sx126x.o
 .debug_line    0x00005dd3      0x18e ./output/delay.o
 .debug_line    0x00005f61      0x52c ./output/timer.o

.debug_str      0x00000000     0x69b2
 .debug_str     0x00000000      0xa66 ./output/printf-stdarg.o
                                0xb2a (size before relaxing)
 .debug_str     0x00000a66      0x409 ./output/system_cm4.o
                                0x687 (size before relaxing)
 .debug_str     0x00000e6f       0xce ./output/tremo_delay.o
                                0x639 (size before relaxing)
 .debug_str     0x00000f3d      0x62d ./output/tremo_dma.o
                                0xc54 (size before relaxing)
 .debug_str     0x0000156a       0xc5 ./output/tremo_flash.o
                                0x41f (size before relaxing)
 .debug_str     0x0000162f      0x328 ./output/tremo_gpio.o
                                0x91f (size before relaxing)
 .debug_str     0x00001957      0x186 ./output/tremo_iwdg.o
                                0x785 (size before relaxing)
 .debug_str     0x00001add      0x6a1 ./output/tremo_lpuart.o
                                0xcd0 (size before relaxing)
 .debug_str     0x0000217e      0xe66 ./output/tremo_rcc.o
                               0x1590 (size before relaxing)
 .debug_str     0x00002fe4      0x86d ./output/tremo_rtc.o
                                0xf20 (size before relaxing)
 .debug_str     0x00003851       0x66 ./output/tremo_system.o
                                0x3f4 (size before relaxing)
 .debug_str     0x000038b7      0x3df ./output/tremo_uart.o
                                0xc01 (size before relaxing)
 .debug_str     0x00003c96      0x737 ./output/main.o
                               0x18dc (size before relaxing)
 .debug_str     0x000043cd      0x12e ./output/tremo_it.o
                                0x5e3 (size before relaxing)
 .debug_str     0x000044fb       0xdf ./output/lora_app.o
                                0x586 (size before relaxing)
 .debug_str     0x000045da      0x2b5 ./output/command.o
                                0x8e2 (size before relaxing)
 .debug_str     0x0000488f      0x2f6 ./output/rtc-board.o
                                0xfb4 (size before relaxing)
 .debug_str     0x00004b85      0x623 ./output/sx1262-board.o
                                0xd0e (size before relaxing)
 .debug_str     0x000051a8       0xad ./output/utilities.o
                                0x348 (size before relaxing)
 .debug_str     0x00005255      0xf79 ./output/radio.o
                               0x1845 (size before relaxing)
 .debug_str     0x000061ce      0x4f1 ./output/sx126x.o
                               0x1895 (size before relaxing)
 .debug_str     0x000066bf       0x2f ./output/delay.o
                                0x287 (size before relaxing)
 .debug_str     0x000066ee      0x2c4 ./output/timer.o
                                0x6f7 (size before relaxing)

.comment        0x00000000       0x6e
 .comment       0x00000000       0x6e ./output/printf-stdarg.o
                                 0x6f (size before relaxing)
 .comment       0x0000006e       0x6f ./output/system_cm4.o
 .comment       0x0000006e       0x6f ./output/tremo_delay.o
 .comment       0x0000006e       0x6f ./output/tremo_dma.o
 .comment       0x0000006e       0x6f ./output/tremo_flash.o
 .comment       0x0000006e       0x6f ./output/tremo_gpio.o
 .comment       0x0000006e       0x6f ./output/tremo_iwdg.o
 .comment       0x0000006e       0x6f ./output/tremo_lpuart.o
 .comment       0x0000006e       0x6f ./output/tremo_rcc.o
 .comment       0x0000006e       0x6f ./output/tremo_rtc.o
 .comment       0x0000006e       0x6f ./output/tremo_system.o
 .comment       0x0000006e       0x6f ./output/tremo_uart.o
 .comment       0x0000006e       0x6f ./output/main.o
 .comment       0x0000006e       0x6f ./output/tremo_it.o
 .comment       0x0000006e       0x6f ./output/lora_app.o
 .comment       0x0000006e       0x6f ./output/command.o
 .comment       0x0000006e       0x6f ./output/rtc-board.o
 .comment       0x0000006e       0x6f ./output/sx1262-board.o
 .comment       0x0000006e       0x6f ./output/utilities.o
 .comment       0x0000006e       0x6f ./output/radio.o
 .comment       0x0000006e       0x6f ./output/sx126x.o
 .comment       0x0000006e       0x6f ./output/delay.o
 .comment       0x0000006e       0x6f ./output/timer.o

.debug_frame    0x00000000     0x2a78
 .debug_frame   0x00000000      0x290 ./output/printf-stdarg.o
 .debug_frame   0x00000290       0x3c ./output/system_cm4.o
 .debug_frame   0x000002cc       0x54 ./output/tremo_delay.o
 .debug_frame   0x00000320      0x13c ./output/tremo_dma.o
 .debug_frame   0x0000045c       0x98 ./output/tremo_flash.o
 .debug_frame   0x000004f4      0x110 ./output/tremo_gpio.o
 .debug_frame   0x00000604      0x108 ./output/tremo_iwdg.o
 .debug_frame   0x0000070c      0x140 ./output/tremo_lpuart.o
 .debug_frame   0x0000084c      0x2d8 ./output/tremo_rcc.o
 .debug_frame   0x00000b24      0x348 ./output/tremo_rtc.o
 .debug_frame   0x00000e6c       0x30 ./output/tremo_system.o
 .debug_frame   0x00000e9c      0x134 ./output/tremo_uart.o
 .debug_frame   0x00000fd0      0x19c ./output/main.o
 .debug_frame   0x0000116c      0x168 ./output/tremo_it.o
 .debug_frame   0x000012d4       0xb0 ./output/lora_app.o
 .debug_frame   0x00001384      0x344 ./output/command.o
 .debug_frame   0x000016c8      0x154 ./output/rtc-board.o
 .debug_frame   0x0000181c      0x23c ./output/sx1262-board.o
 .debug_frame   0x00001a58       0xe4 ./output/utilities.o
 .debug_frame   0x00001b3c      0x3c4 ./output/radio.o
 .debug_frame   0x00001f00      0x4a8 ./output/sx126x.o
 .debug_frame   0x000023a8       0x30 ./output/delay.o
 .debug_frame   0x000023d8      0x24c ./output/timer.o
 .debug_frame   0x00002624       0x2c d:/keil_v5/arm/gcc-arm-none-eabi-5_4-2016q3-20160926-win32/bin/../lib/gcc/arm-none-eabi/5.4.1/armv7e-m\libgcc.a(_aeabi_uldivmod.o)
 .debug_frame   0x00002650       0x2c d:/keil_v5/arm/gcc-arm-none-eabi-5_4-2016q3-20160926-win32/bin/../lib/gcc/arm-none-eabi/5.4.1/armv7e-m\libgcc.a(_fixunsdfdi.o)
 .debug_frame   0x0000267c       0x34 d:/keil_v5/arm/gcc-arm-none-eabi-5_4-2016q3-20160926-win32/bin/../lib/gcc/arm-none-eabi/5.4.1/armv7e-m\libgcc.a(_udivmoddi4.o)
 .debug_frame   0x000026b0       0x2c d:/keil_v5/arm/gcc-arm-none-eabi-5_4-2016q3-20160926-win32/bin/../lib/gcc/arm-none-eabi/5.4.1/../../../../arm-none-eabi/lib/armv7e-m\libc.a(lib_a-init.o)
 .debug_frame   0x000026dc       0x34 d:/keil_v5/arm/gcc-arm-none-eabi-5_4-2016q3-20160926-win32/bin/../lib/gcc/arm-none-eabi/5.4.1/../../../../arm-none-eabi/lib/armv7e-m\libc.a(lib_a-memset.o)
 .debug_frame   0x00002710       0x30 d:/keil_v5/arm/gcc-arm-none-eabi-5_4-2016q3-20160926-win32/bin/../lib/gcc/arm-none-eabi/5.4.1/../../../../arm-none-eabi/lib/armv7e-m\libc.a(lib_a-strncat.o)
 .debug_frame   0x00002740       0x54 d:/keil_v5/arm/gcc-arm-none-eabi-5_4-2016q3-20160926-win32/bin/../lib/gcc/arm-none-eabi/5.4.1/../../../../arm-none-eabi/lib/armv7e-m\libc.a(lib_a-strncmp.o)
 .debug_frame   0x00002794       0x20 d:/keil_v5/arm/gcc-arm-none-eabi-5_4-2016q3-20160926-win32/bin/../lib/gcc/arm-none-eabi/5.4.1/../../../../arm-none-eabi/lib/armv7e-m\libc.a(lib_a-strtok.o)
 .debug_frame   0x000027b4       0x48 d:/keil_v5/arm/gcc-arm-none-eabi-5_4-2016q3-20160926-win32/bin/../lib/gcc/arm-none-eabi/5.4.1/../../../../arm-none-eabi/lib/armv7e-m\libc.a(lib_a-strtok_r.o)
 .debug_frame   0x000027fc       0x98 d:/keil_v5/arm/gcc-arm-none-eabi-5_4-2016q3-20160926-win32/bin/../lib/gcc/arm-none-eabi/5.4.1/../../../../arm-none-eabi/lib/armv7e-m\libc.a(lib_a-strtol.o)
 .debug_frame   0x00002894       0x50 d:/keil_v5/arm/gcc-arm-none-eabi-5_4-2016q3-20160926-win32/bin/../lib/gcc/arm-none-eabi/5.4.1/../../../../arm-none-eabi/lib/armv7e-m\libc.a(lib_a-__call_atexit.o)
 .debug_frame   0x000028e4       0x20 d:/keil_v5/arm/gcc-arm-none-eabi-5_4-2016q3-20160926-win32/bin/../lib/gcc/arm-none-eabi/5.4.1/../../../../arm-none-eabi/lib/armv7e-m\libc.a(lib_a-atexit.o)
 .debug_frame   0x00002904       0x34 d:/keil_v5/arm/gcc-arm-none-eabi-5_4-2016q3-20160926-win32/bin/../lib/gcc/arm-none-eabi/5.4.1/../../../../arm-none-eabi/lib/armv7e-m\libc.a(lib_a-fini.o)
 .debug_frame   0x00002938       0x84 d:/keil_v5/arm/gcc-arm-none-eabi-5_4-2016q3-20160926-win32/bin/../lib/gcc/arm-none-eabi/5.4.1/../../../../arm-none-eabi/lib/armv7e-m\libc.a(lib_a-locale.o)
 .debug_frame   0x000029bc       0x4c d:/keil_v5/arm/gcc-arm-none-eabi-5_4-2016q3-20160926-win32/bin/../lib/gcc/arm-none-eabi/5.4.1/../../../../arm-none-eabi/lib/armv7e-m\libc.a(lib_a-mbtowc_r.o)
 .debug_frame   0x00002a08       0x3c d:/keil_v5/arm/gcc-arm-none-eabi-5_4-2016q3-20160926-win32/bin/../lib/gcc/arm-none-eabi/5.4.1/../../../../arm-none-eabi/lib/armv7e-m\libc.a(lib_a-wctomb_r.o)
 .debug_frame   0x00002a44       0x34 d:/keil_v5/arm/gcc-arm-none-eabi-5_4-2016q3-20160926-win32/bin/../lib/gcc/arm-none-eabi/5.4.1/../../../../arm-none-eabi/lib/armv7e-m\libc.a(lib_a-__atexit.o)
