Archive member included to satisfy reference by file (symbol)

d:/keil/arm/armgcc/bin/../lib/gcc/arm-none-eabi/9.3.1/thumb/v7e-m/nofp\libgcc.a(_arm_muldf3.o)
                              ./output/printf-stdarg.o (__aeabi_dmul)
d:/keil/arm/armgcc/bin/../lib/gcc/arm-none-eabi/9.3.1/thumb/v7e-m/nofp\libgcc.a(_arm_addsubdf3.o)
                              ./output/printf-stdarg.o (__aeabi_dsub)
d:/keil/arm/armgcc/bin/../lib/gcc/arm-none-eabi/9.3.1/thumb/v7e-m/nofp\libgcc.a(_arm_muldivdf3.o)
                              ./output/printf-stdarg.o (__aeabi_ddiv)
d:/keil/arm/armgcc/bin/../lib/gcc/arm-none-eabi/9.3.1/thumb/v7e-m/nofp\libgcc.a(_arm_cmpdf2.o)
                              ./output/printf-stdarg.o (__aeabi_dcmpeq)
d:/keil/arm/armgcc/bin/../lib/gcc/arm-none-eabi/9.3.1/thumb/v7e-m/nofp\libgcc.a(_arm_fixdfsi.o)
                              ./output/printf-stdarg.o (__aeabi_d2iz)
d:/keil/arm/armgcc/bin/../lib/gcc/arm-none-eabi/9.3.1/thumb/v7e-m/nofp\libgcc.a(_arm_fixunsdfsi.o)
                              ./output/printf-stdarg.o (__aeabi_d2uiz)
d:/keil/arm/armgcc/bin/../lib/gcc/arm-none-eabi/9.3.1/thumb/v7e-m/nofp\libgcc.a(_aeabi_uldivmod.o)
                              ./output/printf-stdarg.o (__aeabi_uldivmod)
d:/keil/arm/armgcc/bin/../lib/gcc/arm-none-eabi/9.3.1/thumb/v7e-m/nofp\libgcc.a(_fixunsdfdi.o)
                              ./output/rtc-board.o (__aeabi_d2ulz)
d:/keil/arm/armgcc/bin/../lib/gcc/arm-none-eabi/9.3.1/thumb/v7e-m/nofp\libgcc.a(_udivmoddi4.o)
                              d:/keil/arm/armgcc/bin/../lib/gcc/arm-none-eabi/9.3.1/thumb/v7e-m/nofp\libgcc.a(_aeabi_uldivmod.o) (__udivmoddi4)
d:/keil/arm/armgcc/bin/../lib/gcc/arm-none-eabi/9.3.1/thumb/v7e-m/nofp\libgcc.a(_dvmd_tls.o)
                              d:/keil/arm/armgcc/bin/../lib/gcc/arm-none-eabi/9.3.1/thumb/v7e-m/nofp\libgcc.a(_aeabi_uldivmod.o) (__aeabi_ldiv0)
d:/keil/arm/armgcc/bin/../lib/gcc/arm-none-eabi/9.3.1/../../../../arm-none-eabi/lib/thumb/v7e-m/nofp\libc.a(lib_a-exit.o)
                              d:/keil/arm/armgcc/bin/../lib/gcc/arm-none-eabi/9.3.1/../../../../arm-none-eabi/lib/thumb/v7e-m/nofp/crt0.o (exit)
d:/keil/arm/armgcc/bin/../lib/gcc/arm-none-eabi/9.3.1/../../../../arm-none-eabi/lib/thumb/v7e-m/nofp\libc.a(lib_a-impure.o)
                              d:/keil/arm/armgcc/bin/../lib/gcc/arm-none-eabi/9.3.1/../../../../arm-none-eabi/lib/thumb/v7e-m/nofp\libc.a(lib_a-exit.o) (_global_impure_ptr)
d:/keil/arm/armgcc/bin/../lib/gcc/arm-none-eabi/9.3.1/../../../../arm-none-eabi/lib/thumb/v7e-m/nofp\libc.a(lib_a-init.o)
                              d:/keil/arm/armgcc/bin/../lib/gcc/arm-none-eabi/9.3.1/../../../../arm-none-eabi/lib/thumb/v7e-m/nofp/crt0.o (__libc_init_array)
d:/keil/arm/armgcc/bin/../lib/gcc/arm-none-eabi/9.3.1/../../../../arm-none-eabi/lib/thumb/v7e-m/nofp\libc.a(lib_a-memset.o)
                              d:/keil/arm/armgcc/bin/../lib/gcc/arm-none-eabi/9.3.1/../../../../arm-none-eabi/lib/thumb/v7e-m/nofp/crt0.o (memset)
d:/keil/arm/armgcc/bin/../lib/gcc/arm-none-eabi/9.3.1/../../../../arm-none-eabi/lib/thumb/v7e-m/nofp\libc.a(lib_a-strlen.o)
                              ./output/command.o (strlen)
d:/keil/arm/armgcc/bin/../lib/gcc/arm-none-eabi/9.3.1/../../../../arm-none-eabi/lib/thumb/v7e-m/nofp\libc.a(lib_a-strncmp.o)
                              ./output/command.o (strncmp)
d:/keil/arm/armgcc/bin/../lib/gcc/arm-none-eabi/9.3.1/../../../../arm-none-eabi/lib/thumb/v7e-m/nofp\libc.a(lib_a-strtok.o)
                              ./output/command.o (strtok)
d:/keil/arm/armgcc/bin/../lib/gcc/arm-none-eabi/9.3.1/../../../../arm-none-eabi/lib/thumb/v7e-m/nofp\libc.a(lib_a-strtok_r.o)
                              d:/keil/arm/armgcc/bin/../lib/gcc/arm-none-eabi/9.3.1/../../../../arm-none-eabi/lib/thumb/v7e-m/nofp\libc.a(lib_a-strtok.o) (__strtok_r)
d:/keil/arm/armgcc/bin/../lib/gcc/arm-none-eabi/9.3.1/../../../../arm-none-eabi/lib/thumb/v7e-m/nofp\libc.a(lib_a-strtol.o)
                              ./output/command.o (strtol)
d:/keil/arm/armgcc/bin/../lib/gcc/arm-none-eabi/9.3.1/../../../../arm-none-eabi/lib/thumb/v7e-m/nofp\libc.a(lib_a-__call_atexit.o)
                              d:/keil/arm/armgcc/bin/../lib/gcc/arm-none-eabi/9.3.1/../../../../arm-none-eabi/lib/thumb/v7e-m/nofp\libc.a(lib_a-exit.o) (__call_exitprocs)
d:/keil/arm/armgcc/bin/../lib/gcc/arm-none-eabi/9.3.1/../../../../arm-none-eabi/lib/thumb/v7e-m/nofp\libc.a(lib_a-atexit.o)
                              d:/keil/arm/armgcc/bin/../lib/gcc/arm-none-eabi/9.3.1/../../../../arm-none-eabi/lib/thumb/v7e-m/nofp\libc.a(lib_a-__call_atexit.o) (atexit)
d:/keil/arm/armgcc/bin/../lib/gcc/arm-none-eabi/9.3.1/../../../../arm-none-eabi/lib/thumb/v7e-m/nofp\libc.a(lib_a-ctype_.o)
                              d:/keil/arm/armgcc/bin/../lib/gcc/arm-none-eabi/9.3.1/../../../../arm-none-eabi/lib/thumb/v7e-m/nofp\libc.a(lib_a-strtol.o) (_ctype_)
[...]
Memory Configuration

Name             Origin             Length             Attributes
FLASH            0x08000000         0x00040000         xr
RAM              0x20000000         0x00010000         xrw
*default*        0x00000000         0xffffffff

Linker script and memory map

LOAD d:/keil/arm/armgcc/bin/../lib/gcc/arm-none-eabi/9.3.1/thumb/v7e-m/nofp/crti.o
LOAD d:/keil/arm/armgcc/bin/../lib/gcc/arm-none-eabi/9.3.1/thumb/v7e-m/nofp/crtbegin.o
LOAD d:/keil/arm/armgcc/bin/../lib/gcc/arm-none-eabi/9.3.1/../../../../arm-none-eabi/lib/thumb/v7e-m/nofp/crt0.o
LOAD ./output/printf-stdarg.o
LOAD ./output/startup_cm4.o
LOAD ./output/system_cm4.o
LOAD ./output/tremo_adc.o
LOAD ./output/tremo_bstimer.o
LOAD ./output/tremo_crc.o
LOAD ./output/tremo_dac.o
LOAD ./output/tremo_delay.o
LOAD ./output/tremo_dma.o
LOAD ./output/tremo_flash.o
LOAD ./output/tremo_gpio.o
LOAD ./output/tremo_i2c.o
LOAD ./output/tremo_i2s.o
LOAD ./output/tremo_iwdg.o
LOAD ./output/tremo_lcd.o
LOAD ./output/tremo_lptimer.o
LOAD ./output/tremo_lpuart.o
LOAD ./output/tremo_pwr.o
LOAD ./output/tremo_rcc.o
LOAD ./output/tremo_rtc.o
LOAD ./output/tremo_spi.o
LOAD ./output/tremo_system.o
LOAD ./output/tremo_timer.o
LOAD ./output/tremo_uart.o
LOAD ./output/tremo_wdg.o
LOAD ./output/bsp.o
LOAD ./output/flash_eraseprogram.o
LOAD ./output/main.o
LOAD ./output/tremo_it.o
LOAD ./output/lora_app.o
LOAD ./output/command.o
LOAD ./output/rtc-board.o
LOAD ./output/sx1262-board.o
LOAD ./output/utilities.o
LOAD ./output/radio.o
LOAD ./output/sx126x.o
LOAD ./output/delay.o
LOAD ./output/timer.o
LOAD ./output/aes.o
LOAD ./output/cmac.o
START GROUP
LOAD d:/keil/arm/armgcc/bin/../lib/gcc/arm-none-eabi/9.3.1/thumb/v7e-m/nofp\libgcc.a
LOAD d:/keil/arm/armgcc/bin/../lib/gcc/arm-none-eabi/9.3.1/../../../../arm-none-eabi/lib/thumb/v7e-m/nofp\libc.a
END GROUP
LOAD d:/keil/arm/armgcc/bin/../lib/gcc/arm-none-eabi/9.3.1/thumb/v7e-m/nofp/crtend.o
LOAD d:/keil/arm/armgcc/bin/../lib/gcc/arm-none-eabi/9.3.1/thumb/v7e-m/nofp/crtn.o
                0x2000f000                _estack = 0x2000f000
                0x00001000                _HEAP_SIZE = 0x1000
                0x00001000                _STACK_SIZE = 0x1000

.isr_vector     0x08000000       0xd4
                0x08000000                . = ALIGN (0x4)
 *(.isr_vector)
 .isr_vector    0x08000000       0xd4 ./output/startup_cm4.o
                0x08000000                g_pfnVectors
                0x080000d4                . = ALIGN (0x4)

.text           0x08000100     0x7b7c
                0x08000100                . = ALIGN (0x4)
 *(.text)
 .text          0x08000100       0x40 d:/keil/arm/armgcc/bin/../lib/gcc/arm-none-eabi/9.3.1/thumb/v7e-m/nofp/crtbegin.o
 .text          0x08000140      0x378 d:/keil/arm/armgcc/bin/../lib/gcc/arm-none-eabi/9.3.1/thumb/v7e-m/nofp\libgcc.a(_arm_addsubdf3.o)
                0x08000140                __aeabi_drsub
                0x08000148                __aeabi_dsub
                0x08000148                __subdf3
                0x0800014c                __aeabi_dadd
                0x0800014c                __adddf3
                0x080003c4                __floatunsidf
                0x080003c4                __aeabi_ui2d
                0x080003e4                __floatsidf
                0x080003e4                __aeabi_i2d
                0x08000408                __aeabi_f2d
                0x08000408                __extendsfdf2
                0x0800044c                __floatundidf
                0x0800044c                __aeabi_ul2d
                0x0800045c                __floatdidf
                0x0800045c                __aeabi_l2d
 .text          0x080004b8      0x424 d:/keil/arm/armgcc/bin/../lib/gcc/arm-none-eabi/9.3.1/thumb/v7e-m/nofp\libgcc.a(_arm_muldivdf3.o)
                0x080004b8                __aeabi_dmul
                0x080004b8                __muldf3
                0x0800070c                __divdf3
                0x0800070c                __aeabi_ddiv
 .text          0x080008dc      0x110 d:/keil/arm/armgcc/bin/../lib/gcc/arm-none-eabi/9.3.1/thumb/v7e-m/nofp\libgcc.a(_arm_cmpdf2.o)
                0x080008dc                __gtdf2
                0x080008dc                __gedf2
                0x080008e4                __ltdf2
                0x080008e4                __ledf2
                0x080008ec                __nedf2
                0x080008ec                __eqdf2
                0x080008ec                __cmpdf2
                0x08000968                __aeabi_cdrcmple
                0x08000978                __aeabi_cdcmpeq
                0x08000978                __aeabi_cdcmple
                0x08000988                __aeabi_dcmpeq
                0x0800099c                __aeabi_dcmplt
                0x080009b0                __aeabi_dcmple
                0x080009c4                __aeabi_dcmpge
                0x080009d8                __aeabi_dcmpgt
 .text          0x080009ec       0x50 d:/keil/arm/armgcc/bin/../lib/gcc/arm-none-eabi/9.3.1/thumb/v7e-m/nofp\libgcc.a(_arm_fixdfsi.o)
                0x080009ec                __aeabi_d2iz
                0x080009ec                __fixdfsi
 .text          0x08000a3c       0x40 d:/keil/arm/armgcc/bin/../lib/gcc/arm-none-eabi/9.3.1/thumb/v7e-m/nofp\libgcc.a(_arm_fixunsdfsi.o)
                0x08000a3c                __aeabi_d2uiz
                0x08000a3c                __fixunsdfsi
 .text          0x08000a7c       0x30 d:/keil/arm/armgcc/bin/../lib/gcc/arm-none-eabi/9.3.1/thumb/v7e-m/nofp\libgcc.a(_aeabi_uldivmod.o)
                0x08000a7c                __aeabi_uldivmod
 .text          0x08000aac       0x3c d:/keil/arm/armgcc/bin/../lib/gcc/arm-none-eabi/9.3.1/thumb/v7e-m/nofp\libgcc.a(_fixunsdfdi.o)
                0x08000aac                __fixunsdfdi
                0x08000aac                __aeabi_d2ulz
 .text          0x08000ae8      0x2c0 d:/keil/arm/armgcc/bin/../lib/gcc/arm-none-eabi/9.3.1/thumb/v7e-m/nofp\libgcc.a(_udivmoddi4.o)
                0x08000ae8                __udivmoddi4
 .text          0x08000da8        0x4 d:/keil/arm/armgcc/bin/../lib/gcc/arm-none-eabi/9.3.1/thumb/v7e-m/nofp\libgcc.a(_dvmd_tls.o)
                0x08000da8                __aeabi_idiv0
                0x08000da8                __aeabi_ldiv0
 *fill*         0x08000dac       0x14 
 .text          0x08000dc0       0xdc d:/keil/arm/armgcc/bin/../lib/gcc/arm-none-eabi/9.3.1/../../../../arm-none-eabi/lib/thumb/v7e-m/nofp\libc.a(lib_a-strlen.o)
                0x08000dc0                strlen
 *(.text*)
 .text._out_buffer
                0x08000e9c        0x8 ./output/printf-stdarg.o
 .text._out_null
                0x08000ea4        0x2 ./output/printf-stdarg.o
 *fill*         0x08000ea6        0x2 
 .text._out_char
                0x08000ea8       0x2c ./output/printf-stdarg.o
 .text._out_rev
                0x08000ed4       0x96 ./output/printf-stdarg.o
 .text._ntoa_format
                0x08000f6a      0x10a ./output/printf-stdarg.o
 .text._ntoa_long
                0x08001074       0x82 ./output/printf-stdarg.o
 .text._ntoa_long_long
                0x080010f6       0xa6 ./output/printf-stdarg.o
 .text.printf_dma_queue_pop.isra.0
                0x0800119c       0xc0 ./output/printf-stdarg.o
 *fill*         0x0800125c        0x4 
 .text._ftoa    0x08001260      0x32c ./output/printf-stdarg.o
 *fill*         0x0800158c        0x4 
 .text._etoa    0x08001590      0x3b8 ./output/printf-stdarg.o
 .text.printf_dma_done_callback
                0x08001948       0x64 ./output/printf-stdarg.o
 .text._vsnprintf
                0x080019ac      0x550 ./output/printf-stdarg.o
 .text.print_isdone
                0x08001efc       0x3c ./output/printf-stdarg.o
                0x08001efc                print_isdone
 .text.__wrap_printf
                0x08001f38       0xac ./output/printf-stdarg.o
                0x08001f38                __wrap_printf
 .text.__wrap_snprintf
                0x08001fe4       0x28 ./output/printf-stdarg.o
                0x08001fe4                __wrap_snprintf
 .text.Reset_Handler
                0x0800200c       0x48 ./output/startup_cm4.o
                0x0800200c                Reset_Handler
 .text.Default_Handler
                0x08002054        0x2 ./output/startup_cm4.o
                0x08002054                SCC_IRQHandler
                0x08002054                TIMER2_IRQHandler
                0x08002054                EFC_IRQHandler
                0x08002054                I2C0_IRQHandler
                0x08002054                SAC_IRQHandler
                0x08002054                I2C1_IRQHandler
                0x08002054                UART1_IRQHandler
                0x08002054                BSTIMER0_IRQHandler
                0x08002054                TIMER3_IRQHandler
                0x08002054                SEC_IRQHandler
                0x08002054                WDG_IRQHandler
                0x08002054                LPTIMER1_IRQHandler
                0x08002054                LPTIMER0_IRQHandler
                0x08002054                SSP0_IRQHandler
                0x08002054                I2S_IRQHandler
                0x08002054                I2C2_IRQHandler
                0x08002054                TIMER0_IRQHandler
                0x08002054                LCD_IRQHandler
                0x08002054                TIMER1_IRQHandler
                0x08002054                UART2_IRQHandler
                0x08002054                Default_Handler
                0x08002054                ADC_IRQHandler
                0x08002054                SSP1_IRQHandler
                0x08002054                IWDG_IRQHandler
                0x08002054                SSP2_IRQHandler
                0x08002054                BSTIMER1_IRQHandler
                0x08002054                DAC_IRQHandler
                0x08002054                AFEC_IRQHandler
                0x08002054                UART3_IRQHandler
                0x08002054                QSPI_IRQHandler
 *fill*         0x08002056        0x2 
 .text.nvic_init
                0x08002058       0x24 ./output/system_cm4.o
                0x08002058                nvic_init
 .text.system_init
                0x0800207c       0x44 ./output/system_cm4.o
                0x0800207c                system_init
 .text.delay_init
                0x080020c0       0x48 ./output/tremo_delay.o
                0x080020c0                delay_init
 .text.delay_us
                0x08002108       0x30 ./output/tremo_delay.o
                0x08002108                delay_us
 .text.delay_ms
                0x08002138        0xa ./output/tremo_delay.o
                0x08002138                delay_ms
 .text.write32_bit_reg.part.0
                0x08002142       0x20 ./output/tremo_dma.o
 *fill*         0x08002162        0x2 
 .text.set_dma_mode
                0x08002164      0x2b4 ./output/tremo_dma.o
 .text.dma0_IRQHandler
                0x08002418       0x60 ./output/tremo_dma.o
                0x08002418                dma0_IRQHandler
 .text.dma1_IRQHandler
                0x08002478       0x60 ./output/tremo_dma.o
                0x08002478                dma1_IRQHandler
 .text.dma_init
                0x080024d8      0x13c ./output/tremo_dma.o
                0x080024d8                dma_init
 .text.dma_ch_enable
                0x08002614       0x5e ./output/tremo_dma.o
                0x08002614                dma_ch_enable
 *fill*         0x08002672        0x2 
 .text.dma_finalize
                0x08002674      0x1c8 ./output/tremo_dma.o
                0x08002674                dma_finalize
 .text.flash_erase_page
                0x0800283c       0x64 ./output/tremo_flash.o
                0x0800283c                flash_erase_page
 .text.flash_program_bytes
                0x080028a0       0xb4 ./output/tremo_flash.o
                0x080028a0                flash_program_bytes
 .text.gpio_init
                0x08002954      0x128 ./output/tremo_gpio.o
                0x08002954                gpio_init
 .text.gpio_set_iomux
                0x08002a7c       0x40 ./output/tremo_gpio.o
                0x08002a7c                gpio_set_iomux
 .text.check_iwdg_sr_done
                0x08002abc       0x14 ./output/tremo_iwdg.o
 .text.iwdg_init
                0x08002ad0       0x4c ./output/tremo_iwdg.o
                0x08002ad0                iwdg_init
 .text.iwdg_set_prescaler
                0x08002b1c       0x18 ./output/tremo_iwdg.o
                0x08002b1c                iwdg_set_prescaler
 .text.iwdg_set_reload
                0x08002b34       0x1c ./output/tremo_iwdg.o
                0x08002b34                iwdg_set_reload
 .text.iwdg_reload
                0x08002b50       0x20 ./output/tremo_iwdg.o
                0x08002b50                iwdg_reload
 .text.iwdg_start
                0x08002b70       0x1c ./output/tremo_iwdg.o
                0x08002b70                iwdg_start
 .text.lpuart_config_dma
                0x08002b8c       0x10 ./output/tremo_lpuart.o
                0x08002b8c                lpuart_config_dma
 .text.lpuart_config_interrupt
                0x08002b9c        0x4 ./output/tremo_lpuart.o
                0x08002b9c                lpuart_config_interrupt
 .text.lpuart_config_rx
                0x08002ba0       0x26 ./output/tremo_lpuart.o
                0x08002ba0                lpuart_config_rx
 .text.lpuart_config_tx
                0x08002bc6       0x12 ./output/tremo_lpuart.o
                0x08002bc6                lpuart_config_tx
 .text.lpuart_get_rx_status
                0x08002bd8       0x12 ./output/tremo_lpuart.o
                0x08002bd8                lpuart_get_rx_status
 .text.lpuart_clear_rx_status
                0x08002bea       0x18 ./output/tremo_lpuart.o
                0x08002bea                lpuart_clear_rx_status
 .text.lpuart_get_rx_not_empty_status
                0x08002c02        0x8 ./output/tremo_lpuart.o
                0x08002c02                lpuart_get_rx_not_empty_status
 .text.lpuart_receive_data
                0x08002c0a       0x10 ./output/tremo_lpuart.o
                0x08002c0a                lpuart_receive_data
 *fill*         0x08002c1a        0x2 
 .text.lpuart_init
                0x08002c1c       0x88 ./output/tremo_lpuart.o
                0x08002c1c                lpuart_init
 .text.lpuart_deinit
                0x08002ca4       0x2c ./output/tremo_lpuart.o
                0x08002ca4                lpuart_deinit
 .text.deepsleep
                0x08002cd0       0xc0 ./output/tremo_pwr.o
                0x08002cd0                deepsleep
 .text.pwr_deepsleep_wfi
                0x08002d90        0x6 ./output/tremo_pwr.o
                0x08002d90                pwr_deepsleep_wfi
 *fill*         0x08002d96        0x2 
 .text.rcc_get_clk_freq
                0x08002d98       0x9c ./output/tremo_rcc.o
                0x08002d98                rcc_get_clk_freq
 .text.rcc_set_iwdg_clk_source
                0x08002e34       0x28 ./output/tremo_rcc.o
                0x08002e34                rcc_set_iwdg_clk_source
 .text.rcc_get_uart0_clk_source
                0x08002e5c        0xc ./output/tremo_rcc.o
                0x08002e5c                rcc_get_uart0_clk_source
 .text.rcc_get_uart1_clk_source
                0x08002e68        0xc ./output/tremo_rcc.o
                0x08002e68                rcc_get_uart1_clk_source
 .text.rcc_get_uart2_clk_source
                0x08002e74        0xc ./output/tremo_rcc.o
                0x08002e74                rcc_get_uart2_clk_source
 .text.rcc_get_uart3_clk_source
                0x08002e80        0xc ./output/tremo_rcc.o
                0x08002e80                rcc_get_uart3_clk_source
 .text.rcc_get_lpuart_clk_source
                0x08002e8c        0xc ./output/tremo_rcc.o
                0x08002e8c                rcc_get_lpuart_clk_source
 .text.rcc_get_rtc_clk_source
                0x08002e98        0xc ./output/tremo_rcc.o
                0x08002e98                rcc_get_rtc_clk_source
 .text.rcc_enable_peripheral_clk
                0x08002ea4      0x4b4 ./output/tremo_rcc.o
                0x08002ea4                rcc_enable_peripheral_clk
 .text.rcc_enable_oscillator
                0x08003358      0x108 ./output/tremo_rcc.o
                0x08003358                rcc_enable_oscillator
 .text.rcc_rst_peripheral
                0x08003460       0x4a ./output/tremo_rcc.o
                0x08003460                rcc_rst_peripheral
 .text.rtc_deinit
                0x080034aa       0x1e ./output/tremo_rtc.o
                0x080034aa                rtc_deinit
 .text.rtc_check_syn
                0x080034c8       0x14 ./output/tremo_rtc.o
                0x080034c8                rtc_check_syn
 .text.rtc_calendar_cmd
                0x080034dc       0x20 ./output/tremo_rtc.o
                0x080034dc                rtc_calendar_cmd
 .text.rtc_cyc_cmd
                0x080034fc       0x20 ./output/tremo_rtc.o
                0x080034fc                rtc_cyc_cmd
 .text.rtc_config_cyc_wakeup
                0x0800351c       0x24 ./output/tremo_rtc.o
                0x0800351c                rtc_config_cyc_wakeup
 .text.rtc_get_calendar
                0x08003540       0xdc ./output/tremo_rtc.o
                0x08003540                rtc_get_calendar
 .text.rtc_set_status
                0x0800361c       0x30 ./output/tremo_rtc.o
                0x0800361c                rtc_set_status
 .text.rtc_get_status
                0x0800364c       0x38 ./output/tremo_rtc.o
                0x0800364c                rtc_get_status
 .text.rtc_config_interrupt
                0x08003684       0x38 ./output/tremo_rtc.o
                0x08003684                rtc_config_interrupt
 .text.rtc_config_cyc_max
                0x080036bc       0x14 ./output/tremo_rtc.o
                0x080036bc                rtc_config_cyc_max
 .text.system_reset
                0x080036d0       0x20 ./output/tremo_system.o
                0x080036d0                system_reset
 .text.uart_get_flag_status
                0x080036f0        0xc ./output/tremo_uart.o
                0x080036f0                uart_get_flag_status
 .text.uart_config_init
                0x080036fc       0x16 ./output/tremo_uart.o
                0x080036fc                uart_config_init
 .text.uart_cmd
                0x08003712       0x12 ./output/tremo_uart.o
                0x08003712                uart_cmd
 .text.uart_init
                0x08003724      0x140 ./output/tremo_uart.o
                0x08003724                uart_init
 .text.uart_dma_config
                0x08003864       0x10 ./output/tremo_uart.o
                0x08003864                uart_dma_config
 .text.test_OnTxDone
                0x08003874       0x18 ./output/main.o
 .text.crc32    0x0800388c       0x34 ./output/main.o
 .text.test_OnRxError
                0x080038c0       0x18 ./output/main.o
 .text.test_OnRxTimeout
                0x080038d8       0x18 ./output/main.o
 .text.test_OnTxTimeout
                0x080038f0       0x30 ./output/main.o
 .text.OnIWDGRefreshTimeoutEvent
                0x08003920       0x24 ./output/main.o
 .text.OnAckEvent
                0x08003944       0x44 ./output/main.o
 .text.test_OnRxDone
                0x08003988      0x198 ./output/main.o
 .text.uart_log_init
                0x08003b20       0xa4 ./output/main.o
                0x08003b20                uart_log_init
 .text.board_init
                0x08003bc4      0x100 ./output/main.o
                0x08003bc4                board_init
 .text.lora_test_init
                0x08003cc4      0x1bc ./output/main.o
                0x08003cc4                lora_test_init
 .text.startup.main
                0x08003e80      0x40c ./output/main.o
                0x08003e80                main
 .text.NMI_Handler
                0x0800428c        0x2 ./output/tremo_it.o
                0x0800428c                NMI_Handler
 .text.HardFault_Handler
                0x0800428e        0x2 ./output/tremo_it.o
                0x0800428e                HardFault_Handler
 .text.MemManage_Handler
                0x08004290        0x2 ./output/tremo_it.o
                0x08004290                MemManage_Handler
 .text.BusFault_Handler
                0x08004292        0x2 ./output/tremo_it.o
                0x08004292                BusFault_Handler
 .text.UsageFault_Handler
                0x08004294        0x2 ./output/tremo_it.o
                0x08004294                UsageFault_Handler
 .text.SVC_Handler
                0x08004296        0x2 ./output/tremo_it.o
                0x08004296                SVC_Handler
 .text.PendSV_Handler
                0x08004298        0x2 ./output/tremo_it.o
                0x08004298                PendSV_Handler
 .text.SysTick_Handler
                0x0800429a        0x2 ./output/tremo_it.o
                0x0800429a                SysTick_Handler
 .text.PWR_IRQHandler
                0x0800429c        0x2 ./output/tremo_it.o
                0x0800429c                PWR_IRQHandler
 .text.LORA_IRQHandler
                0x0800429e        0x4 ./output/tremo_it.o
                0x0800429e                LORA_IRQHandler
 .text.RTC_IRQHandler
                0x080042a2        0x4 ./output/tremo_it.o
                0x080042a2                RTC_IRQHandler
 .text.UART0_IRQHandler
                0x080042a6        0x2 ./output/tremo_it.o
                0x080042a6                UART0_IRQHandler
 .text.LPUART_IRQHandler
                0x080042a8       0x2c ./output/tremo_it.o
                0x080042a8                LPUART_IRQHandler
 .text.DMA0_IRQHandler
                0x080042d4        0x4 ./output/tremo_it.o
                0x080042d4                DMA0_IRQHandler
 .text.DMA1_IRQHandler
                0x080042d8        0x4 ./output/tremo_it.o
                0x080042d8                DMA1_IRQHandler
 .text.GPIO_IRQHandler
                0x080042dc        0x2 ./output/tremo_it.o
                0x080042dc                GPIO_IRQHandler
 *fill*         0x080042de        0x2 
 .text.Printf_message
                0x080042e0      0x280 ./output/lora_app.o
                0x080042e0                Printf_message
 .text.Flash_Store_Config
                0x08004560      0x17c ./output/lora_app.o
                0x08004560                Flash_Store_Config
 .text.Flash_Read_Config
                0x080046dc      0x174 ./output/lora_app.o
                0x080046dc                Flash_Read_Config
 .text.Data_init
                0x08004850       0xe8 ./output/lora_app.o
                0x08004850                Data_init
 .text.at_recv_func
                0x08004938       0xe8 ./output/command.o
 .text.at_send_func
                0x08004a20      0x16c ./output/command.o
 .text.at_rxmod_func
                0x08004b8c       0xc0 ./output/command.o
 .text.at_syncword_func
                0x08004c4c       0x9c ./output/command.o
 .text.at_Preamble_Length_func
                0x08004ce8       0xac ./output/command.o
 .text.at_InvertIQ_func
                0x08004d94       0xb4 ./output/command.o
 .text.at_Coding_Rate_func
                0x08004e48       0xb0 ./output/command.o
 .text.at_Header_func
                0x08004ef8       0xb4 ./output/command.o
 .text.at_CRC_func
                0x08004fac       0xa0 ./output/command.o
 .text.at_Power_Range_func
                0x0800504c       0x8c ./output/command.o
 .text.at_Spreading_Factor_func
                0x080050d8       0xb0 ./output/command.o
 .text.at_BandWidth_func
                0x08005188       0xbc ./output/command.o
 .text.at_group_func
                0x08005244       0xac ./output/command.o
 .text.at_frequency_func
                0x080052f0       0xf4 ./output/command.o
 .text.at_fcd_func
                0x080053e4       0x64 ./output/command.o
 .text.at_fcu_func
                0x08005448       0x64 ./output/command.o
 .text.at_fdr_func
                0x080054ac       0x6c ./output/command.o
 .text.at_reset_func
                0x08005518       0x30 ./output/command.o
 .text.linkwan_serial_input
                0x08005548       0x70 ./output/command.o
                0x08005548                linkwan_serial_input
 .text.linkwan_serial_output
                0x080055b8       0x20 ./output/command.o
                0x080055b8                linkwan_serial_output
 .text.at_cfg_func
                0x080055d8       0xac ./output/command.o
 .text.linkwan_at_process
                0x08005684      0x220 ./output/command.o
                0x08005684                linkwan_at_process
 .text.linkwan_at_init
                0x080058a4       0x1c ./output/command.o
                0x080058a4                linkwan_at_init
 .text.RtcInit  0x080058c0       0x30 ./output/rtc-board.o
                0x080058c0                RtcInit
 .text.RtcSetTimeout
                0x080058f0       0x8c ./output/rtc-board.o
                0x080058f0                RtcSetTimeout
 .text.RtcStopTimeout
                0x0800597c       0x14 ./output/rtc-board.o
                0x0800597c                RtcStopTimeout
 .text.RtcGetTimerContext
                0x08005990        0xc ./output/rtc-board.o
                0x08005990                RtcGetTimerContext
 .text.RtcGetTimerValue
                0x0800599c      0x120 ./output/rtc-board.o
                0x0800599c                RtcGetTimerValue
 .text.RtcSetTimerContext
                0x08005abc       0x18 ./output/rtc-board.o
                0x08005abc                RtcSetTimerContext
 .text.RtcGetElapsedTime
                0x08005ad4       0x18 ./output/rtc-board.o
                0x08005ad4                RtcGetElapsedTime
 .text.RtcEnterLowPowerStopMode
                0x08005aec       0x20 ./output/rtc-board.o
                0x08005aec                RtcEnterLowPowerStopMode
 .text.RtcOnIrq
                0x08005b0c       0x32 ./output/rtc-board.o
                0x08005b0c                RtcOnIrq
 .text.BoardDisableIrq
                0x08005b3e        0x4 ./output/sx1262-board.o
                0x08005b3e                BoardDisableIrq
 .text.BoardEnableIrq
                0x08005b42        0x4 ./output/sx1262-board.o
                0x08005b42                BoardEnableIrq
 *fill*         0x08005b46        0x2 
 .text.SpiInOut
                0x08005b48       0x18 ./output/sx1262-board.o
                0x08005b48                SpiInOut
 .text.SX126xLoracInit
                0x08005b60       0x5c ./output/sx1262-board.o
                0x08005b60                SX126xLoracInit
 .text.SX126xGetBoardTcxoWakeupTime
                0x08005bbc        0x4 ./output/sx1262-board.o
                0x08005bbc                SX126xGetBoardTcxoWakeupTime
 .text.SX126xReset
                0x08005bc0       0x40 ./output/sx1262-board.o
                0x08005bc0                SX126xReset
 .text.SX126xWaitOnBusy
                0x08005c00       0x18 ./output/sx1262-board.o
                0x08005c00                SX126xWaitOnBusy
 .text.SX126xWakeup
                0x08005c18       0x30 ./output/sx1262-board.o
                0x08005c18                SX126xWakeup
 .text.SX126xWriteCommand
                0x08005c48       0x44 ./output/sx1262-board.o
                0x08005c48                SX126xWriteCommand
 .text.SX126xReadCommand
                0x08005c8c       0x48 ./output/sx1262-board.o
                0x08005c8c                SX126xReadCommand
 .text.SX126xWriteRegisters
                0x08005cd4       0x48 ./output/sx1262-board.o
                0x08005cd4                SX126xWriteRegisters
 .text.SX126xWriteRegister
                0x08005d1c       0x16 ./output/sx1262-board.o
                0x08005d1c                SX126xWriteRegister
 *fill*         0x08005d32        0x2 
 .text.SX126xReadRegisters
                0x08005d34       0x50 ./output/sx1262-board.o
                0x08005d34                SX126xReadRegisters
 .text.SX126xReadRegister
                0x08005d84       0x16 ./output/sx1262-board.o
                0x08005d84                SX126xReadRegister
 *fill*         0x08005d9a        0x2 
 .text.SX126xWriteBuffer
                0x08005d9c       0x48 ./output/sx1262-board.o
                0x08005d9c                SX126xWriteBuffer
 .text.SX126xReadBuffer
                0x08005de4       0x50 ./output/sx1262-board.o
                0x08005de4                SX126xReadBuffer
 .text.SX126xSetRfTxPower
                0x08005e34        0x6 ./output/sx1262-board.o
                0x08005e34                SX126xSetRfTxPower
 .text.SX126xGetPaSelect
                0x08005e3a        0x4 ./output/sx1262-board.o
                0x08005e3a                SX126xGetPaSelect
 *fill*         0x08005e3e        0x2 
 .text.SX126xAntSwOn
                0x08005e40       0x10 ./output/sx1262-board.o
                0x08005e40                SX126xAntSwOn
 .text.SX126xAntSwOff
                0x08005e50       0x10 ./output/sx1262-board.o
                0x08005e50                SX126xAntSwOff
 .text.rand1    0x08005e60       0x28 ./output/utilities.o
                0x08005e60                rand1
 .text.RadioCheckRfFrequency
                0x08005e88        0x4 ./output/radio.o
                0x08005e88                RadioCheckRfFrequency
 .text.RadioOnTxTimeoutIrq
                0x08005e8c       0x14 ./output/radio.o
                0x08005e8c                RadioOnTxTimeoutIrq
 .text.RadioOnRxTimeoutIrq
                0x08005ea0       0x14 ./output/radio.o
                0x08005ea0                RadioOnRxTimeoutIrq
 .text.RadioStandby
                0x08005eb4        0x6 ./output/radio.o
                0x08005eb4                RadioStandby
 *fill*         0x08005eba        0x2 
 .text.RadioInit
                0x08005ebc       0x6c ./output/radio.o
                0x08005ebc                RadioInit
 .text.RadioGetStatus
                0x08005f28       0x18 ./output/radio.o
                0x08005f28                RadioGetStatus
 .text.RadioSetChannel
                0x08005f40        0x4 ./output/radio.o
                0x08005f40                RadioSetChannel
 .text.RadioRssi
                0x08005f44        0xa ./output/radio.o
                0x08005f44                RadioRssi
 .text.RadioSyncWord
                0x08005f4e       0x14 ./output/radio.o
                0x08005f4e                RadioSyncWord
 .text.RadioRead
                0x08005f62        0x4 ./output/radio.o
                0x08005f62                RadioRead
 .text.RadioWrite
                0x08005f66        0x4 ./output/radio.o
                0x08005f66                RadioWrite
 *fill*         0x08005f6a        0x2 
 .text.RadioSend
                0x08005f6c       0x54 ./output/radio.o
                0x08005f6c                RadioSend
 .text.RadioSleep
                0x08005fc0       0x14 ./output/radio.o
                0x08005fc0                RadioSleep
 .text.RadioSetRxDutyCycle
                0x08005fd4        0x4 ./output/radio.o
                0x08005fd4                RadioSetRxDutyCycle
 .text.RadioStartCad
                0x08005fd8       0x6c ./output/radio.o
                0x08005fd8                RadioStartCad
 .text.RadioSetTxContinuousWave
                0x08006044       0x4c ./output/radio.o
                0x08006044                RadioSetTxContinuousWave
 .text.RadioWriteBuffer
                0x08006090        0x4 ./output/radio.o
                0x08006090                RadioWriteBuffer
 .text.RadioReadBuffer
                0x08006094        0x4 ./output/radio.o
                0x08006094                RadioReadBuffer
 .text.RadioGetWakeupTime
                0x08006098        0xa ./output/radio.o
                0x08006098                RadioGetWakeupTime
 *fill*         0x080060a2        0x2 
 .text.RadioOnCadTimeoutIrq
                0x080060a4       0x20 ./output/radio.o
                0x080060a4                RadioOnCadTimeoutIrq
 .text.RadioGetFskBandwidthRegValue
                0x080060c4       0x34 ./output/radio.o
 .text.RadioSetMaxPayloadLength
                0x080060f8       0x28 ./output/radio.o
                0x080060f8                RadioSetMaxPayloadLength
 .text.RadioRx  0x08006120       0x44 ./output/radio.o
                0x08006120                RadioRx
 .text.RadioRxBoosted
                0x08006164       0x40 ./output/radio.o
                0x08006164                RadioRxBoosted
 .text.RadioIrqProcess
                0x080061a4      0x208 ./output/radio.o
                0x080061a4                RadioIrqProcess
 .text.RadioSetPublicNetwork
                0x080063ac       0x3c ./output/radio.o
                0x080063ac                RadioSetPublicNetwork
 .text.RadioSetModem.part.0
                0x080063e8       0x24 ./output/radio.o
 .text.RadioSetModem
                0x0800640c       0x20 ./output/radio.o
                0x0800640c                RadioSetModem
 .text.RadioRandom
                0x0800642c       0x3c ./output/radio.o
                0x0800642c                RadioRandom
 .text.RadioSymbTime
                0x08006468       0x2c ./output/radio.o
                0x08006468                RadioSymbTime
 *fill*         0x08006494        0x4 
 .text.RadioSetRxConfig
                0x08006498      0x21c ./output/radio.o
                0x08006498                RadioSetRxConfig
 .text.RadioIsChannelFree
                0x080066b4       0x88 ./output/radio.o
                0x080066b4                RadioIsChannelFree
 *fill*         0x0800673c        0x4 
 .text.RadioSetTxConfig
                0x08006740      0x198 ./output/radio.o
                0x08006740                RadioSetTxConfig
 .text.RadioTimeOnAir
                0x080068d8      0x190 ./output/radio.o
                0x080068d8                RadioTimeOnAir
 .text.RadioOnDioIrq
                0x08006a68       0x24 ./output/radio.o
                0x08006a68                RadioOnDioIrq
 .text.SX126xGetOperatingMode
                0x08006a8c        0xc ./output/sx126x.o
                0x08006a8c                SX126xGetOperatingMode
 .text.SX126xSetOperatingMode
                0x08006a98        0xc ./output/sx126x.o
                0x08006a98                SX126xSetOperatingMode
 .text.SX126xCheckDeviceReady
                0x08006aa4       0x64 ./output/sx126x.o
                0x08006aa4                SX126xCheckDeviceReady
 .text.SX126xSetPayload
                0x08006b08        0xa ./output/sx126x.o
                0x08006b08                SX126xSetPayload
 .text.SX126xSetSyncWord
                0x08006b12       0x12 ./output/sx126x.o
                0x08006b12                SX126xSetSyncWord
 .text.SX126xSetCrcSeed
                0x08006b24       0x24 ./output/sx126x.o
                0x08006b24                SX126xSetCrcSeed
 .text.SX126xSetCrcPolynomial
                0x08006b48       0x24 ./output/sx126x.o
                0x08006b48                SX126xSetCrcPolynomial
 .text.SX126xSetWhiteningSeed
                0x08006b6c       0x38 ./output/sx126x.o
                0x08006b6c                SX126xSetWhiteningSeed
 .text.SX126xSetSleep
                0x08006ba4       0x24 ./output/sx126x.o
                0x08006ba4                SX126xSetSleep
 .text.SX126xSetStandby
                0x08006bc8       0x2c ./output/sx126x.o
                0x08006bc8                SX126xSetStandby
 .text.SX126xSetTx
                0x08006bf4       0x2c ./output/sx126x.o
                0x08006bf4                SX126xSetTx
 .text.SX126xSendPayload
                0x08006c20       0x12 ./output/sx126x.o
                0x08006c20                SX126xSendPayload
 *fill*         0x08006c32        0x2 
 .text.SX126xSetRx
                0x08006c34       0x2c ./output/sx126x.o
                0x08006c34                SX126xSetRx
 .text.SX126xSetRxBoosted
                0x08006c60       0x38 ./output/sx126x.o
                0x08006c60                SX126xSetRxBoosted
 .text.SX126xSetRxDutyCycle
                0x08006c98       0x38 ./output/sx126x.o
                0x08006c98                SX126xSetRxDutyCycle
 .text.SX126xSetCad
                0x08006cd0       0x18 ./output/sx126x.o
                0x08006cd0                SX126xSetCad
 .text.SX126xSetTxContinuousWave
                0x08006ce8       0x14 ./output/sx126x.o
                0x08006ce8                SX126xSetTxContinuousWave
 .text.SX126xSetStopRxTimerOnPreambleDetect
                0x08006cfc       0x18 ./output/sx126x.o
                0x08006cfc                SX126xSetStopRxTimerOnPreambleDetect
 .text.SX126xSetLoRaSymbNumTimeout
                0x08006d14       0x18 ./output/sx126x.o
                0x08006d14                SX126xSetLoRaSymbNumTimeout
 .text.SX126xSetRegulatorMode
                0x08006d2c       0x18 ./output/sx126x.o
                0x08006d2c                SX126xSetRegulatorMode
 .text.SX126xCalibrate
                0x08006d44       0x16 ./output/sx126x.o
                0x08006d44                SX126xCalibrate
 *fill*         0x08006d5a        0x2 
 .text.SX126xCalibrateImage
                0x08006d5c       0x64 ./output/sx126x.o
                0x08006d5c                SX126xCalibrateImage
 .text.SX126xSetPaConfig
                0x08006dc0       0x24 ./output/sx126x.o
                0x08006dc0                SX126xSetPaConfig
 .text.SX126xSetDioIrqParams
                0x08006de4       0x2a ./output/sx126x.o
                0x08006de4                SX126xSetDioIrqParams
 .text.SX126xGetIrqStatus
                0x08006e0e       0x1e ./output/sx126x.o
                0x08006e0e                SX126xGetIrqStatus
 .text.SX126xSetDio2AsRfSwitchCtrl
                0x08006e2c       0x18 ./output/sx126x.o
                0x08006e2c                SX126xSetDio2AsRfSwitchCtrl
 .text.SX126xSetDio3AsTcxoCtrl
                0x08006e44       0x28 ./output/sx126x.o
                0x08006e44                SX126xSetDio3AsTcxoCtrl
 .text.SX126xInit
                0x08006e6c       0x3c ./output/sx126x.o
                0x08006e6c                SX126xInit
 .text.SX126xSetRfFrequency
                0x08006ea8       0x4c ./output/sx126x.o
                0x08006ea8                SX126xSetRfFrequency
 .text.SX126xSetPacketType
                0x08006ef4       0x20 ./output/sx126x.o
                0x08006ef4                SX126xSetPacketType
 .text.SX126xGetPacketType
                0x08006f14        0xc ./output/sx126x.o
                0x08006f14                SX126xGetPacketType
 .text.SX126xSetTxParams
                0x08006f20       0xbc ./output/sx126x.o
                0x08006f20                SX126xSetTxParams
 *fill*         0x08006fdc        0x4 
 .text.SX126xSetModulationParams
                0x08006fe0       0xb4 ./output/sx126x.o
                0x08006fe0                SX126xSetModulationParams
 .text.SX126xSetPacketParams
                0x08007094       0xac ./output/sx126x.o
                0x08007094                SX126xSetPacketParams
 .text.SX126xSetCadParams
                0x08007140       0x3c ./output/sx126x.o
                0x08007140                SX126xSetCadParams
 .text.SX126xSetBufferBaseAddress
                0x0800717c       0x1a ./output/sx126x.o
                0x0800717c                SX126xSetBufferBaseAddress
 .text.SX126xGetRssiInst
                0x08007196       0x1a ./output/sx126x.o
                0x08007196                SX126xGetRssiInst
 .text.SX126xGetRxBufferStatus
                0x080071b0       0x48 ./output/sx126x.o
                0x080071b0                SX126xGetRxBufferStatus
 .text.SX126xGetPayload
                0x080071f8       0x32 ./output/sx126x.o
                0x080071f8                SX126xGetPayload
 *fill*         0x0800722a        0x2 
 .text.SX126xGetPacketStatus
                0x0800722c       0x80 ./output/sx126x.o
                0x0800722c                SX126xGetPacketStatus
 .text.SX126xClearIrqStatus
                0x080072ac       0x18 ./output/sx126x.o
                0x080072ac                SX126xClearIrqStatus
 .text.DelayMs  0x080072c4        0x4 ./output/delay.o
                0x080072c4                DelayMs
 .text.TimeStampsUpdate
                0x080072c8       0x2c ./output/timer.o
 .text.TimerInsertNewHeadTimer
                0x080072f4       0x1c ./output/timer.o
 .text.TimerInit
                0x08007310        0xe ./output/timer.o
                0x08007310                TimerInit
 *fill*         0x0800731e        0x2 
 .text.TimerStart
                0x08007320       0x78 ./output/timer.o
                0x08007320                TimerStart
 .text.TimerIrqHandler
                0x08007398       0x68 ./output/timer.o
                0x08007398                TimerIrqHandler
 .text.TimerStop
                0x08007400       0x60 ./output/timer.o
                0x08007400                TimerStop
 .text.TimerSetValue
                0x08007460       0x10 ./output/timer.o
                0x08007460                TimerSetValue
 .text.TimerGetCurrentTime
                0x08007470        0x4 ./output/timer.o
                0x08007470                TimerGetCurrentTime
 .text.TimerGetElapsedTime
                0x08007474       0x12 ./output/timer.o
                0x08007474                TimerGetElapsedTime
 *fill*         0x08007486        0x2 
 .text.TimerLowPowerHandler
                0x08007488       0x20 ./output/timer.o
                0x08007488                TimerLowPowerHandler
 .text.__libc_init_array
                0x080074a8       0x48 d:/keil/arm/armgcc/bin/../lib/gcc/arm-none-eabi/9.3.1/../../../../arm-none-eabi/lib/thumb/v7e-m/nofp\libc.a(lib_a-init.o)
                0x080074a8                __libc_init_array
 .text.memset   0x080074f0       0xa0 d:/keil/arm/armgcc/bin/../lib/gcc/arm-none-eabi/9.3.1/../../../../arm-none-eabi/lib/thumb/v7e-m/nofp\libc.a(lib_a-memset.o)
                0x080074f0                memset
 .text.strncmp  0x08007590       0x7c d:/keil/arm/armgcc/bin/../lib/gcc/arm-none-eabi/9.3.1/../../../../arm-none-eabi/lib/thumb/v7e-m/nofp\libc.a(lib_a-strncmp.o)
                0x08007590                strncmp
 .text.strtok   0x0800760c       0x10 d:/keil/arm/armgcc/bin/../lib/gcc/arm-none-eabi/9.3.1/../../../../arm-none-eabi/lib/thumb/v7e-m/nofp\libc.a(lib_a-strtok.o)
                0x0800760c                strtok
 .text.__strtok_r
                0x0800761c       0x70 d:/keil/arm/armgcc/bin/../lib/gcc/arm-none-eabi/9.3.1/../../../../arm-none-eabi/lib/thumb/v7e-m/nofp\libc.a(lib_a-strtok_r.o)
                0x0800761c                __strtok_r
 .text._strtol_l.isra.0
                0x0800768c      0x12c d:/keil/arm/armgcc/bin/../lib/gcc/arm-none-eabi/9.3.1/../../../../arm-none-eabi/lib/thumb/v7e-m/nofp\libc.a(lib_a-strtol.o)
 .text.strtol   0x080077b8       0x18 d:/keil/arm/armgcc/bin/../lib/gcc/arm-none-eabi/9.3.1/../../../../arm-none-eabi/lib/thumb/v7e-m/nofp\libc.a(lib_a-strtol.o)
                0x080077b8                strtol
 .text.startup.register_fini
                0x080077d0       0x14 d:/keil/arm/armgcc/bin/../lib/gcc/arm-none-eabi/9.3.1/../../../../arm-none-eabi/lib/thumb/v7e-m/nofp\libc.a(lib_a-__call_atexit.o)
 .text.atexit   0x080077e4        0xc d:/keil/arm/armgcc/bin/../lib/gcc/arm-none-eabi/9.3.1/../../../../arm-none-eabi/lib/thumb/v7e-m/nofp\libc.a(lib_a-atexit.o)
                0x080077e4                atexit
 .text.__errno  0x080077f0        0xc d:/keil/arm/armgcc/bin/../lib/gcc/arm-none-eabi/9.3.1/../../../../arm-none-eabi/lib/thumb/v7e-m/nofp\libc.a(lib_a-errno.o)
                0x080077f0                __errno
 .text.__libc_fini_array
                0x080077fc       0x2c d:/keil/arm/armgcc/bin/../lib/gcc/arm-none-eabi/9.3.1/../../../../arm-none-eabi/lib/thumb/v7e-m/nofp\libc.a(lib_a-fini.o)
                0x080077fc                __libc_fini_array
 .text.__retarget_lock_acquire_recursive
                0x08007828        0x4 d:/keil/arm/armgcc/bin/../lib/gcc/arm-none-eabi/9.3.1/../../../../arm-none-eabi/lib/thumb/v7e-m/nofp\libc.a(lib_a-lock.o)
                0x08007828                __retarget_lock_acquire_recursive
 .text.__retarget_lock_release_recursive
                0x0800782c        0x4 d:/keil/arm/armgcc/bin/../lib/gcc/arm-none-eabi/9.3.1/../../../../arm-none-eabi/lib/thumb/v7e-m/nofp\libc.a(lib_a-lock.o)
                0x0800782c                __retarget_lock_release_recursive
 .text.__register_exitproc
                0x08007830       0x8c d:/keil/arm/armgcc/bin/../lib/gcc/arm-none-eabi/9.3.1/../../../../arm-none-eabi/lib/thumb/v7e-m/nofp\libc.a(lib_a-__atexit.o)
                0x08007830                __register_exitproc
 *fill*         0x080078bc        0x4 
 .text.ceil     0x080078c0       0xf8 d:/keil/arm/armgcc/bin/../lib/gcc/arm-none-eabi/9.3.1/../../../../arm-none-eabi/lib/thumb/v7e-m/nofp\libm.a(lib_a-s_ceil.o)
                0x080078c0                ceil
 .text.floor    0x080079b8       0xf8 d:/keil/arm/armgcc/bin/../lib/gcc/arm-none-eabi/9.3.1/../../../../arm-none-eabi/lib/thumb/v7e-m/nofp\libm.a(lib_a-s_floor.o)
                0x080079b8                floor
 .text.rint     0x08007ab0      0x120 d:/keil/arm/armgcc/bin/../lib/gcc/arm-none-eabi/9.3.1/../../../../arm-none-eabi/lib/thumb/v7e-m/nofp\libm.a(lib_a-s_rint.o)
                0x08007ab0                rint
 .text.round    0x08007bd0       0x94 d:/keil/arm/armgcc/bin/../lib/gcc/arm-none-eabi/9.3.1/../../../../arm-none-eabi/lib/thumb/v7e-m/nofp\libm.a(lib_a-s_round.o)
                0x08007bd0                round
 *(.glue_7)
 .glue_7        0x08007c64        0x0 linker stubs
 *(.glue_7t)
 .glue_7t       0x08007c64        0x0 linker stubs
 *(.eh_frame)
 .eh_frame      0x08007c64        0x0 d:/keil/arm/armgcc/bin/../lib/gcc/arm-none-eabi/9.3.1/thumb/v7e-m/nofp/crtbegin.o
 *(.init)
 .init          0x08007c64        0x4 d:/keil/arm/armgcc/bin/../lib/gcc/arm-none-eabi/9.3.1/thumb/v7e-m/nofp/crti.o
                0x08007c64                _init
 .init          0x08007c68        0x8 d:/keil/arm/armgcc/bin/../lib/gcc/arm-none-eabi/9.3.1/thumb/v7e-m/nofp/crtn.o
 *(.fini)
 .fini          0x08007c70        0x4 d:/keil/arm/armgcc/bin/../lib/gcc/arm-none-eabi/9.3.1/thumb/v7e-m/nofp/crti.o
                0x08007c70                _fini
 .fini          0x08007c74        0x8 d:/keil/arm/armgcc/bin/../lib/gcc/arm-none-eabi/9.3.1/thumb/v7e-m/nofp/crtn.o
                0x08007c7c                . = ALIGN (0x4)
                0x08007c7c                _etext = .

.vfp11_veneer   0x08007c7c        0x0
 .vfp11_veneer  0x08007c7c        0x0 linker stubs

.v4_bx          0x08007c7c        0x0
 .v4_bx         0x08007c7c        0x0 linker stubs

.iplt           0x08007c7c        0x0
 .iplt          0x08007c7c        0x0 d:/keil/arm/armgcc/bin/../lib/gcc/arm-none-eabi/9.3.1/thumb/v7e-m/nofp/crtbegin.o

.rodata         0x08007c80      0xe18
                0x08007c80                . = ALIGN (0x4)
 *(.rodata)
 .rodata        0x08007c80       0x50 ./output/printf-stdarg.o
 .rodata        0x08007cd0        0xc ./output/tremo_uart.o
 .rodata        0x08007cdc       0x28 ./output/lora_app.o
 .rodata        0x08007d04       0x98 ./output/command.o
 .rodata        0x08007d9c       0x18 ./output/rtc-board.o
 *fill*         0x08007db4        0x4 
 .rodata        0x08007db8      0x18c ./output/radio.o
                0x08007db8                FskBandwidths
                0x08007ec8                Bandwidths
                0x08007ed4                Radio
 .rodata        0x08007f44       0x11 ./output/sx126x.o
 *(.rodata*)
 .rodata.str1.1
                0x08007f55       0x19 ./output/printf-stdarg.o
 .rodata.str1.1
                0x08007f6e      0x174 ./output/main.o
 .rodata.str1.1
                0x080080e2      0x1d5 ./output/lora_app.o
                                0x1d8 (size before relaxing)
 .rodata.str1.1
                0x080082b7      0x69b ./output/command.o
                                0x6b1 (size before relaxing)
 .rodata.str1.1
                0x08008952       0x2c ./output/radio.o
                                 0x36 (size before relaxing)
 *fill*         0x0800897e        0x2 
 .rodata._global_impure_ptr
                0x08008980        0x4 d:/keil/arm/armgcc/bin/../lib/gcc/arm-none-eabi/9.3.1/../../../../arm-none-eabi/lib/thumb/v7e-m/nofp\libc.a(lib_a-impure.o)
                0x08008980                _global_impure_ptr
 .rodata._ctype_
                0x08008984      0x101 d:/keil/arm/armgcc/bin/../lib/gcc/arm-none-eabi/9.3.1/../../../../arm-none-eabi/lib/thumb/v7e-m/nofp\libc.a(lib_a-ctype_.o)
                0x08008984                _ctype_
 *fill*         0x08008a85        0x3 
 .rodata.TWO52  0x08008a88       0x10 d:/keil/arm/armgcc/bin/../lib/gcc/arm-none-eabi/9.3.1/../../../../arm-none-eabi/lib/thumb/v7e-m/nofp\libm.a(lib_a-s_rint.o)
                0x08008a98                . = ALIGN (0x4)

.ARM.extab
 *(.ARM.extab* .gnu.linkonce.armextab.*)

.ARM            0x08008a98        0x8
                0x08008a98                __exidx_start = .
 *(.ARM.exidx*)
 .ARM.exidx     0x08008a98        0x8 d:/keil/arm/armgcc/bin/../lib/gcc/arm-none-eabi/9.3.1/thumb/v7e-m/nofp\libgcc.a(_udivmoddi4.o)
                0x08008aa0                __exidx_end = .

.rel.dyn        0x08008aa0        0x0
 .rel.iplt      0x08008aa0        0x0 d:/keil/arm/armgcc/bin/../lib/gcc/arm-none-eabi/9.3.1/thumb/v7e-m/nofp/crtbegin.o

.preinit_array  0x08008aa0        0x0
                0x08008aa0                PROVIDE (__preinit_array_start = .)
 *(.preinit_array*)
                0x08008aa0                PROVIDE (__preinit_array_end = .)

.init_array     0x08008aa0        0x8
                0x08008aa0                PROVIDE (__init_array_start = .)
 *(SORT_BY_NAME(.init_array.*))
 .init_array.00000
                0x08008aa0        0x4 d:/keil/arm/armgcc/bin/../lib/gcc/arm-none-eabi/9.3.1/../../../../arm-none-eabi/lib/thumb/v7e-m/nofp\libc.a(lib_a-__call_atexit.o)
 *(.init_array*)
 .init_array    0x08008aa4        0x4 d:/keil/arm/armgcc/bin/../lib/gcc/arm-none-eabi/9.3.1/thumb/v7e-m/nofp/crtbegin.o
                0x08008aa8                PROVIDE (__init_array_end = .)

.fini_array     0x08008aa8        0x4
                0x08008aa8                PROVIDE (__fini_array_start = .)
 *(SORT_BY_NAME(.fini_array.*))
 *(.fini_array*)
 .fini_array    0x08008aa8        0x4 d:/keil/arm/armgcc/bin/../lib/gcc/arm-none-eabi/9.3.1/thumb/v7e-m/nofp/crtbegin.o
                0x08008aac                PROVIDE (__fini_array_end = .)
                0x08008aac                _sidata = LOADADDR (.data)

.data           0x20000000      0x444 load address 0x08008aac
                0x20000000                . = ALIGN (0x4)
                0x20000000                _sdata = .
 *(.data)
 .data          0x20000000        0x8 ./output/main.o
                0x20000000                g_log_level
 .data          0x20000008        0x4 ./output/utilities.o
 .data          0x2000000c        0x1 ./output/radio.o
                0x2000000c                MaxPayloadLength
 *(.data*)
 *fill*         0x2000000d        0x3 
 .data._impure_ptr
                0x20000010        0x4 d:/keil/arm/armgcc/bin/../lib/gcc/arm-none-eabi/9.3.1/../../../../arm-none-eabi/lib/thumb/v7e-m/nofp\libc.a(lib_a-impure.o)
                0x20000010                _impure_ptr
 *fill*         0x20000014        0x4 
 .data.impure_data
                0x20000018      0x428 d:/keil/arm/armgcc/bin/../lib/gcc/arm-none-eabi/9.3.1/../../../../arm-none-eabi/lib/thumb/v7e-m/nofp\libc.a(lib_a-impure.o)
 .data.__atexit_recursive_mutex
                0x20000440        0x4 d:/keil/arm/armgcc/bin/../lib/gcc/arm-none-eabi/9.3.1/../../../../arm-none-eabi/lib/thumb/v7e-m/nofp\libc.a(lib_a-__call_atexit.o)
                0x20000440                __atexit_recursive_mutex
                0x20000444                . = ALIGN (0x4)
                0x20000444                _edata = .

.igot.plt       0x20000444        0x0 load address 0x08008ef0
 .igot.plt      0x20000444        0x0 d:/keil/arm/armgcc/bin/../lib/gcc/arm-none-eabi/9.3.1/thumb/v7e-m/nofp/crtbegin.o
                0x20000444                . = ALIGN (0x4)

.bss            0x20000448      0xd74 load address 0x08008ef0
                0x20000448                _sbss = .
                0x20000448                __bss_start__ = _sbss
 *(.bss)
 .bss           0x20000448       0x1c d:/keil/arm/armgcc/bin/../lib/gcc/arm-none-eabi/9.3.1/thumb/v7e-m/nofp/crtbegin.o
 .bss           0x20000464      0x49d ./output/printf-stdarg.o
                0x20000464                printf_dma_idx_w
                0x20000466                printf_dma_idx_r
                0x20000468                printf_dma_queue
                0x20000900                printf_dma_busy
 .bss           0x20000901        0x1 ./output/tremo_delay.o
 *fill*         0x20000902        0x2 
 .bss           0x20000904      0x344 ./output/main.o
                0x20000904                rx_waiting_flag
                0x20000905                is_time_to_IWDG_Refresh
                0x20000906                retransmission_temp
                0x20000907                retransmission_flags
                0x20000908                ack_flags
                0x2000090c                uplinkcount
                0x20000910                uplink_data_status
                0x20000a1c                receiveBufferSize
                0x20000b1d                ack_data_status
                0x20000b20                downlinkcount
                0x20000b24                data_check_flag
                0x20000b44                sending_flag
                0x20000c44                sendBufferSize
                0x20000c45                EnterLowPowerStopModeStatus
                0x20000c46                EnterLowPowerStopMode_error_times
                0x20000c47                ack_reply
 .bss           0x20000c48        0x7 ./output/command.o
                0x20000c48                write_config_in_flash_status
                0x20000c49                g_atcmd_processing
                0x20000c4a                atcmd_index
                0x20000c4c                debug_flags
                0x20000c4d                atrecve_flag
                0x20000c4e                parse_flag
 *fill*         0x20000c4f        0x1 
 .bss           0x20000c50        0x9 ./output/rtc-board.o
                0x20000c54                McuWakeUpTime
                0x20000c58                NonScheduledWakeUp
 .bss           0x20000c59        0x1 ./output/sx1262-board.o
                0x20000c59                gPaOptSetting
 *fill*         0x20000c5a        0x2 
 .bss           0x20000c5c       0x17 ./output/radio.o
                0x20000c60                IrqFired
                0x20000c64                TxTimeout
                0x20000c68                RxContinuous
                0x20000c6c                RxTimeout
                0x20000c70                txtimeout_times
 *fill*         0x20000c73        0x1 
 .bss           0x20000c74        0x8 ./output/sx126x.o
                0x20000c78                FrequencyError
 .bss           0x20000c7c        0x5 ./output/timer.o
                0x20000c80                HasLoopedThroughMain
 *(.bss*)
 *(COMMON)
 *fill*         0x20000c81        0x3 
 COMMON         0x20000c84       0x20 ./output/tremo_dma.o
                0x20000c84                g_dma_callback_handler
 COMMON         0x20000ca4      0x134 ./output/main.o
                0x20000ca4                snr_value
                0x20000ca8                AckTimer
                0x20000cbc                sendDataBuff
                0x20000dbc                receiveDataBuff
                0x20000dc0                rssi_value
                0x20000dc4                IWDGRefreshTimer
 COMMON         0x20000dd8       0x21 ./output/lora_app.o
                0x20000dd8                rx_signal_freqence
                0x20000ddc                tx_spreading_value
                0x20000ddd                rx_codingrate_value
                0x20000dde                rx_spreading_value
                0x20000ddf                tx_crc_value
                0x20000de0                rx_bandwidth_value
                0x20000de2                rx_preamble_value
                0x20000de4                tx_header_value
                0x20000de6                tx_preamble_value
                0x20000de8                rx_groupmod_value
                0x20000de9                tx_bandwidth_value
                0x20000dea                syncword_value
                0x20000deb                rx_IQ_value
                0x20000dec                tx_signal_freqence
                0x20000df0                tx_IQ_value
                0x20000df1                rx_header_value
                0x20000df2                rxmode_ack
                0x20000df3                tx_groupmod_value
                0x20000df4                rxmode_timeout
                0x20000df6                rx_crc_value
                0x20000df7                txp_value
                0x20000df8                tx_codingrate_value
 COMMON         0x20000df9      0x1f6 ./output/command.o
                0x20000df9                atcmd
 *fill*         0x20000fef        0x1 
 COMMON         0x20000ff0       0x18 ./output/rtc-board.o
                0x20000ff0                RtcCalendarContext
                0x20001000                RtcTimerContext
 COMMON         0x20001008      0x190 ./output/radio.o
                0x20001008                irqRegs
                0x2000100c                SX126x
                0x20001048                TxTimeoutTimer
                0x2000105c                RadioRxPayload
                0x2000115c                CadTimeoutTimer
                0x20001170                RadioPktStatus
                0x20001184                RxTimeoutTimer
 COMMON         0x20001198       0x21 d:/keil/arm/armgcc/bin/../lib/gcc/arm-none-eabi/9.3.1/../../../../arm-none-eabi/lib/thumb/v7e-m/nofp\libc.a(lib_a-lock.o)
                0x20001198                __lock___atexit_recursive_mutex
                0x2000119c                __lock___arc4random_mutex
                0x200011a0                __lock___env_recursive_mutex
                0x200011a4                __lock___sinit_recursive_mutex
                0x200011a8                __lock___malloc_recursive_mutex
                0x200011ac                __lock___at_quick_exit_mutex
                0x200011b0                __lock___dd_hash_mutex
                0x200011b4                __lock___tz_mutex
                0x200011b8                __lock___sfp_recursive_mutex
                0x200011bc                . = ALIGN (0x4)
 *fill*         0x200011b9        0x3 
                0x200011bc                _ebss = .
                0x200011bc                __bss_end__ = _ebss

.heap           0x200011bc     0x1000 load address 0x08008ef0
                0x200011bc                . = ALIGN (0x4)
                0x200011bc                _heap_bottom = .
                0x200011bc                end = _heap_bottom
                0x200011bc                _end = end
                0x200011bc                __end = end
                0x200021bc                . = (. + _HEAP_SIZE)
 *fill*         0x200011bc     0x1000 
                0x200021bc                _heap_top = .

.stack          0x200021bc     0x1000 load address 0x08008ef0
                0x200021bc                . = ALIGN (0x4)
                0x200021bc                _stack_bottom = .
                0x200031bc                . = (. + _STACK_SIZE)
 *fill*         0x200021bc     0x1000 
                0x200031bc                _stack_top = .

/DISCARD/
 libc.a(*)
 libm.a(*)
 libgcc.a(*)

.ARM.attributes
                0x00000000       0x2e
 *(.ARM.attributes)
 .ARM.attributes
                0x00000000       0x1e d:/keil/arm/armgcc/bin/../lib/gcc/arm-none-eabi/9.3.1/thumb/v7e-m/nofp/crti.o
 .ARM.attributes
                0x0000001e       0x2e d:/keil/arm/armgcc/bin/../lib/gcc/arm-none-eabi/9.3.1/thumb/v7e-m/nofp/crtbegin.o
 .ARM.attributes
                0x0000004c       0x32 ./output/printf-stdarg.o
 .ARM.attributes
                0x0000007e       0x21 ./output/startup_cm4.o
 .ARM.attributes
                0x0000009f       0x32 ./output/system_cm4.o
 .ARM.attributes
                0x000000d1       0x32 ./output/tremo_delay.o
 .ARM.attributes
                0x00000103       0x32 ./output/tremo_dma.o
 .ARM.attributes
                0x00000135       0x32 ./output/tremo_flash.o
 .ARM.attributes
                0x00000167       0x32 ./output/tremo_gpio.o
 .ARM.attributes
                0x00000199       0x32 ./output/tremo_iwdg.o
 .ARM.attributes
                0x000001cb       0x32 ./output/tremo_lpuart.o
 .ARM.attributes
                0x000001fd       0x32 ./output/tremo_pwr.o
 .ARM.attributes
                0x0000022f       0x32 ./output/tremo_rcc.o
 .ARM.attributes
                0x00000261       0x32 ./output/tremo_rtc.o
 .ARM.attributes
                0x00000293       0x32 ./output/tremo_system.o
 .ARM.attributes
                0x000002c5       0x32 ./output/tremo_uart.o
 .ARM.attributes
                0x000002f7       0x32 ./output/main.o
 .ARM.attributes
                0x00000329       0x32 ./output/tremo_it.o
 .ARM.attributes
                0x0000035b       0x32 ./output/lora_app.o
 .ARM.attributes
                0x0000038d       0x32 ./output/command.o
 .ARM.attributes
                0x000003bf       0x32 ./output/rtc-board.o
 .ARM.attributes
                0x000003f1       0x32 ./output/sx1262-board.o
 .ARM.attributes
                0x00000423       0x32 ./output/utilities.o
 .ARM.attributes
                0x00000455       0x32 ./output/radio.o
 .ARM.attributes
                0x00000487       0x32 ./output/sx126x.o
 .ARM.attributes
                0x000004b9       0x32 ./output/delay.o
 .ARM.attributes
                0x000004eb       0x32 ./output/timer.o
 .ARM.attributes
                0x0000051d       0x1e d:/keil/arm/armgcc/bin/../lib/gcc/arm-none-eabi/9.3.1/thumb/v7e-m/nofp\libgcc.a(_arm_addsubdf3.o)
 .ARM.attributes
                0x0000053b       0x1e d:/keil/arm/armgcc/bin/../lib/gcc/arm-none-eabi/9.3.1/thumb/v7e-m/nofp\libgcc.a(_arm_muldivdf3.o)
 .ARM.attributes
                0x00000559       0x1e d:/keil/arm/armgcc/bin/../lib/gcc/arm-none-eabi/9.3.1/thumb/v7e-m/nofp\libgcc.a(_arm_cmpdf2.o)
 .ARM.attributes
                0x00000577       0x1e d:/keil/arm/armgcc/bin/../lib/gcc/arm-none-eabi/9.3.1/thumb/v7e-m/nofp\libgcc.a(_arm_fixdfsi.o)
 .ARM.attributes
                0x00000595       0x1e d:/keil/arm/armgcc/bin/../lib/gcc/arm-none-eabi/9.3.1/thumb/v7e-m/nofp\libgcc.a(_arm_fixunsdfsi.o)
 .ARM.attributes
                0x000005b3       0x1e d:/keil/arm/armgcc/bin/../lib/gcc/arm-none-eabi/9.3.1/thumb/v7e-m/nofp\libgcc.a(_aeabi_uldivmod.o)
 .ARM.attributes
                0x000005d1       0x2e d:/keil/arm/armgcc/bin/../lib/gcc/arm-none-eabi/9.3.1/thumb/v7e-m/nofp\libgcc.a(_fixunsdfdi.o)
 .ARM.attributes
                0x000005ff       0x2e d:/keil/arm/armgcc/bin/../lib/gcc/arm-none-eabi/9.3.1/thumb/v7e-m/nofp\libgcc.a(_udivmoddi4.o)
 .ARM.attributes
                0x0000062d       0x1e d:/keil/arm/armgcc/bin/../lib/gcc/arm-none-eabi/9.3.1/thumb/v7e-m/nofp\libgcc.a(_dvmd_tls.o)
 .ARM.attributes
                0x0000064b       0x2e d:/keil/arm/armgcc/bin/../lib/gcc/arm-none-eabi/9.3.1/../../../../arm-none-eabi/lib/thumb/v7e-m/nofp\libc.a(lib_a-impure.o)
 .ARM.attributes
                0x00000679       0x2e d:/keil/arm/armgcc/bin/../lib/gcc/arm-none-eabi/9.3.1/../../../../arm-none-eabi/lib/thumb/v7e-m/nofp\libc.a(lib_a-init.o)
 .ARM.attributes
                0x000006a7       0x2e d:/keil/arm/armgcc/bin/../lib/gcc/arm-none-eabi/9.3.1/../../../../arm-none-eabi/lib/thumb/v7e-m/nofp\libc.a(lib_a-memset.o)
 .ARM.attributes
                0x000006d5       0x1c d:/keil/arm/armgcc/bin/../lib/gcc/arm-none-eabi/9.3.1/../../../../arm-none-eabi/lib/thumb/v7e-m/nofp\libc.a(lib_a-strlen.o)
 .ARM.attributes
                0x000006f1       0x2e d:/keil/arm/armgcc/bin/../lib/gcc/arm-none-eabi/9.3.1/../../../../arm-none-eabi/lib/thumb/v7e-m/nofp\libc.a(lib_a-strncmp.o)
 .ARM.attributes
                0x0000071f       0x2e d:/keil/arm/armgcc/bin/../lib/gcc/arm-none-eabi/9.3.1/../../../../arm-none-eabi/lib/thumb/v7e-m/nofp\libc.a(lib_a-strtok.o)
 .ARM.attributes
                0x0000074d       0x2e d:/keil/arm/armgcc/bin/../lib/gcc/arm-none-eabi/9.3.1/../../../../arm-none-eabi/lib/thumb/v7e-m/nofp\libc.a(lib_a-strtok_r.o)
 .ARM.attributes
                0x0000077b       0x2e d:/keil/arm/armgcc/bin/../lib/gcc/arm-none-eabi/9.3.1/../../../../arm-none-eabi/lib/thumb/v7e-m/nofp\libc.a(lib_a-strtol.o)
 .ARM.attributes
                0x000007a9       0x2e d:/keil/arm/armgcc/bin/../lib/gcc/arm-none-eabi/9.3.1/../../../../arm-none-eabi/lib/thumb/v7e-m/nofp\libc.a(lib_a-__call_atexit.o)
 .ARM.attributes
                0x000007d7       0x2e d:/keil/arm/armgcc/bin/../lib/gcc/arm-none-eabi/9.3.1/../../../../arm-none-eabi/lib/thumb/v7e-m/nofp\libc.a(lib_a-atexit.o)
 .ARM.attributes
                0x00000805       0x2e d:/keil/arm/armgcc/bin/../lib/gcc/arm-none-eabi/9.3.1/../../../../arm-none-eabi/lib/thumb/v7e-m/nofp\libc.a(lib_a-ctype_.o)
 .ARM.attributes
                0x00000833       0x2e d:/keil/arm/armgcc/bin/../lib/gcc/arm-none-eabi/9.3.1/../../../../arm-none-eabi/lib/thumb/v7e-m/nofp\libc.a(lib_a-errno.o)
 .ARM.attributes
                0x00000861       0x2e d:/keil/arm/armgcc/bin/../lib/gcc/arm-none-eabi/9.3.1/../../../../arm-none-eabi/lib/thumb/v7e-m/nofp\libc.a(lib_a-fini.o)
 .ARM.attributes
                0x0000088f       0x2e d:/keil/arm/armgcc/bin/../lib/gcc/arm-none-eabi/9.3.1/../../../../arm-none-eabi/lib/thumb/v7e-m/nofp\libc.a(lib_a-lock.o)
 .ARM.attributes
                0x000008bd       0x2e d:/keil/arm/armgcc/bin/../lib/gcc/arm-none-eabi/9.3.1/../../../../arm-none-eabi/lib/thumb/v7e-m/nofp\libc.a(lib_a-__atexit.o)
 .ARM.attributes
                0x000008eb       0x1e d:/keil/arm/armgcc/bin/../lib/gcc/arm-none-eabi/9.3.1/thumb/v7e-m/nofp/crtn.o
OUTPUT(./Output/project.elf elf32-littlearm)
LOAD linker stubs
LOAD d:/keil/arm/armgcc/bin/../lib/gcc/arm-none-eabi/9.3.1/../../../../arm-none-eabi/lib/thumb/v7e-m/nofp\libc.a
LOAD d:/keil/arm/armgcc/bin/../lib/gcc/arm-none-eabi/9.3.1/../../../../arm-none-eabi/lib/thumb/v7e-m/nofp\libm.a
LOAD d:/keil/arm/armgcc/bin/../lib/gcc/arm-none-eabi/9.3.1/thumb/v7e-m/nofp\libgcc.a

.debug_info     0x00000000    0x26267
 .debug_info    0x00000000     0x2841 ./output/printf-stdarg.o
 .debug_info    0x00002841       0x22 ./output/startup_cm4.o
 .debug_info    0x00002863      0x855 ./output/system_cm4.o
 .debug_info    0x000030b8      0x7cb ./output/tremo_delay.o
 .debug_info    0x00003883     0x3da4 ./output/tremo_dma.o
 .debug_info    0x00007627      0xe92 ./output/tremo_flash.o
 .debug_info    0x000084b9      0x8fd ./output/tremo_gpio.o
 .debug_info    0x00008db6      0x5b2 ./output/tremo_iwdg.o
 .debug_info    0x00009368     0x1326 ./output/tremo_lpuart.o
 .debug_info    0x0000a68e      0x9ea ./output/tremo_pwr.o
 .debug_info    0x0000b078     0x1153 ./output/tremo_rcc.o
 .debug_info    0x0000c1cb     0x1b7c ./output/tremo_rtc.o
 .debug_info    0x0000dd47      0x4b9 ./output/tremo_system.o
 .debug_info    0x0000e200     0x1608 ./output/tremo_uart.o
 .debug_info    0x0000f808     0x3209 ./output/main.o
 .debug_info    0x00012a11      0x3e5 ./output/tremo_it.o
 .debug_info    0x00012df6      0xff9 ./output/lora_app.o
 .debug_info    0x00013def     0x3fd1 ./output/command.o
 .debug_info    0x00017dc0     0x1ce6 ./output/rtc-board.o
 .debug_info    0x00019aa6     0x26a3 ./output/sx1262-board.o
 .debug_info    0x0001c149      0xe13 ./output/utilities.o
 .debug_info    0x0001cf5c     0x39aa ./output/radio.o
 .debug_info    0x00020906     0x335b ./output/sx126x.o
 .debug_info    0x00023c61      0x185 ./output/delay.o
 .debug_info    0x00023de6     0x2481 ./output/timer.o

.debug_abbrev   0x00000000     0x55d7
 .debug_abbrev  0x00000000      0x60c ./output/printf-stdarg.o
 .debug_abbrev  0x0000060c       0x12 ./output/startup_cm4.o
 .debug_abbrev  0x0000061e      0x1e0 ./output/system_cm4.o
 .debug_abbrev  0x000007fe      0x237 ./output/tremo_delay.o
 .debug_abbrev  0x00000a35      0x4e0 ./output/tremo_dma.o
 .debug_abbrev  0x00000f15      0x2c0 ./output/tremo_flash.o
 .debug_abbrev  0x000011d5      0x24a ./output/tremo_gpio.o
 .debug_abbrev  0x0000141f      0x1cc ./output/tremo_iwdg.o
 .debug_abbrev  0x000015eb      0x30f ./output/tremo_lpuart.o
 .debug_abbrev  0x000018fa      0x224 ./output/tremo_pwr.o
 .debug_abbrev  0x00001b1e      0x276 ./output/tremo_rcc.o
 .debug_abbrev  0x00001d94      0x491 ./output/tremo_rtc.o
 .debug_abbrev  0x00002225      0x155 ./output/tremo_system.o
 .debug_abbrev  0x0000237a      0x402 ./output/tremo_uart.o
 .debug_abbrev  0x0000277c      0x585 ./output/main.o
 .debug_abbrev  0x00002d01      0x1f4 ./output/tremo_it.o
 .debug_abbrev  0x00002ef5      0x2a8 ./output/lora_app.o
 .debug_abbrev  0x0000319d      0x561 ./output/command.o
 .debug_abbrev  0x000036fe      0x530 ./output/rtc-board.o
 .debug_abbrev  0x00003c2e      0x510 ./output/sx1262-board.o
 .debug_abbrev  0x0000413e      0x291 ./output/utilities.o
 .debug_abbrev  0x000043cf      0x5fb ./output/radio.o
 .debug_abbrev  0x000049ca      0x523 ./output/sx126x.o
 .debug_abbrev  0x00004eed      0x109 ./output/delay.o
 .debug_abbrev  0x00004ff6      0x5e1 ./output/timer.o

.debug_loc      0x00000000    0x130d9
 .debug_loc     0x00000000     0x285a ./output/printf-stdarg.o
 .debug_loc     0x0000285a       0xc3 ./output/system_cm4.o
 .debug_loc     0x0000291d      0x1d7 ./output/tremo_delay.o
 .debug_loc     0x00002af4     0x31f0 ./output/tremo_dma.o
 .debug_loc     0x00005ce4      0x3fe ./output/tremo_flash.o
 .debug_loc     0x000060e2      0x6f4 ./output/tremo_gpio.o
 .debug_loc     0x000067d6      0x193 ./output/tremo_iwdg.o
 .debug_loc     0x00006969      0x3f1 ./output/tremo_lpuart.o
 .debug_loc     0x00006d5a      0x15f ./output/tremo_pwr.o
 .debug_loc     0x00006eb9      0x777 ./output/tremo_rcc.o
 .debug_loc     0x00007630      0xedf ./output/tremo_rtc.o
 .debug_loc     0x0000850f       0x42 ./output/tremo_system.o
 .debug_loc     0x00008551      0x6fc ./output/tremo_uart.o
 .debug_loc     0x00008c4d      0x863 ./output/main.o
 .debug_loc     0x000094b0       0x4d ./output/tremo_it.o
 .debug_loc     0x000094fd      0x215 ./output/lora_app.o
 .debug_loc     0x00009712     0x3dbe ./output/command.o
 .debug_loc     0x0000d4d0      0x70f ./output/rtc-board.o
 .debug_loc     0x0000dbdf      0x82b ./output/sx1262-board.o
 .debug_loc     0x0000e40a      0x496 ./output/utilities.o
 .debug_loc     0x0000e8a0     0x1663 ./output/radio.o
 .debug_loc     0x0000ff03     0x11e6 ./output/sx126x.o
 .debug_loc     0x000110e9       0xb2 ./output/delay.o
 .debug_loc     0x0001119b     0x1f3e ./output/timer.o

.debug_aranges  0x00000000      0xe70
 .debug_aranges
                0x00000000       0x98 ./output/printf-stdarg.o
 .debug_aranges
                0x00000098       0x28 ./output/startup_cm4.o
 .debug_aranges
                0x000000c0       0x28 ./output/system_cm4.o
 .debug_aranges
                0x000000e8       0x30 ./output/tremo_delay.o
 .debug_aranges
                0x00000118       0x78 ./output/tremo_dma.o
 .debug_aranges
                0x00000190       0x40 ./output/tremo_flash.o
 .debug_aranges
                0x000001d0       0x78 ./output/tremo_gpio.o
 .debug_aranges
                0x00000248       0x70 ./output/tremo_iwdg.o
 .debug_aranges
                0x000002b8       0x90 ./output/tremo_lpuart.o
 .debug_aranges
                0x00000348       0x58 ./output/tremo_pwr.o
 .debug_aranges
                0x000003a0      0x178 ./output/tremo_rcc.o
 .debug_aranges
                0x00000518      0x120 ./output/tremo_rtc.o
 .debug_aranges
                0x00000638       0x28 ./output/tremo_system.o
 .debug_aranges
                0x00000660       0x98 ./output/tremo_uart.o
 .debug_aranges
                0x000006f8       0x80 ./output/main.o
 .debug_aranges
                0x00000778       0x70 ./output/tremo_it.o
 .debug_aranges
                0x000007e8       0x38 ./output/lora_app.o
 .debug_aranges
                0x00000820       0xd0 ./output/command.o
 .debug_aranges
                0x000008f0       0x78 ./output/rtc-board.o
 .debug_aranges
                0x00000968       0xd0 ./output/sx1262-board.o
 .debug_aranges
                0x00000a38       0x70 ./output/utilities.o
 .debug_aranges
                0x00000aa8      0x148 ./output/radio.o
 .debug_aranges
                0x00000bf0      0x198 ./output/sx126x.o
 .debug_aranges
                0x00000d88       0x28 ./output/delay.o
 .debug_aranges
                0x00000db0       0xc0 ./output/timer.o

.debug_ranges   0x00000000     0x17b0
 .debug_ranges  0x00000000      0x200 ./output/printf-stdarg.o
 .debug_ranges  0x00000200       0x20 ./output/startup_cm4.o
 .debug_ranges  0x00000220       0x70 ./output/system_cm4.o
 .debug_ranges  0x00000290       0x58 ./output/tremo_delay.o
 .debug_ranges  0x000002e8      0x150 ./output/tremo_dma.o
 .debug_ranges  0x00000438       0x80 ./output/tremo_flash.o
 .debug_ranges  0x000004b8       0x68 ./output/tremo_gpio.o
 .debug_ranges  0x00000520       0x60 ./output/tremo_iwdg.o
 .debug_ranges  0x00000580       0x80 ./output/tremo_lpuart.o
 .debug_ranges  0x00000600       0x60 ./output/tremo_pwr.o
 .debug_ranges  0x00000660      0x180 ./output/tremo_rcc.o
 .debug_ranges  0x000007e0      0x140 ./output/tremo_rtc.o
 .debug_ranges  0x00000920       0x18 ./output/tremo_system.o
 .debug_ranges  0x00000938       0x88 ./output/tremo_uart.o
 .debug_ranges  0x000009c0      0x1b8 ./output/main.o
 .debug_ranges  0x00000b78       0x78 ./output/tremo_it.o
 .debug_ranges  0x00000bf0       0x28 ./output/lora_app.o
 .debug_ranges  0x00000c18      0x290 ./output/command.o
 .debug_ranges  0x00000ea8      0x158 ./output/rtc-board.o
 .debug_ranges  0x00001000      0x188 ./output/sx1262-board.o
 .debug_ranges  0x00001188       0xd8 ./output/utilities.o
 .debug_ranges  0x00001260      0x198 ./output/radio.o
 .debug_ranges  0x000013f8      0x1e8 ./output/sx126x.o
 .debug_ranges  0x000015e0       0x30 ./output/delay.o
 .debug_ranges  0x00001610      0x1a0 ./output/timer.o

.debug_line     0x00000000     0xdb0d
 .debug_line    0x00000000     0x130d ./output/printf-stdarg.o
 .debug_line    0x0000130d       0x81 ./output/startup_cm4.o
 .debug_line    0x0000138e      0x24f ./output/system_cm4.o
 .debug_line    0x000015dd      0x271 ./output/tremo_delay.o
 .debug_line    0x0000184e     0x1790 ./output/tremo_dma.o
 .debug_line    0x00002fde      0x62c ./output/tremo_flash.o
 .debug_line    0x0000360a      0x5a3 ./output/tremo_gpio.o
 .debug_line    0x00003bad      0x3d1 ./output/tremo_iwdg.o
 .debug_line    0x00003f7e      0x5a4 ./output/tremo_lpuart.o
 .debug_line    0x00004522      0x3c7 ./output/tremo_pwr.o
 .debug_line    0x000048e9     0x1184 ./output/tremo_rcc.o
 .debug_line    0x00005a6d      0xda7 ./output/tremo_rtc.o
 .debug_line    0x00006814      0x1d0 ./output/tremo_system.o
 .debug_line    0x000069e4      0x6ba ./output/tremo_uart.o
 .debug_line    0x0000709e      0xcc5 ./output/main.o
 .debug_line    0x00007d63      0x263 ./output/tremo_it.o
 .debug_line    0x00007fc6      0x71c ./output/lora_app.o
 .debug_line    0x000086e2     0x14cc ./output/command.o
 .debug_line    0x00009bae      0x633 ./output/rtc-board.o
 .debug_line    0x0000a1e1      0x88d ./output/sx1262-board.o
 .debug_line    0x0000aa6e      0x40b ./output/utilities.o
 .debug_line    0x0000ae79      0xffc ./output/radio.o
 .debug_line    0x0000be75      0xf1e ./output/sx126x.o
 .debug_line    0x0000cd93      0x155 ./output/delay.o
 .debug_line    0x0000cee8      0xc25 ./output/timer.o

.debug_str      0x00000000     0x6d40
 .debug_str     0x00000000      0xdd3 ./output/printf-stdarg.o
                                0xed4 (size before relaxing)
 .debug_str     0x00000dd3       0x34 ./output/startup_cm4.o
                                 0x6a (size before relaxing)
 .debug_str     0x00000e07      0x409 ./output/system_cm4.o
                                0x655 (size before relaxing)
 .debug_str     0x00001210       0xce ./output/tremo_delay.o
                                0x607 (size before relaxing)
 .debug_str     0x000012de      0x637 ./output/tremo_dma.o
                               0x100f (size before relaxing)
 .debug_str     0x00001915       0xc5 ./output/tremo_flash.o
                                0x7c9 (size before relaxing)
 .debug_str     0x000019da      0x321 ./output/tremo_gpio.o
                                0x8ed (size before relaxing)
 .debug_str     0x00001cfb      0x186 ./output/tremo_iwdg.o
                                0x753 (size before relaxing)
 .debug_str     0x00001e81      0x6a1 ./output/tremo_lpuart.o
                               0x107a (size before relaxing)
 .debug_str     0x00002522       0xd2 ./output/tremo_pwr.o
                                0x6c4 (size before relaxing)
 .debug_str     0x000025f4      0xe66 ./output/tremo_rcc.o
                               0x155e (size before relaxing)
 .debug_str     0x0000345a      0x86d ./output/tremo_rtc.o
                               0x12ca (size before relaxing)
 .debug_str     0x00003cc7       0x66 ./output/tremo_system.o
                                0x3c2 (size before relaxing)
 .debug_str     0x00003d2d      0x3df ./output/tremo_uart.o
                                0xfab (size before relaxing)
 .debug_str     0x0000410c      0x6de ./output/main.o
                               0x1c0c (size before relaxing)
 .debug_str     0x000047ea      0x15b ./output/tremo_it.o
                                0x4a7 (size before relaxing)
 .debug_str     0x00004945       0xdf ./output/lora_app.o
                                0x925 (size before relaxing)
 .debug_str     0x00004a24      0x910 ./output/command.o
                               0x1529 (size before relaxing)
 .debug_str     0x00005334      0x2e4 ./output/rtc-board.o
                               0x13ac (size before relaxing)
 .debug_str     0x00005618      0x615 ./output/sx1262-board.o
                               0x19a2 (size before relaxing)
 .debug_str     0x00005c2d       0xa3 ./output/utilities.o
                                0x6fc (size before relaxing)
 .debug_str     0x00005cd0      0x906 ./output/radio.o
                               0x1bca (size before relaxing)
 .debug_str     0x000065d6      0x4f1 ./output/sx126x.o
                               0x1ed4 (size before relaxing)
 .debug_str     0x00006ac7       0x2f ./output/delay.o
                                0x255 (size before relaxing)
 .debug_str     0x00006af6      0x24a ./output/timer.o
                               0x139b (size before relaxing)

.comment        0x00000000       0x4c
 .comment       0x00000000       0x4c ./output/printf-stdarg.o
                                 0x4d (size before relaxing)
 .comment       0x0000004c       0x4d ./output/system_cm4.o
 .comment       0x0000004c       0x4d ./output/tremo_delay.o
 .comment       0x0000004c       0x4d ./output/tremo_dma.o
 .comment       0x0000004c       0x4d ./output/tremo_flash.o
 .comment       0x0000004c       0x4d ./output/tremo_gpio.o
 .comment       0x0000004c       0x4d ./output/tremo_iwdg.o
 .comment       0x0000004c       0x4d ./output/tremo_lpuart.o
 .comment       0x0000004c       0x4d ./output/tremo_pwr.o
 .comment       0x0000004c       0x4d ./output/tremo_rcc.o
 .comment       0x0000004c       0x4d ./output/tremo_rtc.o
 .comment       0x0000004c       0x4d ./output/tremo_system.o
 .comment       0x0000004c       0x4d ./output/tremo_uart.o
 .comment       0x0000004c       0x4d ./output/main.o
 .comment       0x0000004c       0x4d ./output/tremo_it.o
 .comment       0x0000004c       0x4d ./output/lora_app.o
 .comment       0x0000004c       0x4d ./output/command.o
 .comment       0x0000004c       0x4d ./output/rtc-board.o
 .comment       0x0000004c       0x4d ./output/sx1262-board.o
 .comment       0x0000004c       0x4d ./output/utilities.o
 .comment       0x0000004c       0x4d ./output/radio.o
 .comment       0x0000004c       0x4d ./output/sx126x.o
 .comment       0x0000004c       0x4d ./output/delay.o
 .comment       0x0000004c       0x4d ./output/timer.o

.debug_frame    0x00000000     0x2ca8
 .debug_frame   0x00000000      0x2f8 ./output/printf-stdarg.o
 .debug_frame   0x000002f8       0x3c ./output/system_cm4.o
 .debug_frame   0x00000334       0x54 ./output/tremo_delay.o
 .debug_frame   0x00000388      0x13c ./output/tremo_dma.o
 .debug_frame   0x000004c4       0x98 ./output/tremo_flash.o
 .debug_frame   0x0000055c      0x10c ./output/tremo_gpio.o
 .debug_frame   0x00000668      0x10c ./output/tremo_iwdg.o
 .debug_frame   0x00000774      0x13c ./output/tremo_lpuart.o
 .debug_frame   0x000008b0       0xa8 ./output/tremo_pwr.o
 .debug_frame   0x00000958      0x2d8 ./output/tremo_rcc.o
 .debug_frame   0x00000c30      0x318 ./output/tremo_rtc.o
 .debug_frame   0x00000f48       0x30 ./output/tremo_system.o
 .debug_frame   0x00000f78      0x138 ./output/tremo_uart.o
 .debug_frame   0x000010b0      0x184 ./output/main.o
 .debug_frame   0x00001234      0x120 ./output/tremo_it.o
 .debug_frame   0x00001354       0xb8 ./output/lora_app.o
 .debug_frame   0x0000140c      0x2e4 ./output/command.o
 .debug_frame   0x000016f0      0x15c ./output/rtc-board.o
 .debug_frame   0x0000184c      0x254 ./output/sx1262-board.o
 .debug_frame   0x00001aa0       0xe4 ./output/utilities.o
 .debug_frame   0x00001b84      0x3f8 ./output/radio.o
 .debug_frame   0x00001f7c      0x4c0 ./output/sx126x.o
 .debug_frame   0x0000243c       0x30 ./output/delay.o
 .debug_frame   0x0000246c      0x23c ./output/timer.o
 .debug_frame   0x000026a8       0xac d:/keil/arm/armgcc/bin/../lib/gcc/arm-none-eabi/9.3.1/thumb/v7e-m/nofp\libgcc.a(_arm_addsubdf3.o)
 .debug_frame   0x00002754       0x50 d:/keil/arm/armgcc/bin/../lib/gcc/arm-none-eabi/9.3.1/thumb/v7e-m/nofp\libgcc.a(_arm_muldivdf3.o)
 .debug_frame   0x000027a4       0xc4 d:/keil/arm/armgcc/bin/../lib/gcc/arm-none-eabi/9.3.1/thumb/v7e-m/nofp\libgcc.a(_arm_cmpdf2.o)
 .debug_frame   0x00002868       0x24 d:/keil/arm/armgcc/bin/../lib/gcc/arm-none-eabi/9.3.1/thumb/v7e-m/nofp\libgcc.a(_arm_fixdfsi.o)
 .debug_frame   0x0000288c       0x24 d:/keil/arm/armgcc/bin/../lib/gcc/arm-none-eabi/9.3.1/thumb/v7e-m/nofp\libgcc.a(_arm_fixunsdfsi.o)
 .debug_frame   0x000028b0       0x2c d:/keil/arm/armgcc/bin/../lib/gcc/arm-none-eabi/9.3.1/thumb/v7e-m/nofp\libgcc.a(_aeabi_uldivmod.o)
 .debug_frame   0x000028dc       0x2c d:/keil/arm/armgcc/bin/../lib/gcc/arm-none-eabi/9.3.1/thumb/v7e-m/nofp\libgcc.a(_fixunsdfdi.o)
 .debug_frame   0x00002908       0x34 d:/keil/arm/armgcc/bin/../lib/gcc/arm-none-eabi/9.3.1/thumb/v7e-m/nofp\libgcc.a(_udivmoddi4.o)
 .debug_frame   0x0000293c       0x2c d:/keil/arm/armgcc/bin/../lib/gcc/arm-none-eabi/9.3.1/../../../../arm-none-eabi/lib/thumb/v7e-m/nofp\libc.a(lib_a-init.o)
 .debug_frame   0x00002968       0x38 d:/keil/arm/armgcc/bin/../lib/gcc/arm-none-eabi/9.3.1/../../../../arm-none-eabi/lib/thumb/v7e-m/nofp\libc.a(lib_a-memset.o)
 .debug_frame   0x000029a0       0x58 d:/keil/arm/armgcc/bin/../lib/gcc/arm-none-eabi/9.3.1/../../../../arm-none-eabi/lib/thumb/v7e-m/nofp\libc.a(lib_a-strncmp.o)
 .debug_frame   0x000029f8       0x20 d:/keil/arm/armgcc/bin/../lib/gcc/arm-none-eabi/9.3.1/../../../../arm-none-eabi/lib/thumb/v7e-m/nofp\libc.a(lib_a-strtok.o)
 .debug_frame   0x00002a18       0x5c d:/keil/arm/armgcc/bin/../lib/gcc/arm-none-eabi/9.3.1/../../../../arm-none-eabi/lib/thumb/v7e-m/nofp\libc.a(lib_a-strtok_r.o)
 .debug_frame   0x00002a74       0x80 d:/keil/arm/armgcc/bin/../lib/gcc/arm-none-eabi/9.3.1/../../../../arm-none-eabi/lib/thumb/v7e-m/nofp\libc.a(lib_a-strtol.o)
 .debug_frame   0x00002af4       0x5c d:/keil/arm/armgcc/bin/../lib/gcc/arm-none-eabi/9.3.1/../../../../arm-none-eabi/lib/thumb/v7e-m/nofp\libc.a(lib_a-__call_atexit.o)
 .debug_frame   0x00002b50       0x20 d:/keil/arm/armgcc/bin/../lib/gcc/arm-none-eabi/9.3.1/../../../../arm-none-eabi/lib/thumb/v7e-m/nofp\libc.a(lib_a-atexit.o)
 .debug_frame   0x00002b70       0x20 d:/keil/arm/armgcc/bin/../lib/gcc/arm-none-eabi/9.3.1/../../../../arm-none-eabi/lib/thumb/v7e-m/nofp\libc.a(lib_a-errno.o)
 .debug_frame   0x00002b90       0x34 d:/keil/arm/armgcc/bin/../lib/gcc/arm-none-eabi/9.3.1/../../../../arm-none-eabi/lib/thumb/v7e-m/nofp\libc.a(lib_a-fini.o)
 .debug_frame   0x00002bc4       0xb0 d:/keil/arm/armgcc/bin/../lib/gcc/arm-none-eabi/9.3.1/../../../../arm-none-eabi/lib/thumb/v7e-m/nofp\libc.a(lib_a-lock.o)
 .debug_frame   0x00002c74       0x34 d:/keil/arm/armgcc/bin/../lib/gcc/arm-none-eabi/9.3.1/../../../../arm-none-eabi/lib/thumb/v7e-m/nofp\libc.a(lib_a-__atexit.o)
