Archive member included to satisfy reference by file (symbol)

d:/keil_v5/arm/gcc-arm-none-eabi-5_4-2016q3-20160926-win32/bin/../lib/gcc/arm-none-eabi/5.4.1/armv7e-m\libgcc.a(_arm_addsubdf3.o)
                              ./output/printf-stdarg.o (__aeabi_dsub)
d:/keil_v5/arm/gcc-arm-none-eabi-5_4-2016q3-20160926-win32/bin/../lib/gcc/arm-none-eabi/5.4.1/armv7e-m\libgcc.a(_arm_muldivdf3.o)
                              ./output/printf-stdarg.o (__aeabi_dmul)
d:/keil_v5/arm/gcc-arm-none-eabi-5_4-2016q3-20160926-win32/bin/../lib/gcc/arm-none-eabi/5.4.1/armv7e-m\libgcc.a(_arm_cmpdf2.o)
                              ./output/printf-stdarg.o (__aeabi_dcmpeq)
d:/keil_v5/arm/gcc-arm-none-eabi-5_4-2016q3-20160926-win32/bin/../lib/gcc/arm-none-eabi/5.4.1/armv7e-m\libgcc.a(_arm_fixdfsi.o)
                              ./output/printf-stdarg.o (__aeabi_d2iz)
d:/keil_v5/arm/gcc-arm-none-eabi-5_4-2016q3-20160926-win32/bin/../lib/gcc/arm-none-eabi/5.4.1/armv7e-m\libgcc.a(_arm_fixunsdfsi.o)
                              ./output/printf-stdarg.o (__aeabi_d2uiz)
d:/keil_v5/arm/gcc-arm-none-eabi-5_4-2016q3-20160926-win32/bin/../lib/gcc/arm-none-eabi/5.4.1/armv7e-m\libgcc.a(_aeabi_uldivmod.o)
                              ./output/printf-stdarg.o (__aeabi_uldivmod)
d:/keil_v5/arm/gcc-arm-none-eabi-5_4-2016q3-20160926-win32/bin/../lib/gcc/arm-none-eabi/5.4.1/armv7e-m\libgcc.a(_fixunsdfdi.o)
                              ./output/rtc-board.o (__aeabi_d2ulz)
d:/keil_v5/arm/gcc-arm-none-eabi-5_4-2016q3-20160926-win32/bin/../lib/gcc/arm-none-eabi/5.4.1/armv7e-m\libgcc.a(_udivmoddi4.o)
                              d:/keil_v5/arm/gcc-arm-none-eabi-5_4-2016q3-20160926-win32/bin/../lib/gcc/arm-none-eabi/5.4.1/armv7e-m\libgcc.a(_aeabi_uldivmod.o) (__udivmoddi4)
d:/keil_v5/arm/gcc-arm-none-eabi-5_4-2016q3-20160926-win32/bin/../lib/gcc/arm-none-eabi/5.4.1/armv7e-m\libgcc.a(_dvmd_tls.o)
                              d:/keil_v5/arm/gcc-arm-none-eabi-5_4-2016q3-20160926-win32/bin/../lib/gcc/arm-none-eabi/5.4.1/armv7e-m\libgcc.a(_aeabi_uldivmod.o) (__aeabi_ldiv0)
d:/keil_v5/arm/gcc-arm-none-eabi-5_4-2016q3-20160926-win32/bin/../lib/gcc/arm-none-eabi/5.4.1/../../../../arm-none-eabi/lib/armv7e-m\libc.a(lib_a-exit.o)
                              d:/keil_v5/arm/gcc-arm-none-eabi-5_4-2016q3-20160926-win32/bin/../lib/gcc/arm-none-eabi/5.4.1/../../../../arm-none-eabi/lib/armv7e-m/crt0.o (exit)
d:/keil_v5/arm/gcc-arm-none-eabi-5_4-2016q3-20160926-win32/bin/../lib/gcc/arm-none-eabi/5.4.1/../../../../arm-none-eabi/lib/armv7e-m\libc.a(lib_a-impure.o)
                              d:/keil_v5/arm/gcc-arm-none-eabi-5_4-2016q3-20160926-win32/bin/../lib/gcc/arm-none-eabi/5.4.1/../../../../arm-none-eabi/lib/armv7e-m\libc.a(lib_a-exit.o) (_global_impure_ptr)
d:/keil_v5/arm/gcc-arm-none-eabi-5_4-2016q3-20160926-win32/bin/../lib/gcc/arm-none-eabi/5.4.1/../../../../arm-none-eabi/lib/armv7e-m\libc.a(lib_a-init.o)
                              d:/keil_v5/arm/gcc-arm-none-eabi-5_4-2016q3-20160926-win32/bin/../lib/gcc/arm-none-eabi/5.4.1/../../../../arm-none-eabi/lib/armv7e-m/crt0.o (__libc_init_array)
d:/keil_v5/arm/gcc-arm-none-eabi-5_4-2016q3-20160926-win32/bin/../lib/gcc/arm-none-eabi/5.4.1/../../../../arm-none-eabi/lib/armv7e-m\libc.a(lib_a-memset.o)
                              d:/keil_v5/arm/gcc-arm-none-eabi-5_4-2016q3-20160926-win32/bin/../lib/gcc/arm-none-eabi/5.4.1/../../../../arm-none-eabi/lib/armv7e-m/crt0.o (memset)
d:/keil_v5/arm/gcc-arm-none-eabi-5_4-2016q3-20160926-win32/bin/../lib/gcc/arm-none-eabi/5.4.1/../../../../arm-none-eabi/lib/armv7e-m\libc.a(lib_a-strlen.o)
                              ./output/main.o (strlen)
d:/keil_v5/arm/gcc-arm-none-eabi-5_4-2016q3-20160926-win32/bin/../lib/gcc/arm-none-eabi/5.4.1/../../../../arm-none-eabi/lib/armv7e-m\libc.a(lib_a-strncmp.o)
                              ./output/command.o (strncmp)
d:/keil_v5/arm/gcc-arm-none-eabi-5_4-2016q3-20160926-win32/bin/../lib/gcc/arm-none-eabi/5.4.1/../../../../arm-none-eabi/lib/armv7e-m\libc.a(lib_a-strtok.o)
                              ./output/command.o (strtok)
d:/keil_v5/arm/gcc-arm-none-eabi-5_4-2016q3-20160926-win32/bin/../lib/gcc/arm-none-eabi/5.4.1/../../../../arm-none-eabi/lib/armv7e-m\libc.a(lib_a-strtok_r.o)
                              d:/keil_v5/arm/gcc-arm-none-eabi-5_4-2016q3-20160926-win32/bin/../lib/gcc/arm-none-eabi/5.4.1/../../../../arm-none-eabi/lib/armv7e-m\libc.a(lib_a-strtok.o) (__strtok_r)
d:/keil_v5/arm/gcc-arm-none-eabi-5_4-2016q3-20160926-win32/bin/../lib/gcc/arm-none-eabi/5.4.1/../../../../arm-none-eabi/lib/armv7e-m\libc.a(lib_a-strtol.o)
                              ./output/command.o (strtol)
d:/keil_v5/arm/gcc-arm-none-eabi-5_4-2016q3-20160926-win32/bin/../lib/gcc/arm-none-eabi/5.4.1/../../../../arm-none-eabi/lib/armv7e-m\libc.a(lib_a-__call_atexit.o)
[...]
Memory Configuration

Name             Origin             Length             Attributes
FLASH            0x0800d000         0x00040000         xr
RAM              0x20000000         0x00010000         xrw
*default*        0x00000000         0xffffffff

Linker script and memory map

LOAD d:/keil_v5/arm/gcc-arm-none-eabi-5_4-2016q3-20160926-win32/bin/../lib/gcc/arm-none-eabi/5.4.1/armv7e-m/crti.o
LOAD d:/keil_v5/arm/gcc-arm-none-eabi-5_4-2016q3-20160926-win32/bin/../lib/gcc/arm-none-eabi/5.4.1/armv7e-m/crtbegin.o
LOAD d:/keil_v5/arm/gcc-arm-none-eabi-5_4-2016q3-20160926-win32/bin/../lib/gcc/arm-none-eabi/5.4.1/../../../../arm-none-eabi/lib/armv7e-m/crt0.o
LOAD ./output/printf-stdarg.o
LOAD ./output/startup_cm4.o
LOAD ./output/system_cm4.o
LOAD ./output/tremo_adc.o
LOAD ./output/tremo_bstimer.o
LOAD ./output/tremo_crc.o
LOAD ./output/tremo_dac.o
LOAD ./output/tremo_delay.o
LOAD ./output/tremo_dma.o
LOAD ./output/tremo_flash.o
LOAD ./output/tremo_gpio.o
LOAD ./output/tremo_i2c.o
LOAD ./output/tremo_i2s.o
LOAD ./output/tremo_iwdg.o
LOAD ./output/tremo_lcd.o
LOAD ./output/tremo_lptimer.o
LOAD ./output/tremo_lpuart.o
LOAD ./output/tremo_pwr.o
LOAD ./output/tremo_rcc.o
LOAD ./output/tremo_rtc.o
LOAD ./output/tremo_spi.o
LOAD ./output/tremo_system.o
LOAD ./output/tremo_timer.o
LOAD ./output/tremo_uart.o
LOAD ./output/tremo_wdg.o
LOAD ./output/bsp.o
LOAD ./output/flash_eraseprogram.o
LOAD ./output/main.o
LOAD ./output/tremo_it.o
LOAD ./output/lora_app.o
LOAD ./output/command.o
LOAD ./output/rtc-board.o
LOAD ./output/sx1262-board.o
LOAD ./output/utilities.o
LOAD ./output/radio.o
LOAD ./output/sx126x.o
LOAD ./output/delay.o
LOAD ./output/timer.o
LOAD ./output/aes.o
LOAD ./output/cmac.o
START GROUP
LOAD d:/keil_v5/arm/gcc-arm-none-eabi-5_4-2016q3-20160926-win32/bin/../lib/gcc/arm-none-eabi/5.4.1/armv7e-m\libgcc.a
LOAD d:/keil_v5/arm/gcc-arm-none-eabi-5_4-2016q3-20160926-win32/bin/../lib/gcc/arm-none-eabi/5.4.1/../../../../arm-none-eabi/lib/armv7e-m\libc.a
END GROUP
LOAD d:/keil_v5/arm/gcc-arm-none-eabi-5_4-2016q3-20160926-win32/bin/../lib/gcc/arm-none-eabi/5.4.1/armv7e-m/crtend.o
LOAD d:/keil_v5/arm/gcc-arm-none-eabi-5_4-2016q3-20160926-win32/bin/../lib/gcc/arm-none-eabi/5.4.1/armv7e-m/crtn.o
                0x2000f000                _estack = 0x2000f000
                0x00001000                _HEAP_SIZE = 0x1000
                0x00001000                _STACK_SIZE = 0x1000

.isr_vector     0x0800d000       0xd4
                0x0800d000                . = ALIGN (0x4)
 *(.isr_vector)
 .isr_vector    0x0800d000       0xd4 ./output/startup_cm4.o
                0x0800d000                g_pfnVectors
                0x0800d0d4                . = ALIGN (0x4)

.text           0x0800d100     0x8310
                0x0800d100                . = ALIGN (0x4)
 *(.text)
 .text          0x0800d100       0x5c d:/keil_v5/arm/gcc-arm-none-eabi-5_4-2016q3-20160926-win32/bin/../lib/gcc/arm-none-eabi/5.4.1/armv7e-m/crtbegin.o
 .text          0x0800d15c      0x370 d:/keil_v5/arm/gcc-arm-none-eabi-5_4-2016q3-20160926-win32/bin/../lib/gcc/arm-none-eabi/5.4.1/armv7e-m\libgcc.a(_arm_addsubdf3.o)
                0x0800d15c                __aeabi_drsub
                0x0800d164                __aeabi_dsub
                0x0800d164                __subdf3
                0x0800d168                __aeabi_dadd
                0x0800d168                __adddf3
                0x0800d3e0                __floatunsidf
                0x0800d3e0                __aeabi_ui2d
                0x0800d400                __floatsidf
                0x0800d400                __aeabi_i2d
                0x0800d424                __aeabi_f2d
                0x0800d424                __extendsfdf2
                0x0800d460                __floatundidf
                0x0800d460                __aeabi_ul2d
                0x0800d470                __floatdidf
                0x0800d470                __aeabi_l2d
 .text          0x0800d4cc      0x424 d:/keil_v5/arm/gcc-arm-none-eabi-5_4-2016q3-20160926-win32/bin/../lib/gcc/arm-none-eabi/5.4.1/armv7e-m\libgcc.a(_arm_muldivdf3.o)
                0x0800d4cc                __aeabi_dmul
                0x0800d4cc                __muldf3
                0x0800d720                __divdf3
                0x0800d720                __aeabi_ddiv
 .text          0x0800d8f0      0x110 d:/keil_v5/arm/gcc-arm-none-eabi-5_4-2016q3-20160926-win32/bin/../lib/gcc/arm-none-eabi/5.4.1/armv7e-m\libgcc.a(_arm_cmpdf2.o)
                0x0800d8f0                __gtdf2
                0x0800d8f0                __gedf2
                0x0800d8f8                __ltdf2
                0x0800d8f8                __ledf2
                0x0800d900                __nedf2
                0x0800d900                __eqdf2
                0x0800d900                __cmpdf2
                0x0800d97c                __aeabi_cdrcmple
                0x0800d98c                __aeabi_cdcmpeq
                0x0800d98c                __aeabi_cdcmple
                0x0800d99c                __aeabi_dcmpeq
                0x0800d9b0                __aeabi_dcmplt
                0x0800d9c4                __aeabi_dcmple
                0x0800d9d8                __aeabi_dcmpge
                0x0800d9ec                __aeabi_dcmpgt
 .text          0x0800da00       0x50 d:/keil_v5/arm/gcc-arm-none-eabi-5_4-2016q3-20160926-win32/bin/../lib/gcc/arm-none-eabi/5.4.1/armv7e-m\libgcc.a(_arm_fixdfsi.o)
                0x0800da00                __aeabi_d2iz
                0x0800da00                __fixdfsi
 .text          0x0800da50       0x40 d:/keil_v5/arm/gcc-arm-none-eabi-5_4-2016q3-20160926-win32/bin/../lib/gcc/arm-none-eabi/5.4.1/armv7e-m\libgcc.a(_arm_fixunsdfsi.o)
                0x0800da50                __aeabi_d2uiz
                0x0800da50                __fixunsdfsi
 .text          0x0800da90       0x30 d:/keil_v5/arm/gcc-arm-none-eabi-5_4-2016q3-20160926-win32/bin/../lib/gcc/arm-none-eabi/5.4.1/armv7e-m\libgcc.a(_aeabi_uldivmod.o)
                0x0800da90                __aeabi_uldivmod
 .text          0x0800dac0       0x48 d:/keil_v5/arm/gcc-arm-none-eabi-5_4-2016q3-20160926-win32/bin/../lib/gcc/arm-none-eabi/5.4.1/armv7e-m\libgcc.a(_fixunsdfdi.o)
                0x0800dac0                __fixunsdfdi
                0x0800dac0                __aeabi_d2ulz
 .text          0x0800db08      0x2e4 d:/keil_v5/arm/gcc-arm-none-eabi-5_4-2016q3-20160926-win32/bin/../lib/gcc/arm-none-eabi/5.4.1/armv7e-m\libgcc.a(_udivmoddi4.o)
                0x0800db08                __udivmoddi4
 .text          0x0800ddec        0x4 d:/keil_v5/arm/gcc-arm-none-eabi-5_4-2016q3-20160926-win32/bin/../lib/gcc/arm-none-eabi/5.4.1/armv7e-m\libgcc.a(_dvmd_tls.o)
                0x0800ddec                __aeabi_idiv0
                0x0800ddec                __aeabi_ldiv0
 *fill*         0x0800ddf0       0x10 
 .text          0x0800de00       0xdc d:/keil_v5/arm/gcc-arm-none-eabi-5_4-2016q3-20160926-win32/bin/../lib/gcc/arm-none-eabi/5.4.1/../../../../arm-none-eabi/lib/armv7e-m\libc.a(lib_a-strlen.o)
                0x0800de00                strlen
 *(.text*)
 .text._out_buffer
                0x0800dedc        0x8 ./output/printf-stdarg.o
 .text._out_null
                0x0800dee4        0x2 ./output/printf-stdarg.o
 *fill*         0x0800dee6        0x2 
 .text._out_char
                0x0800dee8       0x2c ./output/printf-stdarg.o
 .text._out_rev
                0x0800df14       0x82 ./output/printf-stdarg.o
 .text._ntoa_format
                0x0800df96      0x116 ./output/printf-stdarg.o
 .text._ntoa_long
                0x0800e0ac       0x80 ./output/printf-stdarg.o
 .text._ntoa_long_long
                0x0800e12c       0xac ./output/printf-stdarg.o
 .text.printf_dma_queue_pop.isra.0
                0x0800e1d8       0xb8 ./output/printf-stdarg.o
 .text._ftoa    0x0800e290      0x2dc ./output/printf-stdarg.o
 *fill*         0x0800e56c        0x4 
 .text._etoa    0x0800e570      0x380 ./output/printf-stdarg.o
 .text.printf_dma_done_callback
                0x0800e8f0       0x64 ./output/printf-stdarg.o
 .text._vsnprintf
                0x0800e954      0x51c ./output/printf-stdarg.o
 .text.print_isdone
                0x0800ee70       0x3c ./output/printf-stdarg.o
                0x0800ee70                print_isdone
 .text.__wrap_printf
                0x0800eeac       0xb4 ./output/printf-stdarg.o
                0x0800eeac                __wrap_printf
 .text.__wrap_snprintf
                0x0800ef60       0x28 ./output/printf-stdarg.o
                0x0800ef60                __wrap_snprintf
 .text.Reset_Handler
                0x0800ef88       0x48 ./output/startup_cm4.o
                0x0800ef88                Reset_Handler
 .text.Default_Handler
                0x0800efd0        0x2 ./output/startup_cm4.o
                0x0800efd0                SCC_IRQHandler
                0x0800efd0                TIMER2_IRQHandler
                0x0800efd0                EFC_IRQHandler
                0x0800efd0                I2C0_IRQHandler
                0x0800efd0                SAC_IRQHandler
                0x0800efd0                I2C1_IRQHandler
                0x0800efd0                UART1_IRQHandler
                0x0800efd0                BSTIMER0_IRQHandler
                0x0800efd0                TIMER3_IRQHandler
                0x0800efd0                SEC_IRQHandler
                0x0800efd0                WDG_IRQHandler
                0x0800efd0                LPTIMER1_IRQHandler
                0x0800efd0                LPTIMER0_IRQHandler
                0x0800efd0                SSP0_IRQHandler
                0x0800efd0                I2S_IRQHandler
                0x0800efd0                I2C2_IRQHandler
                0x0800efd0                TIMER0_IRQHandler
                0x0800efd0                LCD_IRQHandler
                0x0800efd0                TIMER1_IRQHandler
                0x0800efd0                UART2_IRQHandler
                0x0800efd0                Default_Handler
                0x0800efd0                ADC_IRQHandler
                0x0800efd0                SSP1_IRQHandler
                0x0800efd0                IWDG_IRQHandler
                0x0800efd0                SSP2_IRQHandler
                0x0800efd0                BSTIMER1_IRQHandler
                0x0800efd0                DAC_IRQHandler
                0x0800efd0                AFEC_IRQHandler
                0x0800efd0                UART3_IRQHandler
                0x0800efd0                QSPI_IRQHandler
 *fill*         0x0800efd2        0x2 
 .text.nvic_init
                0x0800efd4       0x24 ./output/system_cm4.o
                0x0800efd4                nvic_init
 .text.system_init
                0x0800eff8       0x44 ./output/system_cm4.o
                0x0800eff8                system_init
 .text.delay_init
                0x0800f03c       0x48 ./output/tremo_delay.o
                0x0800f03c                delay_init
 .text.delay_us
                0x0800f084       0x34 ./output/tremo_delay.o
                0x0800f084                delay_us
 .text.delay_ms
                0x0800f0b8        0xa ./output/tremo_delay.o
                0x0800f0b8                delay_ms
 .text.write32_bit_reg.part.1
                0x0800f0c2       0x1e ./output/tremo_dma.o
 .text.set_dma_mode
                0x0800f0e0      0x3b8 ./output/tremo_dma.o
 .text.dma0_IRQHandler
                0x0800f498       0x60 ./output/tremo_dma.o
                0x0800f498                dma0_IRQHandler
 .text.dma1_IRQHandler
                0x0800f4f8       0x60 ./output/tremo_dma.o
                0x0800f4f8                dma1_IRQHandler
 .text.dma_init
                0x0800f558      0x140 ./output/tremo_dma.o
                0x0800f558                dma_init
 .text.dma_ch_enable
                0x0800f698       0x5e ./output/tremo_dma.o
                0x0800f698                dma_ch_enable
 *fill*         0x0800f6f6        0x2 
 .text.dma_finalize
                0x0800f6f8      0x1f8 ./output/tremo_dma.o
                0x0800f6f8                dma_finalize
 .text.flash_erase_page
                0x0800f8f0       0x64 ./output/tremo_flash.o
                0x0800f8f0                flash_erase_page
 .text.flash_program_bytes
                0x0800f954       0xbc ./output/tremo_flash.o
                0x0800f954                flash_program_bytes
 .text.gpio_init
                0x0800fa10      0x148 ./output/tremo_gpio.o
                0x0800fa10                gpio_init
 .text.gpio_set_iomux
                0x0800fb58       0x50 ./output/tremo_gpio.o
                0x0800fb58                gpio_set_iomux
 .text.check_iwdg_sr_done
                0x0800fba8       0x14 ./output/tremo_iwdg.o
 .text.iwdg_init
                0x0800fbbc       0x4c ./output/tremo_iwdg.o
                0x0800fbbc                iwdg_init
 .text.iwdg_set_prescaler
                0x0800fc08       0x18 ./output/tremo_iwdg.o
                0x0800fc08                iwdg_set_prescaler
 .text.iwdg_set_reload
                0x0800fc20       0x1c ./output/tremo_iwdg.o
                0x0800fc20                iwdg_set_reload
 .text.iwdg_reload
                0x0800fc3c       0x20 ./output/tremo_iwdg.o
                0x0800fc3c                iwdg_reload
 .text.iwdg_start
                0x0800fc5c       0x1c ./output/tremo_iwdg.o
                0x0800fc5c                iwdg_start
 .text.lpuart_config_interrupt
                0x0800fc78       0x10 ./output/tremo_lpuart.o
                0x0800fc78                lpuart_config_interrupt
 .text.lpuart_config_rx
                0x0800fc88       0x26 ./output/tremo_lpuart.o
                0x0800fc88                lpuart_config_rx
 .text.lpuart_config_tx
                0x0800fcae       0x12 ./output/tremo_lpuart.o
                0x0800fcae                lpuart_config_tx
 .text.lpuart_get_rx_status
                0x0800fcc0       0x12 ./output/tremo_lpuart.o
                0x0800fcc0                lpuart_get_rx_status
 .text.lpuart_clear_rx_status
                0x0800fcd2       0x18 ./output/tremo_lpuart.o
                0x0800fcd2                lpuart_clear_rx_status
 .text.lpuart_get_rx_not_empty_status
                0x0800fcea        0x8 ./output/tremo_lpuart.o
                0x0800fcea                lpuart_get_rx_not_empty_status
 .text.lpuart_receive_data
                0x0800fcf2       0x10 ./output/tremo_lpuart.o
                0x0800fcf2                lpuart_receive_data
 *fill*         0x0800fd02        0x2 
 .text.lpuart_init
                0x0800fd04       0x88 ./output/tremo_lpuart.o
                0x0800fd04                lpuart_init
 .text.lpuart_deinit
                0x0800fd8c       0x2c ./output/tremo_lpuart.o
                0x0800fd8c                lpuart_deinit
 .text.deepsleep
                0x0800fdb8       0xc0 ./output/tremo_pwr.o
                0x0800fdb8                deepsleep
 .text.pwr_deepsleep_wfi
                0x0800fe78        0x6 ./output/tremo_pwr.o
                0x0800fe78                pwr_deepsleep_wfi
 *fill*         0x0800fe7e        0x2 
 .text.rcc_get_clk_freq
                0x0800fe80       0xa0 ./output/tremo_rcc.o
                0x0800fe80                rcc_get_clk_freq
 .text.rcc_set_iwdg_clk_source
                0x0800ff20       0x2a ./output/tremo_rcc.o
                0x0800ff20                rcc_set_iwdg_clk_source
 .text.rcc_get_uart0_clk_source
                0x0800ff4a        0xc ./output/tremo_rcc.o
                0x0800ff4a                rcc_get_uart0_clk_source
 .text.rcc_get_uart1_clk_source
                0x0800ff56        0xc ./output/tremo_rcc.o
                0x0800ff56                rcc_get_uart1_clk_source
 .text.rcc_get_uart2_clk_source
                0x0800ff62        0xc ./output/tremo_rcc.o
                0x0800ff62                rcc_get_uart2_clk_source
 .text.rcc_get_uart3_clk_source
                0x0800ff6e        0xc ./output/tremo_rcc.o
                0x0800ff6e                rcc_get_uart3_clk_source
 .text.rcc_get_lpuart_clk_source
                0x0800ff7a        0xc ./output/tremo_rcc.o
                0x0800ff7a                rcc_get_lpuart_clk_source
 .text.rcc_get_rtc_clk_source
                0x0800ff86        0xc ./output/tremo_rcc.o
                0x0800ff86                rcc_get_rtc_clk_source
 .text.rcc_enable_peripheral_clk
                0x0800ff92      0x4d8 ./output/tremo_rcc.o
                0x0800ff92                rcc_enable_peripheral_clk
 *fill*         0x0801046a        0x2 
 .text.rcc_enable_oscillator
                0x0801046c      0x108 ./output/tremo_rcc.o
                0x0801046c                rcc_enable_oscillator
 .text.rcc_rst_peripheral
                0x08010574       0x54 ./output/tremo_rcc.o
                0x08010574                rcc_rst_peripheral
 .text.rtc_deinit
                0x080105c8       0x1e ./output/tremo_rtc.o
                0x080105c8                rtc_deinit
 *fill*         0x080105e6        0x2 
 .text.rtc_check_syn
                0x080105e8       0x18 ./output/tremo_rtc.o
                0x080105e8                rtc_check_syn
 .text.rtc_calendar_cmd
                0x08010600       0x20 ./output/tremo_rtc.o
                0x08010600                rtc_calendar_cmd
 .text.rtc_cyc_cmd
                0x08010620       0x20 ./output/tremo_rtc.o
                0x08010620                rtc_cyc_cmd
 .text.rtc_config_cyc_wakeup
                0x08010640       0x24 ./output/tremo_rtc.o
                0x08010640                rtc_config_cyc_wakeup
 .text.rtc_get_calendar
                0x08010664       0xd8 ./output/tremo_rtc.o
                0x08010664                rtc_get_calendar
 .text.rtc_set_status
                0x0801073c       0x34 ./output/tremo_rtc.o
                0x0801073c                rtc_set_status
 .text.rtc_get_status
                0x08010770       0x3c ./output/tremo_rtc.o
                0x08010770                rtc_get_status
 .text.rtc_config_interrupt
                0x080107ac       0x3c ./output/tremo_rtc.o
                0x080107ac                rtc_config_interrupt
 .text.rtc_config_cyc_max
                0x080107e8       0x14 ./output/tremo_rtc.o
                0x080107e8                rtc_config_cyc_max
 .text.system_reset
                0x080107fc       0x20 ./output/tremo_system.o
                0x080107fc                system_reset
 .text.uart_get_flag_status
                0x0801081c        0xc ./output/tremo_uart.o
                0x0801081c                uart_get_flag_status
 .text.uart_send_data
                0x08010828        0xa ./output/tremo_uart.o
                0x08010828                uart_send_data
 .text.uart_config_init
                0x08010832       0x1a ./output/tremo_uart.o
                0x08010832                uart_config_init
 .text.uart_cmd
                0x0801084c       0x12 ./output/tremo_uart.o
                0x0801084c                uart_cmd
 *fill*         0x0801085e        0x2 
 .text.uart_init
                0x08010860      0x14c ./output/tremo_uart.o
                0x08010860                uart_init
 .text.uart_dma_config
                0x080109ac       0x10 ./output/tremo_uart.o
                0x080109ac                uart_dma_config
 .text.test_OnTxDone
                0x080109bc       0x18 ./output/main.o
 .text.test_OnRxError
                0x080109d4       0x18 ./output/main.o
 .text.test_OnRxTimeout
                0x080109ec       0x18 ./output/main.o
 .text.test_OnTxTimeout
                0x08010a04       0x30 ./output/main.o
 .text.OnIWDGRefreshTimeoutEvent
                0x08010a34       0x24 ./output/main.o
 .text.OnTxTimerEvent
                0x08010a58       0x1c ./output/main.o
 .text.OnAckEvent
                0x08010a74       0x44 ./output/main.o
 .text.test_OnRxDone
                0x08010ab8      0x2c8 ./output/main.o
 .text.uart_log_init
                0x08010d80       0xb8 ./output/main.o
                0x08010d80                uart_log_init
 .text.uart_to_esp32_init
                0x08010e38       0x60 ./output/main.o
                0x08010e38                uart_to_esp32_init
 .text.board_init
                0x08010e98      0x104 ./output/main.o
                0x08010e98                board_init
 .text.lora_test_init
                0x08010f9c      0x264 ./output/main.o
                0x08010f9c                lora_test_init
 .text.startup.main
                0x08011200      0x418 ./output/main.o
                0x08011200                main
 .text.NMI_Handler
                0x08011618        0x2 ./output/tremo_it.o
                0x08011618                NMI_Handler
 .text.HardFault_Handler
                0x0801161a        0x2 ./output/tremo_it.o
                0x0801161a                HardFault_Handler
 .text.MemManage_Handler
                0x0801161c        0x2 ./output/tremo_it.o
                0x0801161c                MemManage_Handler
 .text.BusFault_Handler
                0x0801161e        0x2 ./output/tremo_it.o
                0x0801161e                BusFault_Handler
 .text.UsageFault_Handler
                0x08011620        0x2 ./output/tremo_it.o
                0x08011620                UsageFault_Handler
 .text.SVC_Handler
                0x08011622        0x2 ./output/tremo_it.o
                0x08011622                SVC_Handler
 .text.PendSV_Handler
                0x08011624        0x2 ./output/tremo_it.o
                0x08011624                PendSV_Handler
 .text.SysTick_Handler
                0x08011626        0x2 ./output/tremo_it.o
                0x08011626                SysTick_Handler
 .text.PWR_IRQHandler
                0x08011628        0x2 ./output/tremo_it.o
                0x08011628                PWR_IRQHandler
 .text.LORA_IRQHandler
                0x0801162a        0x4 ./output/tremo_it.o
                0x0801162a                LORA_IRQHandler
 .text.RTC_IRQHandler
                0x0801162e        0x4 ./output/tremo_it.o
                0x0801162e                RTC_IRQHandler
 .text.UART0_IRQHandler
                0x08011632        0x2 ./output/tremo_it.o
                0x08011632                UART0_IRQHandler
 .text.LPUART_IRQHandler
                0x08011634       0x2c ./output/tremo_it.o
                0x08011634                LPUART_IRQHandler
 .text.DMA0_IRQHandler
                0x08011660        0x4 ./output/tremo_it.o
                0x08011660                DMA0_IRQHandler
 .text.DMA1_IRQHandler
                0x08011664        0x4 ./output/tremo_it.o
                0x08011664                DMA1_IRQHandler
 .text.GPIO_IRQHandler
                0x08011668        0x2 ./output/tremo_it.o
                0x08011668                GPIO_IRQHandler
 *fill*         0x0801166a        0x2 
 .text.Printf_message
                0x0801166c      0x2f4 ./output/lora_app.o
                0x0801166c                Printf_message
 .text.Flash_Store_Config
                0x08011960      0x1b0 ./output/lora_app.o
                0x08011960                Flash_Store_Config
 .text.Flash_Read_Config
                0x08011b10      0x1dc ./output/lora_app.o
                0x08011b10                Flash_Read_Config
 .text.Data_init
                0x08011cec       0xf8 ./output/lora_app.o
                0x08011cec                Data_init
 .text.at_debug_func
                0x08011de4       0x4c ./output/command.o
 .text.at_waittime_func
                0x08011e30       0x6c ./output/command.o
 .text.at_rxdaform_func
                0x08011e9c       0x90 ./output/command.o
 .text.at_recv_func
                0x08011f2c       0xf0 ./output/command.o
 .text.at_send_func
                0x0801201c      0x170 ./output/command.o
 .text.at_rxmod_func
                0x0801218c       0xbc ./output/command.o
 .text.at_syncword_func
                0x08012248       0x9c ./output/command.o
 .text.at_Preamble_Length_func
                0x080122e4       0xac ./output/command.o
 .text.at_InvertIQ_func
                0x08012390       0xb4 ./output/command.o
 .text.at_Coding_Rate_func
                0x08012444       0xb0 ./output/command.o
 .text.at_Header_func
                0x080124f4       0xb4 ./output/command.o
 .text.at_CRC_func
                0x080125a8       0xb4 ./output/command.o
 .text.at_Power_Range_func
                0x0801265c       0x8c ./output/command.o
 .text.at_Spreading_Factor_func
                0x080126e8       0xb0 ./output/command.o
 .text.at_BandWidth_func
                0x08012798       0xbc ./output/command.o
 .text.at_group_func
                0x08012854       0xac ./output/command.o
 .text.at_frequency_func
                0x08012900       0xf4 ./output/command.o
 .text.at_fcd_func
                0x080129f4       0x64 ./output/command.o
 .text.at_fcu_func
                0x08012a58       0x64 ./output/command.o
 .text.at_fdr_func
                0x08012abc       0x6c ./output/command.o
 .text.at_reset_func
                0x08012b28       0x30 ./output/command.o
 .text.linkwan_serial_input
                0x08012b58       0x74 ./output/command.o
                0x08012b58                linkwan_serial_input
 .text.linkwan_serial_output
                0x08012bcc       0x20 ./output/command.o
                0x08012bcc                linkwan_serial_output
 .text.at_cfg_func
                0x08012bec       0xa4 ./output/command.o
 .text.linkwan_at_process
                0x08012c90      0x240 ./output/command.o
                0x08012c90                linkwan_at_process
 .text.linkwan_at_init
                0x08012ed0       0x1c ./output/command.o
                0x08012ed0                linkwan_at_init
 .text.RtcInit  0x08012eec       0x30 ./output/rtc-board.o
                0x08012eec                RtcInit
 .text.RtcSetTimeout
                0x08012f1c       0x88 ./output/rtc-board.o
                0x08012f1c                RtcSetTimeout
 .text.RtcStopTimeout
                0x08012fa4       0x14 ./output/rtc-board.o
                0x08012fa4                RtcStopTimeout
 .text.RtcGetTimerContext
                0x08012fb8        0xc ./output/rtc-board.o
                0x08012fb8                RtcGetTimerContext
 *fill*         0x08012fc4        0x4 
 .text.RtcGetTimerValue
                0x08012fc8      0x114 ./output/rtc-board.o
                0x08012fc8                RtcGetTimerValue
 .text.RtcSetTimerContext
                0x080130dc       0x14 ./output/rtc-board.o
                0x080130dc                RtcSetTimerContext
 .text.RtcGetElapsedTime
                0x080130f0       0x18 ./output/rtc-board.o
                0x080130f0                RtcGetElapsedTime
 .text.RtcEnterLowPowerStopMode
                0x08013108       0x20 ./output/rtc-board.o
                0x08013108                RtcEnterLowPowerStopMode
 .text.RtcOnIrq
                0x08013128       0x32 ./output/rtc-board.o
                0x08013128                RtcOnIrq
 .text.BoardDisableIrq
                0x0801315a        0x4 ./output/sx1262-board.o
                0x0801315a                BoardDisableIrq
 .text.BoardEnableIrq
                0x0801315e        0x4 ./output/sx1262-board.o
                0x0801315e                BoardEnableIrq
 *fill*         0x08013162        0x2 
 .text.SpiInOut
                0x08013164       0x1c ./output/sx1262-board.o
                0x08013164                SpiInOut
 .text.SX126xLoracInit
                0x08013180       0x5c ./output/sx1262-board.o
                0x08013180                SX126xLoracInit
 .text.SX126xGetBoardTcxoWakeupTime
                0x080131dc        0x4 ./output/sx1262-board.o
                0x080131dc                SX126xGetBoardTcxoWakeupTime
 .text.SX126xReset
                0x080131e0       0x40 ./output/sx1262-board.o
                0x080131e0                SX126xReset
 .text.SX126xWaitOnBusy
                0x08013220       0x18 ./output/sx1262-board.o
                0x08013220                SX126xWaitOnBusy
 .text.SX126xWakeup
                0x08013238       0x30 ./output/sx1262-board.o
                0x08013238                SX126xWakeup
 .text.SX126xWriteCommand
                0x08013268       0x50 ./output/sx1262-board.o
                0x08013268                SX126xWriteCommand
 .text.SX126xReadCommand
                0x080132b8       0x48 ./output/sx1262-board.o
                0x080132b8                SX126xReadCommand
 .text.SX126xWriteRegisters
                0x08013300       0x4c ./output/sx1262-board.o
                0x08013300                SX126xWriteRegisters
 .text.SX126xWriteRegister
                0x0801334c       0x16 ./output/sx1262-board.o
                0x0801334c                SX126xWriteRegister
 *fill*         0x08013362        0x2 
 .text.SX126xReadRegisters
                0x08013364       0x54 ./output/sx1262-board.o
                0x08013364                SX126xReadRegisters
 .text.SX126xReadRegister
                0x080133b8       0x16 ./output/sx1262-board.o
                0x080133b8                SX126xReadRegister
 *fill*         0x080133ce        0x2 
 .text.SX126xWriteBuffer
                0x080133d0       0x4c ./output/sx1262-board.o
                0x080133d0                SX126xWriteBuffer
 .text.SX126xReadBuffer
                0x0801341c       0x54 ./output/sx1262-board.o
                0x0801341c                SX126xReadBuffer
 .text.SX126xSetRfTxPower
                0x08013470        0x6 ./output/sx1262-board.o
                0x08013470                SX126xSetRfTxPower
 .text.SX126xGetPaSelect
                0x08013476        0x4 ./output/sx1262-board.o
                0x08013476                SX126xGetPaSelect
 *fill*         0x0801347a        0x2 
 .text.SX126xAntSwOn
                0x0801347c       0x10 ./output/sx1262-board.o
                0x0801347c                SX126xAntSwOn
 .text.SX126xAntSwOff
                0x0801348c       0x10 ./output/sx1262-board.o
                0x0801348c                SX126xAntSwOff
 .text.rand1    0x0801349c       0x28 ./output/utilities.o
                0x0801349c                rand1
 .text.RadioCheckRfFrequency
                0x080134c4        0x4 ./output/radio.o
                0x080134c4                RadioCheckRfFrequency
 .text.RadioOnTxTimeoutIrq
                0x080134c8       0x14 ./output/radio.o
                0x080134c8                RadioOnTxTimeoutIrq
 .text.RadioOnRxTimeoutIrq
                0x080134dc       0x14 ./output/radio.o
                0x080134dc                RadioOnRxTimeoutIrq
 .text.RadioStandby
                0x080134f0        0x6 ./output/radio.o
                0x080134f0                RadioStandby
 *fill*         0x080134f6        0x2 
 .text.RadioInit
                0x080134f8       0x6c ./output/radio.o
                0x080134f8                RadioInit
 .text.RadioGetStatus
                0x08013564       0x1c ./output/radio.o
                0x08013564                RadioGetStatus
 .text.RadioSetChannel
                0x08013580        0x4 ./output/radio.o
                0x08013580                RadioSetChannel
 .text.RadioRssi
                0x08013584        0x8 ./output/radio.o
                0x08013584                RadioRssi
 .text.RadioSyncWord
                0x0801358c       0x14 ./output/radio.o
                0x0801358c                RadioSyncWord
 .text.RadioRead
                0x080135a0        0x4 ./output/radio.o
                0x080135a0                RadioRead
 .text.RadioWrite
                0x080135a4        0x4 ./output/radio.o
                0x080135a4                RadioWrite
 .text.RadioSend
                0x080135a8       0x54 ./output/radio.o
                0x080135a8                RadioSend
 .text.RadioSleep
                0x080135fc       0x14 ./output/radio.o
                0x080135fc                RadioSleep
 .text.RadioSetRxDutyCycle
                0x08013610        0x4 ./output/radio.o
                0x08013610                RadioSetRxDutyCycle
 .text.RadioStartCad
                0x08013614       0x6c ./output/radio.o
                0x08013614                RadioStartCad
 .text.RadioSetTxContinuousWave
                0x08013680       0x4c ./output/radio.o
                0x08013680                RadioSetTxContinuousWave
 .text.RadioWriteBuffer
                0x080136cc        0x4 ./output/radio.o
                0x080136cc                RadioWriteBuffer
 .text.RadioReadBuffer
                0x080136d0        0x4 ./output/radio.o
                0x080136d0                RadioReadBuffer
 .text.RadioGetWakeupTime
                0x080136d4        0xa ./output/radio.o
                0x080136d4                RadioGetWakeupTime
 *fill*         0x080136de        0x2 
 .text.RadioOnCadTimeoutIrq
                0x080136e0       0x20 ./output/radio.o
                0x080136e0                RadioOnCadTimeoutIrq
 .text.RadioGetFskBandwidthRegValue
                0x08013700       0x38 ./output/radio.o
 .text.RadioSetMaxPayloadLength
                0x08013738       0x28 ./output/radio.o
                0x08013738                RadioSetMaxPayloadLength
 .text.RadioSetModem
                0x08013760       0x30 ./output/radio.o
                0x08013760                RadioSetModem
 .text.RadioSetPublicNetwork
                0x08013790       0x3c ./output/radio.o
                0x08013790                RadioSetPublicNetwork
 .text.RadioRandom
                0x080137cc       0x3a ./output/radio.o
                0x080137cc                RadioRandom
 *fill*         0x08013806        0x2 
 .text.RadioRx  0x08013808       0x44 ./output/radio.o
                0x08013808                RadioRx
 .text.RadioRxBoosted
                0x0801384c       0x40 ./output/radio.o
                0x0801384c                RadioRxBoosted
 .text.RadioIrqProcess
                0x0801388c      0x25c ./output/radio.o
                0x0801388c                RadioIrqProcess
 .text.RadioSymbTime
                0x08013ae8       0x2c ./output/radio.o
                0x08013ae8                RadioSymbTime
 *fill*         0x08013b14        0x4 
 .text.RadioSetRxConfig
                0x08013b18      0x21c ./output/radio.o
                0x08013b18                RadioSetRxConfig
 .text.RadioIsChannelFree
                0x08013d34       0x88 ./output/radio.o
                0x08013d34                RadioIsChannelFree
 *fill*         0x08013dbc        0x4 
 .text.RadioSetTxConfig
                0x08013dc0      0x190 ./output/radio.o
                0x08013dc0                RadioSetTxConfig
 .text.RadioTimeOnAir
                0x08013f50      0x180 ./output/radio.o
                0x08013f50                RadioTimeOnAir
 .text.RadioOnDioIrq
                0x080140d0       0x24 ./output/radio.o
                0x080140d0                RadioOnDioIrq
 .text.SX126xGetOperatingMode
                0x080140f4        0xc ./output/sx126x.o
                0x080140f4                SX126xGetOperatingMode
 .text.SX126xSetOperatingMode
                0x08014100        0xc ./output/sx126x.o
                0x08014100                SX126xSetOperatingMode
 .text.SX126xCheckDeviceReady
                0x0801410c       0x64 ./output/sx126x.o
                0x0801410c                SX126xCheckDeviceReady
 .text.SX126xSetPayload
                0x08014170        0xa ./output/sx126x.o
                0x08014170                SX126xSetPayload
 .text.SX126xSetSyncWord
                0x0801417a       0x12 ./output/sx126x.o
                0x0801417a                SX126xSetSyncWord
 .text.SX126xSetCrcSeed
                0x0801418c       0x28 ./output/sx126x.o
                0x0801418c                SX126xSetCrcSeed
 .text.SX126xSetCrcPolynomial
                0x080141b4       0x28 ./output/sx126x.o
                0x080141b4                SX126xSetCrcPolynomial
 .text.SX126xSetWhiteningSeed
                0x080141dc       0x38 ./output/sx126x.o
                0x080141dc                SX126xSetWhiteningSeed
 .text.SX126xSetSleep
                0x08014214       0x24 ./output/sx126x.o
                0x08014214                SX126xSetSleep
 .text.SX126xSetStandby
                0x08014238       0x2c ./output/sx126x.o
                0x08014238                SX126xSetStandby
 .text.SX126xSetTx
                0x08014264       0x2c ./output/sx126x.o
                0x08014264                SX126xSetTx
 .text.SX126xSendPayload
                0x08014290       0x12 ./output/sx126x.o
                0x08014290                SX126xSendPayload
 *fill*         0x080142a2        0x2 
 .text.SX126xSetRx
                0x080142a4       0x2c ./output/sx126x.o
                0x080142a4                SX126xSetRx
 .text.SX126xSetRxBoosted
                0x080142d0       0x38 ./output/sx126x.o
                0x080142d0                SX126xSetRxBoosted
 .text.SX126xSetRxDutyCycle
                0x08014308       0x3c ./output/sx126x.o
                0x08014308                SX126xSetRxDutyCycle
 .text.SX126xSetCad
                0x08014344       0x18 ./output/sx126x.o
                0x08014344                SX126xSetCad
 .text.SX126xSetTxContinuousWave
                0x0801435c       0x14 ./output/sx126x.o
                0x0801435c                SX126xSetTxContinuousWave
 .text.SX126xSetStopRxTimerOnPreambleDetect
                0x08014370       0x16 ./output/sx126x.o
                0x08014370                SX126xSetStopRxTimerOnPreambleDetect
 .text.SX126xSetLoRaSymbNumTimeout
                0x08014386       0x16 ./output/sx126x.o
                0x08014386                SX126xSetLoRaSymbNumTimeout
 .text.SX126xSetRegulatorMode
                0x0801439c       0x16 ./output/sx126x.o
                0x0801439c                SX126xSetRegulatorMode
 .text.SX126xCalibrate
                0x080143b2       0x16 ./output/sx126x.o
                0x080143b2                SX126xCalibrate
 .text.SX126xCalibrateImage
                0x080143c8       0x78 ./output/sx126x.o
                0x080143c8                SX126xCalibrateImage
 .text.SX126xSetPaConfig
                0x08014440       0x24 ./output/sx126x.o
                0x08014440                SX126xSetPaConfig
 .text.SX126xSetDioIrqParams
                0x08014464       0x38 ./output/sx126x.o
                0x08014464                SX126xSetDioIrqParams
 .text.SX126xGetIrqStatus
                0x0801449c       0x1e ./output/sx126x.o
                0x0801449c                SX126xGetIrqStatus
 .text.SX126xSetDio2AsRfSwitchCtrl
                0x080144ba       0x16 ./output/sx126x.o
                0x080144ba                SX126xSetDio2AsRfSwitchCtrl
 .text.SX126xSetDio3AsTcxoCtrl
                0x080144d0       0x2c ./output/sx126x.o
                0x080144d0                SX126xSetDio3AsTcxoCtrl
 .text.SX126xInit
                0x080144fc       0x3c ./output/sx126x.o
                0x080144fc                SX126xInit
 .text.SX126xSetRfFrequency
                0x08014538       0x5c ./output/sx126x.o
                0x08014538                SX126xSetRfFrequency
 .text.SX126xSetPacketType
                0x08014594       0x20 ./output/sx126x.o
                0x08014594                SX126xSetPacketType
 .text.SX126xGetPacketType
                0x080145b4        0xc ./output/sx126x.o
                0x080145b4                SX126xGetPacketType
 .text.SX126xSetTxParams
                0x080145c0       0xc4 ./output/sx126x.o
                0x080145c0                SX126xSetTxParams
 *fill*         0x08014684        0x4 
 .text.SX126xSetModulationParams
                0x08014688       0xc8 ./output/sx126x.o
                0x08014688                SX126xSetModulationParams
 .text.SX126xSetPacketParams
                0x08014750       0xc4 ./output/sx126x.o
                0x08014750                SX126xSetPacketParams
 .text.SX126xSetCadParams
                0x08014814       0x3c ./output/sx126x.o
                0x08014814                SX126xSetCadParams
 .text.SX126xSetBufferBaseAddress
                0x08014850       0x1a ./output/sx126x.o
                0x08014850                SX126xSetBufferBaseAddress
 .text.SX126xGetRssiInst
                0x0801486a       0x1a ./output/sx126x.o
                0x0801486a                SX126xGetRssiInst
 .text.SX126xGetRxBufferStatus
                0x08014884       0x48 ./output/sx126x.o
                0x08014884                SX126xGetRxBufferStatus
 .text.SX126xGetPayload
                0x080148cc       0x30 ./output/sx126x.o
                0x080148cc                SX126xGetPayload
 .text.SX126xGetPacketStatus
                0x080148fc       0x7c ./output/sx126x.o
                0x080148fc                SX126xGetPacketStatus
 .text.SX126xClearIrqStatus
                0x08014978       0x1c ./output/sx126x.o
                0x08014978                SX126xClearIrqStatus
 .text.DelayMs  0x08014994        0x4 ./output/delay.o
                0x08014994                DelayMs
 .text.TimeStampsUpdate
                0x08014998       0x2c ./output/timer.o
 .text.TimerInsertNewHeadTimer
                0x080149c4       0x1c ./output/timer.o
 .text.TimerInit
                0x080149e0        0xe ./output/timer.o
                0x080149e0                TimerInit
 *fill*         0x080149ee        0x2 
 .text.TimerStart
                0x080149f0       0x78 ./output/timer.o
                0x080149f0                TimerStart
 .text.TimerIrqHandler
                0x08014a68       0x70 ./output/timer.o
                0x08014a68                TimerIrqHandler
 .text.TimerStop
                0x08014ad8       0x5c ./output/timer.o
                0x08014ad8                TimerStop
 .text.TimerSetValue
                0x08014b34       0x10 ./output/timer.o
                0x08014b34                TimerSetValue
 .text.TimerGetCurrentTime
                0x08014b44        0x4 ./output/timer.o
                0x08014b44                TimerGetCurrentTime
 .text.TimerGetElapsedTime
                0x08014b48       0x12 ./output/timer.o
                0x08014b48                TimerGetElapsedTime
 *fill*         0x08014b5a        0x2 
 .text.TimerLowPowerHandler
                0x08014b5c       0x20 ./output/timer.o
                0x08014b5c                TimerLowPowerHandler
 .text.__libc_init_array
                0x08014b7c       0x50 d:/keil_v5/arm/gcc-arm-none-eabi-5_4-2016q3-20160926-win32/bin/../lib/gcc/arm-none-eabi/5.4.1/../../../../arm-none-eabi/lib/armv7e-m\libc.a(lib_a-init.o)
                0x08014b7c                __libc_init_array
 .text.memset   0x08014bcc       0x9c d:/keil_v5/arm/gcc-arm-none-eabi-5_4-2016q3-20160926-win32/bin/../lib/gcc/arm-none-eabi/5.4.1/../../../../arm-none-eabi/lib/armv7e-m\libc.a(lib_a-memset.o)
                0x08014bcc                memset
 .text.strncmp  0x08014c68       0xa0 d:/keil_v5/arm/gcc-arm-none-eabi-5_4-2016q3-20160926-win32/bin/../lib/gcc/arm-none-eabi/5.4.1/../../../../arm-none-eabi/lib/armv7e-m\libc.a(lib_a-strncmp.o)
                0x08014c68                strncmp
 .text.strtok   0x08014d08       0x10 d:/keil_v5/arm/gcc-arm-none-eabi-5_4-2016q3-20160926-win32/bin/../lib/gcc/arm-none-eabi/5.4.1/../../../../arm-none-eabi/lib/armv7e-m\libc.a(lib_a-strtok.o)
                0x08014d08                strtok
 .text.__strtok_r
                0x08014d18       0x64 d:/keil_v5/arm/gcc-arm-none-eabi-5_4-2016q3-20160926-win32/bin/../lib/gcc/arm-none-eabi/5.4.1/../../../../arm-none-eabi/lib/armv7e-m\libc.a(lib_a-strtok_r.o)
                0x08014d18                __strtok_r
 .text._strtol_l.isra.0
                0x08014d7c      0x138 d:/keil_v5/arm/gcc-arm-none-eabi-5_4-2016q3-20160926-win32/bin/../lib/gcc/arm-none-eabi/5.4.1/../../../../arm-none-eabi/lib/armv7e-m\libc.a(lib_a-strtol.o)
 .text.strtol   0x08014eb4       0x2c d:/keil_v5/arm/gcc-arm-none-eabi-5_4-2016q3-20160926-win32/bin/../lib/gcc/arm-none-eabi/5.4.1/../../../../arm-none-eabi/lib/armv7e-m\libc.a(lib_a-strtol.o)
                0x08014eb4                strtol
 .text.startup.register_fini
                0x08014ee0       0x14 d:/keil_v5/arm/gcc-arm-none-eabi-5_4-2016q3-20160926-win32/bin/../lib/gcc/arm-none-eabi/5.4.1/../../../../arm-none-eabi/lib/armv7e-m\libc.a(lib_a-__call_atexit.o)
 .text.atexit   0x08014ef4        0xc d:/keil_v5/arm/gcc-arm-none-eabi-5_4-2016q3-20160926-win32/bin/../lib/gcc/arm-none-eabi/5.4.1/../../../../arm-none-eabi/lib/armv7e-m\libc.a(lib_a-atexit.o)
                0x08014ef4                atexit
 .text.__libc_fini_array
                0x08014f00       0x28 d:/keil_v5/arm/gcc-arm-none-eabi-5_4-2016q3-20160926-win32/bin/../lib/gcc/arm-none-eabi/5.4.1/../../../../arm-none-eabi/lib/armv7e-m\libc.a(lib_a-fini.o)
                0x08014f00                __libc_fini_array
 .text.__locale_ctype_ptr_l
                0x08014f28        0x8 d:/keil_v5/arm/gcc-arm-none-eabi-5_4-2016q3-20160926-win32/bin/../lib/gcc/arm-none-eabi/5.4.1/../../../../arm-none-eabi/lib/armv7e-m\libc.a(lib_a-locale.o)
                0x08014f28                __locale_ctype_ptr_l
 .text.__ascii_mbtowc
                0x08014f30       0x2c d:/keil_v5/arm/gcc-arm-none-eabi-5_4-2016q3-20160926-win32/bin/../lib/gcc/arm-none-eabi/5.4.1/../../../../arm-none-eabi/lib/armv7e-m\libc.a(lib_a-mbtowc_r.o)
                0x08014f30                __ascii_mbtowc
 .text.__ascii_wctomb
                0x08014f5c       0x1c d:/keil_v5/arm/gcc-arm-none-eabi-5_4-2016q3-20160926-win32/bin/../lib/gcc/arm-none-eabi/5.4.1/../../../../arm-none-eabi/lib/armv7e-m\libc.a(lib_a-wctomb_r.o)
                0x08014f5c                __ascii_wctomb
 .text.__register_exitproc
                0x08014f78       0xa4 d:/keil_v5/arm/gcc-arm-none-eabi-5_4-2016q3-20160926-win32/bin/../lib/gcc/arm-none-eabi/5.4.1/../../../../arm-none-eabi/lib/armv7e-m\libc.a(lib_a-__atexit.o)
                0x08014f78                __register_exitproc
 *fill*         0x0801501c        0x4 
 .text.ceil     0x08015020      0x110 d:/keil_v5/arm/gcc-arm-none-eabi-5_4-2016q3-20160926-win32/bin/../lib/gcc/arm-none-eabi/5.4.1/../../../../arm-none-eabi/lib/armv7e-m\libm.a(lib_a-s_ceil.o)
                0x08015020                ceil
 .text.floor    0x08015130      0x110 d:/keil_v5/arm/gcc-arm-none-eabi-5_4-2016q3-20160926-win32/bin/../lib/gcc/arm-none-eabi/5.4.1/../../../../arm-none-eabi/lib/armv7e-m\libm.a(lib_a-s_floor.o)
                0x08015130                floor
 .text.rint     0x08015240      0x118 d:/keil_v5/arm/gcc-arm-none-eabi-5_4-2016q3-20160926-win32/bin/../lib/gcc/arm-none-eabi/5.4.1/../../../../arm-none-eabi/lib/armv7e-m\libm.a(lib_a-s_rint.o)
                0x08015240                rint
 .text.round    0x08015358       0xa0 d:/keil_v5/arm/gcc-arm-none-eabi-5_4-2016q3-20160926-win32/bin/../lib/gcc/arm-none-eabi/5.4.1/../../../../arm-none-eabi/lib/armv7e-m\libm.a(lib_a-s_round.o)
                0x08015358                round
 *(.glue_7)
 .glue_7        0x080153f8        0x0 linker stubs
 *(.glue_7t)
 .glue_7t       0x080153f8        0x0 linker stubs
 *(.eh_frame)
 .eh_frame      0x080153f8        0x0 d:/keil_v5/arm/gcc-arm-none-eabi-5_4-2016q3-20160926-win32/bin/../lib/gcc/arm-none-eabi/5.4.1/armv7e-m/crtbegin.o
 *(.init)
 .init          0x080153f8        0x4 d:/keil_v5/arm/gcc-arm-none-eabi-5_4-2016q3-20160926-win32/bin/../lib/gcc/arm-none-eabi/5.4.1/armv7e-m/crti.o
                0x080153f8                _init
 .init          0x080153fc        0x8 d:/keil_v5/arm/gcc-arm-none-eabi-5_4-2016q3-20160926-win32/bin/../lib/gcc/arm-none-eabi/5.4.1/armv7e-m/crtn.o
 *(.fini)
 .fini          0x08015404        0x4 d:/keil_v5/arm/gcc-arm-none-eabi-5_4-2016q3-20160926-win32/bin/../lib/gcc/arm-none-eabi/5.4.1/armv7e-m/crti.o
                0x08015404                _fini
 .fini          0x08015408        0x8 d:/keil_v5/arm/gcc-arm-none-eabi-5_4-2016q3-20160926-win32/bin/../lib/gcc/arm-none-eabi/5.4.1/armv7e-m/crtn.o
                0x08015410                . = ALIGN (0x4)
                0x08015410                _etext = .

.vfp11_veneer   0x08015410        0x0
 .vfp11_veneer  0x08015410        0x0 linker stubs

.v4_bx          0x08015410        0x0
 .v4_bx         0x08015410        0x0 linker stubs

.iplt           0x08015410        0x0
 .iplt          0x08015410        0x0 d:/keil_v5/arm/gcc-arm-none-eabi-5_4-2016q3-20160926-win32/bin/../lib/gcc/arm-none-eabi/5.4.1/armv7e-m/crtbegin.o

.rodata         0x08015410      0xf98
                0x08015410                . = ALIGN (0x4)
 *(.rodata)
 .rodata        0x08015410       0x50 ./output/printf-stdarg.o
 .rodata        0x08015460       0x38 ./output/lora_app.o
 .rodata        0x08015498       0xb0 ./output/command.o
 .rodata        0x08015548       0x18 ./output/rtc-board.o
 .rodata        0x08015560      0x194 ./output/radio.o
                0x08015564                FskBandwidths
                0x08015678                Bandwidths
                0x08015684                Radio
 *(.rodata*)
 .rodata.str1.1
                0x080156f4       0x19 ./output/printf-stdarg.o
 .rodata.str1.1
                0x0801570d      0x1bd ./output/main.o
 .rodata.str1.1
                0x080158ca      0x1ff ./output/lora_app.o
                                0x202 (size before relaxing)
 .rodata.str1.1
                0x08015ac9      0x781 ./output/command.o
                                0x79a (size before relaxing)
 .rodata.str1.1
                0x0801624a       0x2c ./output/radio.o
                                 0x36 (size before relaxing)
 *fill*         0x08016276        0x2 
 .rodata._global_impure_ptr
                0x08016278        0x4 d:/keil_v5/arm/gcc-arm-none-eabi-5_4-2016q3-20160926-win32/bin/../lib/gcc/arm-none-eabi/5.4.1/../../../../arm-none-eabi/lib/armv7e-m\libc.a(lib_a-impure.o)
                0x08016278                _global_impure_ptr
 .rodata.str1.4
                0x0801627c       0x14 d:/keil_v5/arm/gcc-arm-none-eabi-5_4-2016q3-20160926-win32/bin/../lib/gcc/arm-none-eabi/5.4.1/../../../../arm-none-eabi/lib/armv7e-m\libc.a(lib_a-locale.o)
                                 0x12 (size before relaxing)
 .rodata._ctype_
                0x08016290      0x101 d:/keil_v5/arm/gcc-arm-none-eabi-5_4-2016q3-20160926-win32/bin/../lib/gcc/arm-none-eabi/5.4.1/../../../../arm-none-eabi/lib/armv7e-m\libc.a(lib_a-ctype_.o)
                0x08016290                _ctype_
 *fill*         0x08016391        0x7 
 .rodata.TWO52  0x08016398       0x10 d:/keil_v5/arm/gcc-arm-none-eabi-5_4-2016q3-20160926-win32/bin/../lib/gcc/arm-none-eabi/5.4.1/../../../../arm-none-eabi/lib/armv7e-m\libm.a(lib_a-s_rint.o)
                0x080163a8                . = ALIGN (0x4)

.ARM.extab
 *(.ARM.extab* .gnu.linkonce.armextab.*)

.ARM            0x080163a8        0x8
                0x080163a8                __exidx_start = .
 *(.ARM.exidx*)
 .ARM.exidx     0x080163a8        0x8 d:/keil_v5/arm/gcc-arm-none-eabi-5_4-2016q3-20160926-win32/bin/../lib/gcc/arm-none-eabi/5.4.1/armv7e-m\libgcc.a(_udivmoddi4.o)
                0x080163b0                __exidx_end = .

.rel.dyn        0x080163b0        0x0
 .rel.iplt      0x080163b0        0x0 d:/keil_v5/arm/gcc-arm-none-eabi-5_4-2016q3-20160926-win32/bin/../lib/gcc/arm-none-eabi/5.4.1/armv7e-m/crtbegin.o

.preinit_array  0x080163b0        0x0
                0x080163b0                PROVIDE (__preinit_array_start, .)
 *(.preinit_array*)
                0x080163b0                PROVIDE (__preinit_array_end, .)

.init_array     0x080163b0        0x8
                0x080163b0                PROVIDE (__init_array_start, .)
 *(SORT(.init_array.*))
 .init_array.00000
                0x080163b0        0x4 d:/keil_v5/arm/gcc-arm-none-eabi-5_4-2016q3-20160926-win32/bin/../lib/gcc/arm-none-eabi/5.4.1/../../../../arm-none-eabi/lib/armv7e-m\libc.a(lib_a-__call_atexit.o)
 *(.init_array*)
 .init_array    0x080163b4        0x4 d:/keil_v5/arm/gcc-arm-none-eabi-5_4-2016q3-20160926-win32/bin/../lib/gcc/arm-none-eabi/5.4.1/armv7e-m/crtbegin.o
                0x080163b8                PROVIDE (__init_array_end, .)

.fini_array     0x080163b8        0x4
                0x080163b8                PROVIDE (__fini_array_start, .)
 *(SORT(.fini_array.*))
 *(.fini_array*)
 .fini_array    0x080163b8        0x4 d:/keil_v5/arm/gcc-arm-none-eabi-5_4-2016q3-20160926-win32/bin/../lib/gcc/arm-none-eabi/5.4.1/armv7e-m/crtbegin.o
                0x080163bc                PROVIDE (__fini_array_end, .)
                0x080163bc                _sidata = LOADADDR (.data)

.data           0x20000000      0x5a8 load address 0x080163bc
                0x20000000                . = ALIGN (0x4)
                0x20000000                _sdata = .
 *(.data)
 .data          0x20000000        0x8 ./output/main.o
                0x20000000                g_log_level
 .data          0x20000008        0x4 ./output/utilities.o
 .data          0x2000000c        0x1 ./output/radio.o
                0x2000000c                MaxPayloadLength
 *(.data*)
 *fill*         0x2000000d        0x3 
 .data.impure_data
                0x20000010      0x428 d:/keil_v5/arm/gcc-arm-none-eabi-5_4-2016q3-20160926-win32/bin/../lib/gcc/arm-none-eabi/5.4.1/../../../../arm-none-eabi/lib/armv7e-m\libc.a(lib_a-impure.o)
 .data._impure_ptr
                0x20000438        0x4 d:/keil_v5/arm/gcc-arm-none-eabi-5_4-2016q3-20160926-win32/bin/../lib/gcc/arm-none-eabi/5.4.1/../../../../arm-none-eabi/lib/armv7e-m\libc.a(lib_a-impure.o)
                0x20000438                _impure_ptr
 .data.__global_locale
                0x2000043c      0x16c d:/keil_v5/arm/gcc-arm-none-eabi-5_4-2016q3-20160926-win32/bin/../lib/gcc/arm-none-eabi/5.4.1/../../../../arm-none-eabi/lib/armv7e-m\libc.a(lib_a-locale.o)
                0x2000043c                __global_locale
                0x200005a8                . = ALIGN (0x4)
                0x200005a8                _edata = .

.jcr            0x200005a8        0x0 load address 0x08016964
 .jcr           0x200005a8        0x0 d:/keil_v5/arm/gcc-arm-none-eabi-5_4-2016q3-20160926-win32/bin/../lib/gcc/arm-none-eabi/5.4.1/armv7e-m/crtbegin.o

.igot.plt       0x200005a8        0x0 load address 0x08016964
 .igot.plt      0x200005a8        0x0 d:/keil_v5/arm/gcc-arm-none-eabi-5_4-2016q3-20160926-win32/bin/../lib/gcc/arm-none-eabi/5.4.1/armv7e-m/crtbegin.o
                0x200005a8                . = ALIGN (0x4)

.bss            0x200005a8      0xd70 load address 0x08016964
                0x200005a8                _sbss = .
                0x200005a8                __bss_start__ = _sbss
 *(.bss)
 .bss           0x200005a8       0x1c d:/keil_v5/arm/gcc-arm-none-eabi-5_4-2016q3-20160926-win32/bin/../lib/gcc/arm-none-eabi/5.4.1/armv7e-m/crtbegin.o
 .bss           0x200005c4      0x49d ./output/printf-stdarg.o
                0x200005c4                printf_dma_idx_w
                0x200005c6                printf_dma_idx_r
                0x200005c8                printf_dma_queue
                0x20000a60                printf_dma_busy
 .bss           0x20000a61        0x1 ./output/tremo_delay.o
 *fill*         0x20000a62        0x2 
 .bss           0x20000a64      0x340 ./output/main.o
                0x20000a64                rx_waiting_flag
                0x20000a65                is_time_to_IWDG_Refresh
                0x20000a66                uplink_data_status
                0x20000a67                ack_data_status
                0x20000a68                retransmission_temp
                0x20000a69                retransmission_flags
                0x20000a6a                ack_flags
                0x20000a6c                uplinkcount
                0x20000b78                receiveBufferSize
                0x20000c7c                downlinkcount
                0x20000c80                data_check_flag
                0x20000ca0                sending_flag
                0x20000da0                sendBufferSize
                0x20000da1                EnterLowPowerStopModeStatus
                0x20000da2                EnterLowPowerStopMode_error_times
                0x20000da3                ack_reply
 .bss           0x20000da4        0x7 ./output/lora_app.o
                0x20000da4                retun_wait_time
                0x20000da8                firmware_ver_read_in_flash
                0x20000da9                fre_band_read_in_flash
                0x20000daa                product_id_read_in_flash
 *fill*         0x20000dab        0x1 
 .bss           0x20000dac        0x8 ./output/command.o
                0x20000dac                debug_flags
                0x20000dad                write_config_in_flash_status
                0x20000dae                g_atcmd_processing
                0x20000db0                atcmd_index
                0x20000db2                atrecve_flag
                0x20000db3                parse_flag
 .bss           0x20000db4        0x9 ./output/rtc-board.o
                0x20000db8                McuWakeUpTime
                0x20000dbc                NonScheduledWakeUp
 .bss           0x20000dbd        0x1 ./output/sx1262-board.o
                0x20000dbd                gPaOptSetting
 *fill*         0x20000dbe        0x2 
 .bss           0x20000dc0       0x15 ./output/radio.o
                0x20000dc4                IrqFired
                0x20000dc8                TxTimeout
                0x20000dce                RxContinuous
                0x20000dd0                RxTimeout
                0x20000dd4                txtimeout_times
 *fill*         0x20000dd5        0x3 
 .bss           0x20000dd8        0x8 ./output/sx126x.o
                0x20000ddc                FrequencyError
 .bss           0x20000de0        0x5 ./output/timer.o
                0x20000de4                HasLoopedThroughMain
 *(.bss*)
 *(COMMON)
 *fill*         0x20000de5        0x3 
 COMMON         0x20000de8       0x20 ./output/tremo_dma.o
                0x20000de8                g_dma_callback_handler
 COMMON         0x20000e08      0x148 ./output/main.o
                0x20000e08                snr_value
                0x20000e0c                AckTimer
                0x20000e20                sendDataBuff
                0x20000f20                receiveDataBuff
                0x20000f24                rssi_value
                0x20000f28                IWDGRefreshTimer
                0x20000f3c                TxTimer
 COMMON         0x20000f50       0x25 ./output/lora_app.o
                0x20000f50                rx_form_value
                0x20000f54                rx_signal_freqence
                0x20000f58                tx_spreading_value
                0x20000f59                rx_codingrate_value
                0x20000f5a                rx_spreading_value
                0x20000f5b                tx_crc_value
                0x20000f5c                rx_bandwidth_value
                0x20000f5e                rx_preamble_value
                0x20000f60                tx_header_value
                0x20000f62                tx_preamble_value
                0x20000f64                rx_groupmod_value
                0x20000f65                tx_bandwidth_value
                0x20000f66                syncword_value
                0x20000f67                rx_IQ_value
                0x20000f68                tx_signal_freqence
                0x20000f6c                tx_IQ_value
                0x20000f6d                rx_header_value
                0x20000f6e                rxmode_ack
                0x20000f6f                tx_groupmod_value
                0x20000f70                rxmode_timeout
                0x20000f72                rx_crc_value
                0x20000f73                txp_value
                0x20000f74                tx_codingrate_value
 COMMON         0x20000f75      0x1f6 ./output/command.o
                0x20000f75                atcmd
 *fill*         0x2000116b        0x5 
 COMMON         0x20001170       0x18 ./output/rtc-board.o
                0x20001170                RtcCalendarContext
                0x20001180                RtcTimerContext
 COMMON         0x20001188      0x190 ./output/radio.o
                0x20001188                irqRegs
                0x2000118c                SX126x
                0x200011c8                TxTimeoutTimer
                0x200011dc                RadioRxPayload
                0x200012dc                CadTimeoutTimer
                0x200012f0                RadioPktStatus
                0x20001304                RxTimeoutTimer
                0x20001318                . = ALIGN (0x4)
                0x20001318                _ebss = .
                0x20001318                __bss_end__ = _ebss

.heap           0x20001318     0x1000 load address 0x08016964
                0x20001318                . = ALIGN (0x4)
                0x20001318                _heap_bottom = .
                0x20001318                end = _heap_bottom
                0x20001318                _end = end
                0x20001318                __end = end
                0x20002318                . = (. + _HEAP_SIZE)
 *fill*         0x20001318     0x1000 
                0x20002318                _heap_top = .

.stack          0x20002318     0x1000 load address 0x08016964
                0x20002318                . = ALIGN (0x4)
                0x20002318                _stack_bottom = .
                0x20003318                . = (. + _STACK_SIZE)
 *fill*         0x20002318     0x1000 
                0x20003318                _stack_top = .

/DISCARD/
 libc.a(*)
 libm.a(*)
 libgcc.a(*)

.ARM.attributes
                0x00000000       0x2e
 *(.ARM.attributes)
 .ARM.attributes
                0x00000000       0x1e d:/keil_v5/arm/gcc-arm-none-eabi-5_4-2016q3-20160926-win32/bin/../lib/gcc/arm-none-eabi/5.4.1/armv7e-m/crti.o
 .ARM.attributes
                0x0000001e       0x2e d:/keil_v5/arm/gcc-arm-none-eabi-5_4-2016q3-20160926-win32/bin/../lib/gcc/arm-none-eabi/5.4.1/armv7e-m/crtbegin.o
 .ARM.attributes
                0x0000004c       0x37 ./output/printf-stdarg.o
 .ARM.attributes
                0x00000083       0x21 ./output/startup_cm4.o
 .ARM.attributes
                0x000000a4       0x37 ./output/system_cm4.o
 .ARM.attributes
                0x000000db       0x37 ./output/tremo_delay.o
 .ARM.attributes
                0x00000112       0x37 ./output/tremo_dma.o
 .ARM.attributes
                0x00000149       0x37 ./output/tremo_flash.o
 .ARM.attributes
                0x00000180       0x37 ./output/tremo_gpio.o
 .ARM.attributes
                0x000001b7       0x37 ./output/tremo_iwdg.o
 .ARM.attributes
                0x000001ee       0x37 ./output/tremo_lpuart.o
 .ARM.attributes
                0x00000225       0x37 ./output/tremo_pwr.o
 .ARM.attributes
                0x0000025c       0x37 ./output/tremo_rcc.o
 .ARM.attributes
                0x00000293       0x37 ./output/tremo_rtc.o
 .ARM.attributes
                0x000002ca       0x37 ./output/tremo_system.o
 .ARM.attributes
                0x00000301       0x37 ./output/tremo_uart.o
 .ARM.attributes
                0x00000338       0x37 ./output/main.o
 .ARM.attributes
                0x0000036f       0x37 ./output/tremo_it.o
 .ARM.attributes
                0x000003a6       0x37 ./output/lora_app.o
 .ARM.attributes
                0x000003dd       0x37 ./output/command.o
 .ARM.attributes
                0x00000414       0x37 ./output/rtc-board.o
 .ARM.attributes
                0x0000044b       0x37 ./output/sx1262-board.o
 .ARM.attributes
                0x00000482       0x37 ./output/utilities.o
 .ARM.attributes
                0x000004b9       0x37 ./output/radio.o
 .ARM.attributes
                0x000004f0       0x37 ./output/sx126x.o
 .ARM.attributes
                0x00000527       0x37 ./output/delay.o
 .ARM.attributes
                0x0000055e       0x37 ./output/timer.o
 .ARM.attributes
                0x00000595       0x1e d:/keil_v5/arm/gcc-arm-none-eabi-5_4-2016q3-20160926-win32/bin/../lib/gcc/arm-none-eabi/5.4.1/armv7e-m\libgcc.a(_arm_addsubdf3.o)
 .ARM.attributes
                0x000005b3       0x1e d:/keil_v5/arm/gcc-arm-none-eabi-5_4-2016q3-20160926-win32/bin/../lib/gcc/arm-none-eabi/5.4.1/armv7e-m\libgcc.a(_arm_muldivdf3.o)
 .ARM.attributes
                0x000005d1       0x1e d:/keil_v5/arm/gcc-arm-none-eabi-5_4-2016q3-20160926-win32/bin/../lib/gcc/arm-none-eabi/5.4.1/armv7e-m\libgcc.a(_arm_cmpdf2.o)
 .ARM.attributes
                0x000005ef       0x1e d:/keil_v5/arm/gcc-arm-none-eabi-5_4-2016q3-20160926-win32/bin/../lib/gcc/arm-none-eabi/5.4.1/armv7e-m\libgcc.a(_arm_fixdfsi.o)
 .ARM.attributes
                0x0000060d       0x1e d:/keil_v5/arm/gcc-arm-none-eabi-5_4-2016q3-20160926-win32/bin/../lib/gcc/arm-none-eabi/5.4.1/armv7e-m\libgcc.a(_arm_fixunsdfsi.o)
 .ARM.attributes
                0x0000062b       0x1e d:/keil_v5/arm/gcc-arm-none-eabi-5_4-2016q3-20160926-win32/bin/../lib/gcc/arm-none-eabi/5.4.1/armv7e-m\libgcc.a(_aeabi_uldivmod.o)
 .ARM.attributes
                0x00000649       0x2e d:/keil_v5/arm/gcc-arm-none-eabi-5_4-2016q3-20160926-win32/bin/../lib/gcc/arm-none-eabi/5.4.1/armv7e-m\libgcc.a(_fixunsdfdi.o)
 .ARM.attributes
                0x00000677       0x2e d:/keil_v5/arm/gcc-arm-none-eabi-5_4-2016q3-20160926-win32/bin/../lib/gcc/arm-none-eabi/5.4.1/armv7e-m\libgcc.a(_udivmoddi4.o)
 .ARM.attributes
                0x000006a5       0x1e d:/keil_v5/arm/gcc-arm-none-eabi-5_4-2016q3-20160926-win32/bin/../lib/gcc/arm-none-eabi/5.4.1/armv7e-m\libgcc.a(_dvmd_tls.o)
 .ARM.attributes
                0x000006c3       0x2e d:/keil_v5/arm/gcc-arm-none-eabi-5_4-2016q3-20160926-win32/bin/../lib/gcc/arm-none-eabi/5.4.1/../../../../arm-none-eabi/lib/armv7e-m\libc.a(lib_a-impure.o)
 .ARM.attributes
                0x000006f1       0x2e d:/keil_v5/arm/gcc-arm-none-eabi-5_4-2016q3-20160926-win32/bin/../lib/gcc/arm-none-eabi/5.4.1/../../../../arm-none-eabi/lib/armv7e-m\libc.a(lib_a-init.o)
 .ARM.attributes
                0x0000071f       0x2e d:/keil_v5/arm/gcc-arm-none-eabi-5_4-2016q3-20160926-win32/bin/../lib/gcc/arm-none-eabi/5.4.1/../../../../arm-none-eabi/lib/armv7e-m\libc.a(lib_a-memset.o)
 .ARM.attributes
                0x0000074d       0x1c d:/keil_v5/arm/gcc-arm-none-eabi-5_4-2016q3-20160926-win32/bin/../lib/gcc/arm-none-eabi/5.4.1/../../../../arm-none-eabi/lib/armv7e-m\libc.a(lib_a-strlen.o)
 .ARM.attributes
                0x00000769       0x2e d:/keil_v5/arm/gcc-arm-none-eabi-5_4-2016q3-20160926-win32/bin/../lib/gcc/arm-none-eabi/5.4.1/../../../../arm-none-eabi/lib/armv7e-m\libc.a(lib_a-strncmp.o)
 .ARM.attributes
                0x00000797       0x2e d:/keil_v5/arm/gcc-arm-none-eabi-5_4-2016q3-20160926-win32/bin/../lib/gcc/arm-none-eabi/5.4.1/../../../../arm-none-eabi/lib/armv7e-m\libc.a(lib_a-strtok.o)
 .ARM.attributes
                0x000007c5       0x2e d:/keil_v5/arm/gcc-arm-none-eabi-5_4-2016q3-20160926-win32/bin/../lib/gcc/arm-none-eabi/5.4.1/../../../../arm-none-eabi/lib/armv7e-m\libc.a(lib_a-strtok_r.o)
 .ARM.attributes
                0x000007f3       0x2e d:/keil_v5/arm/gcc-arm-none-eabi-5_4-2016q3-20160926-win32/bin/../lib/gcc/arm-none-eabi/5.4.1/../../../../arm-none-eabi/lib/armv7e-m\libc.a(lib_a-strtol.o)
 .ARM.attributes
                0x00000821       0x2e d:/keil_v5/arm/gcc-arm-none-eabi-5_4-2016q3-20160926-win32/bin/../lib/gcc/arm-none-eabi/5.4.1/../../../../arm-none-eabi/lib/armv7e-m\libc.a(lib_a-__call_atexit.o)
 .ARM.attributes
                0x0000084f       0x2e d:/keil_v5/arm/gcc-arm-none-eabi-5_4-2016q3-20160926-win32/bin/../lib/gcc/arm-none-eabi/5.4.1/../../../../arm-none-eabi/lib/armv7e-m\libc.a(lib_a-atexit.o)
 .ARM.attributes
                0x0000087d       0x2e d:/keil_v5/arm/gcc-arm-none-eabi-5_4-2016q3-20160926-win32/bin/../lib/gcc/arm-none-eabi/5.4.1/../../../../arm-none-eabi/lib/armv7e-m\libc.a(lib_a-fini.o)
 .ARM.attributes
                0x000008ab       0x2e d:/keil_v5/arm/gcc-arm-none-eabi-5_4-2016q3-20160926-win32/bin/../lib/gcc/arm-none-eabi/5.4.1/../../../../arm-none-eabi/lib/armv7e-m\libc.a(lib_a-locale.o)
 .ARM.attributes
                0x000008d9       0x2e d:/keil_v5/arm/gcc-arm-none-eabi-5_4-2016q3-20160926-win32/bin/../lib/gcc/arm-none-eabi/5.4.1/../../../../arm-none-eabi/lib/armv7e-m\libc.a(lib_a-mbtowc_r.o)
 .ARM.attributes
                0x00000907       0x2e d:/keil_v5/arm/gcc-arm-none-eabi-5_4-2016q3-20160926-win32/bin/../lib/gcc/arm-none-eabi/5.4.1/../../../../arm-none-eabi/lib/armv7e-m\libc.a(lib_a-wctomb_r.o)
 .ARM.attributes
                0x00000935       0x2e d:/keil_v5/arm/gcc-arm-none-eabi-5_4-2016q3-20160926-win32/bin/../lib/gcc/arm-none-eabi/5.4.1/../../../../arm-none-eabi/lib/armv7e-m\libc.a(lib_a-__atexit.o)
 .ARM.attributes
                0x00000963       0x2e d:/keil_v5/arm/gcc-arm-none-eabi-5_4-2016q3-20160926-win32/bin/../lib/gcc/arm-none-eabi/5.4.1/../../../../arm-none-eabi/lib/armv7e-m\libc.a(lib_a-ctype_.o)
 .ARM.attributes
                0x00000991       0x1e d:/keil_v5/arm/gcc-arm-none-eabi-5_4-2016q3-20160926-win32/bin/../lib/gcc/arm-none-eabi/5.4.1/armv7e-m/crtn.o
OUTPUT(./Output/project.elf elf32-littlearm)

.debug_info     0x00000000    0x1905f
 .debug_info    0x00000000     0x1bcc ./output/printf-stdarg.o
 .debug_info    0x00001bcc       0x94 ./output/startup_cm4.o
 .debug_info    0x00001c60      0x800 ./output/system_cm4.o
 .debug_info    0x00002460      0x763 ./output/tremo_delay.o
 .debug_info    0x00002bc3     0x2b3f ./output/tremo_dma.o
 .debug_info    0x00005702      0x4a8 ./output/tremo_flash.o
 .debug_info    0x00005baa      0x83a ./output/tremo_gpio.o
 .debug_info    0x000063e4      0x57b ./output/tremo_iwdg.o
 .debug_info    0x0000695f      0x8f5 ./output/tremo_lpuart.o
 .debug_info    0x00007254      0x959 ./output/tremo_pwr.o
 .debug_info    0x00007bad     0x101c ./output/tremo_rcc.o
 .debug_info    0x00008bc9     0x1085 ./output/tremo_rtc.o
 .debug_info    0x00009c4e      0x473 ./output/tremo_system.o
 .debug_info    0x0000a0c1      0xb77 ./output/tremo_uart.o
 .debug_info    0x0000ac38     0x2a45 ./output/main.o
 .debug_info    0x0000d67d      0x375 ./output/tremo_it.o
 .debug_info    0x0000d9f2      0x75a ./output/lora_app.o
 .debug_info    0x0000e14c     0x29c3 ./output/command.o
 .debug_info    0x00010b0f     0x1245 ./output/rtc-board.o
 .debug_info    0x00011d54     0x104c ./output/sx1262-board.o
 .debug_info    0x00012da0      0x40d ./output/utilities.o
 .debug_info    0x000131ad     0x2e03 ./output/radio.o
 .debug_info    0x00015fb0     0x219a ./output/sx126x.o
 .debug_info    0x0001814a      0x174 ./output/delay.o
 .debug_info    0x000182be      0xda1 ./output/timer.o

.debug_abbrev   0x00000000     0x3fad
 .debug_abbrev  0x00000000      0x4c4 ./output/printf-stdarg.o
 .debug_abbrev  0x000004c4       0x12 ./output/startup_cm4.o
 .debug_abbrev  0x000004d6      0x1c2 ./output/system_cm4.o
 .debug_abbrev  0x00000698      0x1f8 ./output/tremo_delay.o
 .debug_abbrev  0x00000890      0x39d ./output/tremo_dma.o
 .debug_abbrev  0x00000c2d      0x188 ./output/tremo_flash.o
 .debug_abbrev  0x00000db5      0x210 ./output/tremo_gpio.o
 .debug_abbrev  0x00000fc5      0x1a3 ./output/tremo_iwdg.o
 .debug_abbrev  0x00001168      0x1e0 ./output/tremo_lpuart.o
 .debug_abbrev  0x00001348      0x1e9 ./output/tremo_pwr.o
 .debug_abbrev  0x00001531      0x22f ./output/tremo_rcc.o
 .debug_abbrev  0x00001760      0x340 ./output/tremo_rtc.o
 .debug_abbrev  0x00001aa0      0x134 ./output/tremo_system.o
 .debug_abbrev  0x00001bd4      0x2ec ./output/tremo_uart.o
 .debug_abbrev  0x00001ec0      0x429 ./output/main.o
 .debug_abbrev  0x000022e9      0x19d ./output/tremo_it.o
 .debug_abbrev  0x00002486      0x171 ./output/lora_app.o
 .debug_abbrev  0x000025f7      0x358 ./output/command.o
 .debug_abbrev  0x0000294f      0x404 ./output/rtc-board.o
 .debug_abbrev  0x00002d53      0x371 ./output/sx1262-board.o
 .debug_abbrev  0x000030c4      0x13b ./output/utilities.o
 .debug_abbrev  0x000031ff      0x4a9 ./output/radio.o
 .debug_abbrev  0x000036a8      0x3e3 ./output/sx126x.o
 .debug_abbrev  0x00003a8b       0xf0 ./output/delay.o
 .debug_abbrev  0x00003b7b      0x432 ./output/timer.o

.debug_loc      0x00000000     0xe98a
 .debug_loc     0x00000000     0x1b59 ./output/printf-stdarg.o
 .debug_loc     0x00001b59       0xb3 ./output/system_cm4.o
 .debug_loc     0x00001c0c      0x16b ./output/tremo_delay.o
 .debug_loc     0x00001d77     0x1d87 ./output/tremo_dma.o
 .debug_loc     0x00003afe      0x39f ./output/tremo_flash.o
 .debug_loc     0x00003e9d      0x6ca ./output/tremo_gpio.o
 .debug_loc     0x00004567      0x19c ./output/tremo_iwdg.o
 .debug_loc     0x00004703      0x339 ./output/tremo_lpuart.o
 .debug_loc     0x00004a3c      0x185 ./output/tremo_pwr.o
 .debug_loc     0x00004bc1      0x868 ./output/tremo_rcc.o
 .debug_loc     0x00005429      0xc7a ./output/tremo_rtc.o
 .debug_loc     0x000060a3       0x3a ./output/tremo_system.o
 .debug_loc     0x000060dd      0x6de ./output/tremo_uart.o
 .debug_loc     0x000067bb      0x6f9 ./output/main.o
 .debug_loc     0x00006eb4       0x4b ./output/tremo_it.o
 .debug_loc     0x00006eff      0x183 ./output/lora_app.o
 .debug_loc     0x00007082     0x3205 ./output/command.o
 .debug_loc     0x0000a287      0x4ff ./output/rtc-board.o
 .debug_loc     0x0000a786      0x6d4 ./output/sx1262-board.o
 .debug_loc     0x0000ae5a      0x3d3 ./output/utilities.o
 .debug_loc     0x0000b22d     0x11b4 ./output/radio.o
 .debug_loc     0x0000c3e1     0x107f ./output/sx126x.o
 .debug_loc     0x0000d460       0xa2 ./output/delay.o
 .debug_loc     0x0000d502     0x1488 ./output/timer.o

.debug_aranges  0x00000000      0xe90
 .debug_aranges
                0x00000000       0x98 ./output/printf-stdarg.o
 .debug_aranges
                0x00000098       0x28 ./output/startup_cm4.o
 .debug_aranges
                0x000000c0       0x28 ./output/system_cm4.o
 .debug_aranges
                0x000000e8       0x30 ./output/tremo_delay.o
 .debug_aranges
                0x00000118       0x78 ./output/tremo_dma.o
 .debug_aranges
                0x00000190       0x40 ./output/tremo_flash.o
 .debug_aranges
                0x000001d0       0x78 ./output/tremo_gpio.o
 .debug_aranges
                0x00000248       0x70 ./output/tremo_iwdg.o
 .debug_aranges
                0x000002b8       0x98 ./output/tremo_lpuart.o
 .debug_aranges
                0x00000350       0x58 ./output/tremo_pwr.o
 .debug_aranges
                0x000003a8      0x178 ./output/tremo_rcc.o
 .debug_aranges
                0x00000520      0x120 ./output/tremo_rtc.o
 .debug_aranges
                0x00000640       0x28 ./output/tremo_system.o
 .debug_aranges
                0x00000668       0x98 ./output/tremo_uart.o
 .debug_aranges
                0x00000700       0x88 ./output/main.o
 .debug_aranges
                0x00000788       0x70 ./output/tremo_it.o
 .debug_aranges
                0x000007f8       0x38 ./output/lora_app.o
 .debug_aranges
                0x00000830       0xe8 ./output/command.o
 .debug_aranges
                0x00000918       0x78 ./output/rtc-board.o
 .debug_aranges
                0x00000990       0xd0 ./output/sx1262-board.o
 .debug_aranges
                0x00000a60       0x70 ./output/utilities.o
 .debug_aranges
                0x00000ad0      0x140 ./output/radio.o
 .debug_aranges
                0x00000c10      0x198 ./output/sx126x.o
 .debug_aranges
                0x00000da8       0x28 ./output/delay.o
 .debug_aranges
                0x00000dd0       0xc0 ./output/timer.o

.debug_ranges   0x00000000     0x1100
 .debug_ranges  0x00000000      0x120 ./output/printf-stdarg.o
 .debug_ranges  0x00000120       0x20 ./output/startup_cm4.o
 .debug_ranges  0x00000140       0x38 ./output/system_cm4.o
 .debug_ranges  0x00000178       0x40 ./output/tremo_delay.o
 .debug_ranges  0x000001b8       0xf8 ./output/tremo_dma.o
 .debug_ranges  0x000002b0       0x30 ./output/tremo_flash.o
 .debug_ranges  0x000002e0       0x68 ./output/tremo_gpio.o
 .debug_ranges  0x00000348       0x60 ./output/tremo_iwdg.o
 .debug_ranges  0x000003a8       0x88 ./output/tremo_lpuart.o
 .debug_ranges  0x00000430       0x48 ./output/tremo_pwr.o
 .debug_ranges  0x00000478      0x168 ./output/tremo_rcc.o
 .debug_ranges  0x000005e0      0x128 ./output/tremo_rtc.o
 .debug_ranges  0x00000708       0x18 ./output/tremo_system.o
 .debug_ranges  0x00000720       0x88 ./output/tremo_uart.o
 .debug_ranges  0x000007a8       0xd0 ./output/main.o
 .debug_ranges  0x00000878       0x78 ./output/tremo_it.o
 .debug_ranges  0x000008f0       0x28 ./output/lora_app.o
 .debug_ranges  0x00000918      0x150 ./output/command.o
 .debug_ranges  0x00000a68       0xd8 ./output/rtc-board.o
 .debug_ranges  0x00000b40       0xc0 ./output/sx1262-board.o
 .debug_ranges  0x00000c00       0x60 ./output/utilities.o
 .debug_ranges  0x00000c60      0x178 ./output/radio.o
 .debug_ranges  0x00000dd8      0x188 ./output/sx126x.o
 .debug_ranges  0x00000f60       0x18 ./output/delay.o
 .debug_ranges  0x00000f78      0x188 ./output/timer.o

.debug_line     0x00000000     0x6550
 .debug_line    0x00000000      0x6d9 ./output/printf-stdarg.o
 .debug_line    0x000006d9       0x81 ./output/startup_cm4.o
 .debug_line    0x0000075a      0x1e8 ./output/system_cm4.o
 .debug_line    0x00000942      0x1fb ./output/tremo_delay.o
 .debug_line    0x00000b3d      0x59e ./output/tremo_dma.o
 .debug_line    0x000010db      0x2b3 ./output/tremo_flash.o
 .debug_line    0x0000138e      0x301 ./output/tremo_gpio.o
 .debug_line    0x0000168f      0x29d ./output/tremo_iwdg.o
 .debug_line    0x0000192c      0x32e ./output/tremo_lpuart.o
 .debug_line    0x00001c5a      0x27e ./output/tremo_pwr.o
 .debug_line    0x00001ed8      0x8b8 ./output/tremo_rcc.o
 .debug_line    0x00002790      0x5cb ./output/tremo_rtc.o
 .debug_line    0x00002d5b      0x1bc ./output/tremo_system.o
 .debug_line    0x00002f17      0x3b0 ./output/tremo_uart.o
 .debug_line    0x000032c7      0x662 ./output/main.o
 .debug_line    0x00003929      0x21e ./output/tremo_it.o
 .debug_line    0x00003b47      0x38f ./output/lora_app.o
 .debug_line    0x00003ed6      0x752 ./output/command.o
 .debug_line    0x00004628      0x3aa ./output/rtc-board.o
 .debug_line    0x000049d2      0x44f ./output/sx1262-board.o
 .debug_line    0x00004e21      0x22d ./output/utilities.o
 .debug_line    0x0000504e      0x751 ./output/radio.o
 .debug_line    0x0000579f      0x6f7 ./output/sx126x.o
 .debug_line    0x00005e96      0x18e ./output/delay.o
 .debug_line    0x00006024      0x52c ./output/timer.o

.debug_str      0x00000000     0x69cb
 .debug_str     0x00000000      0xa66 ./output/printf-stdarg.o
                                0xb2a (size before relaxing)
 .debug_str     0x00000a66      0x409 ./output/system_cm4.o
                                0x687 (size before relaxing)
 .debug_str     0x00000e6f       0xce ./output/tremo_delay.o
                                0x639 (size before relaxing)
 .debug_str     0x00000f3d      0x62d ./output/tremo_dma.o
                                0xc54 (size before relaxing)
 .debug_str     0x0000156a       0xc5 ./output/tremo_flash.o
                                0x41f (size before relaxing)
 .debug_str     0x0000162f      0x328 ./output/tremo_gpio.o
                                0x91f (size before relaxing)
 .debug_str     0x00001957      0x186 ./output/tremo_iwdg.o
                                0x785 (size before relaxing)
 .debug_str     0x00001add      0x6a1 ./output/tremo_lpuart.o
                                0xcd0 (size before relaxing)
 .debug_str     0x0000217e       0xd2 ./output/tremo_pwr.o
                                0x6f6 (size before relaxing)
 .debug_str     0x00002250      0xe66 ./output/tremo_rcc.o
                               0x1590 (size before relaxing)
 .debug_str     0x000030b6      0x86d ./output/tremo_rtc.o
                                0xf20 (size before relaxing)
 .debug_str     0x00003923       0x66 ./output/tremo_system.o
                                0x3f4 (size before relaxing)
 .debug_str     0x00003989      0x3df ./output/tremo_uart.o
                                0xc01 (size before relaxing)
 .debug_str     0x00003d68      0x6e2 ./output/main.o
                               0x186a (size before relaxing)
 .debug_str     0x0000444a      0x100 ./output/tremo_it.o
                                0x478 (size before relaxing)
 .debug_str     0x0000454a       0xdf ./output/lora_app.o
                                0x586 (size before relaxing)
 .debug_str     0x00004629      0x2ac ./output/command.o
                                0x8bf (size before relaxing)
 .debug_str     0x000048d5      0x2e4 ./output/rtc-board.o
                                0xfb4 (size before relaxing)
 .debug_str     0x00004bb9      0x61d ./output/sx1262-board.o
                                0xd0e (size before relaxing)
 .debug_str     0x000051d6       0xad ./output/utilities.o
                                0x348 (size before relaxing)
 .debug_str     0x00005283      0xf79 ./output/radio.o
                               0x1845 (size before relaxing)
 .debug_str     0x000061fc      0x4f1 ./output/sx126x.o
                               0x1895 (size before relaxing)
 .debug_str     0x000066ed       0x2f ./output/delay.o
                                0x287 (size before relaxing)
 .debug_str     0x0000671c      0x2af ./output/timer.o
                                0x6f7 (size before relaxing)

.comment        0x00000000       0x6e
 .comment       0x00000000       0x6e ./output/printf-stdarg.o
                                 0x6f (size before relaxing)
 .comment       0x0000006e       0x6f ./output/system_cm4.o
 .comment       0x0000006e       0x6f ./output/tremo_delay.o
 .comment       0x0000006e       0x6f ./output/tremo_dma.o
 .comment       0x0000006e       0x6f ./output/tremo_flash.o
 .comment       0x0000006e       0x6f ./output/tremo_gpio.o
 .comment       0x0000006e       0x6f ./output/tremo_iwdg.o
 .comment       0x0000006e       0x6f ./output/tremo_lpuart.o
 .comment       0x0000006e       0x6f ./output/tremo_pwr.o
 .comment       0x0000006e       0x6f ./output/tremo_rcc.o
 .comment       0x0000006e       0x6f ./output/tremo_rtc.o
 .comment       0x0000006e       0x6f ./output/tremo_system.o
 .comment       0x0000006e       0x6f ./output/tremo_uart.o
 .comment       0x0000006e       0x6f ./output/main.o
 .comment       0x0000006e       0x6f ./output/tremo_it.o
 .comment       0x0000006e       0x6f ./output/lora_app.o
 .comment       0x0000006e       0x6f ./output/command.o
 .comment       0x0000006e       0x6f ./output/rtc-board.o
 .comment       0x0000006e       0x6f ./output/sx1262-board.o
 .comment       0x0000006e       0x6f ./output/utilities.o
 .comment       0x0000006e       0x6f ./output/radio.o
 .comment       0x0000006e       0x6f ./output/sx126x.o
 .comment       0x0000006e       0x6f ./output/delay.o
 .comment       0x0000006e       0x6f ./output/timer.o

.debug_frame    0x00000000     0x2a70
 .debug_frame   0x00000000      0x290 ./output/printf-stdarg.o
 .debug_frame   0x00000290       0x3c ./output/system_cm4.o
 .debug_frame   0x000002cc       0x54 ./output/tremo_delay.o
 .debug_frame   0x00000320      0x13c ./output/tremo_dma.o
 .debug_frame   0x0000045c       0x98 ./output/tremo_flash.o
 .debug_frame   0x000004f4      0x110 ./output/tremo_gpio.o
 .debug_frame   0x00000604      0x108 ./output/tremo_iwdg.o
 .debug_frame   0x0000070c      0x140 ./output/tremo_lpuart.o
 .debug_frame   0x0000084c       0xa8 ./output/tremo_pwr.o
 .debug_frame   0x000008f4      0x2d8 ./output/tremo_rcc.o
 .debug_frame   0x00000bcc      0x348 ./output/tremo_rtc.o
 .debug_frame   0x00000f14       0x30 ./output/tremo_system.o
 .debug_frame   0x00000f44      0x134 ./output/tremo_uart.o
 .debug_frame   0x00001078      0x18c ./output/main.o
 .debug_frame   0x00001204      0x120 ./output/tremo_it.o
 .debug_frame   0x00001324       0xb0 ./output/lora_app.o
 .debug_frame   0x000013d4      0x31c ./output/command.o
 .debug_frame   0x000016f0      0x154 ./output/rtc-board.o
 .debug_frame   0x00001844      0x23c ./output/sx1262-board.o
 .debug_frame   0x00001a80       0xe4 ./output/utilities.o
 .debug_frame   0x00001b64      0x3c4 ./output/radio.o
 .debug_frame   0x00001f28      0x4a8 ./output/sx126x.o
 .debug_frame   0x000023d0       0x30 ./output/delay.o
 .debug_frame   0x00002400      0x24c ./output/timer.o
 .debug_frame   0x0000264c       0x2c d:/keil_v5/arm/gcc-arm-none-eabi-5_4-2016q3-20160926-win32/bin/../lib/gcc/arm-none-eabi/5.4.1/armv7e-m\libgcc.a(_aeabi_uldivmod.o)
 .debug_frame   0x00002678       0x2c d:/keil_v5/arm/gcc-arm-none-eabi-5_4-2016q3-20160926-win32/bin/../lib/gcc/arm-none-eabi/5.4.1/armv7e-m\libgcc.a(_fixunsdfdi.o)
 .debug_frame   0x000026a4       0x34 d:/keil_v5/arm/gcc-arm-none-eabi-5_4-2016q3-20160926-win32/bin/../lib/gcc/arm-none-eabi/5.4.1/armv7e-m\libgcc.a(_udivmoddi4.o)
 .debug_frame   0x000026d8       0x2c d:/keil_v5/arm/gcc-arm-none-eabi-5_4-2016q3-20160926-win32/bin/../lib/gcc/arm-none-eabi/5.4.1/../../../../arm-none-eabi/lib/armv7e-m\libc.a(lib_a-init.o)
 .debug_frame   0x00002704       0x34 d:/keil_v5/arm/gcc-arm-none-eabi-5_4-2016q3-20160926-win32/bin/../lib/gcc/arm-none-eabi/5.4.1/../../../../arm-none-eabi/lib/armv7e-m\libc.a(lib_a-memset.o)
 .debug_frame   0x00002738       0x54 d:/keil_v5/arm/gcc-arm-none-eabi-5_4-2016q3-20160926-win32/bin/../lib/gcc/arm-none-eabi/5.4.1/../../../../arm-none-eabi/lib/armv7e-m\libc.a(lib_a-strncmp.o)
 .debug_frame   0x0000278c       0x20 d:/keil_v5/arm/gcc-arm-none-eabi-5_4-2016q3-20160926-win32/bin/../lib/gcc/arm-none-eabi/5.4.1/../../../../arm-none-eabi/lib/armv7e-m\libc.a(lib_a-strtok.o)
 .debug_frame   0x000027ac       0x48 d:/keil_v5/arm/gcc-arm-none-eabi-5_4-2016q3-20160926-win32/bin/../lib/gcc/arm-none-eabi/5.4.1/../../../../arm-none-eabi/lib/armv7e-m\libc.a(lib_a-strtok_r.o)
 .debug_frame   0x000027f4       0x98 d:/keil_v5/arm/gcc-arm-none-eabi-5_4-2016q3-20160926-win32/bin/../lib/gcc/arm-none-eabi/5.4.1/../../../../arm-none-eabi/lib/armv7e-m\libc.a(lib_a-strtol.o)
 .debug_frame   0x0000288c       0x50 d:/keil_v5/arm/gcc-arm-none-eabi-5_4-2016q3-20160926-win32/bin/../lib/gcc/arm-none-eabi/5.4.1/../../../../arm-none-eabi/lib/armv7e-m\libc.a(lib_a-__call_atexit.o)
 .debug_frame   0x000028dc       0x20 d:/keil_v5/arm/gcc-arm-none-eabi-5_4-2016q3-20160926-win32/bin/../lib/gcc/arm-none-eabi/5.4.1/../../../../arm-none-eabi/lib/armv7e-m\libc.a(lib_a-atexit.o)
 .debug_frame   0x000028fc       0x34 d:/keil_v5/arm/gcc-arm-none-eabi-5_4-2016q3-20160926-win32/bin/../lib/gcc/arm-none-eabi/5.4.1/../../../../arm-none-eabi/lib/armv7e-m\libc.a(lib_a-fini.o)
 .debug_frame   0x00002930       0x84 d:/keil_v5/arm/gcc-arm-none-eabi-5_4-2016q3-20160926-win32/bin/../lib/gcc/arm-none-eabi/5.4.1/../../../../arm-none-eabi/lib/armv7e-m\libc.a(lib_a-locale.o)
 .debug_frame   0x000029b4       0x4c d:/keil_v5/arm/gcc-arm-none-eabi-5_4-2016q3-20160926-win32/bin/../lib/gcc/arm-none-eabi/5.4.1/../../../../arm-none-eabi/lib/armv7e-m\libc.a(lib_a-mbtowc_r.o)
 .debug_frame   0x00002a00       0x3c d:/keil_v5/arm/gcc-arm-none-eabi-5_4-2016q3-20160926-win32/bin/../lib/gcc/arm-none-eabi/5.4.1/../../../../arm-none-eabi/lib/armv7e-m\libc.a(lib_a-wctomb_r.o)
 .debug_frame   0x00002a3c       0x34 d:/keil_v5/arm/gcc-arm-none-eabi-5_4-2016q3-20160926-win32/bin/../lib/gcc/arm-none-eabi/5.4.1/../../../../arm-none-eabi/lib/armv7e-m\libc.a(lib_a-__atexit.o)
